 Ensayos_Friccion_sfun

 Timestamp is 5732be0d (Wed May 11 00:07:25 2016)

 Preferred load address is 0000000180000000

 Start         Length     Name                   Class
 0001:00000000 0000ac24H .text                   CODE
 0001:0000ac30 00000092H .text$x                 CODE
 0002:00000000 00000438H .idata$5                DATA
 0002:00000438 00000008H .CRT$XCA                DATA
 0002:00000440 00000008H .CRT$XCZ                DATA
 0002:00000448 00000008H .CRT$XIA                DATA
 0002:00000450 00000008H .CRT$XIAA               DATA
 0002:00000458 00000008H .CRT$XIZ                DATA
 0002:00000460 0000068cH .rdata                  DATA
 0002:00000af0 00000008H .rtc$IAA                DATA
 0002:00000af8 00000008H .rtc$IZZ                DATA
 0002:00000b00 00000008H .rtc$TAA                DATA
 0002:00000b08 00000008H .rtc$TZZ                DATA
 0002:00000b10 00000628H .xdata                  DATA
 0002:00001138 0000008cH .idata$2                DATA
 0002:000011c4 00000014H .idata$3                DATA
 0002:000011d8 00000438H .idata$4                DATA
 0002:00001610 00000b8eH .idata$6                DATA
 0002:000021a0 0000005bH .edata                  DATA
 0003:00000000 000018e8H .data                   DATA
 0003:000018f0 000006a8H .bss                    DATA
 0004:00000000 00000768H .pdata                  DATA

  Address         Publics by Value              Rva+Base               Lib:Object

 0000:00000000       ___safe_se_handler_table   0000000000000000     <absolute>
 0000:00000000       ___safe_se_handler_count   0000000000000000     <absolute>
 0000:00000000       __ImageBase                0000000180000000     <linker-defined>
 0001:00000000       Ensayos_Friccion_initializer 0000000180001000 f   Ensayos_Friccion_sfun.obj
 0001:00000010       Ensayos_Friccion_terminator 0000000180001010 f   Ensayos_Friccion_sfun.obj
 0001:00000020       sf_Ensayos_Friccion_method_dispatcher 0000000180001020 f   Ensayos_Friccion_sfun.obj
 0001:00000070       sf_Ensayos_Friccion_process_check_sum_call 0000000180001070 f   Ensayos_Friccion_sfun.obj
 0001:00000480       sf_Ensayos_Friccion_autoinheritance_info 0000000180001480 f   Ensayos_Friccion_sfun.obj
 0001:000005f0       sf_Ensayos_Friccion_get_eml_resolved_functions_info 00000001800015f0 f   Ensayos_Friccion_sfun.obj
 0001:00000720       sf_Ensayos_Friccion_third_party_uses_info 0000000180001720 f   Ensayos_Friccion_sfun.obj
 0001:00000870       sf_Ensayos_Friccion_updateBuildInfo_args_info 0000000180001870 f   Ensayos_Friccion_sfun.obj
 0001:000009c0       Ensayos_Friccion_debug_initialize 00000001800019c0 f   Ensayos_Friccion_sfun.obj
 0001:00000a40       Ensayos_Friccion_register_exported_symbols 0000000180001a40 f   Ensayos_Friccion_sfun.obj
 0001:00000a50       load_Ensayos_Friccion_optimization_info 0000000180001a50 f   Ensayos_Friccion_sfun.obj
 0001:00000aa0       unload_Ensayos_Friccion_optimization_info 0000000180001aa0 f   Ensayos_Friccion_sfun.obj
 0001:00000ad0       sf_c2_Ensayos_Friccion_get_eml_resolved_functions_info 0000000180001ad0 f   c2_Ensayos_Friccion.obj
 0001:00001310       sf_c2_Ensayos_Friccion_get_check_sum 0000000180002310 f   c2_Ensayos_Friccion.obj
 0001:00001390       sf_c2_Ensayos_Friccion_get_autoinheritance_info 0000000180002390 f   c2_Ensayos_Friccion.obj
 0001:000017b0       sf_c2_Ensayos_Friccion_third_party_uses_info 00000001800027b0 f   c2_Ensayos_Friccion.obj
 0001:000017e0       sf_c2_Ensayos_Friccion_updateBuildInfo_args_info 00000001800027e0 f   c2_Ensayos_Friccion.obj
 0001:00001810       sf_internal_get_sim_state_c2_Ensayos_Friccion 0000000180002810 f   c2_Ensayos_Friccion.obj
 0001:00001b70       sf_internal_set_sim_state_c2_Ensayos_Friccion 0000000180002b70 f   c2_Ensayos_Friccion.obj
 0001:00001f60       c2_Ensayos_Friccion_method_dispatcher 0000000180002f60 f   c2_Ensayos_Friccion.obj
 0001:00003b10       sf_process_check_sum_call  0000000180004b10 f   Ensayos_Friccion_sfun_registry.obj
 0001:00003b60       sf_process_autoinheritance_call 0000000180004b60 f   Ensayos_Friccion_sfun_registry.obj
 0001:00003d00       sf_process_get_third_party_uses_info_call 0000000180004d00 f   Ensayos_Friccion_sfun_registry.obj
 0001:00003ea0       sf_process_get_updateBuildInfo_args_info_call 0000000180004ea0 f   Ensayos_Friccion_sfun_registry.obj
 0001:00004040       sf_process_get_eml_resolved_functions_info_call 0000000180005040 f   Ensayos_Friccion_sfun_registry.obj
 0001:000041c0       sf_mex_unlock_call         00000001800051c0 f   Ensayos_Friccion_sfun_registry.obj
 0001:00004270       sf_machine_global_initializer_called 0000000180005270 f   Ensayos_Friccion_sfun_registry.obj
 0001:000042a0       sf_machine_global_method_dispatcher 00000001800052a0 f   Ensayos_Friccion_sfun_registry.obj
 0001:00004300       sf_machine_global_terminator 0000000180005300 f   Ensayos_Friccion_sfun_registry.obj
 0001:00004350       sf_register_machine_exported_symbols 0000000180005350 f   Ensayos_Friccion_sfun_registry.obj
 0001:00004370       callCustomFcn              0000000180005370 f   Ensayos_Friccion_sfun_registry.obj
 0001:00004380       sf_machine_global_initializer 0000000180005380 f   Ensayos_Friccion_sfun_registry.obj
 0001:00004400       mdlGetSimState             0000000180005400 f   Ensayos_Friccion_sfun_registry.obj
 0001:00004480       mdlSetSimState             0000000180005480 f   Ensayos_Friccion_sfun_registry.obj
 0001:000044c0       _ssSetStateAbsTol          00000001800054c0 f   Ensayos_Friccion_sfun_registry.obj
 0001:000045a0       _ssGetAbsTol               00000001800055a0 f   Ensayos_Friccion_sfun_registry.obj
 0001:00004610       _ssSetInputPortMatrixDimensions 0000000180005610 f   Ensayos_Friccion_sfun_registry.obj
 0001:00004720       _ssSetOutputPortMatrixDimensions 0000000180005720 f   Ensayos_Friccion_sfun_registry.obj
 0001:00004830       _ssSetInputPortVectorDimension 0000000180005830 f   Ensayos_Friccion_sfun_registry.obj
 0001:00004900       _ssSetOutputPortVectorDimension 0000000180005900 f   Ensayos_Friccion_sfun_registry.obj
 0001:000049d0       ssIsRunTimeParamTunable    00000001800059d0 f   Ensayos_Friccion_sfun_registry.obj
 0001:00004a40       ssGetSFuncBlockHandle      0000000180005a40 f   Ensayos_Friccion_sfun_registry.obj
 0001:00004ab0       _ssGetCurrentInputPortWidth 0000000180005ab0 f   Ensayos_Friccion_sfun_registry.obj
 0001:00004bd0       _ssGetCurrentOutputPortWidth 0000000180005bd0 f   Ensayos_Friccion_sfun_registry.obj
 0001:00004cf0       _ssGetCallSystemNumFcnCallDestinations 0000000180005cf0 f   Ensayos_Friccion_sfun_registry.obj
 0001:00004d60       ssWarning                  0000000180005d60 f   Ensayos_Friccion_sfun_registry.obj
 0001:00004e70       ssGetIsZeroCrossControlDisabled 0000000180005e70 f   Ensayos_Friccion_sfun_registry.obj
 0001:00004ee0       ssSetIsInputPortUsedForContZcSignal 0000000180005ee0 f   Ensayos_Friccion_sfun_registry.obj
 0001:00004f50       ssSetZcSignalIsZcElementDisc 0000000180005f50 f   Ensayos_Friccion_sfun_registry.obj
 0001:00005000       ssSetZcSignalName          0000000180006000 f   Ensayos_Friccion_sfun_registry.obj
 0001:00005070       ssSetZcSignalWidth         0000000180006070 f   Ensayos_Friccion_sfun_registry.obj
 0001:000050e0       ssSetZcSignalZcEventType   00000001800060e0 f   Ensayos_Friccion_sfun_registry.obj
 0001:00005150       ssSetZcSignalType          0000000180006150 f   Ensayos_Friccion_sfun_registry.obj
 0001:000051c0       ssSetZcSignalZcTol         00000001800061c0 f   Ensayos_Friccion_sfun_registry.obj
 0001:00005230       ssSetZcSignalNeedsEventNotification 0000000180006230 f   Ensayos_Friccion_sfun_registry.obj
 0001:000052a0       ssCreateAndAddZcSignalInfo 00000001800062a0 f   Ensayos_Friccion_sfun_registry.obj
 0001:00005310       ssCloneAndAddZcSignalInfo  0000000180006310 f   Ensayos_Friccion_sfun_registry.obj
 0001:00005380       ssGetNumZcSignals          0000000180006380 f   Ensayos_Friccion_sfun_registry.obj
 0001:000053f0       ssGetZcSignalVector        00000001800063f0 f   Ensayos_Friccion_sfun_registry.obj
 0001:00005460       ssGetZcSignalZcEvents      0000000180006460 f   Ensayos_Friccion_sfun_registry.obj
 0001:000054d0       ssGetZcSignalName          00000001800064d0 f   Ensayos_Friccion_sfun_registry.obj
 0001:00005540       ssGetZcSignalWidth         0000000180006540 f   Ensayos_Friccion_sfun_registry.obj
 0001:000055b0       ssGetZcSignalZcEventType   00000001800065b0 f   Ensayos_Friccion_sfun_registry.obj
 0001:00005620       ssGetZcSignalType          0000000180006620 f   Ensayos_Friccion_sfun_registry.obj
 0001:00005690       ssGetZcSignalZcTol         0000000180006690 f   Ensayos_Friccion_sfun_registry.obj
 0001:00005710       ssGetZcSignalNeedsEventNotification 0000000180006710 f   Ensayos_Friccion_sfun_registry.obj
 0001:00005780       ssGetZcSignalIsZcElementDisc 0000000180006780 f   Ensayos_Friccion_sfun_registry.obj
 0001:00005820       ssGetIsInputPortElementContinuous 0000000180006820 f   Ensayos_Friccion_sfun_registry.obj
 0001:000058c0       _ssGetInputPortSignalPtrsFcn 00000001800068c0 f   Ensayos_Friccion_sfun_registry.obj
 0001:00005b80       _ssGetInputPortSignalFcn   0000000180006b80 f   Ensayos_Friccion_sfun_registry.obj
 0001:00005da0       _ssSetInputPortDirectFeedThroughFcn 0000000180006da0 f   Ensayos_Friccion_sfun_registry.obj
 0001:00005f00       _ssSetInputPortReusableFcn 0000000180006f00 f   Ensayos_Friccion_sfun_registry.obj
 0001:00005ff0       _ssSetOutputPortReusableFcn 0000000180006ff0 f   Ensayos_Friccion_sfun_registry.obj
 0001:000060d0       ssGetDTypeIdFromMxArray    00000001800070d0 f   Ensayos_Friccion_sfun_registry.obj
 0001:000061f0       ssWriteRTWStr              00000001800071f0 f   Ensayos_Friccion_sfun_registry.obj
 0001:00006250       ssWriteRTWMxVectParam      0000000180007250 f   Ensayos_Friccion_sfun_registry.obj
 0001:000062b0       ssWriteRTWMx2dMatParam     00000001800072b0 f   Ensayos_Friccion_sfun_registry.obj
 0001:00006330       ssWriteRTWNameValuePair    0000000180007330 f   Ensayos_Friccion_sfun_registry.obj
 0001:00006820       ssWriteRTWParameters       0000000180007820 f   Ensayos_Friccion_sfun_registry.obj
 0001:00006e20       ssWriteRTWParamSettings    0000000180007e20 f   Ensayos_Friccion_sfun_registry.obj
 0001:000074f0       ssWriteRTWWorkVect         00000001800084f0 f   Ensayos_Friccion_sfun_registry.obj
 0001:000079f0       mexFunction                00000001800089f0 f   Ensayos_Friccion_sfun_registry.obj
 0001:00009e70       ProcessMexSfunctionEveryCall 000000018000ae70 f   Ensayos_Friccion_sfun_registry.obj
 0001:00009ff2       sf_debug_set_machine_data_thresholds 000000018000aff2 f   sf_runtime:sf_runtime.dll
 0001:00009ff8       sf_debug_set_machine_event_thresholds 000000018000aff8 f   sf_runtime:sf_runtime.dll
 0001:00009ffe       sf_debug_initialize_machine 000000018000affe f   sf_runtime:sf_runtime.dll
 0001:0000a004       sf_load_rtw_optimization_info 000000018000b004 f   sf_runtime:sf_runtime.dll
 0001:0000a00a       sf_mex_emlrtNameCapturePostProcessR2012a 000000018000b00a f   sf_runtime:sf_runtime.dll
 0001:0000a010       sf_mex_assign              000000018000b010 f   sf_runtime:sf_runtime.dll
 0001:0000a016       sf_mex_createstruct        000000018000b016 f   sf_runtime:sf_runtime.dll
 0001:0000a01c       sf_mex_destroy             000000018000b01c f   sf_runtime:sf_runtime.dll
 0001:0000a022       sf_mex_duplicatearraysafe  000000018000b022 f   sf_runtime:sf_runtime.dll
 0001:0000a028       sf_mex_createcellmatrix    000000018000b028 f   sf_runtime:sf_runtime.dll
 0001:0000a02e       sf_mex_addfield            000000018000b02e f   sf_runtime:sf_runtime.dll
 0001:0000a034       sf_mex_create              000000018000b034 f   sf_runtime:sf_runtime.dll
 0001:0000a03a       sf_mex_error_message       000000018000b03a f   sf_runtime:sf_runtime.dll
 0001:0000a040       sf_mex_call_matlab         000000018000b040 f   sf_runtime:sf_runtime.dll
 0001:0000a046       sf_mex_setcell             000000018000b046 f   sf_runtime:sf_runtime.dll
 0001:0000a04c       sf_mex_decode_encoded_mx_struct_array 000000018000b04c f   sf_runtime:sf_runtime.dll
 0001:0000a052       sf_mex_getcell             000000018000b052 f   sf_runtime:sf_runtime.dll
 0001:0000a058       sf_mex_dup                 000000018000b058 f   sf_runtime:sf_runtime.dll
 0001:0000a05e       sf_mex_import              000000018000b05e f   sf_runtime:sf_runtime.dll
 0001:0000a064       sf_set_rtw_dwork_info      000000018000b064 f   sf_runtime:sf_runtime.dll
 0001:0000a06a       sf_mark_chart_reusable_outputs 000000018000b06a f   sf_runtime:sf_runtime.dll
 0001:0000a070       sf_mark_chart_expressionable_inputs 000000018000b070 f   sf_runtime:sf_runtime.dll
 0001:0000a076       sf_update_buildInfo        000000018000b076 f   sf_runtime:sf_runtime.dll
 0001:0000a07c       sf_rtw_info_uint_prop      000000018000b07c f   sf_runtime:sf_runtime.dll
 0001:0000a082       sf_is_chart_inlinable      000000018000b082 f   sf_runtime:sf_runtime.dll
 0001:0000a088       sim_mode_is_external       000000018000b088 f   sf_runtime:sf_runtime.dll
 0001:0000a08e       sim_mode_is_rtw_gen        000000018000b08e f   sf_runtime:sf_runtime.dll
 0001:0000a094       sf_debug_reset_current_state_configuration 000000018000b094 f   sf_runtime:sf_runtime.dll
 0001:0000a09a       sf_debug_set_instance_data_value_ptr 000000018000b09a f   sf_runtime:sf_runtime.dll
 0001:0000a0a0       sf_debug_set_chart_data_compiled_props 000000018000b0a0 f   sf_runtime:sf_runtime.dll
 0001:0000a0a6       cv_eml_init_if             000000018000b0a6 f   sf_runtime:sf_runtime.dll
 0001:0000a0ac       cv_eml_init_fcn            000000018000b0ac f   sf_runtime:sf_runtime.dll
 0001:0000a0b2       cv_eml_init_script         000000018000b0b2 f   sf_runtime:sf_runtime.dll
 0001:0000a0b8       sf_debug_cv_init_trans     000000018000b0b8 f   sf_runtime:sf_runtime.dll
 0001:0000a0be       sf_debug_cv_init_state     000000018000b0be f   sf_runtime:sf_runtime.dll
 0001:0000a0c4       sf_debug_cv_init_chart     000000018000b0c4 f   sf_runtime:sf_runtime.dll
 0001:0000a0ca       sf_debug_set_chart_decomposition 000000018000b0ca f   sf_runtime:sf_runtime.dll
 0001:0000a0d0       sf_debug_set_chart_substate_count 000000018000b0d0 f   sf_runtime:sf_runtime.dll
 0001:0000a0d6       sf_debug_set_chart_state_info 000000018000b0d6 f   sf_runtime:sf_runtime.dll
 0001:0000a0dc       sf_debug_set_chart_data_props 000000018000b0dc f   sf_runtime:sf_runtime.dll
 0001:0000a0e2       sf_debug_set_chart_event_thresholds 000000018000b0e2 f   sf_runtime:sf_runtime.dll
 0001:0000a0e8       sf_debug_set_chart_disable_implicit_casting 000000018000b0e8 f   sf_runtime:sf_runtime.dll
 0001:0000a0ee       sf_debug_initialize_chart  000000018000b0ee f   sf_runtime:sf_runtime.dll
 0001:0000a0f4       sf_get_time                000000018000b0f4 f   sf_runtime:sf_runtime.dll
 0001:0000a0fa       sf_debug_check_for_state_inconsistency 000000018000b0fa f   sf_runtime:sf_runtime.dll
 0001:0000a100       sf_debug_symbol_scope_pop  000000018000b100 f   sf_runtime:sf_runtime.dll
 0001:0000a106       eml_debug_line_call        000000018000b106 f   sf_runtime:sf_runtime.dll
 0001:0000a10c       cv_eml_eval                000000018000b10c f   sf_runtime:sf_runtime.dll
 0001:0000a112       sf_debug_symbol_scope_add_eml 000000018000b112 f   sf_runtime:sf_runtime.dll
 0001:0000a118       sf_debug_symbol_scope_add_eml_importable 000000018000b118 f   sf_runtime:sf_runtime.dll
 0001:0000a11e       sf_debug_symbol_scope_push_eml 000000018000b11e f   sf_runtime:sf_runtime.dll
 0001:0000a124       sf_debug_data_range_wrapper 000000018000b124 f   sf_runtime:sf_runtime.dll
 0001:0000a12a       sf_debug_call              000000018000b12a f   sf_runtime:sf_runtime.dll
 0001:0000a130       sf_debug_symbol_scope_push 000000018000b130 f   sf_runtime:sf_runtime.dll
 0001:0000a136       sf_clear_rtw_identifier    000000018000b136 f   sf_runtime:sf_runtime.dll
 0001:0000a13c       sf_debug_terminate         000000018000b13c f   sf_runtime:sf_runtime.dll
 0001:0000a142       sf_debug_create_debug_instance_struct 000000018000b142 f   sf_runtime:sf_runtime.dll
 0001:0000a148       sf_debug_api               000000018000b148 f   sf_runtime:sf_runtime.dll
 0001:0000a14e       callMdlMethodAndReportError 000000018000b14e f   sf_runtime:sf_runtime.dll
 0001:0000a154       call_sf_machine_global_method_dispatcher 000000018000b154 f   sf_runtime:sf_runtime.dll
 0001:0000a15a       sf_clear_error_manager_info 000000018000b15a f   sf_runtime:sf_runtime.dll
 0001:0000a160       sf_mex_error_direct_call   000000018000b160 f   sf_runtime:sf_runtime.dll
 0001:0000a166       mxGetScalar                000000018000b166 f   libmx:libmx.dll
 0001:0000a16c       mxGetPr                    000000018000b16c f   libmx:libmx.dll
 0001:0000a172       mxCreateDoubleMatrix_730   000000018000b172 f   libmx:libmx.dll
 0001:0000a178       mxGetString_730            000000018000b178 f   libmx:libmx.dll
 0001:0000a17e       mxIsChar                   000000018000b17e f   libmx:libmx.dll
 0001:0000a184       mxDestroyArray             000000018000b184 f   libmx:libmx.dll
 0001:0000a18a       mxDuplicateArray           000000018000b18a f   libmx:libmx.dll
 0001:0000a190       mxCreateDoubleScalar       000000018000b190 f   libmx:libmx.dll
 0001:0000a196       mxSetField_730             000000018000b196 f   libmx:libmx.dll
 0001:0000a19c       mxCreateString             000000018000b19c f   libmx:libmx.dll
 0001:0000a1a2       mxCreateStructMatrix_730   000000018000b1a2 f   libmx:libmx.dll
 0001:0000a1a8       mxCreateCellMatrix_730     000000018000b1a8 f   libmx:libmx.dll
 0001:0000a1ae       mxGetClassID               000000018000b1ae f   libmx:libmx.dll
 0001:0000a1b4       mxIsNumeric                000000018000b1b4 f   libmx:libmx.dll
 0001:0000a1ba       mxIsComplex                000000018000b1ba f   libmx:libmx.dll
 0001:0000a1c0       mxGetN                     000000018000b1c0 f   libmx:libmx.dll
 0001:0000a1c6       mxGetM                     000000018000b1c6 f   libmx:libmx.dll
 0001:0000a1cc       mxCalloc                   000000018000b1cc f   libmx:libmx.dll
 0001:0000a1d2       mexMakeArrayPersistent     000000018000b1d2 f   libmex:libmex.dll
 0001:0000a1d8       mexUnlock                  000000018000b1d8 f   libmex:libmex.dll
 0001:0000a1de       mexIsLocked                000000018000b1de f   libmex:libmex.dll
 0001:0000a1e4       mexWarnMsgTxt              000000018000b1e4 f   libmex:libmex.dll
 0001:0000a1ea       mexCallMATLAB              000000018000b1ea f   libmex:libmex.dll
 0001:0000a1f0       mexErrMsgTxt               000000018000b1f0 f   libmex:libmex.dll
 0001:0000a1f6       mexLock                    000000018000b1f6 f   libmex:libmex.dll
 0001:0000a1fc       utMalloc                   000000018000b1fc f   libut:libut.dll
 0001:0000a202       utFree                     000000018000b202 f   libut:libut.dll
 0001:0000a208       muDoubleScalarAbs          000000018000b208 f   libmwmathutil:libmwmathutil.dll
 0001:0000a210       __GSHandlerCheckCommon     000000018000b210 f   MSVCRT:gshandler.obj
 0001:0000a274       __GSHandlerCheck           000000018000b274 f   MSVCRT:gshandler.obj
 0001:0000a292       strcmp                     000000018000b292 f   MSVCRT:MSVCR100.dll
 0001:0000a2b0       __security_check_cookie    000000018000b2b0 f   MSVCRT:amdsecgs.obj
 0001:0000a2d0       strlen                     000000018000b2d0 f   MSVCRT:MSVCR100.dll
 0001:0000a2d6       memset                     000000018000b2d6 f   MSVCRT:MSVCR100.dll
 0001:0000a2dc       free                       000000018000b2dc f   MSVCRT:MSVCR100.dll
 0001:0000a2e2       sprintf                    000000018000b2e2 f   MSVCRT:MSVCR100.dll
 0001:0000a2e8       malloc                     000000018000b2e8 f   MSVCRT:MSVCR100.dll
 0001:0000a2ee       strcat                     000000018000b2ee f   MSVCRT:MSVCR100.dll
 0001:0000a2f4       memcpy                     000000018000b2f4 f   MSVCRT:MSVCR100.dll
 0001:0000a2fc       NtCurrentTeb               000000018000b2fc f i MSVCRT:crtdll.obj
 0001:0000a368       _CRT_INIT                  000000018000b368 f   MSVCRT:crtdll.obj
 0001:0000a700       _DllMainCRTStartup         000000018000b700 f   MSVCRT:crtdll.obj
 0001:0000a740       __report_gsfailure         000000018000b740 f   MSVCRT:gs_report.obj
 0001:0000a88c       __clean_type_info_names    000000018000b88c f   MSVCRT:tncleanup.obj
 0001:0000a898       _onexit                    000000018000b898 f   MSVCRT:atonexit.obj
 0001:0000a948       atexit                     000000018000b948 f   MSVCRT:atonexit.obj
 0001:0000a960       _RTC_Initialize            000000018000b960 f   MSVCRT:_initsect_.obj
 0001:0000a998       _RTC_Terminate             000000018000b998 f   MSVCRT:_initsect_.obj
 0001:0000a9d0       _malloc_crt                000000018000b9d0 f   MSVCRT:MSVCR100.dll
 0001:0000a9e0       _ValidateImageBase         000000018000b9e0 f   MSVCRT:pesect.obj
 0001:0000aa10       _FindPESection             000000018000ba10 f   MSVCRT:pesect.obj
 0001:0000aa60       _IsNonwritableInCurrentImage 000000018000ba60 f   MSVCRT:pesect.obj
 0001:0000aaa2       _initterm                  000000018000baa2 f   MSVCRT:MSVCR100.dll
 0001:0000aaa8       _initterm_e                000000018000baa8 f   MSVCRT:MSVCR100.dll
 0001:0000aaae       _encoded_null              000000018000baae f   MSVCRT:MSVCR100.dll
 0001:0000aab4       _amsg_exit                 000000018000bab4 f   MSVCRT:MSVCR100.dll
 0001:0000aaba       __C_specific_handler       000000018000baba f   MSVCRT:MSVCR100.dll
 0001:0000aac0       __CppXcptFilter            000000018000bac0 f   MSVCRT:MSVCR100.dll
 0001:0000aac8       DllMain                    000000018000bac8 f   MSVCRT:dllmain.obj
 0001:0000aaec       __security_init_cookie     000000018000baec f   MSVCRT:gs_support.obj
 0001:0000aba0       __crt_debugger_hook        000000018000bba0 f   MSVCRT:MSVCR100.dll
 0001:0000aba6       __clean_type_info_names_internal 000000018000bba6 f   MSVCRT:MSVCR100.dll
 0001:0000abac       _unlock                    000000018000bbac f   MSVCRT:MSVCR100.dll
 0001:0000abb2       __dllonexit                000000018000bbb2 f   MSVCRT:MSVCR100.dll
 0001:0000abb8       _lock                      000000018000bbb8 f   MSVCRT:MSVCR100.dll
 0001:0000abbe       EncodePointer              000000018000bbbe f   kernel32:KERNEL32.dll
 0001:0000abc4       DecodePointer              000000018000bbc4 f   kernel32:KERNEL32.dll
 0001:0000abca       Sleep                      000000018000bbca f   kernel32:KERNEL32.dll
 0001:0000abd0       TerminateProcess           000000018000bbd0 f   kernel32:KERNEL32.dll
 0001:0000abd6       GetCurrentProcess          000000018000bbd6 f   kernel32:KERNEL32.dll
 0001:0000abdc       UnhandledExceptionFilter   000000018000bbdc f   kernel32:KERNEL32.dll
 0001:0000abe2       SetUnhandledExceptionFilter 000000018000bbe2 f   kernel32:KERNEL32.dll
 0001:0000abe8       IsDebuggerPresent          000000018000bbe8 f   kernel32:KERNEL32.dll
 0001:0000abee       RtlVirtualUnwind           000000018000bbee f   kernel32:KERNEL32.dll
 0001:0000abf4       RtlLookupFunctionEntry     000000018000bbf4 f   kernel32:KERNEL32.dll
 0001:0000abfa       RtlCaptureContext          000000018000bbfa f   kernel32:KERNEL32.dll
 0001:0000ac00       DisableThreadLibraryCalls  000000018000bc00 f   kernel32:KERNEL32.dll
 0001:0000ac06       QueryPerformanceCounter    000000018000bc06 f   kernel32:KERNEL32.dll
 0001:0000ac0c       GetTickCount               000000018000bc0c f   kernel32:KERNEL32.dll
 0001:0000ac12       GetCurrentThreadId         000000018000bc12 f   kernel32:KERNEL32.dll
 0001:0000ac18       GetCurrentProcessId        000000018000bc18 f   kernel32:KERNEL32.dll
 0001:0000ac1e       GetSystemTimeAsFileTime    000000018000bc1e f   kernel32:KERNEL32.dll
 0002:00000000       __imp_GetSystemTimeAsFileTime 000000018000c000     kernel32:KERNEL32.dll
 0002:00000008       __imp_GetCurrentProcessId  000000018000c008     kernel32:KERNEL32.dll
 0002:00000010       __imp_GetCurrentThreadId   000000018000c010     kernel32:KERNEL32.dll
 0002:00000018       __imp_GetTickCount         000000018000c018     kernel32:KERNEL32.dll
 0002:00000020       __imp_QueryPerformanceCounter 000000018000c020     kernel32:KERNEL32.dll
 0002:00000028       __imp_DisableThreadLibraryCalls 000000018000c028     kernel32:KERNEL32.dll
 0002:00000030       __imp_RtlCaptureContext    000000018000c030     kernel32:KERNEL32.dll
 0002:00000038       __imp_RtlLookupFunctionEntry 000000018000c038     kernel32:KERNEL32.dll
 0002:00000040       __imp_RtlVirtualUnwind     000000018000c040     kernel32:KERNEL32.dll
 0002:00000048       __imp_IsDebuggerPresent    000000018000c048     kernel32:KERNEL32.dll
 0002:00000050       __imp_SetUnhandledExceptionFilter 000000018000c050     kernel32:KERNEL32.dll
 0002:00000058       __imp_UnhandledExceptionFilter 000000018000c058     kernel32:KERNEL32.dll
 0002:00000060       __imp_GetCurrentProcess    000000018000c060     kernel32:KERNEL32.dll
 0002:00000068       __imp_TerminateProcess     000000018000c068     kernel32:KERNEL32.dll
 0002:00000070       __imp_Sleep                000000018000c070     kernel32:KERNEL32.dll
 0002:00000078       __imp_DecodePointer        000000018000c078     kernel32:KERNEL32.dll
 0002:00000080       __imp_EncodePointer        000000018000c080     kernel32:KERNEL32.dll
 0002:00000088       \177KERNEL32_NULL_THUNK_DATA 000000018000c088     kernel32:KERNEL32.dll
 0002:00000090       __imp__onexit              000000018000c090     MSVCRT:MSVCR100.dll
 0002:00000098       __imp__lock                000000018000c098     MSVCRT:MSVCR100.dll
 0002:000000a0       __imp___dllonexit          000000018000c0a0     MSVCRT:MSVCR100.dll
 0002:000000a8       __imp__unlock              000000018000c0a8     MSVCRT:MSVCR100.dll
 0002:000000b0       __imp___clean_type_info_names_internal 000000018000c0b0     MSVCRT:MSVCR100.dll
 0002:000000b8       __imp___crt_debugger_hook  000000018000c0b8     MSVCRT:MSVCR100.dll
 0002:000000c0       __imp___CppXcptFilter      000000018000c0c0     MSVCRT:MSVCR100.dll
 0002:000000c8       __imp___C_specific_handler 000000018000c0c8     MSVCRT:MSVCR100.dll
 0002:000000d0       __imp__amsg_exit           000000018000c0d0     MSVCRT:MSVCR100.dll
 0002:000000d8       __imp__encoded_null        000000018000c0d8     MSVCRT:MSVCR100.dll
 0002:000000e0       __imp__initterm_e          000000018000c0e0     MSVCRT:MSVCR100.dll
 0002:000000e8       __imp__initterm            000000018000c0e8     MSVCRT:MSVCR100.dll
 0002:000000f0       __imp__malloc_crt          000000018000c0f0     MSVCRT:MSVCR100.dll
 0002:000000f8       __imp_memcpy               000000018000c0f8     MSVCRT:MSVCR100.dll
 0002:00000100       __imp_strcat               000000018000c100     MSVCRT:MSVCR100.dll
 0002:00000108       __imp_malloc               000000018000c108     MSVCRT:MSVCR100.dll
 0002:00000110       __imp_sprintf              000000018000c110     MSVCRT:MSVCR100.dll
 0002:00000118       __imp_free                 000000018000c118     MSVCRT:MSVCR100.dll
 0002:00000120       __imp_memset               000000018000c120     MSVCRT:MSVCR100.dll
 0002:00000128       __imp_strlen               000000018000c128     MSVCRT:MSVCR100.dll
 0002:00000130       __imp_strcmp               000000018000c130     MSVCRT:MSVCR100.dll
 0002:00000138       \177MSVCR100_NULL_THUNK_DATA 000000018000c138     MSVCRT:MSVCR100.dll
 0002:00000140       __imp_mexCallMATLAB        000000018000c140     libmex:libmex.dll
 0002:00000148       __imp_mexUnlock            000000018000c148     libmex:libmex.dll
 0002:00000150       __imp_mexLock              000000018000c150     libmex:libmex.dll
 0002:00000158       __imp_mexErrMsgTxt         000000018000c158     libmex:libmex.dll
 0002:00000160       __imp_mexMakeArrayPersistent 000000018000c160     libmex:libmex.dll
 0002:00000168       __imp_mexWarnMsgTxt        000000018000c168     libmex:libmex.dll
 0002:00000170       __imp_mexIsLocked          000000018000c170     libmex:libmex.dll
 0002:00000178       \177libmex_NULL_THUNK_DATA 000000018000c178     libmex:libmex.dll
 0002:00000180       __imp_muDoubleScalarAbs    000000018000c180     libmwmathutil:libmwmathutil.dll
 0002:00000188       \177libmwmathutil_NULL_THUNK_DATA 000000018000c188     libmwmathutil:libmwmathutil.dll
 0002:00000190       __imp_mxCalloc             000000018000c190     libmx:libmx.dll
 0002:00000198       __imp_mxGetM               000000018000c198     libmx:libmx.dll
 0002:000001a0       __imp_mxGetN               000000018000c1a0     libmx:libmx.dll
 0002:000001a8       __imp_mxIsComplex          000000018000c1a8     libmx:libmx.dll
 0002:000001b0       __imp_mxIsNumeric          000000018000c1b0     libmx:libmx.dll
 0002:000001b8       __imp_mxGetClassID         000000018000c1b8     libmx:libmx.dll
 0002:000001c0       __imp_mxCreateCellMatrix_730 000000018000c1c0     libmx:libmx.dll
 0002:000001c8       __imp_mxCreateStructMatrix_730 000000018000c1c8     libmx:libmx.dll
 0002:000001d0       __imp_mxCreateString       000000018000c1d0     libmx:libmx.dll
 0002:000001d8       __imp_mxSetField_730       000000018000c1d8     libmx:libmx.dll
 0002:000001e0       __imp_mxCreateDoubleScalar 000000018000c1e0     libmx:libmx.dll
 0002:000001e8       __imp_mxDuplicateArray     000000018000c1e8     libmx:libmx.dll
 0002:000001f0       __imp_mxGetScalar          000000018000c1f0     libmx:libmx.dll
 0002:000001f8       __imp_mxGetPr              000000018000c1f8     libmx:libmx.dll
 0002:00000200       __imp_mxCreateDoubleMatrix_730 000000018000c200     libmx:libmx.dll
 0002:00000208       __imp_mxGetString_730      000000018000c208     libmx:libmx.dll
 0002:00000210       __imp_mxIsChar             000000018000c210     libmx:libmx.dll
 0002:00000218       __imp_mxDestroyArray       000000018000c218     libmx:libmx.dll
 0002:00000220       \177libmx_NULL_THUNK_DATA  000000018000c220     libmx:libmx.dll
 0002:00000228       __imp_utMalloc             000000018000c228     libut:libut.dll
 0002:00000230       __imp_utFree               000000018000c230     libut:libut.dll
 0002:00000238       \177libut_NULL_THUNK_DATA  000000018000c238     libut:libut.dll
 0002:00000240       __imp_call_sf_machine_global_method_dispatcher 000000018000c240     sf_runtime:sf_runtime.dll
 0002:00000248       __imp_callMdlMethodAndReportError 000000018000c248     sf_runtime:sf_runtime.dll
 0002:00000250       __imp_sf_debug_api         000000018000c250     sf_runtime:sf_runtime.dll
 0002:00000258       __imp_sf_debug_create_debug_instance_struct 000000018000c258     sf_runtime:sf_runtime.dll
 0002:00000260       __imp_sf_debug_terminate   000000018000c260     sf_runtime:sf_runtime.dll
 0002:00000268       __imp_sf_clear_rtw_identifier 000000018000c268     sf_runtime:sf_runtime.dll
 0002:00000270       __imp_sf_debug_symbol_scope_push 000000018000c270     sf_runtime:sf_runtime.dll
 0002:00000278       __imp_sf_debug_call        000000018000c278     sf_runtime:sf_runtime.dll
 0002:00000280       __imp_sf_clear_error_manager_info 000000018000c280     sf_runtime:sf_runtime.dll
 0002:00000288       __imp_sf_debug_symbol_scope_push_eml 000000018000c288     sf_runtime:sf_runtime.dll
 0002:00000290       __imp_sf_debug_symbol_scope_add_eml_importable 000000018000c290     sf_runtime:sf_runtime.dll
 0002:00000298       __imp_sf_debug_symbol_scope_add_eml 000000018000c298     sf_runtime:sf_runtime.dll
 0002:000002a0       __imp_cv_eml_eval          000000018000c2a0     sf_runtime:sf_runtime.dll
 0002:000002a8       __imp_eml_debug_line_call  000000018000c2a8     sf_runtime:sf_runtime.dll
 0002:000002b0       __imp_sf_debug_symbol_scope_pop 000000018000c2b0     sf_runtime:sf_runtime.dll
 0002:000002b8       __imp_sf_debug_check_for_state_inconsistency 000000018000c2b8     sf_runtime:sf_runtime.dll
 0002:000002c0       __imp_sf_get_time          000000018000c2c0     sf_runtime:sf_runtime.dll
 0002:000002c8       __imp_sf_debug_initialize_chart 000000018000c2c8     sf_runtime:sf_runtime.dll
 0002:000002d0       __imp_sf_mex_error_direct_call 000000018000c2d0     sf_runtime:sf_runtime.dll
 0002:000002d8       __imp_sf_debug_data_range_wrapper 000000018000c2d8     sf_runtime:sf_runtime.dll
 0002:000002e0       __imp_sf_debug_set_chart_disable_implicit_casting 000000018000c2e0     sf_runtime:sf_runtime.dll
 0002:000002e8       __imp_sf_debug_set_chart_event_thresholds 000000018000c2e8     sf_runtime:sf_runtime.dll
 0002:000002f0       __imp_sf_debug_set_chart_data_props 000000018000c2f0     sf_runtime:sf_runtime.dll
 0002:000002f8       __imp_sf_debug_set_chart_state_info 000000018000c2f8     sf_runtime:sf_runtime.dll
 0002:00000300       __imp_sf_debug_set_chart_substate_count 000000018000c300     sf_runtime:sf_runtime.dll
 0002:00000308       __imp_sf_debug_set_chart_decomposition 000000018000c308     sf_runtime:sf_runtime.dll
 0002:00000310       __imp_sf_debug_cv_init_chart 000000018000c310     sf_runtime:sf_runtime.dll
 0002:00000318       __imp_sf_debug_cv_init_state 000000018000c318     sf_runtime:sf_runtime.dll
 0002:00000320       __imp_sf_debug_cv_init_trans 000000018000c320     sf_runtime:sf_runtime.dll
 0002:00000328       __imp_cv_eml_init_script   000000018000c328     sf_runtime:sf_runtime.dll
 0002:00000330       __imp_cv_eml_init_fcn      000000018000c330     sf_runtime:sf_runtime.dll
 0002:00000338       __imp_cv_eml_init_if       000000018000c338     sf_runtime:sf_runtime.dll
 0002:00000340       __imp_sf_debug_set_chart_data_compiled_props 000000018000c340     sf_runtime:sf_runtime.dll
 0002:00000348       __imp_sf_debug_set_instance_data_value_ptr 000000018000c348     sf_runtime:sf_runtime.dll
 0002:00000350       __imp_sf_debug_reset_current_state_configuration 000000018000c350     sf_runtime:sf_runtime.dll
 0002:00000358       __imp_sim_mode_is_rtw_gen  000000018000c358     sf_runtime:sf_runtime.dll
 0002:00000360       __imp_sim_mode_is_external 000000018000c360     sf_runtime:sf_runtime.dll
 0002:00000368       __imp_sf_is_chart_inlinable 000000018000c368     sf_runtime:sf_runtime.dll
 0002:00000370       __imp_sf_rtw_info_uint_prop 000000018000c370     sf_runtime:sf_runtime.dll
 0002:00000378       __imp_sf_update_buildInfo  000000018000c378     sf_runtime:sf_runtime.dll
 0002:00000380       __imp_sf_mark_chart_expressionable_inputs 000000018000c380     sf_runtime:sf_runtime.dll
 0002:00000388       __imp_sf_mark_chart_reusable_outputs 000000018000c388     sf_runtime:sf_runtime.dll
 0002:00000390       __imp_sf_set_rtw_dwork_info 000000018000c390     sf_runtime:sf_runtime.dll
 0002:00000398       __imp_sf_mex_import        000000018000c398     sf_runtime:sf_runtime.dll
 0002:000003a0       __imp_sf_mex_dup           000000018000c3a0     sf_runtime:sf_runtime.dll
 0002:000003a8       __imp_sf_mex_getcell       000000018000c3a8     sf_runtime:sf_runtime.dll
 0002:000003b0       __imp_sf_mex_decode_encoded_mx_struct_array 000000018000c3b0     sf_runtime:sf_runtime.dll
 0002:000003b8       __imp_sf_mex_setcell       000000018000c3b8     sf_runtime:sf_runtime.dll
 0002:000003c0       __imp_sf_mex_call_matlab   000000018000c3c0     sf_runtime:sf_runtime.dll
 0002:000003c8       __imp_sf_mex_error_message 000000018000c3c8     sf_runtime:sf_runtime.dll
 0002:000003d0       __imp_sf_mex_create        000000018000c3d0     sf_runtime:sf_runtime.dll
 0002:000003d8       __imp_sf_mex_addfield      000000018000c3d8     sf_runtime:sf_runtime.dll
 0002:000003e0       __imp_sf_mex_createcellmatrix 000000018000c3e0     sf_runtime:sf_runtime.dll
 0002:000003e8       __imp_sf_mex_duplicatearraysafe 000000018000c3e8     sf_runtime:sf_runtime.dll
 0002:000003f0       __imp_sf_mex_destroy       000000018000c3f0     sf_runtime:sf_runtime.dll
 0002:000003f8       __imp_sf_mex_createstruct  000000018000c3f8     sf_runtime:sf_runtime.dll
 0002:00000400       __imp_sf_mex_assign        000000018000c400     sf_runtime:sf_runtime.dll
 0002:00000408       __imp_sf_mex_emlrtNameCapturePostProcessR2012a 000000018000c408     sf_runtime:sf_runtime.dll
 0002:00000410       __imp_sf_load_rtw_optimization_info 000000018000c410     sf_runtime:sf_runtime.dll
 0002:00000418       __imp_sf_debug_initialize_machine 000000018000c418     sf_runtime:sf_runtime.dll
 0002:00000420       __imp_sf_debug_set_machine_event_thresholds 000000018000c420     sf_runtime:sf_runtime.dll
 0002:00000428       __imp_sf_debug_set_machine_data_thresholds 000000018000c428     sf_runtime:sf_runtime.dll
 0002:00000430       \177sf_runtime_NULL_THUNK_DATA 000000018000c430     sf_runtime:sf_runtime.dll
 0002:00000438       __xc_a                     000000018000c438     MSVCRT:cinitexe.obj
 0002:00000440       __xc_z                     000000018000c440     MSVCRT:cinitexe.obj
 0002:00000448       __xi_a                     000000018000c448     MSVCRT:cinitexe.obj
 0002:00000458       __xi_z                     000000018000c458     MSVCRT:cinitexe.obj
 0002:00000460       __real@41e9838ee6800000    000000018000c460     Ensayos_Friccion_sfun.obj
 0002:00000468       __real@41effcc406200000    000000018000c468     Ensayos_Friccion_sfun.obj
 0002:00000470       __real@41af7a649e000000    000000018000c470     Ensayos_Friccion_sfun.obj
 0002:00000478       __real@41ed64b939e00000    000000018000c478     Ensayos_Friccion_sfun.obj
 0002:00000480       __real@41c900e78a000000    000000018000c480     Ensayos_Friccion_sfun.obj
 0002:00000488       __real@41eda5398c800000    000000018000c488     Ensayos_Friccion_sfun.obj
 0002:00000490       __real@41edcf5b43c00000    000000018000c490     Ensayos_Friccion_sfun.obj
 0002:00000498       __real@41e695dff8600000    000000018000c498     Ensayos_Friccion_sfun.obj
 0002:000004a0       __real@41e06c0a31c00000    000000018000c4a0     Ensayos_Friccion_sfun.obj
 0002:000004a8       __real@41d4b3c646800000    000000018000c4a8     Ensayos_Friccion_sfun.obj
 0002:000004b0       __real@41ea1a8535400000    000000018000c4b0     Ensayos_Friccion_sfun.obj
 0002:000004b8       __real@41c5197db2000000    000000018000c4b8     Ensayos_Friccion_sfun.obj
 0002:000004c0       __real@41e9fcc600200000    000000018000c4c0     Ensayos_Friccion_sfun.obj
 0002:000004c8       __real@41eb5e5b12200000    000000018000c4c8     Ensayos_Friccion_sfun.obj
 0002:000004d0       __real@41ecc255d4a00000    000000018000c4d0     Ensayos_Friccion_sfun.obj
 0002:000004d8       __real@41ded8e3af800000    000000018000c4d8     Ensayos_Friccion_sfun.obj
 0002:000004e0       __real@41e1074296800000    000000018000c4e0     c2_Ensayos_Friccion.obj
 0002:000004e8       __real@41d3cf2e8e400000    000000018000c4e8     c2_Ensayos_Friccion.obj
 0002:000004f0       __real@41ed9e4f96800000    000000018000c4f0     c2_Ensayos_Friccion.obj
 0002:000004f8       __real@41dff46a05800000    000000018000c4f8     c2_Ensayos_Friccion.obj
 0002:00000500       __real@4024000000000000    000000018000c500     c2_Ensayos_Friccion.obj
 0002:00000508       __real@3ff0000000000000    000000018000c508     c2_Ensayos_Friccion.obj
 0002:00000510       __real@3f91df4722d4405f    000000018000c510     c2_Ensayos_Friccion.obj
 0002:00000520       DYNAMIC_DIMENSION_DEF      000000018000c520     Ensayos_Friccion_sfun_registry.obj
 0002:00000540       _ssBadLevel2InputAccessMsg 000000018000c540     Ensayos_Friccion_sfun_registry.obj
 0002:000006d0       _ssBadLevel2DirectFeedMsg  000000018000c6d0     Ensayos_Friccion_sfun_registry.obj
 0002:00000810       _ssBadLevel2DirectFeedSolutionMsg 000000018000c810     Ensayos_Friccion_sfun_registry.obj
 0002:00000880       _ssBadLevel2ZeroDirectFeedMsg 000000018000c880     Ensayos_Friccion_sfun_registry.obj
 0002:000009c0       _ssBadLevel2ZeroDirectFeedMsg2 000000018000c9c0     Ensayos_Friccion_sfun_registry.obj
 0002:00000aa8       __real@0000000000000000    000000018000caa8     Ensayos_Friccion_sfun_registry.obj
 0002:00000ab0       __real@bff0000000000000    000000018000cab0     Ensayos_Friccion_sfun_registry.obj
 0002:00000ab8       __real@41602cbca0000000    000000018000cab8     Ensayos_Friccion_sfun_registry.obj
 0002:00000ac0       _pRawDllMain               000000018000cac0     MSVCRT:crtdll.obj
 0002:00000ac0       _pDefaultRawDllMain        000000018000cac0     MSVCRT:crtdll.obj
 0002:00000ad8       ?ProcessDetach@NativeDll@<CrtImplementationDetails>@@0IB 000000018000cad8     MSVCRT:tncleanup.obj
 0002:00000adc       ?ProcessAttach@NativeDll@<CrtImplementationDetails>@@0IB 000000018000cadc     MSVCRT:tncleanup.obj
 0002:00000ae0       ?ThreadAttach@NativeDll@<CrtImplementationDetails>@@0IB 000000018000cae0     MSVCRT:tncleanup.obj
 0002:00000ae4       ?ThreadDetach@NativeDll@<CrtImplementationDetails>@@0IB 000000018000cae4     MSVCRT:tncleanup.obj
 0002:00000ae8       ?ProcessVerifier@NativeDll@<CrtImplementationDetails>@@0IB 000000018000cae8     MSVCRT:tncleanup.obj
 0002:00000af0       __rtc_iaa                  000000018000caf0     MSVCRT:_initsect_.obj
 0002:00000af8       __rtc_izz                  000000018000caf8     MSVCRT:_initsect_.obj
 0002:00000b00       __rtc_taa                  000000018000cb00     MSVCRT:_initsect_.obj
 0002:00000b08       __rtc_tzz                  000000018000cb08     MSVCRT:_initsect_.obj
 0002:00001138       __IMPORT_DESCRIPTOR_sf_runtime 000000018000d138     sf_runtime:sf_runtime.dll
 0002:0000114c       __IMPORT_DESCRIPTOR_libmx  000000018000d14c     libmx:libmx.dll
 0002:00001160       __IMPORT_DESCRIPTOR_libmex 000000018000d160     libmex:libmex.dll
 0002:00001174       __IMPORT_DESCRIPTOR_libut  000000018000d174     libut:libut.dll
 0002:00001188       __IMPORT_DESCRIPTOR_libmwmathutil 000000018000d188     libmwmathutil:libmwmathutil.dll
 0002:0000119c       __IMPORT_DESCRIPTOR_MSVCR100 000000018000d19c     MSVCRT:MSVCR100.dll
 0002:000011b0       __IMPORT_DESCRIPTOR_KERNEL32 000000018000d1b0     kernel32:KERNEL32.dll
 0002:000011c4       __NULL_IMPORT_DESCRIPTOR   000000018000d1c4     sf_runtime:sf_runtime.dll
 0003:00000cc8       DYNAMIC_DIMENSION          000000018000fcc8     Ensayos_Friccion_sfun_registry.obj
 0003:000018c8       __security_cookie          00000001800108c8     MSVCRT:gs_cookie.obj
 0003:000018d0       __security_cookie_complement 00000001800108d0     MSVCRT:gs_cookie.obj
 0003:000018d8       _fltused                   00000001800108d8     MSVCRT:dllsupp.obj
 0003:000018e0       __native_dllmain_reason    00000001800108e0     MSVCRT:natstart.obj
 0003:000018e4       __native_vcclrit_reason    00000001800108e4     MSVCRT:natstart.obj
 0003:000019d8       sfGlobalDebugInstanceStruct 00000001800109d8     Ensayos_Friccion_sfun_registry.obj
 0003:00001f60       ?__type_info_root_node@@3U__type_info_node@@A 0000000180010f60     MSVCRT:tncleanup.obj
 0003:00001f70       _Ensayos_FriccionMachineNumber_ 0000000180010f70     <common>
 0003:00001f74       __native_startup_state     0000000180010f74     <common>
 0003:00001f78       __native_startup_lock      0000000180010f78     <common>
 0003:00001f80       __onexitend                0000000180010f80     <common>
 0003:00001f88       __onexitbegin              0000000180010f88     <common>
 0003:00001f90       __dyn_tls_init_callback    0000000180010f90     <common>

 entry point at        0001:0000a700

 Static symbols

 0001:00000b40       c2_info_helper             0000000180001b40 f   c2_Ensayos_Friccion.obj
 0001:00001210       c2_emlrt_marshallOut       0000000180002210 f   c2_Ensayos_Friccion.obj
 0001:000012a0       c2_b_emlrt_marshallOut     00000001800022a0 f   c2_Ensayos_Friccion.obj
 0001:00001910       get_sim_state_c2_Ensayos_Friccion 0000000180002910 f   c2_Ensayos_Friccion.obj
 0001:00001ab0       sf_get_sim_state_info_c2_Ensayos_Friccion 0000000180002ab0 f   c2_Ensayos_Friccion.obj
 0001:00001c80       set_sim_state_c2_Ensayos_Friccion 0000000180002c80 f   c2_Ensayos_Friccion.obj
 0001:00001d60       c2_update_debugger_state_c2_Ensayos_Friccion 0000000180002d60 f   c2_Ensayos_Friccion.obj
 0001:00001d70       c2_emlrt_marshallIn        0000000180002d70 f   c2_Ensayos_Friccion.obj
 0001:00001de0       c2_b_emlrt_marshallIn      0000000180002de0 f   c2_Ensayos_Friccion.obj
 0001:00001e70       c2_d_emlrt_marshallIn      0000000180002e70 f   c2_Ensayos_Friccion.obj
 0001:00001ed0       c2_e_emlrt_marshallIn      0000000180002ed0 f   c2_Ensayos_Friccion.obj
 0001:00001fd0       mdlProcessParameters_c2_Ensayos_Friccion 0000000180002fd0 f   c2_Ensayos_Friccion.obj
 0001:000020b0       initialize_params_c2_Ensayos_Friccion 00000001800030b0 f   c2_Ensayos_Friccion.obj
 0001:000020c0       mdlSetWorkWidths_c2_Ensayos_Friccion 00000001800030c0 f   c2_Ensayos_Friccion.obj
 0001:00002590       sf_get_instance_specialization 0000000180003590 f   c2_Ensayos_Friccion.obj
 0001:000025a0       mdlStart_c2_Ensayos_Friccion 00000001800035a0 f   c2_Ensayos_Friccion.obj
 0001:000027d0       init_dsm_address_info      00000001800037d0 f   c2_Ensayos_Friccion.obj
 0001:000027e0       chart_debug_initialization 00000001800037e0 f   c2_Ensayos_Friccion.obj
 0001:00002f90       init_script_number_translation 0000000180003f90 f   c2_Ensayos_Friccion.obj
 0001:00002fb0       c2_sf_marshallOut          0000000180003fb0 f   c2_Ensayos_Friccion.obj
 0001:00003060       c2_sf_marshallIn           0000000180004060 f   c2_Ensayos_Friccion.obj
 0001:00003100       sf_opaque_initialize_c2_Ensayos_Friccion 0000000180004100 f   c2_Ensayos_Friccion.obj
 0001:00003140       initialize_c2_Ensayos_Friccion 0000000180004140 f   c2_Ensayos_Friccion.obj
 0001:00003190       sf_opaque_enable_c2_Ensayos_Friccion 0000000180004190 f   c2_Ensayos_Friccion.obj
 0001:000031b0       enable_c2_Ensayos_Friccion 00000001800041b0 f   c2_Ensayos_Friccion.obj
 0001:000031e0       sf_opaque_disable_c2_Ensayos_Friccion 00000001800041e0 f   c2_Ensayos_Friccion.obj
 0001:00003200       disable_c2_Ensayos_Friccion 0000000180004200 f   c2_Ensayos_Friccion.obj
 0001:00003230       sf_opaque_gateway_c2_Ensayos_Friccion 0000000180004230 f   c2_Ensayos_Friccion.obj
 0001:00003250       sf_gateway_c2_Ensayos_Friccion 0000000180004250 f   c2_Ensayos_Friccion.obj
 0001:000039a0       sf_opaque_get_sim_state_c2_Ensayos_Friccion 00000001800049a0 f   c2_Ensayos_Friccion.obj
 0001:000039c0       sf_opaque_set_sim_state_c2_Ensayos_Friccion 00000001800049c0 f   c2_Ensayos_Friccion.obj
 0001:000039f0       sf_opaque_terminate_c2_Ensayos_Friccion 00000001800049f0 f   c2_Ensayos_Friccion.obj
 0001:00003a90       finalize_c2_Ensayos_Friccion 0000000180004a90 f   c2_Ensayos_Friccion.obj
 0001:00003aa0       sf_opaque_init_subchart_simstructs 0000000180004aa0 f   c2_Ensayos_Friccion.obj
 0001:00003ac0       initSimStructsc2_Ensayos_Friccion 0000000180004ac0 f   c2_Ensayos_Friccion.obj
 0001:00003ad0       mdlRTW_c2_Ensayos_Friccion 0000000180004ad0 f   c2_Ensayos_Friccion.obj
 0001:00004440       getChartInfoFromSimStruct  0000000180005440 f   Ensayos_Friccion_sfun_registry.obj
 0001:00005ae0       _ssFatalError              0000000180006ae0 f   Ensayos_Friccion_sfun_registry.obj
 0001:00008b90       ProcessMexSfunctionCmdLineCall 0000000180009b90 f   Ensayos_Friccion_sfun_registry.obj
 0001:00008cc0       sf_debug_api_wrapper       0000000180009cc0 f   Ensayos_Friccion_sfun_registry.obj
 0001:00008d10       mdlStart                   0000000180009d10 f   Ensayos_Friccion_sfun_registry.obj
 0001:00008d40       mdl_start_processing       0000000180009d40 f   Ensayos_Friccion_sfun_registry.obj
 0001:00008dd0       mdlTerminate               0000000180009dd0 f   Ensayos_Friccion_sfun_registry.obj
 0001:00008e00       mdl_terminate_processing   0000000180009e00 f   Ensayos_Friccion_sfun_registry.obj
 0001:00008e80       mdlInitializeSampleTimes   0000000180009e80 f   Ensayos_Friccion_sfun_registry.obj
 0001:00008eb0       mdlZeroCrossings           0000000180009eb0 f   Ensayos_Friccion_sfun_registry.obj
 0001:00008ee0       mdl_zeroCrossings_processing 0000000180009ee0 f   Ensayos_Friccion_sfun_registry.obj
 0001:00008f20       mdlDerivatives             0000000180009f20 f   Ensayos_Friccion_sfun_registry.obj
 0001:00008f50       mdl_derivatives_processing 0000000180009f50 f   Ensayos_Friccion_sfun_registry.obj
 0001:00008fa0       mdlInitializeConditions    0000000180009fa0 f   Ensayos_Friccion_sfun_registry.obj
 0001:00008fd0       mdl_initialize_conditions_processing 0000000180009fd0 f   Ensayos_Friccion_sfun_registry.obj
 0001:00009020       mdlEnable                  000000018000a020 f   Ensayos_Friccion_sfun_registry.obj
 0001:00009050       mdl_enable_processing      000000018000a050 f   Ensayos_Friccion_sfun_registry.obj
 0001:00009090       mdlDisable                 000000018000a090 f   Ensayos_Friccion_sfun_registry.obj
 0001:000090c0       mdl_disable_processing     000000018000a0c0 f   Ensayos_Friccion_sfun_registry.obj
 0001:00009100       mdlOutputs                 000000018000a100 f   Ensayos_Friccion_sfun_registry.obj
 0001:00009130       mdl_outputs_processing     000000018000a130 f   Ensayos_Friccion_sfun_registry.obj
 0001:00009210       mdl_outputs_continuous_legacy 000000018000a210 f   Ensayos_Friccion_sfun_registry.obj
 0001:00009300       mdlGetTimeOfNextVarHit     000000018000a300 f   Ensayos_Friccion_sfun_registry.obj
 0001:00009350       _ProcessMexSfunctionCmdLineCall 000000018000a350 f   Ensayos_Friccion_sfun_registry.obj
 0001:00009aa0       mdlSetWorkWidths           000000018000aaa0 f   Ensayos_Friccion_sfun_registry.obj
 0001:00009ad0       mdlProcessParameters       000000018000aad0 f   Ensayos_Friccion_sfun_registry.obj
 0001:00009b00       mdlInitializeSizes         000000018000ab00 f   Ensayos_Friccion_sfun_registry.obj
 0001:00009b30       mdlExtModeExec             000000018000ab30 f   Ensayos_Friccion_sfun_registry.obj
 0001:00009b60       mdl_ext_mode_exec_processing 000000018000ab60 f   Ensayos_Friccion_sfun_registry.obj
 0001:00009ba0       mdlRTW                     000000018000aba0 f   Ensayos_Friccion_sfun_registry.obj
 0001:00009be0       _CreateSimStruct           000000018000abe0 f   Ensayos_Friccion_sfun_registry.obj
 0001:00009d70       _RegNumInputPortsCB        000000018000ad70 f   Ensayos_Friccion_sfun_registry.obj
 0001:00009df0       _RegNumOutputPortsCB       000000018000adf0 f   Ensayos_Friccion_sfun_registry.obj
 0001:0000a308       pre_c_init                 000000018000b308 f   MSVCRT:crtdll.obj
 0001:0000a5c4       __DllMainCRTStartup        000000018000b5c4 f   MSVCRT:crtdll.obj
 0001:0000ac30       __DllMainCRTStartup$filt$0 000000018000bc30 f   MSVCRT:crtdll.obj
 0001:0000ac60       __DllMainCRTStartup$fin$1  000000018000bc60 f   MSVCRT:crtdll.obj
 0001:0000ac7a       _onexit$fin$0              000000018000bc7a f   MSVCRT:atonexit.obj
 0001:0000aca0       _IsNonwritableInCurrentImage$filt$0 000000018000bca0 f   MSVCRT:pesect.obj
