 Ensayos_Friccion_sfun

 Timestamp is 573ea045 (Fri May 20 00:27:33 2016)

 Preferred load address is 0000000180000000

 Start         Length     Name                   Class
 0001:00000000 00016b64H .text                   CODE
 0001:00016b70 00000092H .text$x                 CODE
 0002:00000000 00000438H .idata$5                DATA
 0002:00000438 00000008H .CRT$XCA                DATA
 0002:00000440 00000008H .CRT$XCZ                DATA
 0002:00000448 00000008H .CRT$XIA                DATA
 0002:00000450 00000008H .CRT$XIAA               DATA
 0002:00000458 00000008H .CRT$XIZ                DATA
 0002:00000460 0000072cH .rdata                  DATA
 0002:00000b90 00000008H .rtc$IAA                DATA
 0002:00000b98 00000008H .rtc$IZZ                DATA
 0002:00000ba0 00000008H .rtc$TAA                DATA
 0002:00000ba8 00000008H .rtc$TZZ                DATA
 0002:00000bb0 000009b8H .xdata                  DATA
 0002:00001568 0000008cH .idata$2                DATA
 0002:000015f4 00000014H .idata$3                DATA
 0002:00001608 00000438H .idata$4                DATA
 0002:00001a40 00000b8eH .idata$6                DATA
 0002:000025d0 0000005bH .edata                  DATA
 0003:00000000 00005248H .data                   DATA
 0003:00005250 000006d8H .bss                    DATA
 0004:00000000 00000c9cH .pdata                  DATA

  Address         Publics by Value              Rva+Base               Lib:Object

 0000:00000000       ___safe_se_handler_count   0000000000000000     <absolute>
 0000:00000000       ___safe_se_handler_table   0000000000000000     <absolute>
 0000:00000000       __ImageBase                0000000180000000     <linker-defined>
 0001:00000000       Ensayos_Friccion_initializer 0000000180001000 f   Ensayos_Friccion_sfun.obj
 0001:00000010       Ensayos_Friccion_terminator 0000000180001010 f   Ensayos_Friccion_sfun.obj
 0001:00000020       sf_Ensayos_Friccion_method_dispatcher 0000000180001020 f   Ensayos_Friccion_sfun.obj
 0001:000000d0       sf_Ensayos_Friccion_process_check_sum_call 00000001800010d0 f   Ensayos_Friccion_sfun.obj
 0001:00000520       sf_Ensayos_Friccion_autoinheritance_info 0000000180001520 f   Ensayos_Friccion_sfun.obj
 0001:00000780       sf_Ensayos_Friccion_get_eml_resolved_functions_info 0000000180001780 f   Ensayos_Friccion_sfun.obj
 0001:00000970       sf_Ensayos_Friccion_third_party_uses_info 0000000180001970 f   Ensayos_Friccion_sfun.obj
 0001:00000b60       sf_Ensayos_Friccion_updateBuildInfo_args_info 0000000180001b60 f   Ensayos_Friccion_sfun.obj
 0001:00000d50       Ensayos_Friccion_debug_initialize 0000000180001d50 f   Ensayos_Friccion_sfun.obj
 0001:00000dd0       Ensayos_Friccion_register_exported_symbols 0000000180001dd0 f   Ensayos_Friccion_sfun.obj
 0001:00000de0       load_Ensayos_Friccion_optimization_info 0000000180001de0 f   Ensayos_Friccion_sfun.obj
 0001:00000e30       unload_Ensayos_Friccion_optimization_info 0000000180001e30 f   Ensayos_Friccion_sfun.obj
 0001:00000e60       sf_c1_Ensayos_Friccion_get_eml_resolved_functions_info 0000000180001e60 f   c1_Ensayos_Friccion.obj
 0001:000020a0       sf_c1_Ensayos_Friccion_get_check_sum 00000001800030a0 f   c1_Ensayos_Friccion.obj
 0001:00002120       sf_c1_Ensayos_Friccion_get_autoinheritance_info 0000000180003120 f   c1_Ensayos_Friccion.obj
 0001:00002540       sf_c1_Ensayos_Friccion_third_party_uses_info 0000000180003540 f   c1_Ensayos_Friccion.obj
 0001:00002570       sf_c1_Ensayos_Friccion_updateBuildInfo_args_info 0000000180003570 f   c1_Ensayos_Friccion.obj
 0001:000025a0       sf_internal_get_sim_state_c1_Ensayos_Friccion 00000001800035a0 f   c1_Ensayos_Friccion.obj
 0001:00002900       sf_internal_set_sim_state_c1_Ensayos_Friccion 0000000180003900 f   c1_Ensayos_Friccion.obj
 0001:00002cf0       c1_Ensayos_Friccion_method_dispatcher 0000000180003cf0 f   c1_Ensayos_Friccion.obj
 0001:000046e0       sf_c2_Ensayos_Friccion_get_eml_resolved_functions_info 00000001800056e0 f   c2_Ensayos_Friccion.obj
 0001:00006080       sf_c2_Ensayos_Friccion_get_check_sum 0000000180007080 f   c2_Ensayos_Friccion.obj
 0001:00006100       sf_c2_Ensayos_Friccion_get_autoinheritance_info 0000000180007100 f   c2_Ensayos_Friccion.obj
 0001:00006520       sf_c2_Ensayos_Friccion_third_party_uses_info 0000000180007520 f   c2_Ensayos_Friccion.obj
 0001:00006550       sf_c2_Ensayos_Friccion_updateBuildInfo_args_info 0000000180007550 f   c2_Ensayos_Friccion.obj
 0001:00006580       sf_internal_get_sim_state_c2_Ensayos_Friccion 0000000180007580 f   c2_Ensayos_Friccion.obj
 0001:000068e0       sf_internal_set_sim_state_c2_Ensayos_Friccion 00000001800078e0 f   c2_Ensayos_Friccion.obj
 0001:00006cd0       c2_Ensayos_Friccion_method_dispatcher 0000000180007cd0 f   c2_Ensayos_Friccion.obj
 0001:00008960       sf_c3_Ensayos_Friccion_get_eml_resolved_functions_info 0000000180009960 f   c3_Ensayos_Friccion.obj
 0001:00009ba0       sf_c3_Ensayos_Friccion_get_check_sum 000000018000aba0 f   c3_Ensayos_Friccion.obj
 0001:00009c20       sf_c3_Ensayos_Friccion_get_autoinheritance_info 000000018000ac20 f   c3_Ensayos_Friccion.obj
 0001:0000a040       sf_c3_Ensayos_Friccion_third_party_uses_info 000000018000b040 f   c3_Ensayos_Friccion.obj
 0001:0000a070       sf_c3_Ensayos_Friccion_updateBuildInfo_args_info 000000018000b070 f   c3_Ensayos_Friccion.obj
 0001:0000a0a0       sf_internal_get_sim_state_c3_Ensayos_Friccion 000000018000b0a0 f   c3_Ensayos_Friccion.obj
 0001:0000a410       sf_internal_set_sim_state_c3_Ensayos_Friccion 000000018000b410 f   c3_Ensayos_Friccion.obj
 0001:0000a800       c3_Ensayos_Friccion_method_dispatcher 000000018000b800 f   c3_Ensayos_Friccion.obj
 0001:0000c1d0       sf_c4_Ensayos_Friccion_get_eml_resolved_functions_info 000000018000d1d0 f   c4_Ensayos_Friccion.obj
 0001:0000d410       sf_c4_Ensayos_Friccion_get_check_sum 000000018000e410 f   c4_Ensayos_Friccion.obj
 0001:0000d490       sf_c4_Ensayos_Friccion_get_autoinheritance_info 000000018000e490 f   c4_Ensayos_Friccion.obj
 0001:0000d8b0       sf_c4_Ensayos_Friccion_third_party_uses_info 000000018000e8b0 f   c4_Ensayos_Friccion.obj
 0001:0000d8e0       sf_c4_Ensayos_Friccion_updateBuildInfo_args_info 000000018000e8e0 f   c4_Ensayos_Friccion.obj
 0001:0000d910       sf_internal_get_sim_state_c4_Ensayos_Friccion 000000018000e910 f   c4_Ensayos_Friccion.obj
 0001:0000dc80       sf_internal_set_sim_state_c4_Ensayos_Friccion 000000018000ec80 f   c4_Ensayos_Friccion.obj
 0001:0000e070       c4_Ensayos_Friccion_method_dispatcher 000000018000f070 f   c4_Ensayos_Friccion.obj
 0001:0000fa50       sf_process_check_sum_call  0000000180010a50 f   Ensayos_Friccion_sfun_registry.obj
 0001:0000faa0       sf_process_autoinheritance_call 0000000180010aa0 f   Ensayos_Friccion_sfun_registry.obj
 0001:0000fc40       sf_process_get_third_party_uses_info_call 0000000180010c40 f   Ensayos_Friccion_sfun_registry.obj
 0001:0000fde0       sf_process_get_updateBuildInfo_args_info_call 0000000180010de0 f   Ensayos_Friccion_sfun_registry.obj
 0001:0000ff80       sf_process_get_eml_resolved_functions_info_call 0000000180010f80 f   Ensayos_Friccion_sfun_registry.obj
 0001:00010100       sf_mex_unlock_call         0000000180011100 f   Ensayos_Friccion_sfun_registry.obj
 0001:000101b0       sf_machine_global_initializer_called 00000001800111b0 f   Ensayos_Friccion_sfun_registry.obj
 0001:000101e0       sf_machine_global_method_dispatcher 00000001800111e0 f   Ensayos_Friccion_sfun_registry.obj
 0001:00010240       sf_machine_global_terminator 0000000180011240 f   Ensayos_Friccion_sfun_registry.obj
 0001:00010290       sf_register_machine_exported_symbols 0000000180011290 f   Ensayos_Friccion_sfun_registry.obj
 0001:000102b0       callCustomFcn              00000001800112b0 f   Ensayos_Friccion_sfun_registry.obj
 0001:000102c0       sf_machine_global_initializer 00000001800112c0 f   Ensayos_Friccion_sfun_registry.obj
 0001:00010340       mdlGetSimState             0000000180011340 f   Ensayos_Friccion_sfun_registry.obj
 0001:000103c0       mdlSetSimState             00000001800113c0 f   Ensayos_Friccion_sfun_registry.obj
 0001:00010400       _ssSetStateAbsTol          0000000180011400 f   Ensayos_Friccion_sfun_registry.obj
 0001:000104e0       _ssGetAbsTol               00000001800114e0 f   Ensayos_Friccion_sfun_registry.obj
 0001:00010550       _ssSetInputPortMatrixDimensions 0000000180011550 f   Ensayos_Friccion_sfun_registry.obj
 0001:00010660       _ssSetOutputPortMatrixDimensions 0000000180011660 f   Ensayos_Friccion_sfun_registry.obj
 0001:00010770       _ssSetInputPortVectorDimension 0000000180011770 f   Ensayos_Friccion_sfun_registry.obj
 0001:00010840       _ssSetOutputPortVectorDimension 0000000180011840 f   Ensayos_Friccion_sfun_registry.obj
 0001:00010910       ssIsRunTimeParamTunable    0000000180011910 f   Ensayos_Friccion_sfun_registry.obj
 0001:00010980       ssGetSFuncBlockHandle      0000000180011980 f   Ensayos_Friccion_sfun_registry.obj
 0001:000109f0       _ssGetCurrentInputPortWidth 00000001800119f0 f   Ensayos_Friccion_sfun_registry.obj
 0001:00010b10       _ssGetCurrentOutputPortWidth 0000000180011b10 f   Ensayos_Friccion_sfun_registry.obj
 0001:00010c30       _ssGetCallSystemNumFcnCallDestinations 0000000180011c30 f   Ensayos_Friccion_sfun_registry.obj
 0001:00010ca0       ssWarning                  0000000180011ca0 f   Ensayos_Friccion_sfun_registry.obj
 0001:00010db0       ssGetIsZeroCrossControlDisabled 0000000180011db0 f   Ensayos_Friccion_sfun_registry.obj
 0001:00010e20       ssSetIsInputPortUsedForContZcSignal 0000000180011e20 f   Ensayos_Friccion_sfun_registry.obj
 0001:00010e90       ssSetZcSignalIsZcElementDisc 0000000180011e90 f   Ensayos_Friccion_sfun_registry.obj
 0001:00010f40       ssSetZcSignalName          0000000180011f40 f   Ensayos_Friccion_sfun_registry.obj
 0001:00010fb0       ssSetZcSignalWidth         0000000180011fb0 f   Ensayos_Friccion_sfun_registry.obj
 0001:00011020       ssSetZcSignalZcEventType   0000000180012020 f   Ensayos_Friccion_sfun_registry.obj
 0001:00011090       ssSetZcSignalType          0000000180012090 f   Ensayos_Friccion_sfun_registry.obj
 0001:00011100       ssSetZcSignalZcTol         0000000180012100 f   Ensayos_Friccion_sfun_registry.obj
 0001:00011170       ssSetZcSignalNeedsEventNotification 0000000180012170 f   Ensayos_Friccion_sfun_registry.obj
 0001:000111e0       ssCreateAndAddZcSignalInfo 00000001800121e0 f   Ensayos_Friccion_sfun_registry.obj
 0001:00011250       ssCloneAndAddZcSignalInfo  0000000180012250 f   Ensayos_Friccion_sfun_registry.obj
 0001:000112c0       ssGetNumZcSignals          00000001800122c0 f   Ensayos_Friccion_sfun_registry.obj
 0001:00011330       ssGetZcSignalVector        0000000180012330 f   Ensayos_Friccion_sfun_registry.obj
 0001:000113a0       ssGetZcSignalZcEvents      00000001800123a0 f   Ensayos_Friccion_sfun_registry.obj
 0001:00011410       ssGetZcSignalName          0000000180012410 f   Ensayos_Friccion_sfun_registry.obj
 0001:00011480       ssGetZcSignalWidth         0000000180012480 f   Ensayos_Friccion_sfun_registry.obj
 0001:000114f0       ssGetZcSignalZcEventType   00000001800124f0 f   Ensayos_Friccion_sfun_registry.obj
 0001:00011560       ssGetZcSignalType          0000000180012560 f   Ensayos_Friccion_sfun_registry.obj
 0001:000115d0       ssGetZcSignalZcTol         00000001800125d0 f   Ensayos_Friccion_sfun_registry.obj
 0001:00011650       ssGetZcSignalNeedsEventNotification 0000000180012650 f   Ensayos_Friccion_sfun_registry.obj
 0001:000116c0       ssGetZcSignalIsZcElementDisc 00000001800126c0 f   Ensayos_Friccion_sfun_registry.obj
 0001:00011760       ssGetIsInputPortElementContinuous 0000000180012760 f   Ensayos_Friccion_sfun_registry.obj
 0001:00011800       _ssGetInputPortSignalPtrsFcn 0000000180012800 f   Ensayos_Friccion_sfun_registry.obj
 0001:00011ac0       _ssGetInputPortSignalFcn   0000000180012ac0 f   Ensayos_Friccion_sfun_registry.obj
 0001:00011ce0       _ssSetInputPortDirectFeedThroughFcn 0000000180012ce0 f   Ensayos_Friccion_sfun_registry.obj
 0001:00011e40       _ssSetInputPortReusableFcn 0000000180012e40 f   Ensayos_Friccion_sfun_registry.obj
 0001:00011f30       _ssSetOutputPortReusableFcn 0000000180012f30 f   Ensayos_Friccion_sfun_registry.obj
 0001:00012010       ssGetDTypeIdFromMxArray    0000000180013010 f   Ensayos_Friccion_sfun_registry.obj
 0001:00012130       ssWriteRTWStr              0000000180013130 f   Ensayos_Friccion_sfun_registry.obj
 0001:00012190       ssWriteRTWMxVectParam      0000000180013190 f   Ensayos_Friccion_sfun_registry.obj
 0001:000121f0       ssWriteRTWMx2dMatParam     00000001800131f0 f   Ensayos_Friccion_sfun_registry.obj
 0001:00012270       ssWriteRTWNameValuePair    0000000180013270 f   Ensayos_Friccion_sfun_registry.obj
 0001:00012760       ssWriteRTWParameters       0000000180013760 f   Ensayos_Friccion_sfun_registry.obj
 0001:00012d60       ssWriteRTWParamSettings    0000000180013d60 f   Ensayos_Friccion_sfun_registry.obj
 0001:00013430       ssWriteRTWWorkVect         0000000180014430 f   Ensayos_Friccion_sfun_registry.obj
 0001:00013930       mexFunction                0000000180014930 f   Ensayos_Friccion_sfun_registry.obj
 0001:00015db0       ProcessMexSfunctionEveryCall 0000000180016db0 f   Ensayos_Friccion_sfun_registry.obj
 0001:00015f32       sf_debug_set_machine_data_thresholds 0000000180016f32 f   sf_runtime:sf_runtime.dll
 0001:00015f38       sf_debug_set_machine_event_thresholds 0000000180016f38 f   sf_runtime:sf_runtime.dll
 0001:00015f3e       sf_debug_initialize_machine 0000000180016f3e f   sf_runtime:sf_runtime.dll
 0001:00015f44       sf_load_rtw_optimization_info 0000000180016f44 f   sf_runtime:sf_runtime.dll
 0001:00015f4a       sf_mex_emlrtNameCapturePostProcessR2012a 0000000180016f4a f   sf_runtime:sf_runtime.dll
 0001:00015f50       sf_mex_assign              0000000180016f50 f   sf_runtime:sf_runtime.dll
 0001:00015f56       sf_mex_createstruct        0000000180016f56 f   sf_runtime:sf_runtime.dll
 0001:00015f5c       sf_mex_destroy             0000000180016f5c f   sf_runtime:sf_runtime.dll
 0001:00015f62       sf_mex_duplicatearraysafe  0000000180016f62 f   sf_runtime:sf_runtime.dll
 0001:00015f68       sf_mex_createcellmatrix    0000000180016f68 f   sf_runtime:sf_runtime.dll
 0001:00015f6e       sf_mex_addfield            0000000180016f6e f   sf_runtime:sf_runtime.dll
 0001:00015f74       sf_mex_create              0000000180016f74 f   sf_runtime:sf_runtime.dll
 0001:00015f7a       sf_mex_error_message       0000000180016f7a f   sf_runtime:sf_runtime.dll
 0001:00015f80       sf_mex_call_matlab         0000000180016f80 f   sf_runtime:sf_runtime.dll
 0001:00015f86       sf_mex_setcell             0000000180016f86 f   sf_runtime:sf_runtime.dll
 0001:00015f8c       sf_mex_decode_encoded_mx_struct_array 0000000180016f8c f   sf_runtime:sf_runtime.dll
 0001:00015f92       sf_mex_getcell             0000000180016f92 f   sf_runtime:sf_runtime.dll
 0001:00015f98       sf_mex_dup                 0000000180016f98 f   sf_runtime:sf_runtime.dll
 0001:00015f9e       sf_mex_import              0000000180016f9e f   sf_runtime:sf_runtime.dll
 0001:00015fa4       sf_set_rtw_dwork_info      0000000180016fa4 f   sf_runtime:sf_runtime.dll
 0001:00015faa       sf_mark_chart_reusable_outputs 0000000180016faa f   sf_runtime:sf_runtime.dll
 0001:00015fb0       sf_mark_chart_expressionable_inputs 0000000180016fb0 f   sf_runtime:sf_runtime.dll
 0001:00015fb6       sf_update_buildInfo        0000000180016fb6 f   sf_runtime:sf_runtime.dll
 0001:00015fbc       sf_rtw_info_uint_prop      0000000180016fbc f   sf_runtime:sf_runtime.dll
 0001:00015fc2       sf_is_chart_inlinable      0000000180016fc2 f   sf_runtime:sf_runtime.dll
 0001:00015fc8       sim_mode_is_external       0000000180016fc8 f   sf_runtime:sf_runtime.dll
 0001:00015fce       sim_mode_is_rtw_gen        0000000180016fce f   sf_runtime:sf_runtime.dll
 0001:00015fd4       sf_debug_reset_current_state_configuration 0000000180016fd4 f   sf_runtime:sf_runtime.dll
 0001:00015fda       sf_debug_set_instance_data_value_ptr 0000000180016fda f   sf_runtime:sf_runtime.dll
 0001:00015fe0       sf_debug_set_chart_data_compiled_props 0000000180016fe0 f   sf_runtime:sf_runtime.dll
 0001:00015fe6       cv_eml_init_fcn            0000000180016fe6 f   sf_runtime:sf_runtime.dll
 0001:00015fec       cv_eml_init_script         0000000180016fec f   sf_runtime:sf_runtime.dll
 0001:00015ff2       sf_debug_cv_init_trans     0000000180016ff2 f   sf_runtime:sf_runtime.dll
 0001:00015ff8       sf_debug_cv_init_state     0000000180016ff8 f   sf_runtime:sf_runtime.dll
 0001:00015ffe       sf_debug_cv_init_chart     0000000180016ffe f   sf_runtime:sf_runtime.dll
 0001:00016004       sf_debug_set_chart_decomposition 0000000180017004 f   sf_runtime:sf_runtime.dll
 0001:0001600a       sf_debug_set_chart_substate_count 000000018001700a f   sf_runtime:sf_runtime.dll
 0001:00016010       sf_debug_set_chart_state_info 0000000180017010 f   sf_runtime:sf_runtime.dll
 0001:00016016       sf_debug_set_chart_data_props 0000000180017016 f   sf_runtime:sf_runtime.dll
 0001:0001601c       sf_debug_set_chart_event_thresholds 000000018001701c f   sf_runtime:sf_runtime.dll
 0001:00016022       sf_debug_set_chart_disable_implicit_casting 0000000180017022 f   sf_runtime:sf_runtime.dll
 0001:00016028       sf_debug_initialize_chart  0000000180017028 f   sf_runtime:sf_runtime.dll
 0001:0001602e       sf_get_time                000000018001702e f   sf_runtime:sf_runtime.dll
 0001:00016034       sf_debug_check_for_state_inconsistency 0000000180017034 f   sf_runtime:sf_runtime.dll
 0001:0001603a       sf_debug_symbol_scope_pop  000000018001703a f   sf_runtime:sf_runtime.dll
 0001:00016040       eml_debug_line_call        0000000180017040 f   sf_runtime:sf_runtime.dll
 0001:00016046       cv_eml_eval                0000000180017046 f   sf_runtime:sf_runtime.dll
 0001:0001604c       sf_debug_symbol_scope_add_eml 000000018001704c f   sf_runtime:sf_runtime.dll
 0001:00016052       sf_debug_symbol_scope_add_eml_importable 0000000180017052 f   sf_runtime:sf_runtime.dll
 0001:00016058       sf_debug_symbol_scope_push_eml 0000000180017058 f   sf_runtime:sf_runtime.dll
 0001:0001605e       sf_debug_data_range_wrapper 000000018001705e f   sf_runtime:sf_runtime.dll
 0001:00016064       sf_debug_call              0000000180017064 f   sf_runtime:sf_runtime.dll
 0001:0001606a       sf_debug_symbol_scope_push 000000018001706a f   sf_runtime:sf_runtime.dll
 0001:00016070       sf_clear_rtw_identifier    0000000180017070 f   sf_runtime:sf_runtime.dll
 0001:00016076       cv_eml_init_if             0000000180017076 f   sf_runtime:sf_runtime.dll
 0001:0001607c       sf_debug_terminate         000000018001707c f   sf_runtime:sf_runtime.dll
 0001:00016082       sf_debug_create_debug_instance_struct 0000000180017082 f   sf_runtime:sf_runtime.dll
 0001:00016088       sf_debug_api               0000000180017088 f   sf_runtime:sf_runtime.dll
 0001:0001608e       callMdlMethodAndReportError 000000018001708e f   sf_runtime:sf_runtime.dll
 0001:00016094       call_sf_machine_global_method_dispatcher 0000000180017094 f   sf_runtime:sf_runtime.dll
 0001:0001609a       sf_clear_error_manager_info 000000018001709a f   sf_runtime:sf_runtime.dll
 0001:000160a0       sf_mex_error_direct_call   00000001800170a0 f   sf_runtime:sf_runtime.dll
 0001:000160a6       mxGetScalar                00000001800170a6 f   libmx:libmx.dll
 0001:000160ac       mxGetPr                    00000001800170ac f   libmx:libmx.dll
 0001:000160b2       mxCreateDoubleMatrix_730   00000001800170b2 f   libmx:libmx.dll
 0001:000160b8       mxGetString_730            00000001800170b8 f   libmx:libmx.dll
 0001:000160be       mxIsChar                   00000001800170be f   libmx:libmx.dll
 0001:000160c4       mxDestroyArray             00000001800170c4 f   libmx:libmx.dll
 0001:000160ca       mxDuplicateArray           00000001800170ca f   libmx:libmx.dll
 0001:000160d0       mxCreateDoubleScalar       00000001800170d0 f   libmx:libmx.dll
 0001:000160d6       mxSetField_730             00000001800170d6 f   libmx:libmx.dll
 0001:000160dc       mxCreateString             00000001800170dc f   libmx:libmx.dll
 0001:000160e2       mxCreateStructMatrix_730   00000001800170e2 f   libmx:libmx.dll
 0001:000160e8       mxCreateCellMatrix_730     00000001800170e8 f   libmx:libmx.dll
 0001:000160ee       mxGetClassID               00000001800170ee f   libmx:libmx.dll
 0001:000160f4       mxIsNumeric                00000001800170f4 f   libmx:libmx.dll
 0001:000160fa       mxIsComplex                00000001800170fa f   libmx:libmx.dll
 0001:00016100       mxGetN                     0000000180017100 f   libmx:libmx.dll
 0001:00016106       mxGetM                     0000000180017106 f   libmx:libmx.dll
 0001:0001610c       mxCalloc                   000000018001710c f   libmx:libmx.dll
 0001:00016112       mexMakeArrayPersistent     0000000180017112 f   libmex:libmex.dll
 0001:00016118       mexUnlock                  0000000180017118 f   libmex:libmex.dll
 0001:0001611e       mexIsLocked                000000018001711e f   libmex:libmex.dll
 0001:00016124       mexWarnMsgTxt              0000000180017124 f   libmex:libmex.dll
 0001:0001612a       mexCallMATLAB              000000018001712a f   libmex:libmex.dll
 0001:00016130       mexErrMsgTxt               0000000180017130 f   libmex:libmex.dll
 0001:00016136       mexLock                    0000000180017136 f   libmex:libmex.dll
 0001:0001613c       utMalloc                   000000018001713c f   libut:libut.dll
 0001:00016142       utFree                     0000000180017142 f   libut:libut.dll
 0001:00016148       muDoubleScalarAbs          0000000180017148 f   libmwmathutil:libmwmathutil.dll
 0001:00016150       __GSHandlerCheckCommon     0000000180017150 f   MSVCRT:gshandler.obj
 0001:000161b4       __GSHandlerCheck           00000001800171b4 f   MSVCRT:gshandler.obj
 0001:000161d2       strcmp                     00000001800171d2 f   MSVCRT:MSVCR100.dll
 0001:000161f0       __security_check_cookie    00000001800171f0 f   MSVCRT:amdsecgs.obj
 0001:00016210       strlen                     0000000180017210 f   MSVCRT:MSVCR100.dll
 0001:00016216       memset                     0000000180017216 f   MSVCRT:MSVCR100.dll
 0001:0001621c       free                       000000018001721c f   MSVCRT:MSVCR100.dll
 0001:00016222       sprintf                    0000000180017222 f   MSVCRT:MSVCR100.dll
 0001:00016228       malloc                     0000000180017228 f   MSVCRT:MSVCR100.dll
 0001:0001622e       strcat                     000000018001722e f   MSVCRT:MSVCR100.dll
 0001:00016234       memcpy                     0000000180017234 f   MSVCRT:MSVCR100.dll
 0001:0001623c       NtCurrentTeb               000000018001723c f i MSVCRT:crtdll.obj
 0001:000162a8       _CRT_INIT                  00000001800172a8 f   MSVCRT:crtdll.obj
 0001:00016640       _DllMainCRTStartup         0000000180017640 f   MSVCRT:crtdll.obj
 0001:00016680       __report_gsfailure         0000000180017680 f   MSVCRT:gs_report.obj
 0001:000167cc       __clean_type_info_names    00000001800177cc f   MSVCRT:tncleanup.obj
 0001:000167d8       _onexit                    00000001800177d8 f   MSVCRT:atonexit.obj
 0001:00016888       atexit                     0000000180017888 f   MSVCRT:atonexit.obj
 0001:000168a0       _RTC_Initialize            00000001800178a0 f   MSVCRT:_initsect_.obj
 0001:000168d8       _RTC_Terminate             00000001800178d8 f   MSVCRT:_initsect_.obj
 0001:00016910       _malloc_crt                0000000180017910 f   MSVCRT:MSVCR100.dll
 0001:00016920       _ValidateImageBase         0000000180017920 f   MSVCRT:pesect.obj
 0001:00016950       _FindPESection             0000000180017950 f   MSVCRT:pesect.obj
 0001:000169a0       _IsNonwritableInCurrentImage 00000001800179a0 f   MSVCRT:pesect.obj
 0001:000169e2       _initterm                  00000001800179e2 f   MSVCRT:MSVCR100.dll
 0001:000169e8       _initterm_e                00000001800179e8 f   MSVCRT:MSVCR100.dll
 0001:000169ee       _encoded_null              00000001800179ee f   MSVCRT:MSVCR100.dll
 0001:000169f4       _amsg_exit                 00000001800179f4 f   MSVCRT:MSVCR100.dll
 0001:000169fa       __C_specific_handler       00000001800179fa f   MSVCRT:MSVCR100.dll
 0001:00016a00       __CppXcptFilter            0000000180017a00 f   MSVCRT:MSVCR100.dll
 0001:00016a08       DllMain                    0000000180017a08 f   MSVCRT:dllmain.obj
 0001:00016a2c       __security_init_cookie     0000000180017a2c f   MSVCRT:gs_support.obj
 0001:00016ae0       __crt_debugger_hook        0000000180017ae0 f   MSVCRT:MSVCR100.dll
 0001:00016ae6       __clean_type_info_names_internal 0000000180017ae6 f   MSVCRT:MSVCR100.dll
 0001:00016aec       _unlock                    0000000180017aec f   MSVCRT:MSVCR100.dll
 0001:00016af2       __dllonexit                0000000180017af2 f   MSVCRT:MSVCR100.dll
 0001:00016af8       _lock                      0000000180017af8 f   MSVCRT:MSVCR100.dll
 0001:00016afe       EncodePointer              0000000180017afe f   kernel32:KERNEL32.dll
 0001:00016b04       DecodePointer              0000000180017b04 f   kernel32:KERNEL32.dll
 0001:00016b0a       Sleep                      0000000180017b0a f   kernel32:KERNEL32.dll
 0001:00016b10       TerminateProcess           0000000180017b10 f   kernel32:KERNEL32.dll
 0001:00016b16       GetCurrentProcess          0000000180017b16 f   kernel32:KERNEL32.dll
 0001:00016b1c       UnhandledExceptionFilter   0000000180017b1c f   kernel32:KERNEL32.dll
 0001:00016b22       SetUnhandledExceptionFilter 0000000180017b22 f   kernel32:KERNEL32.dll
 0001:00016b28       IsDebuggerPresent          0000000180017b28 f   kernel32:KERNEL32.dll
 0001:00016b2e       RtlVirtualUnwind           0000000180017b2e f   kernel32:KERNEL32.dll
 0001:00016b34       RtlLookupFunctionEntry     0000000180017b34 f   kernel32:KERNEL32.dll
 0001:00016b3a       RtlCaptureContext          0000000180017b3a f   kernel32:KERNEL32.dll
 0001:00016b40       DisableThreadLibraryCalls  0000000180017b40 f   kernel32:KERNEL32.dll
 0001:00016b46       QueryPerformanceCounter    0000000180017b46 f   kernel32:KERNEL32.dll
 0001:00016b4c       GetTickCount               0000000180017b4c f   kernel32:KERNEL32.dll
 0001:00016b52       GetCurrentThreadId         0000000180017b52 f   kernel32:KERNEL32.dll
 0001:00016b58       GetCurrentProcessId        0000000180017b58 f   kernel32:KERNEL32.dll
 0001:00016b5e       GetSystemTimeAsFileTime    0000000180017b5e f   kernel32:KERNEL32.dll
 0002:00000000       __imp_GetSystemTimeAsFileTime 0000000180018000     kernel32:KERNEL32.dll
 0002:00000008       __imp_GetCurrentProcessId  0000000180018008     kernel32:KERNEL32.dll
 0002:00000010       __imp_GetCurrentThreadId   0000000180018010     kernel32:KERNEL32.dll
 0002:00000018       __imp_GetTickCount         0000000180018018     kernel32:KERNEL32.dll
 0002:00000020       __imp_QueryPerformanceCounter 0000000180018020     kernel32:KERNEL32.dll
 0002:00000028       __imp_DisableThreadLibraryCalls 0000000180018028     kernel32:KERNEL32.dll
 0002:00000030       __imp_RtlCaptureContext    0000000180018030     kernel32:KERNEL32.dll
 0002:00000038       __imp_RtlLookupFunctionEntry 0000000180018038     kernel32:KERNEL32.dll
 0002:00000040       __imp_RtlVirtualUnwind     0000000180018040     kernel32:KERNEL32.dll
 0002:00000048       __imp_IsDebuggerPresent    0000000180018048     kernel32:KERNEL32.dll
 0002:00000050       __imp_SetUnhandledExceptionFilter 0000000180018050     kernel32:KERNEL32.dll
 0002:00000058       __imp_UnhandledExceptionFilter 0000000180018058     kernel32:KERNEL32.dll
 0002:00000060       __imp_GetCurrentProcess    0000000180018060     kernel32:KERNEL32.dll
 0002:00000068       __imp_TerminateProcess     0000000180018068     kernel32:KERNEL32.dll
 0002:00000070       __imp_Sleep                0000000180018070     kernel32:KERNEL32.dll
 0002:00000078       __imp_DecodePointer        0000000180018078     kernel32:KERNEL32.dll
 0002:00000080       __imp_EncodePointer        0000000180018080     kernel32:KERNEL32.dll
 0002:00000088       \177KERNEL32_NULL_THUNK_DATA 0000000180018088     kernel32:KERNEL32.dll
 0002:00000090       __imp__onexit              0000000180018090     MSVCRT:MSVCR100.dll
 0002:00000098       __imp__lock                0000000180018098     MSVCRT:MSVCR100.dll
 0002:000000a0       __imp___dllonexit          00000001800180a0     MSVCRT:MSVCR100.dll
 0002:000000a8       __imp__unlock              00000001800180a8     MSVCRT:MSVCR100.dll
 0002:000000b0       __imp___clean_type_info_names_internal 00000001800180b0     MSVCRT:MSVCR100.dll
 0002:000000b8       __imp___crt_debugger_hook  00000001800180b8     MSVCRT:MSVCR100.dll
 0002:000000c0       __imp___CppXcptFilter      00000001800180c0     MSVCRT:MSVCR100.dll
 0002:000000c8       __imp___C_specific_handler 00000001800180c8     MSVCRT:MSVCR100.dll
 0002:000000d0       __imp__amsg_exit           00000001800180d0     MSVCRT:MSVCR100.dll
 0002:000000d8       __imp__encoded_null        00000001800180d8     MSVCRT:MSVCR100.dll
 0002:000000e0       __imp__initterm_e          00000001800180e0     MSVCRT:MSVCR100.dll
 0002:000000e8       __imp__initterm            00000001800180e8     MSVCRT:MSVCR100.dll
 0002:000000f0       __imp__malloc_crt          00000001800180f0     MSVCRT:MSVCR100.dll
 0002:000000f8       __imp_memcpy               00000001800180f8     MSVCRT:MSVCR100.dll
 0002:00000100       __imp_strcat               0000000180018100     MSVCRT:MSVCR100.dll
 0002:00000108       __imp_malloc               0000000180018108     MSVCRT:MSVCR100.dll
 0002:00000110       __imp_sprintf              0000000180018110     MSVCRT:MSVCR100.dll
 0002:00000118       __imp_free                 0000000180018118     MSVCRT:MSVCR100.dll
 0002:00000120       __imp_memset               0000000180018120     MSVCRT:MSVCR100.dll
 0002:00000128       __imp_strlen               0000000180018128     MSVCRT:MSVCR100.dll
 0002:00000130       __imp_strcmp               0000000180018130     MSVCRT:MSVCR100.dll
 0002:00000138       \177MSVCR100_NULL_THUNK_DATA 0000000180018138     MSVCRT:MSVCR100.dll
 0002:00000140       __imp_mexCallMATLAB        0000000180018140     libmex:libmex.dll
 0002:00000148       __imp_mexUnlock            0000000180018148     libmex:libmex.dll
 0002:00000150       __imp_mexLock              0000000180018150     libmex:libmex.dll
 0002:00000158       __imp_mexErrMsgTxt         0000000180018158     libmex:libmex.dll
 0002:00000160       __imp_mexMakeArrayPersistent 0000000180018160     libmex:libmex.dll
 0002:00000168       __imp_mexWarnMsgTxt        0000000180018168     libmex:libmex.dll
 0002:00000170       __imp_mexIsLocked          0000000180018170     libmex:libmex.dll
 0002:00000178       \177libmex_NULL_THUNK_DATA 0000000180018178     libmex:libmex.dll
 0002:00000180       __imp_muDoubleScalarAbs    0000000180018180     libmwmathutil:libmwmathutil.dll
 0002:00000188       \177libmwmathutil_NULL_THUNK_DATA 0000000180018188     libmwmathutil:libmwmathutil.dll
 0002:00000190       __imp_mxCalloc             0000000180018190     libmx:libmx.dll
 0002:00000198       __imp_mxGetM               0000000180018198     libmx:libmx.dll
 0002:000001a0       __imp_mxGetN               00000001800181a0     libmx:libmx.dll
 0002:000001a8       __imp_mxIsComplex          00000001800181a8     libmx:libmx.dll
 0002:000001b0       __imp_mxIsNumeric          00000001800181b0     libmx:libmx.dll
 0002:000001b8       __imp_mxGetClassID         00000001800181b8     libmx:libmx.dll
 0002:000001c0       __imp_mxCreateCellMatrix_730 00000001800181c0     libmx:libmx.dll
 0002:000001c8       __imp_mxCreateStructMatrix_730 00000001800181c8     libmx:libmx.dll
 0002:000001d0       __imp_mxCreateString       00000001800181d0     libmx:libmx.dll
 0002:000001d8       __imp_mxSetField_730       00000001800181d8     libmx:libmx.dll
 0002:000001e0       __imp_mxCreateDoubleScalar 00000001800181e0     libmx:libmx.dll
 0002:000001e8       __imp_mxDuplicateArray     00000001800181e8     libmx:libmx.dll
 0002:000001f0       __imp_mxGetScalar          00000001800181f0     libmx:libmx.dll
 0002:000001f8       __imp_mxGetPr              00000001800181f8     libmx:libmx.dll
 0002:00000200       __imp_mxCreateDoubleMatrix_730 0000000180018200     libmx:libmx.dll
 0002:00000208       __imp_mxGetString_730      0000000180018208     libmx:libmx.dll
 0002:00000210       __imp_mxIsChar             0000000180018210     libmx:libmx.dll
 0002:00000218       __imp_mxDestroyArray       0000000180018218     libmx:libmx.dll
 0002:00000220       \177libmx_NULL_THUNK_DATA  0000000180018220     libmx:libmx.dll
 0002:00000228       __imp_utMalloc             0000000180018228     libut:libut.dll
 0002:00000230       __imp_utFree               0000000180018230     libut:libut.dll
 0002:00000238       \177libut_NULL_THUNK_DATA  0000000180018238     libut:libut.dll
 0002:00000240       __imp_call_sf_machine_global_method_dispatcher 0000000180018240     sf_runtime:sf_runtime.dll
 0002:00000248       __imp_callMdlMethodAndReportError 0000000180018248     sf_runtime:sf_runtime.dll
 0002:00000250       __imp_sf_debug_api         0000000180018250     sf_runtime:sf_runtime.dll
 0002:00000258       __imp_sf_debug_create_debug_instance_struct 0000000180018258     sf_runtime:sf_runtime.dll
 0002:00000260       __imp_sf_debug_terminate   0000000180018260     sf_runtime:sf_runtime.dll
 0002:00000268       __imp_cv_eml_init_if       0000000180018268     sf_runtime:sf_runtime.dll
 0002:00000270       __imp_sf_clear_rtw_identifier 0000000180018270     sf_runtime:sf_runtime.dll
 0002:00000278       __imp_sf_debug_symbol_scope_push 0000000180018278     sf_runtime:sf_runtime.dll
 0002:00000280       __imp_sf_clear_error_manager_info 0000000180018280     sf_runtime:sf_runtime.dll
 0002:00000288       __imp_sf_debug_data_range_wrapper 0000000180018288     sf_runtime:sf_runtime.dll
 0002:00000290       __imp_sf_debug_symbol_scope_push_eml 0000000180018290     sf_runtime:sf_runtime.dll
 0002:00000298       __imp_sf_debug_symbol_scope_add_eml_importable 0000000180018298     sf_runtime:sf_runtime.dll
 0002:000002a0       __imp_sf_debug_symbol_scope_add_eml 00000001800182a0     sf_runtime:sf_runtime.dll
 0002:000002a8       __imp_cv_eml_eval          00000001800182a8     sf_runtime:sf_runtime.dll
 0002:000002b0       __imp_eml_debug_line_call  00000001800182b0     sf_runtime:sf_runtime.dll
 0002:000002b8       __imp_sf_debug_symbol_scope_pop 00000001800182b8     sf_runtime:sf_runtime.dll
 0002:000002c0       __imp_sf_debug_check_for_state_inconsistency 00000001800182c0     sf_runtime:sf_runtime.dll
 0002:000002c8       __imp_sf_get_time          00000001800182c8     sf_runtime:sf_runtime.dll
 0002:000002d0       __imp_sf_mex_error_direct_call 00000001800182d0     sf_runtime:sf_runtime.dll
 0002:000002d8       __imp_sf_debug_call        00000001800182d8     sf_runtime:sf_runtime.dll
 0002:000002e0       __imp_sf_debug_initialize_chart 00000001800182e0     sf_runtime:sf_runtime.dll
 0002:000002e8       __imp_sf_debug_set_chart_disable_implicit_casting 00000001800182e8     sf_runtime:sf_runtime.dll
 0002:000002f0       __imp_sf_debug_set_chart_event_thresholds 00000001800182f0     sf_runtime:sf_runtime.dll
 0002:000002f8       __imp_sf_debug_set_chart_data_props 00000001800182f8     sf_runtime:sf_runtime.dll
 0002:00000300       __imp_sf_debug_set_chart_state_info 0000000180018300     sf_runtime:sf_runtime.dll
 0002:00000308       __imp_sf_debug_set_chart_substate_count 0000000180018308     sf_runtime:sf_runtime.dll
 0002:00000310       __imp_sf_debug_set_chart_decomposition 0000000180018310     sf_runtime:sf_runtime.dll
 0002:00000318       __imp_sf_debug_cv_init_chart 0000000180018318     sf_runtime:sf_runtime.dll
 0002:00000320       __imp_sf_debug_cv_init_state 0000000180018320     sf_runtime:sf_runtime.dll
 0002:00000328       __imp_sf_debug_cv_init_trans 0000000180018328     sf_runtime:sf_runtime.dll
 0002:00000330       __imp_cv_eml_init_script   0000000180018330     sf_runtime:sf_runtime.dll
 0002:00000338       __imp_cv_eml_init_fcn      0000000180018338     sf_runtime:sf_runtime.dll
 0002:00000340       __imp_sf_debug_set_chart_data_compiled_props 0000000180018340     sf_runtime:sf_runtime.dll
 0002:00000348       __imp_sf_debug_set_instance_data_value_ptr 0000000180018348     sf_runtime:sf_runtime.dll
 0002:00000350       __imp_sf_debug_reset_current_state_configuration 0000000180018350     sf_runtime:sf_runtime.dll
 0002:00000358       __imp_sim_mode_is_rtw_gen  0000000180018358     sf_runtime:sf_runtime.dll
 0002:00000360       __imp_sim_mode_is_external 0000000180018360     sf_runtime:sf_runtime.dll
 0002:00000368       __imp_sf_is_chart_inlinable 0000000180018368     sf_runtime:sf_runtime.dll
 0002:00000370       __imp_sf_rtw_info_uint_prop 0000000180018370     sf_runtime:sf_runtime.dll
 0002:00000378       __imp_sf_update_buildInfo  0000000180018378     sf_runtime:sf_runtime.dll
 0002:00000380       __imp_sf_mark_chart_expressionable_inputs 0000000180018380     sf_runtime:sf_runtime.dll
 0002:00000388       __imp_sf_mark_chart_reusable_outputs 0000000180018388     sf_runtime:sf_runtime.dll
 0002:00000390       __imp_sf_set_rtw_dwork_info 0000000180018390     sf_runtime:sf_runtime.dll
 0002:00000398       __imp_sf_mex_import        0000000180018398     sf_runtime:sf_runtime.dll
 0002:000003a0       __imp_sf_mex_dup           00000001800183a0     sf_runtime:sf_runtime.dll
 0002:000003a8       __imp_sf_mex_getcell       00000001800183a8     sf_runtime:sf_runtime.dll
 0002:000003b0       __imp_sf_mex_decode_encoded_mx_struct_array 00000001800183b0     sf_runtime:sf_runtime.dll
 0002:000003b8       __imp_sf_mex_setcell       00000001800183b8     sf_runtime:sf_runtime.dll
 0002:000003c0       __imp_sf_mex_call_matlab   00000001800183c0     sf_runtime:sf_runtime.dll
 0002:000003c8       __imp_sf_mex_error_message 00000001800183c8     sf_runtime:sf_runtime.dll
 0002:000003d0       __imp_sf_mex_create        00000001800183d0     sf_runtime:sf_runtime.dll
 0002:000003d8       __imp_sf_mex_addfield      00000001800183d8     sf_runtime:sf_runtime.dll
 0002:000003e0       __imp_sf_mex_createcellmatrix 00000001800183e0     sf_runtime:sf_runtime.dll
 0002:000003e8       __imp_sf_mex_duplicatearraysafe 00000001800183e8     sf_runtime:sf_runtime.dll
 0002:000003f0       __imp_sf_mex_destroy       00000001800183f0     sf_runtime:sf_runtime.dll
 0002:000003f8       __imp_sf_mex_createstruct  00000001800183f8     sf_runtime:sf_runtime.dll
 0002:00000400       __imp_sf_mex_assign        0000000180018400     sf_runtime:sf_runtime.dll
 0002:00000408       __imp_sf_mex_emlrtNameCapturePostProcessR2012a 0000000180018408     sf_runtime:sf_runtime.dll
 0002:00000410       __imp_sf_load_rtw_optimization_info 0000000180018410     sf_runtime:sf_runtime.dll
 0002:00000418       __imp_sf_debug_initialize_machine 0000000180018418     sf_runtime:sf_runtime.dll
 0002:00000420       __imp_sf_debug_set_machine_event_thresholds 0000000180018420     sf_runtime:sf_runtime.dll
 0002:00000428       __imp_sf_debug_set_machine_data_thresholds 0000000180018428     sf_runtime:sf_runtime.dll
 0002:00000430       \177sf_runtime_NULL_THUNK_DATA 0000000180018430     sf_runtime:sf_runtime.dll
 0002:00000438       __xc_a                     0000000180018438     MSVCRT:cinitexe.obj
 0002:00000440       __xc_z                     0000000180018440     MSVCRT:cinitexe.obj
 0002:00000448       __xi_a                     0000000180018448     MSVCRT:cinitexe.obj
 0002:00000458       __xi_z                     0000000180018458     MSVCRT:cinitexe.obj
 0002:00000460       __real@41ea731ae1200000    0000000180018460     Ensayos_Friccion_sfun.obj
 0002:00000468       __real@41e586d4c9c00000    0000000180018468     Ensayos_Friccion_sfun.obj
 0002:00000470       __real@41ed3538e6600000    0000000180018470     Ensayos_Friccion_sfun.obj
 0002:00000478       __real@41e4d0d124c00000    0000000180018478     Ensayos_Friccion_sfun.obj
 0002:00000480       __real@41c900e78a000000    0000000180018480     Ensayos_Friccion_sfun.obj
 0002:00000488       __real@41eda5398c800000    0000000180018488     Ensayos_Friccion_sfun.obj
 0002:00000490       __real@41edcf5b43c00000    0000000180018490     Ensayos_Friccion_sfun.obj
 0002:00000498       __real@41e695dff8600000    0000000180018498     Ensayos_Friccion_sfun.obj
 0002:000004a0       __real@41e2e597c1a00000    00000001800184a0     Ensayos_Friccion_sfun.obj
 0002:000004a8       __real@4182525d80000000    00000001800184a8     Ensayos_Friccion_sfun.obj
 0002:000004b0       __real@41ef7f7271000000    00000001800184b0     Ensayos_Friccion_sfun.obj
 0002:000004b8       __real@41ec9da21c400000    00000001800184b8     Ensayos_Friccion_sfun.obj
 0002:000004c0       __real@41e9fcc600200000    00000001800184c0     Ensayos_Friccion_sfun.obj
 0002:000004c8       __real@41eb5e5b12200000    00000001800184c8     Ensayos_Friccion_sfun.obj
 0002:000004d0       __real@41ecc255d4a00000    00000001800184d0     Ensayos_Friccion_sfun.obj
 0002:000004d8       __real@41ded8e3af800000    00000001800184d8     Ensayos_Friccion_sfun.obj
 0002:000004e0       __real@41bacc7cb7000000    00000001800184e0     c1_Ensayos_Friccion.obj
 0002:000004e8       __real@41e1f0c236200000    00000001800184e8     c1_Ensayos_Friccion.obj
 0002:000004f0       __real@41d7778d2bc00000    00000001800184f0     c1_Ensayos_Friccion.obj
 0002:000004f8       __real@41dfef5e0f400000    00000001800184f8     c1_Ensayos_Friccion.obj
 0002:00000500       __real@4024000000000000    0000000180018500     c1_Ensayos_Friccion.obj
 0002:00000508       __real@3ff0000000000000    0000000180018508     c1_Ensayos_Friccion.obj
 0002:00000510       __real@400921fb54442d18    0000000180018510     c1_Ensayos_Friccion.obj
 0002:00000518       __real@4066800000000000    0000000180018518     c1_Ensayos_Friccion.obj
 0002:00000520       __real@3fb6800000000000    0000000180018520     c1_Ensayos_Friccion.obj
 0002:00000528       __real@41ebcd25a0800000    0000000180018528     c2_Ensayos_Friccion.obj
 0002:00000530       __real@41e026a492600000    0000000180018530     c2_Ensayos_Friccion.obj
 0002:00000538       __real@41ed9c456cc00000    0000000180018538     c2_Ensayos_Friccion.obj
 0002:00000540       __real@41aa3489a8000000    0000000180018540     c2_Ensayos_Friccion.obj
 0002:00000548       __real@40a0000000000000    0000000180018548     c2_Ensayos_Friccion.obj
 0002:00000550       __real@3f91df4722d4405f    0000000180018550     c2_Ensayos_Friccion.obj
 0002:00000558       __real@41e50f9f6ac00000    0000000180018558     c3_Ensayos_Friccion.obj
 0002:00000560       __real@41d86037c0800000    0000000180018560     c3_Ensayos_Friccion.obj
 0002:00000568       __real@41e1a81ee0c00000    0000000180018568     c3_Ensayos_Friccion.obj
 0002:00000570       __real@41d8478f71800000    0000000180018570     c3_Ensayos_Friccion.obj
 0002:00000578       __real@3fecf3f26d5cdffa    0000000180018578     c3_Ensayos_Friccion.obj
 0002:00000580       __real@404e000000000000    0000000180018580     c3_Ensayos_Friccion.obj
 0002:00000588       __real@41d455ede3c00000    0000000180018588     c4_Ensayos_Friccion.obj
 0002:00000590       __real@41b1f581d1000000    0000000180018590     c4_Ensayos_Friccion.obj
 0002:00000598       __real@41e30678f6e00000    0000000180018598     c4_Ensayos_Friccion.obj
 0002:000005a0       __real@41a6a9a540000000    00000001800185a0     c4_Ensayos_Friccion.obj
 0002:000005a8       __real@4000000000000000    00000001800185a8     c4_Ensayos_Friccion.obj
 0002:000005b0       __real@3fdcf3f26d5cdffa    00000001800185b0     c4_Ensayos_Friccion.obj
 0002:000005c0       DYNAMIC_DIMENSION_DEF      00000001800185c0     Ensayos_Friccion_sfun_registry.obj
 0002:000005e0       _ssBadLevel2InputAccessMsg 00000001800185e0     Ensayos_Friccion_sfun_registry.obj
 0002:00000770       _ssBadLevel2DirectFeedMsg  0000000180018770     Ensayos_Friccion_sfun_registry.obj
 0002:000008b0       _ssBadLevel2DirectFeedSolutionMsg 00000001800188b0     Ensayos_Friccion_sfun_registry.obj
 0002:00000920       _ssBadLevel2ZeroDirectFeedMsg 0000000180018920     Ensayos_Friccion_sfun_registry.obj
 0002:00000a60       _ssBadLevel2ZeroDirectFeedMsg2 0000000180018a60     Ensayos_Friccion_sfun_registry.obj
 0002:00000b48       __real@0000000000000000    0000000180018b48     Ensayos_Friccion_sfun_registry.obj
 0002:00000b50       __real@bff0000000000000    0000000180018b50     Ensayos_Friccion_sfun_registry.obj
 0002:00000b58       __real@41602cbca0000000    0000000180018b58     Ensayos_Friccion_sfun_registry.obj
 0002:00000b60       _pDefaultRawDllMain        0000000180018b60     MSVCRT:crtdll.obj
 0002:00000b60       _pRawDllMain               0000000180018b60     MSVCRT:crtdll.obj
 0002:00000b78       ?ProcessDetach@NativeDll@<CrtImplementationDetails>@@0IB 0000000180018b78     MSVCRT:tncleanup.obj
 0002:00000b7c       ?ProcessAttach@NativeDll@<CrtImplementationDetails>@@0IB 0000000180018b7c     MSVCRT:tncleanup.obj
 0002:00000b80       ?ThreadAttach@NativeDll@<CrtImplementationDetails>@@0IB 0000000180018b80     MSVCRT:tncleanup.obj
 0002:00000b84       ?ThreadDetach@NativeDll@<CrtImplementationDetails>@@0IB 0000000180018b84     MSVCRT:tncleanup.obj
 0002:00000b88       ?ProcessVerifier@NativeDll@<CrtImplementationDetails>@@0IB 0000000180018b88     MSVCRT:tncleanup.obj
 0002:00000b90       __rtc_iaa                  0000000180018b90     MSVCRT:_initsect_.obj
 0002:00000b98       __rtc_izz                  0000000180018b98     MSVCRT:_initsect_.obj
 0002:00000ba0       __rtc_taa                  0000000180018ba0     MSVCRT:_initsect_.obj
 0002:00000ba8       __rtc_tzz                  0000000180018ba8     MSVCRT:_initsect_.obj
 0002:00001568       __IMPORT_DESCRIPTOR_sf_runtime 0000000180019568     sf_runtime:sf_runtime.dll
 0002:0000157c       __IMPORT_DESCRIPTOR_libmx  000000018001957c     libmx:libmx.dll
 0002:00001590       __IMPORT_DESCRIPTOR_libmex 0000000180019590     libmex:libmex.dll
 0002:000015a4       __IMPORT_DESCRIPTOR_libut  00000001800195a4     libut:libut.dll
 0002:000015b8       __IMPORT_DESCRIPTOR_libmwmathutil 00000001800195b8     libmwmathutil:libmwmathutil.dll
 0002:000015cc       __IMPORT_DESCRIPTOR_MSVCR100 00000001800195cc     MSVCRT:MSVCR100.dll
 0002:000015e0       __IMPORT_DESCRIPTOR_KERNEL32 00000001800195e0     kernel32:KERNEL32.dll
 0002:000015f4       __NULL_IMPORT_DESCRIPTOR   00000001800195f4     sf_runtime:sf_runtime.dll
 0003:00004628       DYNAMIC_DIMENSION          000000018001f628     Ensayos_Friccion_sfun_registry.obj
 0003:00005228       __security_cookie          0000000180020228     MSVCRT:gs_cookie.obj
 0003:00005230       __security_cookie_complement 0000000180020230     MSVCRT:gs_cookie.obj
 0003:00005238       _fltused                   0000000180020238     MSVCRT:dllsupp.obj
 0003:00005240       __native_dllmain_reason    0000000180020240     MSVCRT:natstart.obj
 0003:00005244       __native_vcclrit_reason    0000000180020244     MSVCRT:natstart.obj
 0003:00005368       sfGlobalDebugInstanceStruct 0000000180020368     Ensayos_Friccion_sfun_registry.obj
 0003:000058f0       ?__type_info_root_node@@3U__type_info_node@@A 00000001800208f0     MSVCRT:tncleanup.obj
 0003:00005900       _Ensayos_FriccionMachineNumber_ 0000000180020900     <common>
 0003:00005904       __native_startup_state     0000000180020904     <common>
 0003:00005908       __native_startup_lock      0000000180020908     <common>
 0003:00005910       __onexitend                0000000180020910     <common>
 0003:00005918       __onexitbegin              0000000180020918     <common>
 0003:00005920       __dyn_tls_init_callback    0000000180020920     <common>

 entry point at        0001:00016640

 Static symbols

 0001:00000ed0       c1_info_helper             0000000180001ed0 f   c1_Ensayos_Friccion.obj
 0001:00001fa0       c1_emlrt_marshallOut       0000000180002fa0 f   c1_Ensayos_Friccion.obj
 0001:00002030       c1_b_emlrt_marshallOut     0000000180003030 f   c1_Ensayos_Friccion.obj
 0001:000026a0       get_sim_state_c1_Ensayos_Friccion 00000001800036a0 f   c1_Ensayos_Friccion.obj
 0001:00002840       sf_get_sim_state_info_c1_Ensayos_Friccion 0000000180003840 f   c1_Ensayos_Friccion.obj
 0001:00002a10       set_sim_state_c1_Ensayos_Friccion 0000000180003a10 f   c1_Ensayos_Friccion.obj
 0001:00002af0       c1_update_debugger_state_c1_Ensayos_Friccion 0000000180003af0 f   c1_Ensayos_Friccion.obj
 0001:00002b00       c1_emlrt_marshallIn        0000000180003b00 f   c1_Ensayos_Friccion.obj
 0001:00002b70       c1_b_emlrt_marshallIn      0000000180003b70 f   c1_Ensayos_Friccion.obj
 0001:00002c00       c1_d_emlrt_marshallIn      0000000180003c00 f   c1_Ensayos_Friccion.obj
 0001:00002c60       c1_e_emlrt_marshallIn      0000000180003c60 f   c1_Ensayos_Friccion.obj
 0001:00002d60       mdlProcessParameters_c1_Ensayos_Friccion 0000000180003d60 f   c1_Ensayos_Friccion.obj
 0001:00002e40       initialize_params_c1_Ensayos_Friccion 0000000180003e40 f   c1_Ensayos_Friccion.obj
 0001:00002e50       mdlSetWorkWidths_c1_Ensayos_Friccion 0000000180003e50 f   c1_Ensayos_Friccion.obj
 0001:00003320       sf_get_instance_specialization 0000000180004320 f   c1_Ensayos_Friccion.obj
 0001:00003330       mdlStart_c1_Ensayos_Friccion 0000000180004330 f   c1_Ensayos_Friccion.obj
 0001:00003560       init_dsm_address_info      0000000180004560 f   c1_Ensayos_Friccion.obj
 0001:00003570       chart_debug_initialization 0000000180004570 f   c1_Ensayos_Friccion.obj
 0001:00003cb0       init_script_number_translation 0000000180004cb0 f   c1_Ensayos_Friccion.obj
 0001:00003cd0       c1_sf_marshallOut          0000000180004cd0 f   c1_Ensayos_Friccion.obj
 0001:00003d80       c1_sf_marshallIn           0000000180004d80 f   c1_Ensayos_Friccion.obj
 0001:00003e20       sf_opaque_initialize_c1_Ensayos_Friccion 0000000180004e20 f   c1_Ensayos_Friccion.obj
 0001:00003e60       initialize_c1_Ensayos_Friccion 0000000180004e60 f   c1_Ensayos_Friccion.obj
 0001:00003eb0       sf_opaque_enable_c1_Ensayos_Friccion 0000000180004eb0 f   c1_Ensayos_Friccion.obj
 0001:00003ed0       enable_c1_Ensayos_Friccion 0000000180004ed0 f   c1_Ensayos_Friccion.obj
 0001:00003f00       sf_opaque_disable_c1_Ensayos_Friccion 0000000180004f00 f   c1_Ensayos_Friccion.obj
 0001:00003f20       disable_c1_Ensayos_Friccion 0000000180004f20 f   c1_Ensayos_Friccion.obj
 0001:00003f50       sf_opaque_gateway_c1_Ensayos_Friccion 0000000180004f50 f   c1_Ensayos_Friccion.obj
 0001:00003f70       sf_gateway_c1_Ensayos_Friccion 0000000180004f70 f   c1_Ensayos_Friccion.obj
 0001:00004570       sf_opaque_get_sim_state_c1_Ensayos_Friccion 0000000180005570 f   c1_Ensayos_Friccion.obj
 0001:00004590       sf_opaque_set_sim_state_c1_Ensayos_Friccion 0000000180005590 f   c1_Ensayos_Friccion.obj
 0001:000045c0       sf_opaque_terminate_c1_Ensayos_Friccion 00000001800055c0 f   c1_Ensayos_Friccion.obj
 0001:00004660       finalize_c1_Ensayos_Friccion 0000000180005660 f   c1_Ensayos_Friccion.obj
 0001:00004670       sf_opaque_init_subchart_simstructs 0000000180005670 f   c1_Ensayos_Friccion.obj
 0001:00004690       initSimStructsc1_Ensayos_Friccion 0000000180005690 f   c1_Ensayos_Friccion.obj
 0001:000046a0       mdlRTW_c1_Ensayos_Friccion 00000001800056a0 f   c1_Ensayos_Friccion.obj
 0001:00004750       c2_info_helper             0000000180005750 f   c2_Ensayos_Friccion.obj
 0001:00005f80       c2_emlrt_marshallOut       0000000180006f80 f   c2_Ensayos_Friccion.obj
 0001:00006010       c2_b_emlrt_marshallOut     0000000180007010 f   c2_Ensayos_Friccion.obj
 0001:00006680       get_sim_state_c2_Ensayos_Friccion 0000000180007680 f   c2_Ensayos_Friccion.obj
 0001:00006820       sf_get_sim_state_info_c2_Ensayos_Friccion 0000000180007820 f   c2_Ensayos_Friccion.obj
 0001:000069f0       set_sim_state_c2_Ensayos_Friccion 00000001800079f0 f   c2_Ensayos_Friccion.obj
 0001:00006ad0       c2_update_debugger_state_c2_Ensayos_Friccion 0000000180007ad0 f   c2_Ensayos_Friccion.obj
 0001:00006ae0       c2_emlrt_marshallIn        0000000180007ae0 f   c2_Ensayos_Friccion.obj
 0001:00006b50       c2_b_emlrt_marshallIn      0000000180007b50 f   c2_Ensayos_Friccion.obj
 0001:00006be0       c2_d_emlrt_marshallIn      0000000180007be0 f   c2_Ensayos_Friccion.obj
 0001:00006c40       c2_e_emlrt_marshallIn      0000000180007c40 f   c2_Ensayos_Friccion.obj
 0001:00006d40       mdlProcessParameters_c2_Ensayos_Friccion 0000000180007d40 f   c2_Ensayos_Friccion.obj
 0001:00006e20       initialize_params_c2_Ensayos_Friccion 0000000180007e20 f   c2_Ensayos_Friccion.obj
 0001:00006e30       mdlSetWorkWidths_c2_Ensayos_Friccion 0000000180007e30 f   c2_Ensayos_Friccion.obj
 0001:00007300       sf_get_instance_specialization 0000000180008300 f   c2_Ensayos_Friccion.obj
 0001:00007310       mdlStart_c2_Ensayos_Friccion 0000000180008310 f   c2_Ensayos_Friccion.obj
 0001:00007540       init_dsm_address_info      0000000180008540 f   c2_Ensayos_Friccion.obj
 0001:00007550       chart_debug_initialization 0000000180008550 f   c2_Ensayos_Friccion.obj
 0001:00007d00       init_script_number_translation 0000000180008d00 f   c2_Ensayos_Friccion.obj
 0001:00007d20       c2_sf_marshallOut          0000000180008d20 f   c2_Ensayos_Friccion.obj
 0001:00007dd0       c2_sf_marshallIn           0000000180008dd0 f   c2_Ensayos_Friccion.obj
 0001:00007e70       sf_opaque_initialize_c2_Ensayos_Friccion 0000000180008e70 f   c2_Ensayos_Friccion.obj
 0001:00007eb0       initialize_c2_Ensayos_Friccion 0000000180008eb0 f   c2_Ensayos_Friccion.obj
 0001:00007f00       sf_opaque_enable_c2_Ensayos_Friccion 0000000180008f00 f   c2_Ensayos_Friccion.obj
 0001:00007f20       enable_c2_Ensayos_Friccion 0000000180008f20 f   c2_Ensayos_Friccion.obj
 0001:00007f50       sf_opaque_disable_c2_Ensayos_Friccion 0000000180008f50 f   c2_Ensayos_Friccion.obj
 0001:00007f70       disable_c2_Ensayos_Friccion 0000000180008f70 f   c2_Ensayos_Friccion.obj
 0001:00007fa0       sf_opaque_gateway_c2_Ensayos_Friccion 0000000180008fa0 f   c2_Ensayos_Friccion.obj
 0001:00007fc0       sf_gateway_c2_Ensayos_Friccion 0000000180008fc0 f   c2_Ensayos_Friccion.obj
 0001:000087f0       sf_opaque_get_sim_state_c2_Ensayos_Friccion 00000001800097f0 f   c2_Ensayos_Friccion.obj
 0001:00008810       sf_opaque_set_sim_state_c2_Ensayos_Friccion 0000000180009810 f   c2_Ensayos_Friccion.obj
 0001:00008840       sf_opaque_terminate_c2_Ensayos_Friccion 0000000180009840 f   c2_Ensayos_Friccion.obj
 0001:000088e0       finalize_c2_Ensayos_Friccion 00000001800098e0 f   c2_Ensayos_Friccion.obj
 0001:000088f0       sf_opaque_init_subchart_simstructs 00000001800098f0 f   c2_Ensayos_Friccion.obj
 0001:00008910       initSimStructsc2_Ensayos_Friccion 0000000180009910 f   c2_Ensayos_Friccion.obj
 0001:00008920       mdlRTW_c2_Ensayos_Friccion 0000000180009920 f   c2_Ensayos_Friccion.obj
 0001:000089d0       c3_info_helper             00000001800099d0 f   c3_Ensayos_Friccion.obj
 0001:00009aa0       c3_emlrt_marshallOut       000000018000aaa0 f   c3_Ensayos_Friccion.obj
 0001:00009b30       c3_b_emlrt_marshallOut     000000018000ab30 f   c3_Ensayos_Friccion.obj
 0001:0000a1a0       get_sim_state_c3_Ensayos_Friccion 000000018000b1a0 f   c3_Ensayos_Friccion.obj
 0001:0000a350       sf_get_sim_state_info_c3_Ensayos_Friccion 000000018000b350 f   c3_Ensayos_Friccion.obj
 0001:0000a520       set_sim_state_c3_Ensayos_Friccion 000000018000b520 f   c3_Ensayos_Friccion.obj
 0001:0000a600       c3_update_debugger_state_c3_Ensayos_Friccion 000000018000b600 f   c3_Ensayos_Friccion.obj
 0001:0000a610       c3_emlrt_marshallIn        000000018000b610 f   c3_Ensayos_Friccion.obj
 0001:0000a680       c3_b_emlrt_marshallIn      000000018000b680 f   c3_Ensayos_Friccion.obj
 0001:0000a710       c3_d_emlrt_marshallIn      000000018000b710 f   c3_Ensayos_Friccion.obj
 0001:0000a770       c3_e_emlrt_marshallIn      000000018000b770 f   c3_Ensayos_Friccion.obj
 0001:0000a870       mdlProcessParameters_c3_Ensayos_Friccion 000000018000b870 f   c3_Ensayos_Friccion.obj
 0001:0000a950       initialize_params_c3_Ensayos_Friccion 000000018000b950 f   c3_Ensayos_Friccion.obj
 0001:0000a960       mdlSetWorkWidths_c3_Ensayos_Friccion 000000018000b960 f   c3_Ensayos_Friccion.obj
 0001:0000ae30       sf_get_instance_specialization 000000018000be30 f   c3_Ensayos_Friccion.obj
 0001:0000ae40       mdlStart_c3_Ensayos_Friccion 000000018000be40 f   c3_Ensayos_Friccion.obj
 0001:0000b070       init_dsm_address_info      000000018000c070 f   c3_Ensayos_Friccion.obj
 0001:0000b080       chart_debug_initialization 000000018000c080 f   c3_Ensayos_Friccion.obj
 0001:0000b7c0       init_script_number_translation 000000018000c7c0 f   c3_Ensayos_Friccion.obj
 0001:0000b7e0       c3_sf_marshallOut          000000018000c7e0 f   c3_Ensayos_Friccion.obj
 0001:0000b890       c3_sf_marshallIn           000000018000c890 f   c3_Ensayos_Friccion.obj
 0001:0000b930       sf_opaque_initialize_c3_Ensayos_Friccion 000000018000c930 f   c3_Ensayos_Friccion.obj
 0001:0000b970       initialize_c3_Ensayos_Friccion 000000018000c970 f   c3_Ensayos_Friccion.obj
 0001:0000b9c0       sf_opaque_enable_c3_Ensayos_Friccion 000000018000c9c0 f   c3_Ensayos_Friccion.obj
 0001:0000b9e0       enable_c3_Ensayos_Friccion 000000018000c9e0 f   c3_Ensayos_Friccion.obj
 0001:0000ba10       sf_opaque_disable_c3_Ensayos_Friccion 000000018000ca10 f   c3_Ensayos_Friccion.obj
 0001:0000ba30       disable_c3_Ensayos_Friccion 000000018000ca30 f   c3_Ensayos_Friccion.obj
 0001:0000ba60       sf_opaque_gateway_c3_Ensayos_Friccion 000000018000ca60 f   c3_Ensayos_Friccion.obj
 0001:0000ba80       sf_gateway_c3_Ensayos_Friccion 000000018000ca80 f   c3_Ensayos_Friccion.obj
 0001:0000c060       sf_opaque_get_sim_state_c3_Ensayos_Friccion 000000018000d060 f   c3_Ensayos_Friccion.obj
 0001:0000c080       sf_opaque_set_sim_state_c3_Ensayos_Friccion 000000018000d080 f   c3_Ensayos_Friccion.obj
 0001:0000c0b0       sf_opaque_terminate_c3_Ensayos_Friccion 000000018000d0b0 f   c3_Ensayos_Friccion.obj
 0001:0000c150       finalize_c3_Ensayos_Friccion 000000018000d150 f   c3_Ensayos_Friccion.obj
 0001:0000c160       sf_opaque_init_subchart_simstructs 000000018000d160 f   c3_Ensayos_Friccion.obj
 0001:0000c180       initSimStructsc3_Ensayos_Friccion 000000018000d180 f   c3_Ensayos_Friccion.obj
 0001:0000c190       mdlRTW_c3_Ensayos_Friccion 000000018000d190 f   c3_Ensayos_Friccion.obj
 0001:0000c240       c4_info_helper             000000018000d240 f   c4_Ensayos_Friccion.obj
 0001:0000d310       c4_emlrt_marshallOut       000000018000e310 f   c4_Ensayos_Friccion.obj
 0001:0000d3a0       c4_b_emlrt_marshallOut     000000018000e3a0 f   c4_Ensayos_Friccion.obj
 0001:0000da10       get_sim_state_c4_Ensayos_Friccion 000000018000ea10 f   c4_Ensayos_Friccion.obj
 0001:0000dbc0       sf_get_sim_state_info_c4_Ensayos_Friccion 000000018000ebc0 f   c4_Ensayos_Friccion.obj
 0001:0000dd90       set_sim_state_c4_Ensayos_Friccion 000000018000ed90 f   c4_Ensayos_Friccion.obj
 0001:0000de70       c4_update_debugger_state_c4_Ensayos_Friccion 000000018000ee70 f   c4_Ensayos_Friccion.obj
 0001:0000de80       c4_emlrt_marshallIn        000000018000ee80 f   c4_Ensayos_Friccion.obj
 0001:0000def0       c4_b_emlrt_marshallIn      000000018000eef0 f   c4_Ensayos_Friccion.obj
 0001:0000df80       c4_d_emlrt_marshallIn      000000018000ef80 f   c4_Ensayos_Friccion.obj
 0001:0000dfe0       c4_e_emlrt_marshallIn      000000018000efe0 f   c4_Ensayos_Friccion.obj
 0001:0000e0e0       mdlProcessParameters_c4_Ensayos_Friccion 000000018000f0e0 f   c4_Ensayos_Friccion.obj
 0001:0000e1c0       initialize_params_c4_Ensayos_Friccion 000000018000f1c0 f   c4_Ensayos_Friccion.obj
 0001:0000e1d0       mdlSetWorkWidths_c4_Ensayos_Friccion 000000018000f1d0 f   c4_Ensayos_Friccion.obj
 0001:0000e6a0       sf_get_instance_specialization 000000018000f6a0 f   c4_Ensayos_Friccion.obj
 0001:0000e6b0       mdlStart_c4_Ensayos_Friccion 000000018000f6b0 f   c4_Ensayos_Friccion.obj
 0001:0000e8e0       init_dsm_address_info      000000018000f8e0 f   c4_Ensayos_Friccion.obj
 0001:0000e8f0       chart_debug_initialization 000000018000f8f0 f   c4_Ensayos_Friccion.obj
 0001:0000f030       init_script_number_translation 0000000180010030 f   c4_Ensayos_Friccion.obj
 0001:0000f050       c4_sf_marshallOut          0000000180010050 f   c4_Ensayos_Friccion.obj
 0001:0000f100       c4_sf_marshallIn           0000000180010100 f   c4_Ensayos_Friccion.obj
 0001:0000f1a0       sf_opaque_initialize_c4_Ensayos_Friccion 00000001800101a0 f   c4_Ensayos_Friccion.obj
 0001:0000f1e0       initialize_c4_Ensayos_Friccion 00000001800101e0 f   c4_Ensayos_Friccion.obj
 0001:0000f230       sf_opaque_enable_c4_Ensayos_Friccion 0000000180010230 f   c4_Ensayos_Friccion.obj
 0001:0000f250       enable_c4_Ensayos_Friccion 0000000180010250 f   c4_Ensayos_Friccion.obj
 0001:0000f280       sf_opaque_disable_c4_Ensayos_Friccion 0000000180010280 f   c4_Ensayos_Friccion.obj
 0001:0000f2a0       disable_c4_Ensayos_Friccion 00000001800102a0 f   c4_Ensayos_Friccion.obj
 0001:0000f2d0       sf_opaque_gateway_c4_Ensayos_Friccion 00000001800102d0 f   c4_Ensayos_Friccion.obj
 0001:0000f2f0       sf_gateway_c4_Ensayos_Friccion 00000001800102f0 f   c4_Ensayos_Friccion.obj
 0001:0000f8e0       sf_opaque_get_sim_state_c4_Ensayos_Friccion 00000001800108e0 f   c4_Ensayos_Friccion.obj
 0001:0000f900       sf_opaque_set_sim_state_c4_Ensayos_Friccion 0000000180010900 f   c4_Ensayos_Friccion.obj
 0001:0000f930       sf_opaque_terminate_c4_Ensayos_Friccion 0000000180010930 f   c4_Ensayos_Friccion.obj
 0001:0000f9d0       finalize_c4_Ensayos_Friccion 00000001800109d0 f   c4_Ensayos_Friccion.obj
 0001:0000f9e0       sf_opaque_init_subchart_simstructs 00000001800109e0 f   c4_Ensayos_Friccion.obj
 0001:0000fa00       initSimStructsc4_Ensayos_Friccion 0000000180010a00 f   c4_Ensayos_Friccion.obj
 0001:0000fa10       mdlRTW_c4_Ensayos_Friccion 0000000180010a10 f   c4_Ensayos_Friccion.obj
 0001:00010380       getChartInfoFromSimStruct  0000000180011380 f   Ensayos_Friccion_sfun_registry.obj
 0001:00011a20       _ssFatalError              0000000180012a20 f   Ensayos_Friccion_sfun_registry.obj
 0001:00014ad0       ProcessMexSfunctionCmdLineCall 0000000180015ad0 f   Ensayos_Friccion_sfun_registry.obj
 0001:00014c00       sf_debug_api_wrapper       0000000180015c00 f   Ensayos_Friccion_sfun_registry.obj
 0001:00014c50       mdlStart                   0000000180015c50 f   Ensayos_Friccion_sfun_registry.obj
 0001:00014c80       mdl_start_processing       0000000180015c80 f   Ensayos_Friccion_sfun_registry.obj
 0001:00014d10       mdlTerminate               0000000180015d10 f   Ensayos_Friccion_sfun_registry.obj
 0001:00014d40       mdl_terminate_processing   0000000180015d40 f   Ensayos_Friccion_sfun_registry.obj
 0001:00014dc0       mdlInitializeSampleTimes   0000000180015dc0 f   Ensayos_Friccion_sfun_registry.obj
 0001:00014df0       mdlZeroCrossings           0000000180015df0 f   Ensayos_Friccion_sfun_registry.obj
 0001:00014e20       mdl_zeroCrossings_processing 0000000180015e20 f   Ensayos_Friccion_sfun_registry.obj
 0001:00014e60       mdlDerivatives             0000000180015e60 f   Ensayos_Friccion_sfun_registry.obj
 0001:00014e90       mdl_derivatives_processing 0000000180015e90 f   Ensayos_Friccion_sfun_registry.obj
 0001:00014ee0       mdlInitializeConditions    0000000180015ee0 f   Ensayos_Friccion_sfun_registry.obj
 0001:00014f10       mdl_initialize_conditions_processing 0000000180015f10 f   Ensayos_Friccion_sfun_registry.obj
 0001:00014f60       mdlEnable                  0000000180015f60 f   Ensayos_Friccion_sfun_registry.obj
 0001:00014f90       mdl_enable_processing      0000000180015f90 f   Ensayos_Friccion_sfun_registry.obj
 0001:00014fd0       mdlDisable                 0000000180015fd0 f   Ensayos_Friccion_sfun_registry.obj
 0001:00015000       mdl_disable_processing     0000000180016000 f   Ensayos_Friccion_sfun_registry.obj
 0001:00015040       mdlOutputs                 0000000180016040 f   Ensayos_Friccion_sfun_registry.obj
 0001:00015070       mdl_outputs_processing     0000000180016070 f   Ensayos_Friccion_sfun_registry.obj
 0001:00015150       mdl_outputs_continuous_legacy 0000000180016150 f   Ensayos_Friccion_sfun_registry.obj
 0001:00015240       mdlGetTimeOfNextVarHit     0000000180016240 f   Ensayos_Friccion_sfun_registry.obj
 0001:00015290       _ProcessMexSfunctionCmdLineCall 0000000180016290 f   Ensayos_Friccion_sfun_registry.obj
 0001:000159e0       mdlSetWorkWidths           00000001800169e0 f   Ensayos_Friccion_sfun_registry.obj
 0001:00015a10       mdlProcessParameters       0000000180016a10 f   Ensayos_Friccion_sfun_registry.obj
 0001:00015a40       mdlInitializeSizes         0000000180016a40 f   Ensayos_Friccion_sfun_registry.obj
 0001:00015a70       mdlExtModeExec             0000000180016a70 f   Ensayos_Friccion_sfun_registry.obj
 0001:00015aa0       mdl_ext_mode_exec_processing 0000000180016aa0 f   Ensayos_Friccion_sfun_registry.obj
 0001:00015ae0       mdlRTW                     0000000180016ae0 f   Ensayos_Friccion_sfun_registry.obj
 0001:00015b20       _CreateSimStruct           0000000180016b20 f   Ensayos_Friccion_sfun_registry.obj
 0001:00015cb0       _RegNumInputPortsCB        0000000180016cb0 f   Ensayos_Friccion_sfun_registry.obj
 0001:00015d30       _RegNumOutputPortsCB       0000000180016d30 f   Ensayos_Friccion_sfun_registry.obj
 0001:00016248       pre_c_init                 0000000180017248 f   MSVCRT:crtdll.obj
 0001:00016504       __DllMainCRTStartup        0000000180017504 f   MSVCRT:crtdll.obj
 0001:00016b70       __DllMainCRTStartup$filt$0 0000000180017b70 f   MSVCRT:crtdll.obj
 0001:00016ba0       __DllMainCRTStartup$fin$1  0000000180017ba0 f   MSVCRT:crtdll.obj
 0001:00016bba       _onexit$fin$0              0000000180017bba f   MSVCRT:atonexit.obj
 0001:00016be0       _IsNonwritableInCurrentImage$filt$0 0000000180017be0 f   MSVCRT:pesect.obj
