 Ensayos_Friccion_sfun

 Timestamp is 57392e00 (Sun May 15 21:18:40 2016)

 Preferred load address is 0000000180000000

 Start         Length     Name                   Class
 0001:00000000 00016be4H .text                   CODE
 0001:00016bf0 00000092H .text$x                 CODE
 0002:00000000 00000438H .idata$5                DATA
 0002:00000438 00000008H .CRT$XCA                DATA
 0002:00000440 00000008H .CRT$XCZ                DATA
 0002:00000448 00000008H .CRT$XIA                DATA
 0002:00000450 00000008H .CRT$XIAA               DATA
 0002:00000458 00000008H .CRT$XIZ                DATA
 0002:00000460 0000072cH .rdata                  DATA
 0002:00000b90 00000008H .rtc$IAA                DATA
 0002:00000b98 00000008H .rtc$IZZ                DATA
 0002:00000ba0 00000008H .rtc$TAA                DATA
 0002:00000ba8 00000008H .rtc$TZZ                DATA
 0002:00000bb0 000009b8H .xdata                  DATA
 0002:00001568 0000008cH .idata$2                DATA
 0002:000015f4 00000014H .idata$3                DATA
 0002:00001608 00000438H .idata$4                DATA
 0002:00001a40 00000b8eH .idata$6                DATA
 0002:000025d0 0000005bH .edata                  DATA
 0003:00000000 00005248H .data                   DATA
 0003:00005250 000006d8H .bss                    DATA
 0004:00000000 00000c9cH .pdata                  DATA

  Address         Publics by Value              Rva+Base               Lib:Object

 0000:00000000       ___safe_se_handler_count   0000000000000000     <absolute>
 0000:00000000       ___safe_se_handler_table   0000000000000000     <absolute>
 0000:00000000       __ImageBase                0000000180000000     <linker-defined>
 0001:00000000       Ensayos_Friccion_initializer 0000000180001000 f   Ensayos_Friccion_sfun.obj
 0001:00000010       Ensayos_Friccion_terminator 0000000180001010 f   Ensayos_Friccion_sfun.obj
 0001:00000020       sf_Ensayos_Friccion_method_dispatcher 0000000180001020 f   Ensayos_Friccion_sfun.obj
 0001:000000d0       sf_Ensayos_Friccion_process_check_sum_call 00000001800010d0 f   Ensayos_Friccion_sfun.obj
 0001:00000520       sf_Ensayos_Friccion_autoinheritance_info 0000000180001520 f   Ensayos_Friccion_sfun.obj
 0001:00000780       sf_Ensayos_Friccion_get_eml_resolved_functions_info 0000000180001780 f   Ensayos_Friccion_sfun.obj
 0001:00000970       sf_Ensayos_Friccion_third_party_uses_info 0000000180001970 f   Ensayos_Friccion_sfun.obj
 0001:00000b60       sf_Ensayos_Friccion_updateBuildInfo_args_info 0000000180001b60 f   Ensayos_Friccion_sfun.obj
 0001:00000d50       Ensayos_Friccion_debug_initialize 0000000180001d50 f   Ensayos_Friccion_sfun.obj
 0001:00000dd0       Ensayos_Friccion_register_exported_symbols 0000000180001dd0 f   Ensayos_Friccion_sfun.obj
 0001:00000de0       load_Ensayos_Friccion_optimization_info 0000000180001de0 f   Ensayos_Friccion_sfun.obj
 0001:00000e30       unload_Ensayos_Friccion_optimization_info 0000000180001e30 f   Ensayos_Friccion_sfun.obj
 0001:00000e60       sf_c1_Ensayos_Friccion_get_eml_resolved_functions_info 0000000180001e60 f   c1_Ensayos_Friccion.obj
 0001:000020a0       sf_c1_Ensayos_Friccion_get_check_sum 00000001800030a0 f   c1_Ensayos_Friccion.obj
 0001:00002120       sf_c1_Ensayos_Friccion_get_autoinheritance_info 0000000180003120 f   c1_Ensayos_Friccion.obj
 0001:00002540       sf_c1_Ensayos_Friccion_third_party_uses_info 0000000180003540 f   c1_Ensayos_Friccion.obj
 0001:00002570       sf_c1_Ensayos_Friccion_updateBuildInfo_args_info 0000000180003570 f   c1_Ensayos_Friccion.obj
 0001:000025a0       sf_internal_get_sim_state_c1_Ensayos_Friccion 00000001800035a0 f   c1_Ensayos_Friccion.obj
 0001:00002900       sf_internal_set_sim_state_c1_Ensayos_Friccion 0000000180003900 f   c1_Ensayos_Friccion.obj
 0001:00002cf0       c1_Ensayos_Friccion_method_dispatcher 0000000180003cf0 f   c1_Ensayos_Friccion.obj
 0001:000046e0       sf_c2_Ensayos_Friccion_get_eml_resolved_functions_info 00000001800056e0 f   c2_Ensayos_Friccion.obj
 0001:00006080       sf_c2_Ensayos_Friccion_get_check_sum 0000000180007080 f   c2_Ensayos_Friccion.obj
 0001:00006100       sf_c2_Ensayos_Friccion_get_autoinheritance_info 0000000180007100 f   c2_Ensayos_Friccion.obj
 0001:00006520       sf_c2_Ensayos_Friccion_third_party_uses_info 0000000180007520 f   c2_Ensayos_Friccion.obj
 0001:00006550       sf_c2_Ensayos_Friccion_updateBuildInfo_args_info 0000000180007550 f   c2_Ensayos_Friccion.obj
 0001:00006580       sf_internal_get_sim_state_c2_Ensayos_Friccion 0000000180007580 f   c2_Ensayos_Friccion.obj
 0001:000068e0       sf_internal_set_sim_state_c2_Ensayos_Friccion 00000001800078e0 f   c2_Ensayos_Friccion.obj
 0001:00006cd0       c2_Ensayos_Friccion_method_dispatcher 0000000180007cd0 f   c2_Ensayos_Friccion.obj
 0001:000089e0       sf_c3_Ensayos_Friccion_get_eml_resolved_functions_info 00000001800099e0 f   c3_Ensayos_Friccion.obj
 0001:00009c20       sf_c3_Ensayos_Friccion_get_check_sum 000000018000ac20 f   c3_Ensayos_Friccion.obj
 0001:00009ca0       sf_c3_Ensayos_Friccion_get_autoinheritance_info 000000018000aca0 f   c3_Ensayos_Friccion.obj
 0001:0000a0c0       sf_c3_Ensayos_Friccion_third_party_uses_info 000000018000b0c0 f   c3_Ensayos_Friccion.obj
 0001:0000a0f0       sf_c3_Ensayos_Friccion_updateBuildInfo_args_info 000000018000b0f0 f   c3_Ensayos_Friccion.obj
 0001:0000a120       sf_internal_get_sim_state_c3_Ensayos_Friccion 000000018000b120 f   c3_Ensayos_Friccion.obj
 0001:0000a490       sf_internal_set_sim_state_c3_Ensayos_Friccion 000000018000b490 f   c3_Ensayos_Friccion.obj
 0001:0000a880       c3_Ensayos_Friccion_method_dispatcher 000000018000b880 f   c3_Ensayos_Friccion.obj
 0001:0000c250       sf_c4_Ensayos_Friccion_get_eml_resolved_functions_info 000000018000d250 f   c4_Ensayos_Friccion.obj
 0001:0000d490       sf_c4_Ensayos_Friccion_get_check_sum 000000018000e490 f   c4_Ensayos_Friccion.obj
 0001:0000d510       sf_c4_Ensayos_Friccion_get_autoinheritance_info 000000018000e510 f   c4_Ensayos_Friccion.obj
 0001:0000d930       sf_c4_Ensayos_Friccion_third_party_uses_info 000000018000e930 f   c4_Ensayos_Friccion.obj
 0001:0000d960       sf_c4_Ensayos_Friccion_updateBuildInfo_args_info 000000018000e960 f   c4_Ensayos_Friccion.obj
 0001:0000d990       sf_internal_get_sim_state_c4_Ensayos_Friccion 000000018000e990 f   c4_Ensayos_Friccion.obj
 0001:0000dd00       sf_internal_set_sim_state_c4_Ensayos_Friccion 000000018000ed00 f   c4_Ensayos_Friccion.obj
 0001:0000e0f0       c4_Ensayos_Friccion_method_dispatcher 000000018000f0f0 f   c4_Ensayos_Friccion.obj
 0001:0000fad0       sf_process_check_sum_call  0000000180010ad0 f   Ensayos_Friccion_sfun_registry.obj
 0001:0000fb20       sf_process_autoinheritance_call 0000000180010b20 f   Ensayos_Friccion_sfun_registry.obj
 0001:0000fcc0       sf_process_get_third_party_uses_info_call 0000000180010cc0 f   Ensayos_Friccion_sfun_registry.obj
 0001:0000fe60       sf_process_get_updateBuildInfo_args_info_call 0000000180010e60 f   Ensayos_Friccion_sfun_registry.obj
 0001:00010000       sf_process_get_eml_resolved_functions_info_call 0000000180011000 f   Ensayos_Friccion_sfun_registry.obj
 0001:00010180       sf_mex_unlock_call         0000000180011180 f   Ensayos_Friccion_sfun_registry.obj
 0001:00010230       sf_machine_global_initializer_called 0000000180011230 f   Ensayos_Friccion_sfun_registry.obj
 0001:00010260       sf_machine_global_method_dispatcher 0000000180011260 f   Ensayos_Friccion_sfun_registry.obj
 0001:000102c0       sf_machine_global_terminator 00000001800112c0 f   Ensayos_Friccion_sfun_registry.obj
 0001:00010310       sf_register_machine_exported_symbols 0000000180011310 f   Ensayos_Friccion_sfun_registry.obj
 0001:00010330       callCustomFcn              0000000180011330 f   Ensayos_Friccion_sfun_registry.obj
 0001:00010340       sf_machine_global_initializer 0000000180011340 f   Ensayos_Friccion_sfun_registry.obj
 0001:000103c0       mdlGetSimState             00000001800113c0 f   Ensayos_Friccion_sfun_registry.obj
 0001:00010440       mdlSetSimState             0000000180011440 f   Ensayos_Friccion_sfun_registry.obj
 0001:00010480       _ssSetStateAbsTol          0000000180011480 f   Ensayos_Friccion_sfun_registry.obj
 0001:00010560       _ssGetAbsTol               0000000180011560 f   Ensayos_Friccion_sfun_registry.obj
 0001:000105d0       _ssSetInputPortMatrixDimensions 00000001800115d0 f   Ensayos_Friccion_sfun_registry.obj
 0001:000106e0       _ssSetOutputPortMatrixDimensions 00000001800116e0 f   Ensayos_Friccion_sfun_registry.obj
 0001:000107f0       _ssSetInputPortVectorDimension 00000001800117f0 f   Ensayos_Friccion_sfun_registry.obj
 0001:000108c0       _ssSetOutputPortVectorDimension 00000001800118c0 f   Ensayos_Friccion_sfun_registry.obj
 0001:00010990       ssIsRunTimeParamTunable    0000000180011990 f   Ensayos_Friccion_sfun_registry.obj
 0001:00010a00       ssGetSFuncBlockHandle      0000000180011a00 f   Ensayos_Friccion_sfun_registry.obj
 0001:00010a70       _ssGetCurrentInputPortWidth 0000000180011a70 f   Ensayos_Friccion_sfun_registry.obj
 0001:00010b90       _ssGetCurrentOutputPortWidth 0000000180011b90 f   Ensayos_Friccion_sfun_registry.obj
 0001:00010cb0       _ssGetCallSystemNumFcnCallDestinations 0000000180011cb0 f   Ensayos_Friccion_sfun_registry.obj
 0001:00010d20       ssWarning                  0000000180011d20 f   Ensayos_Friccion_sfun_registry.obj
 0001:00010e30       ssGetIsZeroCrossControlDisabled 0000000180011e30 f   Ensayos_Friccion_sfun_registry.obj
 0001:00010ea0       ssSetIsInputPortUsedForContZcSignal 0000000180011ea0 f   Ensayos_Friccion_sfun_registry.obj
 0001:00010f10       ssSetZcSignalIsZcElementDisc 0000000180011f10 f   Ensayos_Friccion_sfun_registry.obj
 0001:00010fc0       ssSetZcSignalName          0000000180011fc0 f   Ensayos_Friccion_sfun_registry.obj
 0001:00011030       ssSetZcSignalWidth         0000000180012030 f   Ensayos_Friccion_sfun_registry.obj
 0001:000110a0       ssSetZcSignalZcEventType   00000001800120a0 f   Ensayos_Friccion_sfun_registry.obj
 0001:00011110       ssSetZcSignalType          0000000180012110 f   Ensayos_Friccion_sfun_registry.obj
 0001:00011180       ssSetZcSignalZcTol         0000000180012180 f   Ensayos_Friccion_sfun_registry.obj
 0001:000111f0       ssSetZcSignalNeedsEventNotification 00000001800121f0 f   Ensayos_Friccion_sfun_registry.obj
 0001:00011260       ssCreateAndAddZcSignalInfo 0000000180012260 f   Ensayos_Friccion_sfun_registry.obj
 0001:000112d0       ssCloneAndAddZcSignalInfo  00000001800122d0 f   Ensayos_Friccion_sfun_registry.obj
 0001:00011340       ssGetNumZcSignals          0000000180012340 f   Ensayos_Friccion_sfun_registry.obj
 0001:000113b0       ssGetZcSignalVector        00000001800123b0 f   Ensayos_Friccion_sfun_registry.obj
 0001:00011420       ssGetZcSignalZcEvents      0000000180012420 f   Ensayos_Friccion_sfun_registry.obj
 0001:00011490       ssGetZcSignalName          0000000180012490 f   Ensayos_Friccion_sfun_registry.obj
 0001:00011500       ssGetZcSignalWidth         0000000180012500 f   Ensayos_Friccion_sfun_registry.obj
 0001:00011570       ssGetZcSignalZcEventType   0000000180012570 f   Ensayos_Friccion_sfun_registry.obj
 0001:000115e0       ssGetZcSignalType          00000001800125e0 f   Ensayos_Friccion_sfun_registry.obj
 0001:00011650       ssGetZcSignalZcTol         0000000180012650 f   Ensayos_Friccion_sfun_registry.obj
 0001:000116d0       ssGetZcSignalNeedsEventNotification 00000001800126d0 f   Ensayos_Friccion_sfun_registry.obj
 0001:00011740       ssGetZcSignalIsZcElementDisc 0000000180012740 f   Ensayos_Friccion_sfun_registry.obj
 0001:000117e0       ssGetIsInputPortElementContinuous 00000001800127e0 f   Ensayos_Friccion_sfun_registry.obj
 0001:00011880       _ssGetInputPortSignalPtrsFcn 0000000180012880 f   Ensayos_Friccion_sfun_registry.obj
 0001:00011b40       _ssGetInputPortSignalFcn   0000000180012b40 f   Ensayos_Friccion_sfun_registry.obj
 0001:00011d60       _ssSetInputPortDirectFeedThroughFcn 0000000180012d60 f   Ensayos_Friccion_sfun_registry.obj
 0001:00011ec0       _ssSetInputPortReusableFcn 0000000180012ec0 f   Ensayos_Friccion_sfun_registry.obj
 0001:00011fb0       _ssSetOutputPortReusableFcn 0000000180012fb0 f   Ensayos_Friccion_sfun_registry.obj
 0001:00012090       ssGetDTypeIdFromMxArray    0000000180013090 f   Ensayos_Friccion_sfun_registry.obj
 0001:000121b0       ssWriteRTWStr              00000001800131b0 f   Ensayos_Friccion_sfun_registry.obj
 0001:00012210       ssWriteRTWMxVectParam      0000000180013210 f   Ensayos_Friccion_sfun_registry.obj
 0001:00012270       ssWriteRTWMx2dMatParam     0000000180013270 f   Ensayos_Friccion_sfun_registry.obj
 0001:000122f0       ssWriteRTWNameValuePair    00000001800132f0 f   Ensayos_Friccion_sfun_registry.obj
 0001:000127e0       ssWriteRTWParameters       00000001800137e0 f   Ensayos_Friccion_sfun_registry.obj
 0001:00012de0       ssWriteRTWParamSettings    0000000180013de0 f   Ensayos_Friccion_sfun_registry.obj
 0001:000134b0       ssWriteRTWWorkVect         00000001800144b0 f   Ensayos_Friccion_sfun_registry.obj
 0001:000139b0       mexFunction                00000001800149b0 f   Ensayos_Friccion_sfun_registry.obj
 0001:00015e30       ProcessMexSfunctionEveryCall 0000000180016e30 f   Ensayos_Friccion_sfun_registry.obj
 0001:00015fb2       sf_debug_set_machine_data_thresholds 0000000180016fb2 f   sf_runtime:sf_runtime.dll
 0001:00015fb8       sf_debug_set_machine_event_thresholds 0000000180016fb8 f   sf_runtime:sf_runtime.dll
 0001:00015fbe       sf_debug_initialize_machine 0000000180016fbe f   sf_runtime:sf_runtime.dll
 0001:00015fc4       sf_load_rtw_optimization_info 0000000180016fc4 f   sf_runtime:sf_runtime.dll
 0001:00015fca       sf_mex_emlrtNameCapturePostProcessR2012a 0000000180016fca f   sf_runtime:sf_runtime.dll
 0001:00015fd0       sf_mex_assign              0000000180016fd0 f   sf_runtime:sf_runtime.dll
 0001:00015fd6       sf_mex_createstruct        0000000180016fd6 f   sf_runtime:sf_runtime.dll
 0001:00015fdc       sf_mex_destroy             0000000180016fdc f   sf_runtime:sf_runtime.dll
 0001:00015fe2       sf_mex_duplicatearraysafe  0000000180016fe2 f   sf_runtime:sf_runtime.dll
 0001:00015fe8       sf_mex_createcellmatrix    0000000180016fe8 f   sf_runtime:sf_runtime.dll
 0001:00015fee       sf_mex_addfield            0000000180016fee f   sf_runtime:sf_runtime.dll
 0001:00015ff4       sf_mex_create              0000000180016ff4 f   sf_runtime:sf_runtime.dll
 0001:00015ffa       sf_mex_error_message       0000000180016ffa f   sf_runtime:sf_runtime.dll
 0001:00016000       sf_mex_call_matlab         0000000180017000 f   sf_runtime:sf_runtime.dll
 0001:00016006       sf_mex_setcell             0000000180017006 f   sf_runtime:sf_runtime.dll
 0001:0001600c       sf_mex_decode_encoded_mx_struct_array 000000018001700c f   sf_runtime:sf_runtime.dll
 0001:00016012       sf_mex_getcell             0000000180017012 f   sf_runtime:sf_runtime.dll
 0001:00016018       sf_mex_dup                 0000000180017018 f   sf_runtime:sf_runtime.dll
 0001:0001601e       sf_mex_import              000000018001701e f   sf_runtime:sf_runtime.dll
 0001:00016024       sf_set_rtw_dwork_info      0000000180017024 f   sf_runtime:sf_runtime.dll
 0001:0001602a       sf_mark_chart_reusable_outputs 000000018001702a f   sf_runtime:sf_runtime.dll
 0001:00016030       sf_mark_chart_expressionable_inputs 0000000180017030 f   sf_runtime:sf_runtime.dll
 0001:00016036       sf_update_buildInfo        0000000180017036 f   sf_runtime:sf_runtime.dll
 0001:0001603c       sf_rtw_info_uint_prop      000000018001703c f   sf_runtime:sf_runtime.dll
 0001:00016042       sf_is_chart_inlinable      0000000180017042 f   sf_runtime:sf_runtime.dll
 0001:00016048       sim_mode_is_external       0000000180017048 f   sf_runtime:sf_runtime.dll
 0001:0001604e       sim_mode_is_rtw_gen        000000018001704e f   sf_runtime:sf_runtime.dll
 0001:00016054       sf_debug_reset_current_state_configuration 0000000180017054 f   sf_runtime:sf_runtime.dll
 0001:0001605a       sf_debug_set_instance_data_value_ptr 000000018001705a f   sf_runtime:sf_runtime.dll
 0001:00016060       sf_debug_set_chart_data_compiled_props 0000000180017060 f   sf_runtime:sf_runtime.dll
 0001:00016066       cv_eml_init_fcn            0000000180017066 f   sf_runtime:sf_runtime.dll
 0001:0001606c       cv_eml_init_script         000000018001706c f   sf_runtime:sf_runtime.dll
 0001:00016072       sf_debug_cv_init_trans     0000000180017072 f   sf_runtime:sf_runtime.dll
 0001:00016078       sf_debug_cv_init_state     0000000180017078 f   sf_runtime:sf_runtime.dll
 0001:0001607e       sf_debug_cv_init_chart     000000018001707e f   sf_runtime:sf_runtime.dll
 0001:00016084       sf_debug_set_chart_decomposition 0000000180017084 f   sf_runtime:sf_runtime.dll
 0001:0001608a       sf_debug_set_chart_substate_count 000000018001708a f   sf_runtime:sf_runtime.dll
 0001:00016090       sf_debug_set_chart_state_info 0000000180017090 f   sf_runtime:sf_runtime.dll
 0001:00016096       sf_debug_set_chart_data_props 0000000180017096 f   sf_runtime:sf_runtime.dll
 0001:0001609c       sf_debug_set_chart_event_thresholds 000000018001709c f   sf_runtime:sf_runtime.dll
 0001:000160a2       sf_debug_set_chart_disable_implicit_casting 00000001800170a2 f   sf_runtime:sf_runtime.dll
 0001:000160a8       sf_debug_initialize_chart  00000001800170a8 f   sf_runtime:sf_runtime.dll
 0001:000160ae       sf_get_time                00000001800170ae f   sf_runtime:sf_runtime.dll
 0001:000160b4       sf_debug_check_for_state_inconsistency 00000001800170b4 f   sf_runtime:sf_runtime.dll
 0001:000160ba       sf_debug_symbol_scope_pop  00000001800170ba f   sf_runtime:sf_runtime.dll
 0001:000160c0       eml_debug_line_call        00000001800170c0 f   sf_runtime:sf_runtime.dll
 0001:000160c6       cv_eml_eval                00000001800170c6 f   sf_runtime:sf_runtime.dll
 0001:000160cc       sf_debug_symbol_scope_add_eml 00000001800170cc f   sf_runtime:sf_runtime.dll
 0001:000160d2       sf_debug_symbol_scope_add_eml_importable 00000001800170d2 f   sf_runtime:sf_runtime.dll
 0001:000160d8       sf_debug_symbol_scope_push_eml 00000001800170d8 f   sf_runtime:sf_runtime.dll
 0001:000160de       sf_debug_data_range_wrapper 00000001800170de f   sf_runtime:sf_runtime.dll
 0001:000160e4       sf_debug_call              00000001800170e4 f   sf_runtime:sf_runtime.dll
 0001:000160ea       sf_debug_symbol_scope_push 00000001800170ea f   sf_runtime:sf_runtime.dll
 0001:000160f0       sf_clear_rtw_identifier    00000001800170f0 f   sf_runtime:sf_runtime.dll
 0001:000160f6       cv_eml_init_if             00000001800170f6 f   sf_runtime:sf_runtime.dll
 0001:000160fc       sf_debug_terminate         00000001800170fc f   sf_runtime:sf_runtime.dll
 0001:00016102       sf_debug_create_debug_instance_struct 0000000180017102 f   sf_runtime:sf_runtime.dll
 0001:00016108       sf_debug_api               0000000180017108 f   sf_runtime:sf_runtime.dll
 0001:0001610e       callMdlMethodAndReportError 000000018001710e f   sf_runtime:sf_runtime.dll
 0001:00016114       call_sf_machine_global_method_dispatcher 0000000180017114 f   sf_runtime:sf_runtime.dll
 0001:0001611a       sf_clear_error_manager_info 000000018001711a f   sf_runtime:sf_runtime.dll
 0001:00016120       sf_mex_error_direct_call   0000000180017120 f   sf_runtime:sf_runtime.dll
 0001:00016126       mxGetScalar                0000000180017126 f   libmx:libmx.dll
 0001:0001612c       mxGetPr                    000000018001712c f   libmx:libmx.dll
 0001:00016132       mxCreateDoubleMatrix_730   0000000180017132 f   libmx:libmx.dll
 0001:00016138       mxGetString_730            0000000180017138 f   libmx:libmx.dll
 0001:0001613e       mxIsChar                   000000018001713e f   libmx:libmx.dll
 0001:00016144       mxDestroyArray             0000000180017144 f   libmx:libmx.dll
 0001:0001614a       mxDuplicateArray           000000018001714a f   libmx:libmx.dll
 0001:00016150       mxCreateDoubleScalar       0000000180017150 f   libmx:libmx.dll
 0001:00016156       mxSetField_730             0000000180017156 f   libmx:libmx.dll
 0001:0001615c       mxCreateString             000000018001715c f   libmx:libmx.dll
 0001:00016162       mxCreateStructMatrix_730   0000000180017162 f   libmx:libmx.dll
 0001:00016168       mxCreateCellMatrix_730     0000000180017168 f   libmx:libmx.dll
 0001:0001616e       mxGetClassID               000000018001716e f   libmx:libmx.dll
 0001:00016174       mxIsNumeric                0000000180017174 f   libmx:libmx.dll
 0001:0001617a       mxIsComplex                000000018001717a f   libmx:libmx.dll
 0001:00016180       mxGetN                     0000000180017180 f   libmx:libmx.dll
 0001:00016186       mxGetM                     0000000180017186 f   libmx:libmx.dll
 0001:0001618c       mxCalloc                   000000018001718c f   libmx:libmx.dll
 0001:00016192       mexMakeArrayPersistent     0000000180017192 f   libmex:libmex.dll
 0001:00016198       mexUnlock                  0000000180017198 f   libmex:libmex.dll
 0001:0001619e       mexIsLocked                000000018001719e f   libmex:libmex.dll
 0001:000161a4       mexWarnMsgTxt              00000001800171a4 f   libmex:libmex.dll
 0001:000161aa       mexCallMATLAB              00000001800171aa f   libmex:libmex.dll
 0001:000161b0       mexErrMsgTxt               00000001800171b0 f   libmex:libmex.dll
 0001:000161b6       mexLock                    00000001800171b6 f   libmex:libmex.dll
 0001:000161bc       utMalloc                   00000001800171bc f   libut:libut.dll
 0001:000161c2       utFree                     00000001800171c2 f   libut:libut.dll
 0001:000161c8       muDoubleScalarAbs          00000001800171c8 f   libmwmathutil:libmwmathutil.dll
 0001:000161d0       __GSHandlerCheckCommon     00000001800171d0 f   MSVCRT:gshandler.obj
 0001:00016234       __GSHandlerCheck           0000000180017234 f   MSVCRT:gshandler.obj
 0001:00016252       strcmp                     0000000180017252 f   MSVCRT:MSVCR100.dll
 0001:00016270       __security_check_cookie    0000000180017270 f   MSVCRT:amdsecgs.obj
 0001:00016290       strlen                     0000000180017290 f   MSVCRT:MSVCR100.dll
 0001:00016296       memset                     0000000180017296 f   MSVCRT:MSVCR100.dll
 0001:0001629c       free                       000000018001729c f   MSVCRT:MSVCR100.dll
 0001:000162a2       sprintf                    00000001800172a2 f   MSVCRT:MSVCR100.dll
 0001:000162a8       malloc                     00000001800172a8 f   MSVCRT:MSVCR100.dll
 0001:000162ae       strcat                     00000001800172ae f   MSVCRT:MSVCR100.dll
 0001:000162b4       memcpy                     00000001800172b4 f   MSVCRT:MSVCR100.dll
 0001:000162bc       NtCurrentTeb               00000001800172bc f i MSVCRT:crtdll.obj
 0001:00016328       _CRT_INIT                  0000000180017328 f   MSVCRT:crtdll.obj
 0001:000166c0       _DllMainCRTStartup         00000001800176c0 f   MSVCRT:crtdll.obj
 0001:00016700       __report_gsfailure         0000000180017700 f   MSVCRT:gs_report.obj
 0001:0001684c       __clean_type_info_names    000000018001784c f   MSVCRT:tncleanup.obj
 0001:00016858       _onexit                    0000000180017858 f   MSVCRT:atonexit.obj
 0001:00016908       atexit                     0000000180017908 f   MSVCRT:atonexit.obj
 0001:00016920       _RTC_Initialize            0000000180017920 f   MSVCRT:_initsect_.obj
 0001:00016958       _RTC_Terminate             0000000180017958 f   MSVCRT:_initsect_.obj
 0001:00016990       _malloc_crt                0000000180017990 f   MSVCRT:MSVCR100.dll
 0001:000169a0       _ValidateImageBase         00000001800179a0 f   MSVCRT:pesect.obj
 0001:000169d0       _FindPESection             00000001800179d0 f   MSVCRT:pesect.obj
 0001:00016a20       _IsNonwritableInCurrentImage 0000000180017a20 f   MSVCRT:pesect.obj
 0001:00016a62       _initterm                  0000000180017a62 f   MSVCRT:MSVCR100.dll
 0001:00016a68       _initterm_e                0000000180017a68 f   MSVCRT:MSVCR100.dll
 0001:00016a6e       _encoded_null              0000000180017a6e f   MSVCRT:MSVCR100.dll
 0001:00016a74       _amsg_exit                 0000000180017a74 f   MSVCRT:MSVCR100.dll
 0001:00016a7a       __C_specific_handler       0000000180017a7a f   MSVCRT:MSVCR100.dll
 0001:00016a80       __CppXcptFilter            0000000180017a80 f   MSVCRT:MSVCR100.dll
 0001:00016a88       DllMain                    0000000180017a88 f   MSVCRT:dllmain.obj
 0001:00016aac       __security_init_cookie     0000000180017aac f   MSVCRT:gs_support.obj
 0001:00016b60       __crt_debugger_hook        0000000180017b60 f   MSVCRT:MSVCR100.dll
 0001:00016b66       __clean_type_info_names_internal 0000000180017b66 f   MSVCRT:MSVCR100.dll
 0001:00016b6c       _unlock                    0000000180017b6c f   MSVCRT:MSVCR100.dll
 0001:00016b72       __dllonexit                0000000180017b72 f   MSVCRT:MSVCR100.dll
 0001:00016b78       _lock                      0000000180017b78 f   MSVCRT:MSVCR100.dll
 0001:00016b7e       EncodePointer              0000000180017b7e f   kernel32:KERNEL32.dll
 0001:00016b84       DecodePointer              0000000180017b84 f   kernel32:KERNEL32.dll
 0001:00016b8a       Sleep                      0000000180017b8a f   kernel32:KERNEL32.dll
 0001:00016b90       TerminateProcess           0000000180017b90 f   kernel32:KERNEL32.dll
 0001:00016b96       GetCurrentProcess          0000000180017b96 f   kernel32:KERNEL32.dll
 0001:00016b9c       UnhandledExceptionFilter   0000000180017b9c f   kernel32:KERNEL32.dll
 0001:00016ba2       SetUnhandledExceptionFilter 0000000180017ba2 f   kernel32:KERNEL32.dll
 0001:00016ba8       IsDebuggerPresent          0000000180017ba8 f   kernel32:KERNEL32.dll
 0001:00016bae       RtlVirtualUnwind           0000000180017bae f   kernel32:KERNEL32.dll
 0001:00016bb4       RtlLookupFunctionEntry     0000000180017bb4 f   kernel32:KERNEL32.dll
 0001:00016bba       RtlCaptureContext          0000000180017bba f   kernel32:KERNEL32.dll
 0001:00016bc0       DisableThreadLibraryCalls  0000000180017bc0 f   kernel32:KERNEL32.dll
 0001:00016bc6       QueryPerformanceCounter    0000000180017bc6 f   kernel32:KERNEL32.dll
 0001:00016bcc       GetTickCount               0000000180017bcc f   kernel32:KERNEL32.dll
 0001:00016bd2       GetCurrentThreadId         0000000180017bd2 f   kernel32:KERNEL32.dll
 0001:00016bd8       GetCurrentProcessId        0000000180017bd8 f   kernel32:KERNEL32.dll
 0001:00016bde       GetSystemTimeAsFileTime    0000000180017bde f   kernel32:KERNEL32.dll
 0002:00000000       __imp_GetSystemTimeAsFileTime 0000000180018000     kernel32:KERNEL32.dll
 0002:00000008       __imp_GetCurrentProcessId  0000000180018008     kernel32:KERNEL32.dll
 0002:00000010       __imp_GetCurrentThreadId   0000000180018010     kernel32:KERNEL32.dll
 0002:00000018       __imp_GetTickCount         0000000180018018     kernel32:KERNEL32.dll
 0002:00000020       __imp_QueryPerformanceCounter 0000000180018020     kernel32:KERNEL32.dll
 0002:00000028       __imp_DisableThreadLibraryCalls 0000000180018028     kernel32:KERNEL32.dll
 0002:00000030       __imp_RtlCaptureContext    0000000180018030     kernel32:KERNEL32.dll
 0002:00000038       __imp_RtlLookupFunctionEntry 0000000180018038     kernel32:KERNEL32.dll
 0002:00000040       __imp_RtlVirtualUnwind     0000000180018040     kernel32:KERNEL32.dll
 0002:00000048       __imp_IsDebuggerPresent    0000000180018048     kernel32:KERNEL32.dll
 0002:00000050       __imp_SetUnhandledExceptionFilter 0000000180018050     kernel32:KERNEL32.dll
 0002:00000058       __imp_UnhandledExceptionFilter 0000000180018058     kernel32:KERNEL32.dll
 0002:00000060       __imp_GetCurrentProcess    0000000180018060     kernel32:KERNEL32.dll
 0002:00000068       __imp_TerminateProcess     0000000180018068     kernel32:KERNEL32.dll
 0002:00000070       __imp_Sleep                0000000180018070     kernel32:KERNEL32.dll
 0002:00000078       __imp_DecodePointer        0000000180018078     kernel32:KERNEL32.dll
 0002:00000080       __imp_EncodePointer        0000000180018080     kernel32:KERNEL32.dll
 0002:00000088       \177KERNEL32_NULL_THUNK_DATA 0000000180018088     kernel32:KERNEL32.dll
 0002:00000090       __imp__onexit              0000000180018090     MSVCRT:MSVCR100.dll
 0002:00000098       __imp__lock                0000000180018098     MSVCRT:MSVCR100.dll
 0002:000000a0       __imp___dllonexit          00000001800180a0     MSVCRT:MSVCR100.dll
 0002:000000a8       __imp__unlock              00000001800180a8     MSVCRT:MSVCR100.dll
 0002:000000b0       __imp___clean_type_info_names_internal 00000001800180b0     MSVCRT:MSVCR100.dll
 0002:000000b8       __imp___crt_debugger_hook  00000001800180b8     MSVCRT:MSVCR100.dll
 0002:000000c0       __imp___CppXcptFilter      00000001800180c0     MSVCRT:MSVCR100.dll
 0002:000000c8       __imp___C_specific_handler 00000001800180c8     MSVCRT:MSVCR100.dll
 0002:000000d0       __imp__amsg_exit           00000001800180d0     MSVCRT:MSVCR100.dll
 0002:000000d8       __imp__encoded_null        00000001800180d8     MSVCRT:MSVCR100.dll
 0002:000000e0       __imp__initterm_e          00000001800180e0     MSVCRT:MSVCR100.dll
 0002:000000e8       __imp__initterm            00000001800180e8     MSVCRT:MSVCR100.dll
 0002:000000f0       __imp__malloc_crt          00000001800180f0     MSVCRT:MSVCR100.dll
 0002:000000f8       __imp_memcpy               00000001800180f8     MSVCRT:MSVCR100.dll
 0002:00000100       __imp_strcat               0000000180018100     MSVCRT:MSVCR100.dll
 0002:00000108       __imp_malloc               0000000180018108     MSVCRT:MSVCR100.dll
 0002:00000110       __imp_sprintf              0000000180018110     MSVCRT:MSVCR100.dll
 0002:00000118       __imp_free                 0000000180018118     MSVCRT:MSVCR100.dll
 0002:00000120       __imp_memset               0000000180018120     MSVCRT:MSVCR100.dll
 0002:00000128       __imp_strlen               0000000180018128     MSVCRT:MSVCR100.dll
 0002:00000130       __imp_strcmp               0000000180018130     MSVCRT:MSVCR100.dll
 0002:00000138       \177MSVCR100_NULL_THUNK_DATA 0000000180018138     MSVCRT:MSVCR100.dll
 0002:00000140       __imp_mexCallMATLAB        0000000180018140     libmex:libmex.dll
 0002:00000148       __imp_mexUnlock            0000000180018148     libmex:libmex.dll
 0002:00000150       __imp_mexLock              0000000180018150     libmex:libmex.dll
 0002:00000158       __imp_mexErrMsgTxt         0000000180018158     libmex:libmex.dll
 0002:00000160       __imp_mexMakeArrayPersistent 0000000180018160     libmex:libmex.dll
 0002:00000168       __imp_mexWarnMsgTxt        0000000180018168     libmex:libmex.dll
 0002:00000170       __imp_mexIsLocked          0000000180018170     libmex:libmex.dll
 0002:00000178       \177libmex_NULL_THUNK_DATA 0000000180018178     libmex:libmex.dll
 0002:00000180       __imp_muDoubleScalarAbs    0000000180018180     libmwmathutil:libmwmathutil.dll
 0002:00000188       \177libmwmathutil_NULL_THUNK_DATA 0000000180018188     libmwmathutil:libmwmathutil.dll
 0002:00000190       __imp_mxCalloc             0000000180018190     libmx:libmx.dll
 0002:00000198       __imp_mxGetM               0000000180018198     libmx:libmx.dll
 0002:000001a0       __imp_mxGetN               00000001800181a0     libmx:libmx.dll
 0002:000001a8       __imp_mxIsComplex          00000001800181a8     libmx:libmx.dll
 0002:000001b0       __imp_mxIsNumeric          00000001800181b0     libmx:libmx.dll
 0002:000001b8       __imp_mxGetClassID         00000001800181b8     libmx:libmx.dll
 0002:000001c0       __imp_mxCreateCellMatrix_730 00000001800181c0     libmx:libmx.dll
 0002:000001c8       __imp_mxCreateStructMatrix_730 00000001800181c8     libmx:libmx.dll
 0002:000001d0       __imp_mxCreateString       00000001800181d0     libmx:libmx.dll
 0002:000001d8       __imp_mxSetField_730       00000001800181d8     libmx:libmx.dll
 0002:000001e0       __imp_mxCreateDoubleScalar 00000001800181e0     libmx:libmx.dll
 0002:000001e8       __imp_mxDuplicateArray     00000001800181e8     libmx:libmx.dll
 0002:000001f0       __imp_mxGetScalar          00000001800181f0     libmx:libmx.dll
 0002:000001f8       __imp_mxGetPr              00000001800181f8     libmx:libmx.dll
 0002:00000200       __imp_mxCreateDoubleMatrix_730 0000000180018200     libmx:libmx.dll
 0002:00000208       __imp_mxGetString_730      0000000180018208     libmx:libmx.dll
 0002:00000210       __imp_mxIsChar             0000000180018210     libmx:libmx.dll
 0002:00000218       __imp_mxDestroyArray       0000000180018218     libmx:libmx.dll
 0002:00000220       \177libmx_NULL_THUNK_DATA  0000000180018220     libmx:libmx.dll
 0002:00000228       __imp_utMalloc             0000000180018228     libut:libut.dll
 0002:00000230       __imp_utFree               0000000180018230     libut:libut.dll
 0002:00000238       \177libut_NULL_THUNK_DATA  0000000180018238     libut:libut.dll
 0002:00000240       __imp_call_sf_machine_global_method_dispatcher 0000000180018240     sf_runtime:sf_runtime.dll
 0002:00000248       __imp_callMdlMethodAndReportError 0000000180018248     sf_runtime:sf_runtime.dll
 0002:00000250       __imp_sf_debug_api         0000000180018250     sf_runtime:sf_runtime.dll
 0002:00000258       __imp_sf_debug_create_debug_instance_struct 0000000180018258     sf_runtime:sf_runtime.dll
 0002:00000260       __imp_sf_debug_terminate   0000000180018260     sf_runtime:sf_runtime.dll
 0002:00000268       __imp_cv_eml_init_if       0000000180018268     sf_runtime:sf_runtime.dll
 0002:00000270       __imp_sf_clear_rtw_identifier 0000000180018270     sf_runtime:sf_runtime.dll
 0002:00000278       __imp_sf_debug_symbol_scope_push 0000000180018278     sf_runtime:sf_runtime.dll
 0002:00000280       __imp_sf_clear_error_manager_info 0000000180018280     sf_runtime:sf_runtime.dll
 0002:00000288       __imp_sf_debug_data_range_wrapper 0000000180018288     sf_runtime:sf_runtime.dll
 0002:00000290       __imp_sf_debug_symbol_scope_push_eml 0000000180018290     sf_runtime:sf_runtime.dll
 0002:00000298       __imp_sf_debug_symbol_scope_add_eml_importable 0000000180018298     sf_runtime:sf_runtime.dll
 0002:000002a0       __imp_sf_debug_symbol_scope_add_eml 00000001800182a0     sf_runtime:sf_runtime.dll
 0002:000002a8       __imp_cv_eml_eval          00000001800182a8     sf_runtime:sf_runtime.dll
 0002:000002b0       __imp_eml_debug_line_call  00000001800182b0     sf_runtime:sf_runtime.dll
 0002:000002b8       __imp_sf_debug_symbol_scope_pop 00000001800182b8     sf_runtime:sf_runtime.dll
 0002:000002c0       __imp_sf_debug_check_for_state_inconsistency 00000001800182c0     sf_runtime:sf_runtime.dll
 0002:000002c8       __imp_sf_get_time          00000001800182c8     sf_runtime:sf_runtime.dll
 0002:000002d0       __imp_sf_mex_error_direct_call 00000001800182d0     sf_runtime:sf_runtime.dll
 0002:000002d8       __imp_sf_debug_call        00000001800182d8     sf_runtime:sf_runtime.dll
 0002:000002e0       __imp_sf_debug_initialize_chart 00000001800182e0     sf_runtime:sf_runtime.dll
 0002:000002e8       __imp_sf_debug_set_chart_disable_implicit_casting 00000001800182e8     sf_runtime:sf_runtime.dll
 0002:000002f0       __imp_sf_debug_set_chart_event_thresholds 00000001800182f0     sf_runtime:sf_runtime.dll
 0002:000002f8       __imp_sf_debug_set_chart_data_props 00000001800182f8     sf_runtime:sf_runtime.dll
 0002:00000300       __imp_sf_debug_set_chart_state_info 0000000180018300     sf_runtime:sf_runtime.dll
 0002:00000308       __imp_sf_debug_set_chart_substate_count 0000000180018308     sf_runtime:sf_runtime.dll
 0002:00000310       __imp_sf_debug_set_chart_decomposition 0000000180018310     sf_runtime:sf_runtime.dll
 0002:00000318       __imp_sf_debug_cv_init_chart 0000000180018318     sf_runtime:sf_runtime.dll
 0002:00000320       __imp_sf_debug_cv_init_state 0000000180018320     sf_runtime:sf_runtime.dll
 0002:00000328       __imp_sf_debug_cv_init_trans 0000000180018328     sf_runtime:sf_runtime.dll
 0002:00000330       __imp_cv_eml_init_script   0000000180018330     sf_runtime:sf_runtime.dll
 0002:00000338       __imp_cv_eml_init_fcn      0000000180018338     sf_runtime:sf_runtime.dll
 0002:00000340       __imp_sf_debug_set_chart_data_compiled_props 0000000180018340     sf_runtime:sf_runtime.dll
 0002:00000348       __imp_sf_debug_set_instance_data_value_ptr 0000000180018348     sf_runtime:sf_runtime.dll
 0002:00000350       __imp_sf_debug_reset_current_state_configuration 0000000180018350     sf_runtime:sf_runtime.dll
 0002:00000358       __imp_sim_mode_is_rtw_gen  0000000180018358     sf_runtime:sf_runtime.dll
 0002:00000360       __imp_sim_mode_is_external 0000000180018360     sf_runtime:sf_runtime.dll
 0002:00000368       __imp_sf_is_chart_inlinable 0000000180018368     sf_runtime:sf_runtime.dll
 0002:00000370       __imp_sf_rtw_info_uint_prop 0000000180018370     sf_runtime:sf_runtime.dll
 0002:00000378       __imp_sf_update_buildInfo  0000000180018378     sf_runtime:sf_runtime.dll
 0002:00000380       __imp_sf_mark_chart_expressionable_inputs 0000000180018380     sf_runtime:sf_runtime.dll
 0002:00000388       __imp_sf_mark_chart_reusable_outputs 0000000180018388     sf_runtime:sf_runtime.dll
 0002:00000390       __imp_sf_set_rtw_dwork_info 0000000180018390     sf_runtime:sf_runtime.dll
 0002:00000398       __imp_sf_mex_import        0000000180018398     sf_runtime:sf_runtime.dll
 0002:000003a0       __imp_sf_mex_dup           00000001800183a0     sf_runtime:sf_runtime.dll
 0002:000003a8       __imp_sf_mex_getcell       00000001800183a8     sf_runtime:sf_runtime.dll
 0002:000003b0       __imp_sf_mex_decode_encoded_mx_struct_array 00000001800183b0     sf_runtime:sf_runtime.dll
 0002:000003b8       __imp_sf_mex_setcell       00000001800183b8     sf_runtime:sf_runtime.dll
 0002:000003c0       __imp_sf_mex_call_matlab   00000001800183c0     sf_runtime:sf_runtime.dll
 0002:000003c8       __imp_sf_mex_error_message 00000001800183c8     sf_runtime:sf_runtime.dll
 0002:000003d0       __imp_sf_mex_create        00000001800183d0     sf_runtime:sf_runtime.dll
 0002:000003d8       __imp_sf_mex_addfield      00000001800183d8     sf_runtime:sf_runtime.dll
 0002:000003e0       __imp_sf_mex_createcellmatrix 00000001800183e0     sf_runtime:sf_runtime.dll
 0002:000003e8       __imp_sf_mex_duplicatearraysafe 00000001800183e8     sf_runtime:sf_runtime.dll
 0002:000003f0       __imp_sf_mex_destroy       00000001800183f0     sf_runtime:sf_runtime.dll
 0002:000003f8       __imp_sf_mex_createstruct  00000001800183f8     sf_runtime:sf_runtime.dll
 0002:00000400       __imp_sf_mex_assign        0000000180018400     sf_runtime:sf_runtime.dll
 0002:00000408       __imp_sf_mex_emlrtNameCapturePostProcessR2012a 0000000180018408     sf_runtime:sf_runtime.dll
 0002:00000410       __imp_sf_load_rtw_optimization_info 0000000180018410     sf_runtime:sf_runtime.dll
 0002:00000418       __imp_sf_debug_initialize_machine 0000000180018418     sf_runtime:sf_runtime.dll
 0002:00000420       __imp_sf_debug_set_machine_event_thresholds 0000000180018420     sf_runtime:sf_runtime.dll
 0002:00000428       __imp_sf_debug_set_machine_data_thresholds 0000000180018428     sf_runtime:sf_runtime.dll
 0002:00000430       \177sf_runtime_NULL_THUNK_DATA 0000000180018430     sf_runtime:sf_runtime.dll
 0002:00000438       __xc_a                     0000000180018438     MSVCRT:cinitexe.obj
 0002:00000440       __xc_z                     0000000180018440     MSVCRT:cinitexe.obj
 0002:00000448       __xi_a                     0000000180018448     MSVCRT:cinitexe.obj
 0002:00000458       __xi_z                     0000000180018458     MSVCRT:cinitexe.obj
 0002:00000460       __real@41e3f7bb9fc00000    0000000180018460     Ensayos_Friccion_sfun.obj
 0002:00000468       __real@41e1e59e43600000    0000000180018468     Ensayos_Friccion_sfun.obj
 0002:00000470       __real@41e00c525c600000    0000000180018470     Ensayos_Friccion_sfun.obj
 0002:00000478       __real@41ecf9fdc6e00000    0000000180018478     Ensayos_Friccion_sfun.obj
 0002:00000480       __real@41c900e78a000000    0000000180018480     Ensayos_Friccion_sfun.obj
 0002:00000488       __real@41eda5398c800000    0000000180018488     Ensayos_Friccion_sfun.obj
 0002:00000490       __real@41edcf5b43c00000    0000000180018490     Ensayos_Friccion_sfun.obj
 0002:00000498       __real@41e695dff8600000    0000000180018498     Ensayos_Friccion_sfun.obj
 0002:000004a0       __real@41e2e597c1a00000    00000001800184a0     Ensayos_Friccion_sfun.obj
 0002:000004a8       __real@4182525d80000000    00000001800184a8     Ensayos_Friccion_sfun.obj
 0002:000004b0       __real@41ef7f7271000000    00000001800184b0     Ensayos_Friccion_sfun.obj
 0002:000004b8       __real@41ec9da21c400000    00000001800184b8     Ensayos_Friccion_sfun.obj
 0002:000004c0       __real@41e9fcc600200000    00000001800184c0     Ensayos_Friccion_sfun.obj
 0002:000004c8       __real@41eb5e5b12200000    00000001800184c8     Ensayos_Friccion_sfun.obj
 0002:000004d0       __real@41ecc255d4a00000    00000001800184d0     Ensayos_Friccion_sfun.obj
 0002:000004d8       __real@41ded8e3af800000    00000001800184d8     Ensayos_Friccion_sfun.obj
 0002:000004e0       __real@41bacc7cb7000000    00000001800184e0     c1_Ensayos_Friccion.obj
 0002:000004e8       __real@41e1f0c236200000    00000001800184e8     c1_Ensayos_Friccion.obj
 0002:000004f0       __real@41d7778d2bc00000    00000001800184f0     c1_Ensayos_Friccion.obj
 0002:000004f8       __real@41dfef5e0f400000    00000001800184f8     c1_Ensayos_Friccion.obj
 0002:00000500       __real@4024000000000000    0000000180018500     c1_Ensayos_Friccion.obj
 0002:00000508       __real@3ff0000000000000    0000000180018508     c1_Ensayos_Friccion.obj
 0002:00000510       __real@400921fb54442d18    0000000180018510     c1_Ensayos_Friccion.obj
 0002:00000518       __real@4066800000000000    0000000180018518     c1_Ensayos_Friccion.obj
 0002:00000520       __real@3fb6800000000000    0000000180018520     c1_Ensayos_Friccion.obj
 0002:00000528       __real@41e84da81ae00000    0000000180018528     c2_Ensayos_Friccion.obj
 0002:00000530       __real@41cce426e0000000    0000000180018530     c2_Ensayos_Friccion.obj
 0002:00000538       __real@41cab32742000000    0000000180018538     c2_Ensayos_Friccion.obj
 0002:00000540       __real@41c3b89cca000000    0000000180018540     c2_Ensayos_Friccion.obj
 0002:00000548       __real@40a0000000000000    0000000180018548     c2_Ensayos_Friccion.obj
 0002:00000550       __real@3f91df4722d4405f    0000000180018550     c2_Ensayos_Friccion.obj
 0002:00000558       __real@41e50f9f6ac00000    0000000180018558     c3_Ensayos_Friccion.obj
 0002:00000560       __real@41d86037c0800000    0000000180018560     c3_Ensayos_Friccion.obj
 0002:00000568       __real@41e1a81ee0c00000    0000000180018568     c3_Ensayos_Friccion.obj
 0002:00000570       __real@41d8478f71800000    0000000180018570     c3_Ensayos_Friccion.obj
 0002:00000578       __real@3fecf3f26d5cdffa    0000000180018578     c3_Ensayos_Friccion.obj
 0002:00000580       __real@404e000000000000    0000000180018580     c3_Ensayos_Friccion.obj
 0002:00000588       __real@41d455ede3c00000    0000000180018588     c4_Ensayos_Friccion.obj
 0002:00000590       __real@41b1f581d1000000    0000000180018590     c4_Ensayos_Friccion.obj
 0002:00000598       __real@41e30678f6e00000    0000000180018598     c4_Ensayos_Friccion.obj
 0002:000005a0       __real@41a6a9a540000000    00000001800185a0     c4_Ensayos_Friccion.obj
 0002:000005a8       __real@4000000000000000    00000001800185a8     c4_Ensayos_Friccion.obj
 0002:000005b0       __real@3fdcf3f26d5cdffa    00000001800185b0     c4_Ensayos_Friccion.obj
 0002:000005c0       DYNAMIC_DIMENSION_DEF      00000001800185c0     Ensayos_Friccion_sfun_registry.obj
 0002:000005e0       _ssBadLevel2InputAccessMsg 00000001800185e0     Ensayos_Friccion_sfun_registry.obj
 0002:00000770       _ssBadLevel2DirectFeedMsg  0000000180018770     Ensayos_Friccion_sfun_registry.obj
 0002:000008b0       _ssBadLevel2DirectFeedSolutionMsg 00000001800188b0     Ensayos_Friccion_sfun_registry.obj
 0002:00000920       _ssBadLevel2ZeroDirectFeedMsg 0000000180018920     Ensayos_Friccion_sfun_registry.obj
 0002:00000a60       _ssBadLevel2ZeroDirectFeedMsg2 0000000180018a60     Ensayos_Friccion_sfun_registry.obj
 0002:00000b48       __real@0000000000000000    0000000180018b48     Ensayos_Friccion_sfun_registry.obj
 0002:00000b50       __real@bff0000000000000    0000000180018b50     Ensayos_Friccion_sfun_registry.obj
 0002:00000b58       __real@41602cbca0000000    0000000180018b58     Ensayos_Friccion_sfun_registry.obj
 0002:00000b60       _pDefaultRawDllMain        0000000180018b60     MSVCRT:crtdll.obj
 0002:00000b60       _pRawDllMain               0000000180018b60     MSVCRT:crtdll.obj
 0002:00000b78       ?ProcessDetach@NativeDll@<CrtImplementationDetails>@@0IB 0000000180018b78     MSVCRT:tncleanup.obj
 0002:00000b7c       ?ProcessAttach@NativeDll@<CrtImplementationDetails>@@0IB 0000000180018b7c     MSVCRT:tncleanup.obj
 0002:00000b80       ?ThreadAttach@NativeDll@<CrtImplementationDetails>@@0IB 0000000180018b80     MSVCRT:tncleanup.obj
 0002:00000b84       ?ThreadDetach@NativeDll@<CrtImplementationDetails>@@0IB 0000000180018b84     MSVCRT:tncleanup.obj
 0002:00000b88       ?ProcessVerifier@NativeDll@<CrtImplementationDetails>@@0IB 0000000180018b88     MSVCRT:tncleanup.obj
 0002:00000b90       __rtc_iaa                  0000000180018b90     MSVCRT:_initsect_.obj
 0002:00000b98       __rtc_izz                  0000000180018b98     MSVCRT:_initsect_.obj
 0002:00000ba0       __rtc_taa                  0000000180018ba0     MSVCRT:_initsect_.obj
 0002:00000ba8       __rtc_tzz                  0000000180018ba8     MSVCRT:_initsect_.obj
 0002:00001568       __IMPORT_DESCRIPTOR_sf_runtime 0000000180019568     sf_runtime:sf_runtime.dll
 0002:0000157c       __IMPORT_DESCRIPTOR_libmx  000000018001957c     libmx:libmx.dll
 0002:00001590       __IMPORT_DESCRIPTOR_libmex 0000000180019590     libmex:libmex.dll
 0002:000015a4       __IMPORT_DESCRIPTOR_libut  00000001800195a4     libut:libut.dll
 0002:000015b8       __IMPORT_DESCRIPTOR_libmwmathutil 00000001800195b8     libmwmathutil:libmwmathutil.dll
 0002:000015cc       __IMPORT_DESCRIPTOR_MSVCR100 00000001800195cc     MSVCRT:MSVCR100.dll
 0002:000015e0       __IMPORT_DESCRIPTOR_KERNEL32 00000001800195e0     kernel32:KERNEL32.dll
 0002:000015f4       __NULL_IMPORT_DESCRIPTOR   00000001800195f4     sf_runtime:sf_runtime.dll
 0003:00004628       DYNAMIC_DIMENSION          000000018001f628     Ensayos_Friccion_sfun_registry.obj
 0003:00005228       __security_cookie          0000000180020228     MSVCRT:gs_cookie.obj
 0003:00005230       __security_cookie_complement 0000000180020230     MSVCRT:gs_cookie.obj
 0003:00005238       _fltused                   0000000180020238     MSVCRT:dllsupp.obj
 0003:00005240       __native_dllmain_reason    0000000180020240     MSVCRT:natstart.obj
 0003:00005244       __native_vcclrit_reason    0000000180020244     MSVCRT:natstart.obj
 0003:00005368       sfGlobalDebugInstanceStruct 0000000180020368     Ensayos_Friccion_sfun_registry.obj
 0003:000058f0       ?__type_info_root_node@@3U__type_info_node@@A 00000001800208f0     MSVCRT:tncleanup.obj
 0003:00005900       _Ensayos_FriccionMachineNumber_ 0000000180020900     <common>
 0003:00005904       __native_startup_state     0000000180020904     <common>
 0003:00005908       __native_startup_lock      0000000180020908     <common>
 0003:00005910       __onexitend                0000000180020910     <common>
 0003:00005918       __onexitbegin              0000000180020918     <common>
 0003:00005920       __dyn_tls_init_callback    0000000180020920     <common>

 entry point at        0001:000166c0

 Static symbols

 0001:00000ed0       c1_info_helper             0000000180001ed0 f   c1_Ensayos_Friccion.obj
 0001:00001fa0       c1_emlrt_marshallOut       0000000180002fa0 f   c1_Ensayos_Friccion.obj
 0001:00002030       c1_b_emlrt_marshallOut     0000000180003030 f   c1_Ensayos_Friccion.obj
 0001:000026a0       get_sim_state_c1_Ensayos_Friccion 00000001800036a0 f   c1_Ensayos_Friccion.obj
 0001:00002840       sf_get_sim_state_info_c1_Ensayos_Friccion 0000000180003840 f   c1_Ensayos_Friccion.obj
 0001:00002a10       set_sim_state_c1_Ensayos_Friccion 0000000180003a10 f   c1_Ensayos_Friccion.obj
 0001:00002af0       c1_update_debugger_state_c1_Ensayos_Friccion 0000000180003af0 f   c1_Ensayos_Friccion.obj
 0001:00002b00       c1_emlrt_marshallIn        0000000180003b00 f   c1_Ensayos_Friccion.obj
 0001:00002b70       c1_b_emlrt_marshallIn      0000000180003b70 f   c1_Ensayos_Friccion.obj
 0001:00002c00       c1_d_emlrt_marshallIn      0000000180003c00 f   c1_Ensayos_Friccion.obj
 0001:00002c60       c1_e_emlrt_marshallIn      0000000180003c60 f   c1_Ensayos_Friccion.obj
 0001:00002d60       mdlProcessParameters_c1_Ensayos_Friccion 0000000180003d60 f   c1_Ensayos_Friccion.obj
 0001:00002e40       initialize_params_c1_Ensayos_Friccion 0000000180003e40 f   c1_Ensayos_Friccion.obj
 0001:00002e50       mdlSetWorkWidths_c1_Ensayos_Friccion 0000000180003e50 f   c1_Ensayos_Friccion.obj
 0001:00003320       sf_get_instance_specialization 0000000180004320 f   c1_Ensayos_Friccion.obj
 0001:00003330       mdlStart_c1_Ensayos_Friccion 0000000180004330 f   c1_Ensayos_Friccion.obj
 0001:00003560       init_dsm_address_info      0000000180004560 f   c1_Ensayos_Friccion.obj
 0001:00003570       chart_debug_initialization 0000000180004570 f   c1_Ensayos_Friccion.obj
 0001:00003cb0       init_script_number_translation 0000000180004cb0 f   c1_Ensayos_Friccion.obj
 0001:00003cd0       c1_sf_marshallOut          0000000180004cd0 f   c1_Ensayos_Friccion.obj
 0001:00003d80       c1_sf_marshallIn           0000000180004d80 f   c1_Ensayos_Friccion.obj
 0001:00003e20       sf_opaque_initialize_c1_Ensayos_Friccion 0000000180004e20 f   c1_Ensayos_Friccion.obj
 0001:00003e60       initialize_c1_Ensayos_Friccion 0000000180004e60 f   c1_Ensayos_Friccion.obj
 0001:00003eb0       sf_opaque_enable_c1_Ensayos_Friccion 0000000180004eb0 f   c1_Ensayos_Friccion.obj
 0001:00003ed0       enable_c1_Ensayos_Friccion 0000000180004ed0 f   c1_Ensayos_Friccion.obj
 0001:00003f00       sf_opaque_disable_c1_Ensayos_Friccion 0000000180004f00 f   c1_Ensayos_Friccion.obj
 0001:00003f20       disable_c1_Ensayos_Friccion 0000000180004f20 f   c1_Ensayos_Friccion.obj
 0001:00003f50       sf_opaque_gateway_c1_Ensayos_Friccion 0000000180004f50 f   c1_Ensayos_Friccion.obj
 0001:00003f70       sf_gateway_c1_Ensayos_Friccion 0000000180004f70 f   c1_Ensayos_Friccion.obj
 0001:00004570       sf_opaque_get_sim_state_c1_Ensayos_Friccion 0000000180005570 f   c1_Ensayos_Friccion.obj
 0001:00004590       sf_opaque_set_sim_state_c1_Ensayos_Friccion 0000000180005590 f   c1_Ensayos_Friccion.obj
 0001:000045c0       sf_opaque_terminate_c1_Ensayos_Friccion 00000001800055c0 f   c1_Ensayos_Friccion.obj
 0001:00004660       finalize_c1_Ensayos_Friccion 0000000180005660 f   c1_Ensayos_Friccion.obj
 0001:00004670       sf_opaque_init_subchart_simstructs 0000000180005670 f   c1_Ensayos_Friccion.obj
 0001:00004690       initSimStructsc1_Ensayos_Friccion 0000000180005690 f   c1_Ensayos_Friccion.obj
 0001:000046a0       mdlRTW_c1_Ensayos_Friccion 00000001800056a0 f   c1_Ensayos_Friccion.obj
 0001:00004750       c2_info_helper             0000000180005750 f   c2_Ensayos_Friccion.obj
 0001:00005f80       c2_emlrt_marshallOut       0000000180006f80 f   c2_Ensayos_Friccion.obj
 0001:00006010       c2_b_emlrt_marshallOut     0000000180007010 f   c2_Ensayos_Friccion.obj
 0001:00006680       get_sim_state_c2_Ensayos_Friccion 0000000180007680 f   c2_Ensayos_Friccion.obj
 0001:00006820       sf_get_sim_state_info_c2_Ensayos_Friccion 0000000180007820 f   c2_Ensayos_Friccion.obj
 0001:000069f0       set_sim_state_c2_Ensayos_Friccion 00000001800079f0 f   c2_Ensayos_Friccion.obj
 0001:00006ad0       c2_update_debugger_state_c2_Ensayos_Friccion 0000000180007ad0 f   c2_Ensayos_Friccion.obj
 0001:00006ae0       c2_emlrt_marshallIn        0000000180007ae0 f   c2_Ensayos_Friccion.obj
 0001:00006b50       c2_b_emlrt_marshallIn      0000000180007b50 f   c2_Ensayos_Friccion.obj
 0001:00006be0       c2_d_emlrt_marshallIn      0000000180007be0 f   c2_Ensayos_Friccion.obj
 0001:00006c40       c2_e_emlrt_marshallIn      0000000180007c40 f   c2_Ensayos_Friccion.obj
 0001:00006d40       mdlProcessParameters_c2_Ensayos_Friccion 0000000180007d40 f   c2_Ensayos_Friccion.obj
 0001:00006e20       initialize_params_c2_Ensayos_Friccion 0000000180007e20 f   c2_Ensayos_Friccion.obj
 0001:00006e30       mdlSetWorkWidths_c2_Ensayos_Friccion 0000000180007e30 f   c2_Ensayos_Friccion.obj
 0001:00007300       sf_get_instance_specialization 0000000180008300 f   c2_Ensayos_Friccion.obj
 0001:00007310       mdlStart_c2_Ensayos_Friccion 0000000180008310 f   c2_Ensayos_Friccion.obj
 0001:00007540       init_dsm_address_info      0000000180008540 f   c2_Ensayos_Friccion.obj
 0001:00007550       chart_debug_initialization 0000000180008550 f   c2_Ensayos_Friccion.obj
 0001:00007d00       init_script_number_translation 0000000180008d00 f   c2_Ensayos_Friccion.obj
 0001:00007d20       c2_sf_marshallOut          0000000180008d20 f   c2_Ensayos_Friccion.obj
 0001:00007dd0       c2_sf_marshallIn           0000000180008dd0 f   c2_Ensayos_Friccion.obj
 0001:00007e70       sf_opaque_initialize_c2_Ensayos_Friccion 0000000180008e70 f   c2_Ensayos_Friccion.obj
 0001:00007eb0       initialize_c2_Ensayos_Friccion 0000000180008eb0 f   c2_Ensayos_Friccion.obj
 0001:00007f00       sf_opaque_enable_c2_Ensayos_Friccion 0000000180008f00 f   c2_Ensayos_Friccion.obj
 0001:00007f20       enable_c2_Ensayos_Friccion 0000000180008f20 f   c2_Ensayos_Friccion.obj
 0001:00007f50       sf_opaque_disable_c2_Ensayos_Friccion 0000000180008f50 f   c2_Ensayos_Friccion.obj
 0001:00007f70       disable_c2_Ensayos_Friccion 0000000180008f70 f   c2_Ensayos_Friccion.obj
 0001:00007fa0       sf_opaque_gateway_c2_Ensayos_Friccion 0000000180008fa0 f   c2_Ensayos_Friccion.obj
 0001:00007fc0       sf_gateway_c2_Ensayos_Friccion 0000000180008fc0 f   c2_Ensayos_Friccion.obj
 0001:00008870       sf_opaque_get_sim_state_c2_Ensayos_Friccion 0000000180009870 f   c2_Ensayos_Friccion.obj
 0001:00008890       sf_opaque_set_sim_state_c2_Ensayos_Friccion 0000000180009890 f   c2_Ensayos_Friccion.obj
 0001:000088c0       sf_opaque_terminate_c2_Ensayos_Friccion 00000001800098c0 f   c2_Ensayos_Friccion.obj
 0001:00008960       finalize_c2_Ensayos_Friccion 0000000180009960 f   c2_Ensayos_Friccion.obj
 0001:00008970       sf_opaque_init_subchart_simstructs 0000000180009970 f   c2_Ensayos_Friccion.obj
 0001:00008990       initSimStructsc2_Ensayos_Friccion 0000000180009990 f   c2_Ensayos_Friccion.obj
 0001:000089a0       mdlRTW_c2_Ensayos_Friccion 00000001800099a0 f   c2_Ensayos_Friccion.obj
 0001:00008a50       c3_info_helper             0000000180009a50 f   c3_Ensayos_Friccion.obj
 0001:00009b20       c3_emlrt_marshallOut       000000018000ab20 f   c3_Ensayos_Friccion.obj
 0001:00009bb0       c3_b_emlrt_marshallOut     000000018000abb0 f   c3_Ensayos_Friccion.obj
 0001:0000a220       get_sim_state_c3_Ensayos_Friccion 000000018000b220 f   c3_Ensayos_Friccion.obj
 0001:0000a3d0       sf_get_sim_state_info_c3_Ensayos_Friccion 000000018000b3d0 f   c3_Ensayos_Friccion.obj
 0001:0000a5a0       set_sim_state_c3_Ensayos_Friccion 000000018000b5a0 f   c3_Ensayos_Friccion.obj
 0001:0000a680       c3_update_debugger_state_c3_Ensayos_Friccion 000000018000b680 f   c3_Ensayos_Friccion.obj
 0001:0000a690       c3_emlrt_marshallIn        000000018000b690 f   c3_Ensayos_Friccion.obj
 0001:0000a700       c3_b_emlrt_marshallIn      000000018000b700 f   c3_Ensayos_Friccion.obj
 0001:0000a790       c3_d_emlrt_marshallIn      000000018000b790 f   c3_Ensayos_Friccion.obj
 0001:0000a7f0       c3_e_emlrt_marshallIn      000000018000b7f0 f   c3_Ensayos_Friccion.obj
 0001:0000a8f0       mdlProcessParameters_c3_Ensayos_Friccion 000000018000b8f0 f   c3_Ensayos_Friccion.obj
 0001:0000a9d0       initialize_params_c3_Ensayos_Friccion 000000018000b9d0 f   c3_Ensayos_Friccion.obj
 0001:0000a9e0       mdlSetWorkWidths_c3_Ensayos_Friccion 000000018000b9e0 f   c3_Ensayos_Friccion.obj
 0001:0000aeb0       sf_get_instance_specialization 000000018000beb0 f   c3_Ensayos_Friccion.obj
 0001:0000aec0       mdlStart_c3_Ensayos_Friccion 000000018000bec0 f   c3_Ensayos_Friccion.obj
 0001:0000b0f0       init_dsm_address_info      000000018000c0f0 f   c3_Ensayos_Friccion.obj
 0001:0000b100       chart_debug_initialization 000000018000c100 f   c3_Ensayos_Friccion.obj
 0001:0000b840       init_script_number_translation 000000018000c840 f   c3_Ensayos_Friccion.obj
 0001:0000b860       c3_sf_marshallOut          000000018000c860 f   c3_Ensayos_Friccion.obj
 0001:0000b910       c3_sf_marshallIn           000000018000c910 f   c3_Ensayos_Friccion.obj
 0001:0000b9b0       sf_opaque_initialize_c3_Ensayos_Friccion 000000018000c9b0 f   c3_Ensayos_Friccion.obj
 0001:0000b9f0       initialize_c3_Ensayos_Friccion 000000018000c9f0 f   c3_Ensayos_Friccion.obj
 0001:0000ba40       sf_opaque_enable_c3_Ensayos_Friccion 000000018000ca40 f   c3_Ensayos_Friccion.obj
 0001:0000ba60       enable_c3_Ensayos_Friccion 000000018000ca60 f   c3_Ensayos_Friccion.obj
 0001:0000ba90       sf_opaque_disable_c3_Ensayos_Friccion 000000018000ca90 f   c3_Ensayos_Friccion.obj
 0001:0000bab0       disable_c3_Ensayos_Friccion 000000018000cab0 f   c3_Ensayos_Friccion.obj
 0001:0000bae0       sf_opaque_gateway_c3_Ensayos_Friccion 000000018000cae0 f   c3_Ensayos_Friccion.obj
 0001:0000bb00       sf_gateway_c3_Ensayos_Friccion 000000018000cb00 f   c3_Ensayos_Friccion.obj
 0001:0000c0e0       sf_opaque_get_sim_state_c3_Ensayos_Friccion 000000018000d0e0 f   c3_Ensayos_Friccion.obj
 0001:0000c100       sf_opaque_set_sim_state_c3_Ensayos_Friccion 000000018000d100 f   c3_Ensayos_Friccion.obj
 0001:0000c130       sf_opaque_terminate_c3_Ensayos_Friccion 000000018000d130 f   c3_Ensayos_Friccion.obj
 0001:0000c1d0       finalize_c3_Ensayos_Friccion 000000018000d1d0 f   c3_Ensayos_Friccion.obj
 0001:0000c1e0       sf_opaque_init_subchart_simstructs 000000018000d1e0 f   c3_Ensayos_Friccion.obj
 0001:0000c200       initSimStructsc3_Ensayos_Friccion 000000018000d200 f   c3_Ensayos_Friccion.obj
 0001:0000c210       mdlRTW_c3_Ensayos_Friccion 000000018000d210 f   c3_Ensayos_Friccion.obj
 0001:0000c2c0       c4_info_helper             000000018000d2c0 f   c4_Ensayos_Friccion.obj
 0001:0000d390       c4_emlrt_marshallOut       000000018000e390 f   c4_Ensayos_Friccion.obj
 0001:0000d420       c4_b_emlrt_marshallOut     000000018000e420 f   c4_Ensayos_Friccion.obj
 0001:0000da90       get_sim_state_c4_Ensayos_Friccion 000000018000ea90 f   c4_Ensayos_Friccion.obj
 0001:0000dc40       sf_get_sim_state_info_c4_Ensayos_Friccion 000000018000ec40 f   c4_Ensayos_Friccion.obj
 0001:0000de10       set_sim_state_c4_Ensayos_Friccion 000000018000ee10 f   c4_Ensayos_Friccion.obj
 0001:0000def0       c4_update_debugger_state_c4_Ensayos_Friccion 000000018000eef0 f   c4_Ensayos_Friccion.obj
 0001:0000df00       c4_emlrt_marshallIn        000000018000ef00 f   c4_Ensayos_Friccion.obj
 0001:0000df70       c4_b_emlrt_marshallIn      000000018000ef70 f   c4_Ensayos_Friccion.obj
 0001:0000e000       c4_d_emlrt_marshallIn      000000018000f000 f   c4_Ensayos_Friccion.obj
 0001:0000e060       c4_e_emlrt_marshallIn      000000018000f060 f   c4_Ensayos_Friccion.obj
 0001:0000e160       mdlProcessParameters_c4_Ensayos_Friccion 000000018000f160 f   c4_Ensayos_Friccion.obj
 0001:0000e240       initialize_params_c4_Ensayos_Friccion 000000018000f240 f   c4_Ensayos_Friccion.obj
 0001:0000e250       mdlSetWorkWidths_c4_Ensayos_Friccion 000000018000f250 f   c4_Ensayos_Friccion.obj
 0001:0000e720       sf_get_instance_specialization 000000018000f720 f   c4_Ensayos_Friccion.obj
 0001:0000e730       mdlStart_c4_Ensayos_Friccion 000000018000f730 f   c4_Ensayos_Friccion.obj
 0001:0000e960       init_dsm_address_info      000000018000f960 f   c4_Ensayos_Friccion.obj
 0001:0000e970       chart_debug_initialization 000000018000f970 f   c4_Ensayos_Friccion.obj
 0001:0000f0b0       init_script_number_translation 00000001800100b0 f   c4_Ensayos_Friccion.obj
 0001:0000f0d0       c4_sf_marshallOut          00000001800100d0 f   c4_Ensayos_Friccion.obj
 0001:0000f180       c4_sf_marshallIn           0000000180010180 f   c4_Ensayos_Friccion.obj
 0001:0000f220       sf_opaque_initialize_c4_Ensayos_Friccion 0000000180010220 f   c4_Ensayos_Friccion.obj
 0001:0000f260       initialize_c4_Ensayos_Friccion 0000000180010260 f   c4_Ensayos_Friccion.obj
 0001:0000f2b0       sf_opaque_enable_c4_Ensayos_Friccion 00000001800102b0 f   c4_Ensayos_Friccion.obj
 0001:0000f2d0       enable_c4_Ensayos_Friccion 00000001800102d0 f   c4_Ensayos_Friccion.obj
 0001:0000f300       sf_opaque_disable_c4_Ensayos_Friccion 0000000180010300 f   c4_Ensayos_Friccion.obj
 0001:0000f320       disable_c4_Ensayos_Friccion 0000000180010320 f   c4_Ensayos_Friccion.obj
 0001:0000f350       sf_opaque_gateway_c4_Ensayos_Friccion 0000000180010350 f   c4_Ensayos_Friccion.obj
 0001:0000f370       sf_gateway_c4_Ensayos_Friccion 0000000180010370 f   c4_Ensayos_Friccion.obj
 0001:0000f960       sf_opaque_get_sim_state_c4_Ensayos_Friccion 0000000180010960 f   c4_Ensayos_Friccion.obj
 0001:0000f980       sf_opaque_set_sim_state_c4_Ensayos_Friccion 0000000180010980 f   c4_Ensayos_Friccion.obj
 0001:0000f9b0       sf_opaque_terminate_c4_Ensayos_Friccion 00000001800109b0 f   c4_Ensayos_Friccion.obj
 0001:0000fa50       finalize_c4_Ensayos_Friccion 0000000180010a50 f   c4_Ensayos_Friccion.obj
 0001:0000fa60       sf_opaque_init_subchart_simstructs 0000000180010a60 f   c4_Ensayos_Friccion.obj
 0001:0000fa80       initSimStructsc4_Ensayos_Friccion 0000000180010a80 f   c4_Ensayos_Friccion.obj
 0001:0000fa90       mdlRTW_c4_Ensayos_Friccion 0000000180010a90 f   c4_Ensayos_Friccion.obj
 0001:00010400       getChartInfoFromSimStruct  0000000180011400 f   Ensayos_Friccion_sfun_registry.obj
 0001:00011aa0       _ssFatalError              0000000180012aa0 f   Ensayos_Friccion_sfun_registry.obj
 0001:00014b50       ProcessMexSfunctionCmdLineCall 0000000180015b50 f   Ensayos_Friccion_sfun_registry.obj
 0001:00014c80       sf_debug_api_wrapper       0000000180015c80 f   Ensayos_Friccion_sfun_registry.obj
 0001:00014cd0       mdlStart                   0000000180015cd0 f   Ensayos_Friccion_sfun_registry.obj
 0001:00014d00       mdl_start_processing       0000000180015d00 f   Ensayos_Friccion_sfun_registry.obj
 0001:00014d90       mdlTerminate               0000000180015d90 f   Ensayos_Friccion_sfun_registry.obj
 0001:00014dc0       mdl_terminate_processing   0000000180015dc0 f   Ensayos_Friccion_sfun_registry.obj
 0001:00014e40       mdlInitializeSampleTimes   0000000180015e40 f   Ensayos_Friccion_sfun_registry.obj
 0001:00014e70       mdlZeroCrossings           0000000180015e70 f   Ensayos_Friccion_sfun_registry.obj
 0001:00014ea0       mdl_zeroCrossings_processing 0000000180015ea0 f   Ensayos_Friccion_sfun_registry.obj
 0001:00014ee0       mdlDerivatives             0000000180015ee0 f   Ensayos_Friccion_sfun_registry.obj
 0001:00014f10       mdl_derivatives_processing 0000000180015f10 f   Ensayos_Friccion_sfun_registry.obj
 0001:00014f60       mdlInitializeConditions    0000000180015f60 f   Ensayos_Friccion_sfun_registry.obj
 0001:00014f90       mdl_initialize_conditions_processing 0000000180015f90 f   Ensayos_Friccion_sfun_registry.obj
 0001:00014fe0       mdlEnable                  0000000180015fe0 f   Ensayos_Friccion_sfun_registry.obj
 0001:00015010       mdl_enable_processing      0000000180016010 f   Ensayos_Friccion_sfun_registry.obj
 0001:00015050       mdlDisable                 0000000180016050 f   Ensayos_Friccion_sfun_registry.obj
 0001:00015080       mdl_disable_processing     0000000180016080 f   Ensayos_Friccion_sfun_registry.obj
 0001:000150c0       mdlOutputs                 00000001800160c0 f   Ensayos_Friccion_sfun_registry.obj
 0001:000150f0       mdl_outputs_processing     00000001800160f0 f   Ensayos_Friccion_sfun_registry.obj
 0001:000151d0       mdl_outputs_continuous_legacy 00000001800161d0 f   Ensayos_Friccion_sfun_registry.obj
 0001:000152c0       mdlGetTimeOfNextVarHit     00000001800162c0 f   Ensayos_Friccion_sfun_registry.obj
 0001:00015310       _ProcessMexSfunctionCmdLineCall 0000000180016310 f   Ensayos_Friccion_sfun_registry.obj
 0001:00015a60       mdlSetWorkWidths           0000000180016a60 f   Ensayos_Friccion_sfun_registry.obj
 0001:00015a90       mdlProcessParameters       0000000180016a90 f   Ensayos_Friccion_sfun_registry.obj
 0001:00015ac0       mdlInitializeSizes         0000000180016ac0 f   Ensayos_Friccion_sfun_registry.obj
 0001:00015af0       mdlExtModeExec             0000000180016af0 f   Ensayos_Friccion_sfun_registry.obj
 0001:00015b20       mdl_ext_mode_exec_processing 0000000180016b20 f   Ensayos_Friccion_sfun_registry.obj
 0001:00015b60       mdlRTW                     0000000180016b60 f   Ensayos_Friccion_sfun_registry.obj
 0001:00015ba0       _CreateSimStruct           0000000180016ba0 f   Ensayos_Friccion_sfun_registry.obj
 0001:00015d30       _RegNumInputPortsCB        0000000180016d30 f   Ensayos_Friccion_sfun_registry.obj
 0001:00015db0       _RegNumOutputPortsCB       0000000180016db0 f   Ensayos_Friccion_sfun_registry.obj
 0001:000162c8       pre_c_init                 00000001800172c8 f   MSVCRT:crtdll.obj
 0001:00016584       __DllMainCRTStartup        0000000180017584 f   MSVCRT:crtdll.obj
 0001:00016bf0       __DllMainCRTStartup$filt$0 0000000180017bf0 f   MSVCRT:crtdll.obj
 0001:00016c20       __DllMainCRTStartup$fin$1  0000000180017c20 f   MSVCRT:crtdll.obj
 0001:00016c3a       _onexit$fin$0              0000000180017c3a f   MSVCRT:atonexit.obj
 0001:00016c60       _IsNonwritableInCurrentImage$filt$0 0000000180017c60 f   MSVCRT:pesect.obj
