 caracterizacion_motor_simm_sfun

 Timestamp is 573fd553 (Fri May 20 22:26:11 2016)

 Preferred load address is 0000000180000000

 Start         Length     Name                   Class
 0001:00000000 00014714H .text                   CODE
 0001:00014720 00000092H .text$x                 CODE
 0002:00000000 00000438H .idata$5                DATA
 0002:00000438 00000008H .CRT$XCA                DATA
 0002:00000440 00000008H .CRT$XCZ                DATA
 0002:00000448 00000008H .CRT$XIA                DATA
 0002:00000450 00000008H .CRT$XIAA               DATA
 0002:00000458 00000008H .CRT$XIZ                DATA
 0002:00000460 0000071cH .rdata                  DATA
 0002:00000b80 00000008H .rtc$IAA                DATA
 0002:00000b88 00000008H .rtc$IZZ                DATA
 0002:00000b90 00000008H .rtc$TAA                DATA
 0002:00000b98 00000008H .rtc$TZZ                DATA
 0002:00000ba0 00000988H .xdata                  DATA
 0002:00001528 0000008cH .idata$2                DATA
 0002:000015b4 00000014H .idata$3                DATA
 0002:000015c8 00000438H .idata$4                DATA
 0002:00001a00 00000b8eH .idata$6                DATA
 0002:00002590 00000065H .edata                  DATA
 0003:00000000 00003f38H .data                   DATA
 0003:00003f40 000006c8H .bss                    DATA
 0004:00000000 00000c54H .pdata                  DATA

  Address         Publics by Value              Rva+Base               Lib:Object

 0000:00000000       ___safe_se_handler_count   0000000000000000     <absolute>
 0000:00000000       ___safe_se_handler_table   0000000000000000     <absolute>
 0000:00000000       __ImageBase                0000000180000000     <linker-defined>
 0001:00000000       caracterizacion_motor_simm_initializer 0000000180001000 f   caracterizacion_motor_simm_sfun.obj
 0001:00000010       caracterizacion_motor_simm_terminator 0000000180001010 f   caracterizacion_motor_simm_sfun.obj
 0001:00000020       sf_caracterizacion_motor_simm_method_dispatcher 0000000180001020 f   caracterizacion_motor_simm_sfun.obj
 0001:000000d0       sf_caracterizacion_motor_simm_process_check_sum_call 00000001800010d0 f   caracterizacion_motor_simm_sfun.obj
 0001:00000520       sf_caracterizacion_motor_simm_autoinheritance_info 0000000180001520 f   caracterizacion_motor_simm_sfun.obj
 0001:00000780       sf_caracterizacion_motor_simm_get_eml_resolved_functions_info 0000000180001780 f   caracterizacion_motor_simm_sfun.obj
 0001:00000970       sf_caracterizacion_motor_simm_third_party_uses_info 0000000180001970 f   caracterizacion_motor_simm_sfun.obj
 0001:00000b60       sf_caracterizacion_motor_simm_updateBuildInfo_args_info 0000000180001b60 f   caracterizacion_motor_simm_sfun.obj
 0001:00000d50       caracterizacion_motor_simm_debug_initialize 0000000180001d50 f   caracterizacion_motor_simm_sfun.obj
 0001:00000dd0       caracterizacion_motor_simm_register_exported_symbols 0000000180001dd0 f   caracterizacion_motor_simm_sfun.obj
 0001:00000de0       load_caracterizacion_motor_simm_optimization_info 0000000180001de0 f   caracterizacion_motor_simm_sfun.obj
 0001:00000e30       unload_caracterizacion_motor_simm_optimization_info 0000000180001e30 f   caracterizacion_motor_simm_sfun.obj
 0001:00000e60       sf_c1_caracterizacion_motor_simm_get_eml_resolved_functions_info 0000000180001e60 f   c1_caracterizacion_motor_simm.obj
 0001:00000ee0       sf_c1_caracterizacion_motor_simm_get_check_sum 0000000180001ee0 f   c1_caracterizacion_motor_simm.obj
 0001:00000f60       sf_c1_caracterizacion_motor_simm_get_autoinheritance_info 0000000180001f60 f   c1_caracterizacion_motor_simm.obj
 0001:00001380       sf_c1_caracterizacion_motor_simm_third_party_uses_info 0000000180002380 f   c1_caracterizacion_motor_simm.obj
 0001:000013b0       sf_c1_caracterizacion_motor_simm_updateBuildInfo_args_info 00000001800023b0 f   c1_caracterizacion_motor_simm.obj
 0001:000013e0       sf_internal_get_sim_state_c1_caracterizacion_motor_simm 00000001800023e0 f   c1_caracterizacion_motor_simm.obj
 0001:00001740       sf_internal_set_sim_state_c1_caracterizacion_motor_simm 0000000180002740 f   c1_caracterizacion_motor_simm.obj
 0001:00001b30       c1_caracterizacion_motor_simm_method_dispatcher 0000000180002b30 f   c1_caracterizacion_motor_simm.obj
 0001:000034b0       sf_c2_caracterizacion_motor_simm_get_eml_resolved_functions_info 00000001800044b0 f   c2_caracterizacion_motor_simm.obj
 0001:00004e50       sf_c2_caracterizacion_motor_simm_get_check_sum 0000000180005e50 f   c2_caracterizacion_motor_simm.obj
 0001:00004ed0       sf_c2_caracterizacion_motor_simm_get_autoinheritance_info 0000000180005ed0 f   c2_caracterizacion_motor_simm.obj
 0001:000052f0       sf_c2_caracterizacion_motor_simm_third_party_uses_info 00000001800062f0 f   c2_caracterizacion_motor_simm.obj
 0001:00005320       sf_c2_caracterizacion_motor_simm_updateBuildInfo_args_info 0000000180006320 f   c2_caracterizacion_motor_simm.obj
 0001:00005350       sf_internal_get_sim_state_c2_caracterizacion_motor_simm 0000000180006350 f   c2_caracterizacion_motor_simm.obj
 0001:000056b0       sf_internal_set_sim_state_c2_caracterizacion_motor_simm 00000001800066b0 f   c2_caracterizacion_motor_simm.obj
 0001:00005aa0       c2_caracterizacion_motor_simm_method_dispatcher 0000000180006aa0 f   c2_caracterizacion_motor_simm.obj
 0001:00007730       sf_c3_caracterizacion_motor_simm_get_eml_resolved_functions_info 0000000180008730 f   c3_caracterizacion_motor_simm.obj
 0001:00008970       sf_c3_caracterizacion_motor_simm_get_check_sum 0000000180009970 f   c3_caracterizacion_motor_simm.obj
 0001:000089f0       sf_c3_caracterizacion_motor_simm_get_autoinheritance_info 00000001800099f0 f   c3_caracterizacion_motor_simm.obj
 0001:00008e10       sf_c3_caracterizacion_motor_simm_third_party_uses_info 0000000180009e10 f   c3_caracterizacion_motor_simm.obj
 0001:00008e40       sf_c3_caracterizacion_motor_simm_updateBuildInfo_args_info 0000000180009e40 f   c3_caracterizacion_motor_simm.obj
 0001:00008e70       sf_internal_get_sim_state_c3_caracterizacion_motor_simm 0000000180009e70 f   c3_caracterizacion_motor_simm.obj
 0001:000091e0       sf_internal_set_sim_state_c3_caracterizacion_motor_simm 000000018000a1e0 f   c3_caracterizacion_motor_simm.obj
 0001:000095d0       c3_caracterizacion_motor_simm_method_dispatcher 000000018000a5d0 f   c3_caracterizacion_motor_simm.obj
 0001:0000afa0       sf_c4_caracterizacion_motor_simm_get_eml_resolved_functions_info 000000018000bfa0 f   c4_caracterizacion_motor_simm.obj
 0001:0000b020       sf_c4_caracterizacion_motor_simm_get_check_sum 000000018000c020 f   c4_caracterizacion_motor_simm.obj
 0001:0000b0a0       sf_c4_caracterizacion_motor_simm_get_autoinheritance_info 000000018000c0a0 f   c4_caracterizacion_motor_simm.obj
 0001:0000b4c0       sf_c4_caracterizacion_motor_simm_third_party_uses_info 000000018000c4c0 f   c4_caracterizacion_motor_simm.obj
 0001:0000b4f0       sf_c4_caracterizacion_motor_simm_updateBuildInfo_args_info 000000018000c4f0 f   c4_caracterizacion_motor_simm.obj
 0001:0000b520       sf_internal_get_sim_state_c4_caracterizacion_motor_simm 000000018000c520 f   c4_caracterizacion_motor_simm.obj
 0001:0000b890       sf_internal_set_sim_state_c4_caracterizacion_motor_simm 000000018000c890 f   c4_caracterizacion_motor_simm.obj
 0001:0000bc80       c4_caracterizacion_motor_simm_method_dispatcher 000000018000cc80 f   c4_caracterizacion_motor_simm.obj
 0001:0000d600       sf_process_check_sum_call  000000018000e600 f   caracterizacion_motor_simm_sfun_registry.obj
 0001:0000d650       sf_process_autoinheritance_call 000000018000e650 f   caracterizacion_motor_simm_sfun_registry.obj
 0001:0000d7f0       sf_process_get_third_party_uses_info_call 000000018000e7f0 f   caracterizacion_motor_simm_sfun_registry.obj
 0001:0000d990       sf_process_get_updateBuildInfo_args_info_call 000000018000e990 f   caracterizacion_motor_simm_sfun_registry.obj
 0001:0000db30       sf_process_get_eml_resolved_functions_info_call 000000018000eb30 f   caracterizacion_motor_simm_sfun_registry.obj
 0001:0000dcb0       sf_mex_unlock_call         000000018000ecb0 f   caracterizacion_motor_simm_sfun_registry.obj
 0001:0000dd60       sf_machine_global_initializer_called 000000018000ed60 f   caracterizacion_motor_simm_sfun_registry.obj
 0001:0000dd90       sf_machine_global_method_dispatcher 000000018000ed90 f   caracterizacion_motor_simm_sfun_registry.obj
 0001:0000ddf0       sf_machine_global_terminator 000000018000edf0 f   caracterizacion_motor_simm_sfun_registry.obj
 0001:0000de40       sf_register_machine_exported_symbols 000000018000ee40 f   caracterizacion_motor_simm_sfun_registry.obj
 0001:0000de60       callCustomFcn              000000018000ee60 f   caracterizacion_motor_simm_sfun_registry.obj
 0001:0000de70       sf_machine_global_initializer 000000018000ee70 f   caracterizacion_motor_simm_sfun_registry.obj
 0001:0000def0       mdlGetSimState             000000018000eef0 f   caracterizacion_motor_simm_sfun_registry.obj
 0001:0000df70       mdlSetSimState             000000018000ef70 f   caracterizacion_motor_simm_sfun_registry.obj
 0001:0000dfb0       _ssSetStateAbsTol          000000018000efb0 f   caracterizacion_motor_simm_sfun_registry.obj
 0001:0000e090       _ssGetAbsTol               000000018000f090 f   caracterizacion_motor_simm_sfun_registry.obj
 0001:0000e100       _ssSetInputPortMatrixDimensions 000000018000f100 f   caracterizacion_motor_simm_sfun_registry.obj
 0001:0000e210       _ssSetOutputPortMatrixDimensions 000000018000f210 f   caracterizacion_motor_simm_sfun_registry.obj
 0001:0000e320       _ssSetInputPortVectorDimension 000000018000f320 f   caracterizacion_motor_simm_sfun_registry.obj
 0001:0000e3f0       _ssSetOutputPortVectorDimension 000000018000f3f0 f   caracterizacion_motor_simm_sfun_registry.obj
 0001:0000e4c0       ssIsRunTimeParamTunable    000000018000f4c0 f   caracterizacion_motor_simm_sfun_registry.obj
 0001:0000e530       ssGetSFuncBlockHandle      000000018000f530 f   caracterizacion_motor_simm_sfun_registry.obj
 0001:0000e5a0       _ssGetCurrentInputPortWidth 000000018000f5a0 f   caracterizacion_motor_simm_sfun_registry.obj
 0001:0000e6c0       _ssGetCurrentOutputPortWidth 000000018000f6c0 f   caracterizacion_motor_simm_sfun_registry.obj
 0001:0000e7e0       _ssGetCallSystemNumFcnCallDestinations 000000018000f7e0 f   caracterizacion_motor_simm_sfun_registry.obj
 0001:0000e850       ssWarning                  000000018000f850 f   caracterizacion_motor_simm_sfun_registry.obj
 0001:0000e960       ssGetIsZeroCrossControlDisabled 000000018000f960 f   caracterizacion_motor_simm_sfun_registry.obj
 0001:0000e9d0       ssSetIsInputPortUsedForContZcSignal 000000018000f9d0 f   caracterizacion_motor_simm_sfun_registry.obj
 0001:0000ea40       ssSetZcSignalIsZcElementDisc 000000018000fa40 f   caracterizacion_motor_simm_sfun_registry.obj
 0001:0000eaf0       ssSetZcSignalName          000000018000faf0 f   caracterizacion_motor_simm_sfun_registry.obj
 0001:0000eb60       ssSetZcSignalWidth         000000018000fb60 f   caracterizacion_motor_simm_sfun_registry.obj
 0001:0000ebd0       ssSetZcSignalZcEventType   000000018000fbd0 f   caracterizacion_motor_simm_sfun_registry.obj
 0001:0000ec40       ssSetZcSignalType          000000018000fc40 f   caracterizacion_motor_simm_sfun_registry.obj
 0001:0000ecb0       ssSetZcSignalZcTol         000000018000fcb0 f   caracterizacion_motor_simm_sfun_registry.obj
 0001:0000ed20       ssSetZcSignalNeedsEventNotification 000000018000fd20 f   caracterizacion_motor_simm_sfun_registry.obj
 0001:0000ed90       ssCreateAndAddZcSignalInfo 000000018000fd90 f   caracterizacion_motor_simm_sfun_registry.obj
 0001:0000ee00       ssCloneAndAddZcSignalInfo  000000018000fe00 f   caracterizacion_motor_simm_sfun_registry.obj
 0001:0000ee70       ssGetNumZcSignals          000000018000fe70 f   caracterizacion_motor_simm_sfun_registry.obj
 0001:0000eee0       ssGetZcSignalVector        000000018000fee0 f   caracterizacion_motor_simm_sfun_registry.obj
 0001:0000ef50       ssGetZcSignalZcEvents      000000018000ff50 f   caracterizacion_motor_simm_sfun_registry.obj
 0001:0000efc0       ssGetZcSignalName          000000018000ffc0 f   caracterizacion_motor_simm_sfun_registry.obj
 0001:0000f030       ssGetZcSignalWidth         0000000180010030 f   caracterizacion_motor_simm_sfun_registry.obj
 0001:0000f0a0       ssGetZcSignalZcEventType   00000001800100a0 f   caracterizacion_motor_simm_sfun_registry.obj
 0001:0000f110       ssGetZcSignalType          0000000180010110 f   caracterizacion_motor_simm_sfun_registry.obj
 0001:0000f180       ssGetZcSignalZcTol         0000000180010180 f   caracterizacion_motor_simm_sfun_registry.obj
 0001:0000f200       ssGetZcSignalNeedsEventNotification 0000000180010200 f   caracterizacion_motor_simm_sfun_registry.obj
 0001:0000f270       ssGetZcSignalIsZcElementDisc 0000000180010270 f   caracterizacion_motor_simm_sfun_registry.obj
 0001:0000f310       ssGetIsInputPortElementContinuous 0000000180010310 f   caracterizacion_motor_simm_sfun_registry.obj
 0001:0000f3b0       _ssGetInputPortSignalPtrsFcn 00000001800103b0 f   caracterizacion_motor_simm_sfun_registry.obj
 0001:0000f670       _ssGetInputPortSignalFcn   0000000180010670 f   caracterizacion_motor_simm_sfun_registry.obj
 0001:0000f890       _ssSetInputPortDirectFeedThroughFcn 0000000180010890 f   caracterizacion_motor_simm_sfun_registry.obj
 0001:0000f9f0       _ssSetInputPortReusableFcn 00000001800109f0 f   caracterizacion_motor_simm_sfun_registry.obj
 0001:0000fae0       _ssSetOutputPortReusableFcn 0000000180010ae0 f   caracterizacion_motor_simm_sfun_registry.obj
 0001:0000fbc0       ssGetDTypeIdFromMxArray    0000000180010bc0 f   caracterizacion_motor_simm_sfun_registry.obj
 0001:0000fce0       ssWriteRTWStr              0000000180010ce0 f   caracterizacion_motor_simm_sfun_registry.obj
 0001:0000fd40       ssWriteRTWMxVectParam      0000000180010d40 f   caracterizacion_motor_simm_sfun_registry.obj
 0001:0000fda0       ssWriteRTWMx2dMatParam     0000000180010da0 f   caracterizacion_motor_simm_sfun_registry.obj
 0001:0000fe20       ssWriteRTWNameValuePair    0000000180010e20 f   caracterizacion_motor_simm_sfun_registry.obj
 0001:00010310       ssWriteRTWParameters       0000000180011310 f   caracterizacion_motor_simm_sfun_registry.obj
 0001:00010910       ssWriteRTWParamSettings    0000000180011910 f   caracterizacion_motor_simm_sfun_registry.obj
 0001:00010fe0       ssWriteRTWWorkVect         0000000180011fe0 f   caracterizacion_motor_simm_sfun_registry.obj
 0001:000114e0       mexFunction                00000001800124e0 f   caracterizacion_motor_simm_sfun_registry.obj
 0001:00013960       ProcessMexSfunctionEveryCall 0000000180014960 f   caracterizacion_motor_simm_sfun_registry.obj
 0001:00013ae2       sf_debug_set_machine_data_thresholds 0000000180014ae2 f   sf_runtime:sf_runtime.dll
 0001:00013ae8       sf_debug_set_machine_event_thresholds 0000000180014ae8 f   sf_runtime:sf_runtime.dll
 0001:00013aee       sf_debug_initialize_machine 0000000180014aee f   sf_runtime:sf_runtime.dll
 0001:00013af4       sf_load_rtw_optimization_info 0000000180014af4 f   sf_runtime:sf_runtime.dll
 0001:00013afa       sf_mex_assign              0000000180014afa f   sf_runtime:sf_runtime.dll
 0001:00013b00       sf_mex_create              0000000180014b00 f   sf_runtime:sf_runtime.dll
 0001:00013b06       sf_mex_error_message       0000000180014b06 f   sf_runtime:sf_runtime.dll
 0001:00013b0c       sf_mex_call_matlab         0000000180014b0c f   sf_runtime:sf_runtime.dll
 0001:00013b12       sf_mex_setcell             0000000180014b12 f   sf_runtime:sf_runtime.dll
 0001:00013b18       sf_mex_createcellmatrix    0000000180014b18 f   sf_runtime:sf_runtime.dll
 0001:00013b1e       sf_mex_decode_encoded_mx_struct_array 0000000180014b1e f   sf_runtime:sf_runtime.dll
 0001:00013b24       sf_mex_destroy             0000000180014b24 f   sf_runtime:sf_runtime.dll
 0001:00013b2a       sf_mex_getcell             0000000180014b2a f   sf_runtime:sf_runtime.dll
 0001:00013b30       sf_mex_dup                 0000000180014b30 f   sf_runtime:sf_runtime.dll
 0001:00013b36       sf_mex_import              0000000180014b36 f   sf_runtime:sf_runtime.dll
 0001:00013b3c       sf_set_rtw_dwork_info      0000000180014b3c f   sf_runtime:sf_runtime.dll
 0001:00013b42       sf_mark_chart_reusable_outputs 0000000180014b42 f   sf_runtime:sf_runtime.dll
 0001:00013b48       sf_mark_chart_expressionable_inputs 0000000180014b48 f   sf_runtime:sf_runtime.dll
 0001:00013b4e       sf_update_buildInfo        0000000180014b4e f   sf_runtime:sf_runtime.dll
 0001:00013b54       sf_rtw_info_uint_prop      0000000180014b54 f   sf_runtime:sf_runtime.dll
 0001:00013b5a       sf_is_chart_inlinable      0000000180014b5a f   sf_runtime:sf_runtime.dll
 0001:00013b60       sim_mode_is_external       0000000180014b60 f   sf_runtime:sf_runtime.dll
 0001:00013b66       sim_mode_is_rtw_gen        0000000180014b66 f   sf_runtime:sf_runtime.dll
 0001:00013b6c       sf_debug_reset_current_state_configuration 0000000180014b6c f   sf_runtime:sf_runtime.dll
 0001:00013b72       sf_debug_set_instance_data_value_ptr 0000000180014b72 f   sf_runtime:sf_runtime.dll
 0001:00013b78       sf_debug_set_chart_data_compiled_props 0000000180014b78 f   sf_runtime:sf_runtime.dll
 0001:00013b7e       cv_eml_init_fcn            0000000180014b7e f   sf_runtime:sf_runtime.dll
 0001:00013b84       cv_eml_init_script         0000000180014b84 f   sf_runtime:sf_runtime.dll
 0001:00013b8a       sf_debug_cv_init_trans     0000000180014b8a f   sf_runtime:sf_runtime.dll
 0001:00013b90       sf_debug_cv_init_state     0000000180014b90 f   sf_runtime:sf_runtime.dll
 0001:00013b96       sf_debug_cv_init_chart     0000000180014b96 f   sf_runtime:sf_runtime.dll
 0001:00013b9c       sf_debug_set_chart_decomposition 0000000180014b9c f   sf_runtime:sf_runtime.dll
 0001:00013ba2       sf_debug_set_chart_substate_count 0000000180014ba2 f   sf_runtime:sf_runtime.dll
 0001:00013ba8       sf_debug_set_chart_state_info 0000000180014ba8 f   sf_runtime:sf_runtime.dll
 0001:00013bae       sf_debug_set_chart_data_props 0000000180014bae f   sf_runtime:sf_runtime.dll
 0001:00013bb4       sf_debug_set_chart_event_thresholds 0000000180014bb4 f   sf_runtime:sf_runtime.dll
 0001:00013bba       sf_debug_set_chart_disable_implicit_casting 0000000180014bba f   sf_runtime:sf_runtime.dll
 0001:00013bc0       sf_debug_initialize_chart  0000000180014bc0 f   sf_runtime:sf_runtime.dll
 0001:00013bc6       sf_get_time                0000000180014bc6 f   sf_runtime:sf_runtime.dll
 0001:00013bcc       sf_debug_check_for_state_inconsistency 0000000180014bcc f   sf_runtime:sf_runtime.dll
 0001:00013bd2       sf_debug_symbol_scope_pop  0000000180014bd2 f   sf_runtime:sf_runtime.dll
 0001:00013bd8       eml_debug_line_call        0000000180014bd8 f   sf_runtime:sf_runtime.dll
 0001:00013bde       cv_eml_eval                0000000180014bde f   sf_runtime:sf_runtime.dll
 0001:00013be4       sf_debug_symbol_scope_add_eml 0000000180014be4 f   sf_runtime:sf_runtime.dll
 0001:00013bea       sf_debug_symbol_scope_add_eml_importable 0000000180014bea f   sf_runtime:sf_runtime.dll
 0001:00013bf0       sf_debug_symbol_scope_push_eml 0000000180014bf0 f   sf_runtime:sf_runtime.dll
 0001:00013bf6       sf_debug_data_range_wrapper 0000000180014bf6 f   sf_runtime:sf_runtime.dll
 0001:00013bfc       sf_debug_call              0000000180014bfc f   sf_runtime:sf_runtime.dll
 0001:00013c02       sf_debug_symbol_scope_push 0000000180014c02 f   sf_runtime:sf_runtime.dll
 0001:00013c08       sf_clear_rtw_identifier    0000000180014c08 f   sf_runtime:sf_runtime.dll
 0001:00013c0e       sf_mex_emlrtNameCapturePostProcessR2012a 0000000180014c0e f   sf_runtime:sf_runtime.dll
 0001:00013c14       sf_mex_createstruct        0000000180014c14 f   sf_runtime:sf_runtime.dll
 0001:00013c1a       sf_mex_duplicatearraysafe  0000000180014c1a f   sf_runtime:sf_runtime.dll
 0001:00013c20       sf_mex_addfield            0000000180014c20 f   sf_runtime:sf_runtime.dll
 0001:00013c26       cv_eml_init_if             0000000180014c26 f   sf_runtime:sf_runtime.dll
 0001:00013c2c       sf_debug_terminate         0000000180014c2c f   sf_runtime:sf_runtime.dll
 0001:00013c32       sf_debug_create_debug_instance_struct 0000000180014c32 f   sf_runtime:sf_runtime.dll
 0001:00013c38       sf_debug_api               0000000180014c38 f   sf_runtime:sf_runtime.dll
 0001:00013c3e       callMdlMethodAndReportError 0000000180014c3e f   sf_runtime:sf_runtime.dll
 0001:00013c44       call_sf_machine_global_method_dispatcher 0000000180014c44 f   sf_runtime:sf_runtime.dll
 0001:00013c4a       sf_clear_error_manager_info 0000000180014c4a f   sf_runtime:sf_runtime.dll
 0001:00013c50       sf_mex_error_direct_call   0000000180014c50 f   sf_runtime:sf_runtime.dll
 0001:00013c56       mxGetScalar                0000000180014c56 f   libmx:libmx.dll
 0001:00013c5c       mxGetPr                    0000000180014c5c f   libmx:libmx.dll
 0001:00013c62       mxCreateDoubleMatrix_730   0000000180014c62 f   libmx:libmx.dll
 0001:00013c68       mxGetString_730            0000000180014c68 f   libmx:libmx.dll
 0001:00013c6e       mxIsChar                   0000000180014c6e f   libmx:libmx.dll
 0001:00013c74       mxDestroyArray             0000000180014c74 f   libmx:libmx.dll
 0001:00013c7a       mxDuplicateArray           0000000180014c7a f   libmx:libmx.dll
 0001:00013c80       mxCreateDoubleScalar       0000000180014c80 f   libmx:libmx.dll
 0001:00013c86       mxSetField_730             0000000180014c86 f   libmx:libmx.dll
 0001:00013c8c       mxCreateString             0000000180014c8c f   libmx:libmx.dll
 0001:00013c92       mxCreateStructMatrix_730   0000000180014c92 f   libmx:libmx.dll
 0001:00013c98       mxCreateCellMatrix_730     0000000180014c98 f   libmx:libmx.dll
 0001:00013c9e       mxGetClassID               0000000180014c9e f   libmx:libmx.dll
 0001:00013ca4       mxIsNumeric                0000000180014ca4 f   libmx:libmx.dll
 0001:00013caa       mxIsComplex                0000000180014caa f   libmx:libmx.dll
 0001:00013cb0       mxGetN                     0000000180014cb0 f   libmx:libmx.dll
 0001:00013cb6       mxGetM                     0000000180014cb6 f   libmx:libmx.dll
 0001:00013cbc       mxCalloc                   0000000180014cbc f   libmx:libmx.dll
 0001:00013cc2       mexMakeArrayPersistent     0000000180014cc2 f   libmex:libmex.dll
 0001:00013cc8       mexUnlock                  0000000180014cc8 f   libmex:libmex.dll
 0001:00013cce       mexIsLocked                0000000180014cce f   libmex:libmex.dll
 0001:00013cd4       mexWarnMsgTxt              0000000180014cd4 f   libmex:libmex.dll
 0001:00013cda       mexCallMATLAB              0000000180014cda f   libmex:libmex.dll
 0001:00013ce0       mexErrMsgTxt               0000000180014ce0 f   libmex:libmex.dll
 0001:00013ce6       mexLock                    0000000180014ce6 f   libmex:libmex.dll
 0001:00013cec       utMalloc                   0000000180014cec f   libut:libut.dll
 0001:00013cf2       utFree                     0000000180014cf2 f   libut:libut.dll
 0001:00013cf8       muDoubleScalarAbs          0000000180014cf8 f   libmwmathutil:libmwmathutil.dll
 0001:00013d00       __GSHandlerCheckCommon     0000000180014d00 f   MSVCRT:gshandler.obj
 0001:00013d64       __GSHandlerCheck           0000000180014d64 f   MSVCRT:gshandler.obj
 0001:00013d82       strcmp                     0000000180014d82 f   MSVCRT:MSVCR100.dll
 0001:00013da0       __security_check_cookie    0000000180014da0 f   MSVCRT:amdsecgs.obj
 0001:00013dc0       memset                     0000000180014dc0 f   MSVCRT:MSVCR100.dll
 0001:00013dc6       strlen                     0000000180014dc6 f   MSVCRT:MSVCR100.dll
 0001:00013dcc       free                       0000000180014dcc f   MSVCRT:MSVCR100.dll
 0001:00013dd2       sprintf                    0000000180014dd2 f   MSVCRT:MSVCR100.dll
 0001:00013dd8       malloc                     0000000180014dd8 f   MSVCRT:MSVCR100.dll
 0001:00013dde       strcat                     0000000180014dde f   MSVCRT:MSVCR100.dll
 0001:00013de4       memcpy                     0000000180014de4 f   MSVCRT:MSVCR100.dll
 0001:00013dec       NtCurrentTeb               0000000180014dec f i MSVCRT:crtdll.obj
 0001:00013e58       _CRT_INIT                  0000000180014e58 f   MSVCRT:crtdll.obj
 0001:000141f0       _DllMainCRTStartup         00000001800151f0 f   MSVCRT:crtdll.obj
 0001:00014230       __report_gsfailure         0000000180015230 f   MSVCRT:gs_report.obj
 0001:0001437c       __clean_type_info_names    000000018001537c f   MSVCRT:tncleanup.obj
 0001:00014388       _onexit                    0000000180015388 f   MSVCRT:atonexit.obj
 0001:00014438       atexit                     0000000180015438 f   MSVCRT:atonexit.obj
 0001:00014450       _RTC_Initialize            0000000180015450 f   MSVCRT:_initsect_.obj
 0001:00014488       _RTC_Terminate             0000000180015488 f   MSVCRT:_initsect_.obj
 0001:000144c0       _malloc_crt                00000001800154c0 f   MSVCRT:MSVCR100.dll
 0001:000144d0       _ValidateImageBase         00000001800154d0 f   MSVCRT:pesect.obj
 0001:00014500       _FindPESection             0000000180015500 f   MSVCRT:pesect.obj
 0001:00014550       _IsNonwritableInCurrentImage 0000000180015550 f   MSVCRT:pesect.obj
 0001:00014592       _initterm                  0000000180015592 f   MSVCRT:MSVCR100.dll
 0001:00014598       _initterm_e                0000000180015598 f   MSVCRT:MSVCR100.dll
 0001:0001459e       _encoded_null              000000018001559e f   MSVCRT:MSVCR100.dll
 0001:000145a4       _amsg_exit                 00000001800155a4 f   MSVCRT:MSVCR100.dll
 0001:000145aa       __C_specific_handler       00000001800155aa f   MSVCRT:MSVCR100.dll
 0001:000145b0       __CppXcptFilter            00000001800155b0 f   MSVCRT:MSVCR100.dll
 0001:000145b8       DllMain                    00000001800155b8 f   MSVCRT:dllmain.obj
 0001:000145dc       __security_init_cookie     00000001800155dc f   MSVCRT:gs_support.obj
 0001:00014690       __crt_debugger_hook        0000000180015690 f   MSVCRT:MSVCR100.dll
 0001:00014696       __clean_type_info_names_internal 0000000180015696 f   MSVCRT:MSVCR100.dll
 0001:0001469c       _unlock                    000000018001569c f   MSVCRT:MSVCR100.dll
 0001:000146a2       __dllonexit                00000001800156a2 f   MSVCRT:MSVCR100.dll
 0001:000146a8       _lock                      00000001800156a8 f   MSVCRT:MSVCR100.dll
 0001:000146ae       EncodePointer              00000001800156ae f   kernel32:KERNEL32.dll
 0001:000146b4       DecodePointer              00000001800156b4 f   kernel32:KERNEL32.dll
 0001:000146ba       Sleep                      00000001800156ba f   kernel32:KERNEL32.dll
 0001:000146c0       TerminateProcess           00000001800156c0 f   kernel32:KERNEL32.dll
 0001:000146c6       GetCurrentProcess          00000001800156c6 f   kernel32:KERNEL32.dll
 0001:000146cc       UnhandledExceptionFilter   00000001800156cc f   kernel32:KERNEL32.dll
 0001:000146d2       SetUnhandledExceptionFilter 00000001800156d2 f   kernel32:KERNEL32.dll
 0001:000146d8       IsDebuggerPresent          00000001800156d8 f   kernel32:KERNEL32.dll
 0001:000146de       RtlVirtualUnwind           00000001800156de f   kernel32:KERNEL32.dll
 0001:000146e4       RtlLookupFunctionEntry     00000001800156e4 f   kernel32:KERNEL32.dll
 0001:000146ea       RtlCaptureContext          00000001800156ea f   kernel32:KERNEL32.dll
 0001:000146f0       DisableThreadLibraryCalls  00000001800156f0 f   kernel32:KERNEL32.dll
 0001:000146f6       QueryPerformanceCounter    00000001800156f6 f   kernel32:KERNEL32.dll
 0001:000146fc       GetTickCount               00000001800156fc f   kernel32:KERNEL32.dll
 0001:00014702       GetCurrentThreadId         0000000180015702 f   kernel32:KERNEL32.dll
 0001:00014708       GetCurrentProcessId        0000000180015708 f   kernel32:KERNEL32.dll
 0001:0001470e       GetSystemTimeAsFileTime    000000018001570e f   kernel32:KERNEL32.dll
 0002:00000000       __imp_GetSystemTimeAsFileTime 0000000180016000     kernel32:KERNEL32.dll
 0002:00000008       __imp_GetCurrentProcessId  0000000180016008     kernel32:KERNEL32.dll
 0002:00000010       __imp_GetCurrentThreadId   0000000180016010     kernel32:KERNEL32.dll
 0002:00000018       __imp_GetTickCount         0000000180016018     kernel32:KERNEL32.dll
 0002:00000020       __imp_QueryPerformanceCounter 0000000180016020     kernel32:KERNEL32.dll
 0002:00000028       __imp_DisableThreadLibraryCalls 0000000180016028     kernel32:KERNEL32.dll
 0002:00000030       __imp_RtlCaptureContext    0000000180016030     kernel32:KERNEL32.dll
 0002:00000038       __imp_RtlLookupFunctionEntry 0000000180016038     kernel32:KERNEL32.dll
 0002:00000040       __imp_RtlVirtualUnwind     0000000180016040     kernel32:KERNEL32.dll
 0002:00000048       __imp_IsDebuggerPresent    0000000180016048     kernel32:KERNEL32.dll
 0002:00000050       __imp_SetUnhandledExceptionFilter 0000000180016050     kernel32:KERNEL32.dll
 0002:00000058       __imp_UnhandledExceptionFilter 0000000180016058     kernel32:KERNEL32.dll
 0002:00000060       __imp_GetCurrentProcess    0000000180016060     kernel32:KERNEL32.dll
 0002:00000068       __imp_TerminateProcess     0000000180016068     kernel32:KERNEL32.dll
 0002:00000070       __imp_Sleep                0000000180016070     kernel32:KERNEL32.dll
 0002:00000078       __imp_DecodePointer        0000000180016078     kernel32:KERNEL32.dll
 0002:00000080       __imp_EncodePointer        0000000180016080     kernel32:KERNEL32.dll
 0002:00000088       \177KERNEL32_NULL_THUNK_DATA 0000000180016088     kernel32:KERNEL32.dll
 0002:00000090       __imp__onexit              0000000180016090     MSVCRT:MSVCR100.dll
 0002:00000098       __imp__lock                0000000180016098     MSVCRT:MSVCR100.dll
 0002:000000a0       __imp___dllonexit          00000001800160a0     MSVCRT:MSVCR100.dll
 0002:000000a8       __imp__unlock              00000001800160a8     MSVCRT:MSVCR100.dll
 0002:000000b0       __imp___clean_type_info_names_internal 00000001800160b0     MSVCRT:MSVCR100.dll
 0002:000000b8       __imp___crt_debugger_hook  00000001800160b8     MSVCRT:MSVCR100.dll
 0002:000000c0       __imp___CppXcptFilter      00000001800160c0     MSVCRT:MSVCR100.dll
 0002:000000c8       __imp___C_specific_handler 00000001800160c8     MSVCRT:MSVCR100.dll
 0002:000000d0       __imp__amsg_exit           00000001800160d0     MSVCRT:MSVCR100.dll
 0002:000000d8       __imp__encoded_null        00000001800160d8     MSVCRT:MSVCR100.dll
 0002:000000e0       __imp__initterm_e          00000001800160e0     MSVCRT:MSVCR100.dll
 0002:000000e8       __imp__initterm            00000001800160e8     MSVCRT:MSVCR100.dll
 0002:000000f0       __imp__malloc_crt          00000001800160f0     MSVCRT:MSVCR100.dll
 0002:000000f8       __imp_memcpy               00000001800160f8     MSVCRT:MSVCR100.dll
 0002:00000100       __imp_strcat               0000000180016100     MSVCRT:MSVCR100.dll
 0002:00000108       __imp_malloc               0000000180016108     MSVCRT:MSVCR100.dll
 0002:00000110       __imp_sprintf              0000000180016110     MSVCRT:MSVCR100.dll
 0002:00000118       __imp_free                 0000000180016118     MSVCRT:MSVCR100.dll
 0002:00000120       __imp_strlen               0000000180016120     MSVCRT:MSVCR100.dll
 0002:00000128       __imp_memset               0000000180016128     MSVCRT:MSVCR100.dll
 0002:00000130       __imp_strcmp               0000000180016130     MSVCRT:MSVCR100.dll
 0002:00000138       \177MSVCR100_NULL_THUNK_DATA 0000000180016138     MSVCRT:MSVCR100.dll
 0002:00000140       __imp_mexCallMATLAB        0000000180016140     libmex:libmex.dll
 0002:00000148       __imp_mexUnlock            0000000180016148     libmex:libmex.dll
 0002:00000150       __imp_mexLock              0000000180016150     libmex:libmex.dll
 0002:00000158       __imp_mexErrMsgTxt         0000000180016158     libmex:libmex.dll
 0002:00000160       __imp_mexMakeArrayPersistent 0000000180016160     libmex:libmex.dll
 0002:00000168       __imp_mexWarnMsgTxt        0000000180016168     libmex:libmex.dll
 0002:00000170       __imp_mexIsLocked          0000000180016170     libmex:libmex.dll
 0002:00000178       \177libmex_NULL_THUNK_DATA 0000000180016178     libmex:libmex.dll
 0002:00000180       __imp_muDoubleScalarAbs    0000000180016180     libmwmathutil:libmwmathutil.dll
 0002:00000188       \177libmwmathutil_NULL_THUNK_DATA 0000000180016188     libmwmathutil:libmwmathutil.dll
 0002:00000190       __imp_mxCalloc             0000000180016190     libmx:libmx.dll
 0002:00000198       __imp_mxGetM               0000000180016198     libmx:libmx.dll
 0002:000001a0       __imp_mxGetN               00000001800161a0     libmx:libmx.dll
 0002:000001a8       __imp_mxIsComplex          00000001800161a8     libmx:libmx.dll
 0002:000001b0       __imp_mxIsNumeric          00000001800161b0     libmx:libmx.dll
 0002:000001b8       __imp_mxGetClassID         00000001800161b8     libmx:libmx.dll
 0002:000001c0       __imp_mxCreateCellMatrix_730 00000001800161c0     libmx:libmx.dll
 0002:000001c8       __imp_mxCreateStructMatrix_730 00000001800161c8     libmx:libmx.dll
 0002:000001d0       __imp_mxCreateString       00000001800161d0     libmx:libmx.dll
 0002:000001d8       __imp_mxSetField_730       00000001800161d8     libmx:libmx.dll
 0002:000001e0       __imp_mxCreateDoubleScalar 00000001800161e0     libmx:libmx.dll
 0002:000001e8       __imp_mxDuplicateArray     00000001800161e8     libmx:libmx.dll
 0002:000001f0       __imp_mxGetScalar          00000001800161f0     libmx:libmx.dll
 0002:000001f8       __imp_mxGetPr              00000001800161f8     libmx:libmx.dll
 0002:00000200       __imp_mxCreateDoubleMatrix_730 0000000180016200     libmx:libmx.dll
 0002:00000208       __imp_mxGetString_730      0000000180016208     libmx:libmx.dll
 0002:00000210       __imp_mxIsChar             0000000180016210     libmx:libmx.dll
 0002:00000218       __imp_mxDestroyArray       0000000180016218     libmx:libmx.dll
 0002:00000220       \177libmx_NULL_THUNK_DATA  0000000180016220     libmx:libmx.dll
 0002:00000228       __imp_utMalloc             0000000180016228     libut:libut.dll
 0002:00000230       __imp_utFree               0000000180016230     libut:libut.dll
 0002:00000238       \177libut_NULL_THUNK_DATA  0000000180016238     libut:libut.dll
 0002:00000240       __imp_call_sf_machine_global_method_dispatcher 0000000180016240     sf_runtime:sf_runtime.dll
 0002:00000248       __imp_callMdlMethodAndReportError 0000000180016248     sf_runtime:sf_runtime.dll
 0002:00000250       __imp_sf_debug_api         0000000180016250     sf_runtime:sf_runtime.dll
 0002:00000258       __imp_sf_debug_create_debug_instance_struct 0000000180016258     sf_runtime:sf_runtime.dll
 0002:00000260       __imp_sf_debug_terminate   0000000180016260     sf_runtime:sf_runtime.dll
 0002:00000268       __imp_cv_eml_init_if       0000000180016268     sf_runtime:sf_runtime.dll
 0002:00000270       __imp_sf_mex_addfield      0000000180016270     sf_runtime:sf_runtime.dll
 0002:00000278       __imp_sf_mex_duplicatearraysafe 0000000180016278     sf_runtime:sf_runtime.dll
 0002:00000280       __imp_sf_clear_error_manager_info 0000000180016280     sf_runtime:sf_runtime.dll
 0002:00000288       __imp_sf_mex_emlrtNameCapturePostProcessR2012a 0000000180016288     sf_runtime:sf_runtime.dll
 0002:00000290       __imp_sf_clear_rtw_identifier 0000000180016290     sf_runtime:sf_runtime.dll
 0002:00000298       __imp_sf_debug_symbol_scope_push 0000000180016298     sf_runtime:sf_runtime.dll
 0002:000002a0       __imp_sf_debug_call        00000001800162a0     sf_runtime:sf_runtime.dll
 0002:000002a8       __imp_sf_debug_data_range_wrapper 00000001800162a8     sf_runtime:sf_runtime.dll
 0002:000002b0       __imp_sf_debug_symbol_scope_push_eml 00000001800162b0     sf_runtime:sf_runtime.dll
 0002:000002b8       __imp_sf_debug_symbol_scope_add_eml_importable 00000001800162b8     sf_runtime:sf_runtime.dll
 0002:000002c0       __imp_sf_debug_symbol_scope_add_eml 00000001800162c0     sf_runtime:sf_runtime.dll
 0002:000002c8       __imp_cv_eml_eval          00000001800162c8     sf_runtime:sf_runtime.dll
 0002:000002d0       __imp_sf_mex_error_direct_call 00000001800162d0     sf_runtime:sf_runtime.dll
 0002:000002d8       __imp_sf_mex_createstruct  00000001800162d8     sf_runtime:sf_runtime.dll
 0002:000002e0       __imp_eml_debug_line_call  00000001800162e0     sf_runtime:sf_runtime.dll
 0002:000002e8       __imp_sf_debug_symbol_scope_pop 00000001800162e8     sf_runtime:sf_runtime.dll
 0002:000002f0       __imp_sf_debug_check_for_state_inconsistency 00000001800162f0     sf_runtime:sf_runtime.dll
 0002:000002f8       __imp_sf_get_time          00000001800162f8     sf_runtime:sf_runtime.dll
 0002:00000300       __imp_sf_debug_initialize_chart 0000000180016300     sf_runtime:sf_runtime.dll
 0002:00000308       __imp_sf_debug_set_chart_disable_implicit_casting 0000000180016308     sf_runtime:sf_runtime.dll
 0002:00000310       __imp_sf_debug_set_chart_event_thresholds 0000000180016310     sf_runtime:sf_runtime.dll
 0002:00000318       __imp_sf_debug_set_chart_data_props 0000000180016318     sf_runtime:sf_runtime.dll
 0002:00000320       __imp_sf_debug_set_chart_state_info 0000000180016320     sf_runtime:sf_runtime.dll
 0002:00000328       __imp_sf_debug_set_chart_substate_count 0000000180016328     sf_runtime:sf_runtime.dll
 0002:00000330       __imp_sf_debug_set_chart_decomposition 0000000180016330     sf_runtime:sf_runtime.dll
 0002:00000338       __imp_sf_debug_cv_init_chart 0000000180016338     sf_runtime:sf_runtime.dll
 0002:00000340       __imp_sf_debug_cv_init_state 0000000180016340     sf_runtime:sf_runtime.dll
 0002:00000348       __imp_sf_debug_cv_init_trans 0000000180016348     sf_runtime:sf_runtime.dll
 0002:00000350       __imp_cv_eml_init_script   0000000180016350     sf_runtime:sf_runtime.dll
 0002:00000358       __imp_cv_eml_init_fcn      0000000180016358     sf_runtime:sf_runtime.dll
 0002:00000360       __imp_sf_debug_set_chart_data_compiled_props 0000000180016360     sf_runtime:sf_runtime.dll
 0002:00000368       __imp_sf_debug_set_instance_data_value_ptr 0000000180016368     sf_runtime:sf_runtime.dll
 0002:00000370       __imp_sf_debug_reset_current_state_configuration 0000000180016370     sf_runtime:sf_runtime.dll
 0002:00000378       __imp_sim_mode_is_rtw_gen  0000000180016378     sf_runtime:sf_runtime.dll
 0002:00000380       __imp_sim_mode_is_external 0000000180016380     sf_runtime:sf_runtime.dll
 0002:00000388       __imp_sf_is_chart_inlinable 0000000180016388     sf_runtime:sf_runtime.dll
 0002:00000390       __imp_sf_rtw_info_uint_prop 0000000180016390     sf_runtime:sf_runtime.dll
 0002:00000398       __imp_sf_update_buildInfo  0000000180016398     sf_runtime:sf_runtime.dll
 0002:000003a0       __imp_sf_mark_chart_expressionable_inputs 00000001800163a0     sf_runtime:sf_runtime.dll
 0002:000003a8       __imp_sf_mark_chart_reusable_outputs 00000001800163a8     sf_runtime:sf_runtime.dll
 0002:000003b0       __imp_sf_set_rtw_dwork_info 00000001800163b0     sf_runtime:sf_runtime.dll
 0002:000003b8       __imp_sf_mex_import        00000001800163b8     sf_runtime:sf_runtime.dll
 0002:000003c0       __imp_sf_mex_dup           00000001800163c0     sf_runtime:sf_runtime.dll
 0002:000003c8       __imp_sf_mex_getcell       00000001800163c8     sf_runtime:sf_runtime.dll
 0002:000003d0       __imp_sf_mex_destroy       00000001800163d0     sf_runtime:sf_runtime.dll
 0002:000003d8       __imp_sf_mex_decode_encoded_mx_struct_array 00000001800163d8     sf_runtime:sf_runtime.dll
 0002:000003e0       __imp_sf_mex_createcellmatrix 00000001800163e0     sf_runtime:sf_runtime.dll
 0002:000003e8       __imp_sf_mex_setcell       00000001800163e8     sf_runtime:sf_runtime.dll
 0002:000003f0       __imp_sf_mex_call_matlab   00000001800163f0     sf_runtime:sf_runtime.dll
 0002:000003f8       __imp_sf_mex_error_message 00000001800163f8     sf_runtime:sf_runtime.dll
 0002:00000400       __imp_sf_mex_create        0000000180016400     sf_runtime:sf_runtime.dll
 0002:00000408       __imp_sf_mex_assign        0000000180016408     sf_runtime:sf_runtime.dll
 0002:00000410       __imp_sf_load_rtw_optimization_info 0000000180016410     sf_runtime:sf_runtime.dll
 0002:00000418       __imp_sf_debug_initialize_machine 0000000180016418     sf_runtime:sf_runtime.dll
 0002:00000420       __imp_sf_debug_set_machine_event_thresholds 0000000180016420     sf_runtime:sf_runtime.dll
 0002:00000428       __imp_sf_debug_set_machine_data_thresholds 0000000180016428     sf_runtime:sf_runtime.dll
 0002:00000430       \177sf_runtime_NULL_THUNK_DATA 0000000180016430     sf_runtime:sf_runtime.dll
 0002:00000438       __xc_a                     0000000180016438     MSVCRT:cinitexe.obj
 0002:00000440       __xc_z                     0000000180016440     MSVCRT:cinitexe.obj
 0002:00000448       __xi_a                     0000000180016448     MSVCRT:cinitexe.obj
 0002:00000458       __xi_z                     0000000180016458     MSVCRT:cinitexe.obj
 0002:00000460       __real@41c365b4bb000000    0000000180016460     caracterizacion_motor_simm_sfun.obj
 0002:00000468       __real@41d101f2c9c00000    0000000180016468     caracterizacion_motor_simm_sfun.obj
 0002:00000470       __real@41e2c44ba8600000    0000000180016470     caracterizacion_motor_simm_sfun.obj
 0002:00000478       __real@41e4c78b1b400000    0000000180016478     caracterizacion_motor_simm_sfun.obj
 0002:00000480       __real@41c900e78a000000    0000000180016480     caracterizacion_motor_simm_sfun.obj
 0002:00000488       __real@41eda5398c800000    0000000180016488     caracterizacion_motor_simm_sfun.obj
 0002:00000490       __real@41edcf5b43c00000    0000000180016490     caracterizacion_motor_simm_sfun.obj
 0002:00000498       __real@41e695dff8600000    0000000180016498     caracterizacion_motor_simm_sfun.obj
 0002:000004a0       __real@41e2e597c1a00000    00000001800164a0     caracterizacion_motor_simm_sfun.obj
 0002:000004a8       __real@4182525d80000000    00000001800164a8     caracterizacion_motor_simm_sfun.obj
 0002:000004b0       __real@41ef7f7271000000    00000001800164b0     caracterizacion_motor_simm_sfun.obj
 0002:000004b8       __real@41ec9da21c400000    00000001800164b8     caracterizacion_motor_simm_sfun.obj
 0002:000004c0       __real@41edcee617e00000    00000001800164c0     caracterizacion_motor_simm_sfun.obj
 0002:000004c8       __real@41e7a633b4200000    00000001800164c8     caracterizacion_motor_simm_sfun.obj
 0002:000004d0       __real@41e4e680e0000000    00000001800164d0     caracterizacion_motor_simm_sfun.obj
 0002:000004d8       __real@41ecd3e6c7800000    00000001800164d8     caracterizacion_motor_simm_sfun.obj
 0002:000004e0       __real@41a32febbe000000    00000001800164e0     c1_caracterizacion_motor_simm.obj
 0002:000004e8       __real@41d40551be000000    00000001800164e8     c1_caracterizacion_motor_simm.obj
 0002:000004f0       __real@41eff6f386800000    00000001800164f0     c1_caracterizacion_motor_simm.obj
 0002:000004f8       __real@41d627ae58800000    00000001800164f8     c1_caracterizacion_motor_simm.obj
 0002:00000500       __real@4024000000000000    0000000180016500     c1_caracterizacion_motor_simm.obj
 0002:00000508       __real@3ff0000000000000    0000000180016508     c1_caracterizacion_motor_simm.obj
 0002:00000510       __real@3f726e978d4fdf3b    0000000180016510     c1_caracterizacion_motor_simm.obj
 0002:00000518       __real@41ebcd25a0800000    0000000180016518     c2_caracterizacion_motor_simm.obj
 0002:00000520       __real@41e026a492600000    0000000180016520     c2_caracterizacion_motor_simm.obj
 0002:00000528       __real@41ed9c456cc00000    0000000180016528     c2_caracterizacion_motor_simm.obj
 0002:00000530       __real@41aa3489a8000000    0000000180016530     c2_caracterizacion_motor_simm.obj
 0002:00000538       __real@40a0000000000000    0000000180016538     c2_caracterizacion_motor_simm.obj
 0002:00000540       __real@4066800000000000    0000000180016540     c2_caracterizacion_motor_simm.obj
 0002:00000548       __real@400921fb54442d18    0000000180016548     c2_caracterizacion_motor_simm.obj
 0002:00000550       __real@3f91df4722d4405f    0000000180016550     c2_caracterizacion_motor_simm.obj
 0002:00000558       __real@41e50f9f6ac00000    0000000180016558     c3_caracterizacion_motor_simm.obj
 0002:00000560       __real@41d86037c0800000    0000000180016560     c3_caracterizacion_motor_simm.obj
 0002:00000568       __real@41e1a81ee0c00000    0000000180016568     c3_caracterizacion_motor_simm.obj
 0002:00000570       __real@41d8478f71800000    0000000180016570     c3_caracterizacion_motor_simm.obj
 0002:00000578       __real@3fecf3f26d5cdffa    0000000180016578     c3_caracterizacion_motor_simm.obj
 0002:00000580       __real@404e000000000000    0000000180016580     c3_caracterizacion_motor_simm.obj
 0002:00000588       __real@41e428e3aa000000    0000000180016588     c4_caracterizacion_motor_simm.obj
 0002:00000590       __real@41cebf75f8000000    0000000180016590     c4_caracterizacion_motor_simm.obj
 0002:00000598       __real@41df1f707f800000    0000000180016598     c4_caracterizacion_motor_simm.obj
 0002:000005a0       __real@41edd4950ca00000    00000001800165a0     c4_caracterizacion_motor_simm.obj
 0002:000005b0       DYNAMIC_DIMENSION_DEF      00000001800165b0     caracterizacion_motor_simm_sfun_registry.obj
 0002:000005d0       _ssBadLevel2InputAccessMsg 00000001800165d0     caracterizacion_motor_simm_sfun_registry.obj
 0002:00000760       _ssBadLevel2DirectFeedMsg  0000000180016760     caracterizacion_motor_simm_sfun_registry.obj
 0002:000008a0       _ssBadLevel2DirectFeedSolutionMsg 00000001800168a0     caracterizacion_motor_simm_sfun_registry.obj
 0002:00000910       _ssBadLevel2ZeroDirectFeedMsg 0000000180016910     caracterizacion_motor_simm_sfun_registry.obj
 0002:00000a50       _ssBadLevel2ZeroDirectFeedMsg2 0000000180016a50     caracterizacion_motor_simm_sfun_registry.obj
 0002:00000b38       __real@0000000000000000    0000000180016b38     caracterizacion_motor_simm_sfun_registry.obj
 0002:00000b40       __real@bff0000000000000    0000000180016b40     caracterizacion_motor_simm_sfun_registry.obj
 0002:00000b48       __real@41602cbca0000000    0000000180016b48     caracterizacion_motor_simm_sfun_registry.obj
 0002:00000b50       _pDefaultRawDllMain        0000000180016b50     MSVCRT:crtdll.obj
 0002:00000b50       _pRawDllMain               0000000180016b50     MSVCRT:crtdll.obj
 0002:00000b68       ?ProcessDetach@NativeDll@<CrtImplementationDetails>@@0IB 0000000180016b68     MSVCRT:tncleanup.obj
 0002:00000b6c       ?ProcessAttach@NativeDll@<CrtImplementationDetails>@@0IB 0000000180016b6c     MSVCRT:tncleanup.obj
 0002:00000b70       ?ThreadAttach@NativeDll@<CrtImplementationDetails>@@0IB 0000000180016b70     MSVCRT:tncleanup.obj
 0002:00000b74       ?ThreadDetach@NativeDll@<CrtImplementationDetails>@@0IB 0000000180016b74     MSVCRT:tncleanup.obj
 0002:00000b78       ?ProcessVerifier@NativeDll@<CrtImplementationDetails>@@0IB 0000000180016b78     MSVCRT:tncleanup.obj
 0002:00000b80       __rtc_iaa                  0000000180016b80     MSVCRT:_initsect_.obj
 0002:00000b88       __rtc_izz                  0000000180016b88     MSVCRT:_initsect_.obj
 0002:00000b90       __rtc_taa                  0000000180016b90     MSVCRT:_initsect_.obj
 0002:00000b98       __rtc_tzz                  0000000180016b98     MSVCRT:_initsect_.obj
 0002:00001528       __IMPORT_DESCRIPTOR_sf_runtime 0000000180017528     sf_runtime:sf_runtime.dll
 0002:0000153c       __IMPORT_DESCRIPTOR_libmx  000000018001753c     libmx:libmx.dll
 0002:00001550       __IMPORT_DESCRIPTOR_libmex 0000000180017550     libmex:libmex.dll
 0002:00001564       __IMPORT_DESCRIPTOR_libut  0000000180017564     libut:libut.dll
 0002:00001578       __IMPORT_DESCRIPTOR_libmwmathutil 0000000180017578     libmwmathutil:libmwmathutil.dll
 0002:0000158c       __IMPORT_DESCRIPTOR_MSVCR100 000000018001758c     MSVCRT:MSVCR100.dll
 0002:000015a0       __IMPORT_DESCRIPTOR_KERNEL32 00000001800175a0     kernel32:KERNEL32.dll
 0002:000015b4       __NULL_IMPORT_DESCRIPTOR   00000001800175b4     sf_runtime:sf_runtime.dll
 0003:00003308       DYNAMIC_DIMENSION          000000018001c308     caracterizacion_motor_simm_sfun_registry.obj
 0003:00003f18       __security_cookie          000000018001cf18     MSVCRT:gs_cookie.obj
 0003:00003f20       __security_cookie_complement 000000018001cf20     MSVCRT:gs_cookie.obj
 0003:00003f28       _fltused                   000000018001cf28     MSVCRT:dllsupp.obj
 0003:00003f30       __native_dllmain_reason    000000018001cf30     MSVCRT:natstart.obj
 0003:00003f34       __native_vcclrit_reason    000000018001cf34     MSVCRT:natstart.obj
 0003:00004048       sfGlobalDebugInstanceStruct 000000018001d048     caracterizacion_motor_simm_sfun_registry.obj
 0003:000045d0       ?__type_info_root_node@@3U__type_info_node@@A 000000018001d5d0     MSVCRT:tncleanup.obj
 0003:000045e0       _caracterizacion_motor_simmMachineNumber_ 000000018001d5e0     <common>
 0003:000045e4       __native_startup_state     000000018001d5e4     <common>
 0003:000045e8       __native_startup_lock      000000018001d5e8     <common>
 0003:000045f0       __onexitend                000000018001d5f0     <common>
 0003:000045f8       __onexitbegin              000000018001d5f8     <common>
 0003:00004600       __dyn_tls_init_callback    000000018001d600     <common>

 entry point at        0001:000141f0

 Static symbols

 0001:000014e0       get_sim_state_c1_caracterizacion_motor_simm 00000001800024e0 f   c1_caracterizacion_motor_simm.obj
 0001:00001680       sf_get_sim_state_info_c1_caracterizacion_motor_simm 0000000180002680 f   c1_caracterizacion_motor_simm.obj
 0001:00001850       set_sim_state_c1_caracterizacion_motor_simm 0000000180002850 f   c1_caracterizacion_motor_simm.obj
 0001:00001930       c1_update_debugger_state_c1_caracterizacion_motor_simm 0000000180002930 f   c1_caracterizacion_motor_simm.obj
 0001:00001940       c1_emlrt_marshallIn        0000000180002940 f   c1_caracterizacion_motor_simm.obj
 0001:000019b0       c1_b_emlrt_marshallIn      00000001800029b0 f   c1_caracterizacion_motor_simm.obj
 0001:00001a40       c1_d_emlrt_marshallIn      0000000180002a40 f   c1_caracterizacion_motor_simm.obj
 0001:00001aa0       c1_e_emlrt_marshallIn      0000000180002aa0 f   c1_caracterizacion_motor_simm.obj
 0001:00001ba0       mdlProcessParameters_c1_caracterizacion_motor_simm 0000000180002ba0 f   c1_caracterizacion_motor_simm.obj
 0001:00001c80       initialize_params_c1_caracterizacion_motor_simm 0000000180002c80 f   c1_caracterizacion_motor_simm.obj
 0001:00001c90       mdlSetWorkWidths_c1_caracterizacion_motor_simm 0000000180002c90 f   c1_caracterizacion_motor_simm.obj
 0001:00002160       sf_get_instance_specialization 0000000180003160 f   c1_caracterizacion_motor_simm.obj
 0001:00002170       mdlStart_c1_caracterizacion_motor_simm 0000000180003170 f   c1_caracterizacion_motor_simm.obj
 0001:000023a0       init_dsm_address_info      00000001800033a0 f   c1_caracterizacion_motor_simm.obj
 0001:000023b0       chart_debug_initialization 00000001800033b0 f   c1_caracterizacion_motor_simm.obj
 0001:00002af0       init_script_number_translation 0000000180003af0 f   c1_caracterizacion_motor_simm.obj
 0001:00002b10       c1_sf_marshallOut          0000000180003b10 f   c1_caracterizacion_motor_simm.obj
 0001:00002bc0       c1_sf_marshallIn           0000000180003bc0 f   c1_caracterizacion_motor_simm.obj
 0001:00002c60       sf_opaque_initialize_c1_caracterizacion_motor_simm 0000000180003c60 f   c1_caracterizacion_motor_simm.obj
 0001:00002ca0       initialize_c1_caracterizacion_motor_simm 0000000180003ca0 f   c1_caracterizacion_motor_simm.obj
 0001:00002cf0       sf_opaque_enable_c1_caracterizacion_motor_simm 0000000180003cf0 f   c1_caracterizacion_motor_simm.obj
 0001:00002d10       enable_c1_caracterizacion_motor_simm 0000000180003d10 f   c1_caracterizacion_motor_simm.obj
 0001:00002d40       sf_opaque_disable_c1_caracterizacion_motor_simm 0000000180003d40 f   c1_caracterizacion_motor_simm.obj
 0001:00002d60       disable_c1_caracterizacion_motor_simm 0000000180003d60 f   c1_caracterizacion_motor_simm.obj
 0001:00002d90       sf_opaque_gateway_c1_caracterizacion_motor_simm 0000000180003d90 f   c1_caracterizacion_motor_simm.obj
 0001:00002db0       sf_gateway_c1_caracterizacion_motor_simm 0000000180003db0 f   c1_caracterizacion_motor_simm.obj
 0001:00003340       sf_opaque_get_sim_state_c1_caracterizacion_motor_simm 0000000180004340 f   c1_caracterizacion_motor_simm.obj
 0001:00003360       sf_opaque_set_sim_state_c1_caracterizacion_motor_simm 0000000180004360 f   c1_caracterizacion_motor_simm.obj
 0001:00003390       sf_opaque_terminate_c1_caracterizacion_motor_simm 0000000180004390 f   c1_caracterizacion_motor_simm.obj
 0001:00003430       finalize_c1_caracterizacion_motor_simm 0000000180004430 f   c1_caracterizacion_motor_simm.obj
 0001:00003440       sf_opaque_init_subchart_simstructs 0000000180004440 f   c1_caracterizacion_motor_simm.obj
 0001:00003460       initSimStructsc1_caracterizacion_motor_simm 0000000180004460 f   c1_caracterizacion_motor_simm.obj
 0001:00003470       mdlRTW_c1_caracterizacion_motor_simm 0000000180004470 f   c1_caracterizacion_motor_simm.obj
 0001:00003520       c2_info_helper             0000000180004520 f   c2_caracterizacion_motor_simm.obj
 0001:00004d50       c2_emlrt_marshallOut       0000000180005d50 f   c2_caracterizacion_motor_simm.obj
 0001:00004de0       c2_b_emlrt_marshallOut     0000000180005de0 f   c2_caracterizacion_motor_simm.obj
 0001:00005450       get_sim_state_c2_caracterizacion_motor_simm 0000000180006450 f   c2_caracterizacion_motor_simm.obj
 0001:000055f0       sf_get_sim_state_info_c2_caracterizacion_motor_simm 00000001800065f0 f   c2_caracterizacion_motor_simm.obj
 0001:000057c0       set_sim_state_c2_caracterizacion_motor_simm 00000001800067c0 f   c2_caracterizacion_motor_simm.obj
 0001:000058a0       c2_update_debugger_state_c2_caracterizacion_motor_simm 00000001800068a0 f   c2_caracterizacion_motor_simm.obj
 0001:000058b0       c2_emlrt_marshallIn        00000001800068b0 f   c2_caracterizacion_motor_simm.obj
 0001:00005920       c2_b_emlrt_marshallIn      0000000180006920 f   c2_caracterizacion_motor_simm.obj
 0001:000059b0       c2_d_emlrt_marshallIn      00000001800069b0 f   c2_caracterizacion_motor_simm.obj
 0001:00005a10       c2_e_emlrt_marshallIn      0000000180006a10 f   c2_caracterizacion_motor_simm.obj
 0001:00005b10       mdlProcessParameters_c2_caracterizacion_motor_simm 0000000180006b10 f   c2_caracterizacion_motor_simm.obj
 0001:00005bf0       initialize_params_c2_caracterizacion_motor_simm 0000000180006bf0 f   c2_caracterizacion_motor_simm.obj
 0001:00005c00       mdlSetWorkWidths_c2_caracterizacion_motor_simm 0000000180006c00 f   c2_caracterizacion_motor_simm.obj
 0001:000060d0       sf_get_instance_specialization 00000001800070d0 f   c2_caracterizacion_motor_simm.obj
 0001:000060e0       mdlStart_c2_caracterizacion_motor_simm 00000001800070e0 f   c2_caracterizacion_motor_simm.obj
 0001:00006310       init_dsm_address_info      0000000180007310 f   c2_caracterizacion_motor_simm.obj
 0001:00006320       chart_debug_initialization 0000000180007320 f   c2_caracterizacion_motor_simm.obj
 0001:00006ad0       init_script_number_translation 0000000180007ad0 f   c2_caracterizacion_motor_simm.obj
 0001:00006af0       c2_sf_marshallOut          0000000180007af0 f   c2_caracterizacion_motor_simm.obj
 0001:00006ba0       c2_sf_marshallIn           0000000180007ba0 f   c2_caracterizacion_motor_simm.obj
 0001:00006c40       sf_opaque_initialize_c2_caracterizacion_motor_simm 0000000180007c40 f   c2_caracterizacion_motor_simm.obj
 0001:00006c80       initialize_c2_caracterizacion_motor_simm 0000000180007c80 f   c2_caracterizacion_motor_simm.obj
 0001:00006cd0       sf_opaque_enable_c2_caracterizacion_motor_simm 0000000180007cd0 f   c2_caracterizacion_motor_simm.obj
 0001:00006cf0       enable_c2_caracterizacion_motor_simm 0000000180007cf0 f   c2_caracterizacion_motor_simm.obj
 0001:00006d20       sf_opaque_disable_c2_caracterizacion_motor_simm 0000000180007d20 f   c2_caracterizacion_motor_simm.obj
 0001:00006d40       disable_c2_caracterizacion_motor_simm 0000000180007d40 f   c2_caracterizacion_motor_simm.obj
 0001:00006d70       sf_opaque_gateway_c2_caracterizacion_motor_simm 0000000180007d70 f   c2_caracterizacion_motor_simm.obj
 0001:00006d90       sf_gateway_c2_caracterizacion_motor_simm 0000000180007d90 f   c2_caracterizacion_motor_simm.obj
 0001:000075c0       sf_opaque_get_sim_state_c2_caracterizacion_motor_simm 00000001800085c0 f   c2_caracterizacion_motor_simm.obj
 0001:000075e0       sf_opaque_set_sim_state_c2_caracterizacion_motor_simm 00000001800085e0 f   c2_caracterizacion_motor_simm.obj
 0001:00007610       sf_opaque_terminate_c2_caracterizacion_motor_simm 0000000180008610 f   c2_caracterizacion_motor_simm.obj
 0001:000076b0       finalize_c2_caracterizacion_motor_simm 00000001800086b0 f   c2_caracterizacion_motor_simm.obj
 0001:000076c0       sf_opaque_init_subchart_simstructs 00000001800086c0 f   c2_caracterizacion_motor_simm.obj
 0001:000076e0       initSimStructsc2_caracterizacion_motor_simm 00000001800086e0 f   c2_caracterizacion_motor_simm.obj
 0001:000076f0       mdlRTW_c2_caracterizacion_motor_simm 00000001800086f0 f   c2_caracterizacion_motor_simm.obj
 0001:000077a0       c3_info_helper             00000001800087a0 f   c3_caracterizacion_motor_simm.obj
 0001:00008870       c3_emlrt_marshallOut       0000000180009870 f   c3_caracterizacion_motor_simm.obj
 0001:00008900       c3_b_emlrt_marshallOut     0000000180009900 f   c3_caracterizacion_motor_simm.obj
 0001:00008f70       get_sim_state_c3_caracterizacion_motor_simm 0000000180009f70 f   c3_caracterizacion_motor_simm.obj
 0001:00009120       sf_get_sim_state_info_c3_caracterizacion_motor_simm 000000018000a120 f   c3_caracterizacion_motor_simm.obj
 0001:000092f0       set_sim_state_c3_caracterizacion_motor_simm 000000018000a2f0 f   c3_caracterizacion_motor_simm.obj
 0001:000093d0       c3_update_debugger_state_c3_caracterizacion_motor_simm 000000018000a3d0 f   c3_caracterizacion_motor_simm.obj
 0001:000093e0       c3_emlrt_marshallIn        000000018000a3e0 f   c3_caracterizacion_motor_simm.obj
 0001:00009450       c3_b_emlrt_marshallIn      000000018000a450 f   c3_caracterizacion_motor_simm.obj
 0001:000094e0       c3_d_emlrt_marshallIn      000000018000a4e0 f   c3_caracterizacion_motor_simm.obj
 0001:00009540       c3_e_emlrt_marshallIn      000000018000a540 f   c3_caracterizacion_motor_simm.obj
 0001:00009640       mdlProcessParameters_c3_caracterizacion_motor_simm 000000018000a640 f   c3_caracterizacion_motor_simm.obj
 0001:00009720       initialize_params_c3_caracterizacion_motor_simm 000000018000a720 f   c3_caracterizacion_motor_simm.obj
 0001:00009730       mdlSetWorkWidths_c3_caracterizacion_motor_simm 000000018000a730 f   c3_caracterizacion_motor_simm.obj
 0001:00009c00       sf_get_instance_specialization 000000018000ac00 f   c3_caracterizacion_motor_simm.obj
 0001:00009c10       mdlStart_c3_caracterizacion_motor_simm 000000018000ac10 f   c3_caracterizacion_motor_simm.obj
 0001:00009e40       init_dsm_address_info      000000018000ae40 f   c3_caracterizacion_motor_simm.obj
 0001:00009e50       chart_debug_initialization 000000018000ae50 f   c3_caracterizacion_motor_simm.obj
 0001:0000a590       init_script_number_translation 000000018000b590 f   c3_caracterizacion_motor_simm.obj
 0001:0000a5b0       c3_sf_marshallOut          000000018000b5b0 f   c3_caracterizacion_motor_simm.obj
 0001:0000a660       c3_sf_marshallIn           000000018000b660 f   c3_caracterizacion_motor_simm.obj
 0001:0000a700       sf_opaque_initialize_c3_caracterizacion_motor_simm 000000018000b700 f   c3_caracterizacion_motor_simm.obj
 0001:0000a740       initialize_c3_caracterizacion_motor_simm 000000018000b740 f   c3_caracterizacion_motor_simm.obj
 0001:0000a790       sf_opaque_enable_c3_caracterizacion_motor_simm 000000018000b790 f   c3_caracterizacion_motor_simm.obj
 0001:0000a7b0       enable_c3_caracterizacion_motor_simm 000000018000b7b0 f   c3_caracterizacion_motor_simm.obj
 0001:0000a7e0       sf_opaque_disable_c3_caracterizacion_motor_simm 000000018000b7e0 f   c3_caracterizacion_motor_simm.obj
 0001:0000a800       disable_c3_caracterizacion_motor_simm 000000018000b800 f   c3_caracterizacion_motor_simm.obj
 0001:0000a830       sf_opaque_gateway_c3_caracterizacion_motor_simm 000000018000b830 f   c3_caracterizacion_motor_simm.obj
 0001:0000a850       sf_gateway_c3_caracterizacion_motor_simm 000000018000b850 f   c3_caracterizacion_motor_simm.obj
 0001:0000ae30       sf_opaque_get_sim_state_c3_caracterizacion_motor_simm 000000018000be30 f   c3_caracterizacion_motor_simm.obj
 0001:0000ae50       sf_opaque_set_sim_state_c3_caracterizacion_motor_simm 000000018000be50 f   c3_caracterizacion_motor_simm.obj
 0001:0000ae80       sf_opaque_terminate_c3_caracterizacion_motor_simm 000000018000be80 f   c3_caracterizacion_motor_simm.obj
 0001:0000af20       finalize_c3_caracterizacion_motor_simm 000000018000bf20 f   c3_caracterizacion_motor_simm.obj
 0001:0000af30       sf_opaque_init_subchart_simstructs 000000018000bf30 f   c3_caracterizacion_motor_simm.obj
 0001:0000af50       initSimStructsc3_caracterizacion_motor_simm 000000018000bf50 f   c3_caracterizacion_motor_simm.obj
 0001:0000af60       mdlRTW_c3_caracterizacion_motor_simm 000000018000bf60 f   c3_caracterizacion_motor_simm.obj
 0001:0000b620       get_sim_state_c4_caracterizacion_motor_simm 000000018000c620 f   c4_caracterizacion_motor_simm.obj
 0001:0000b7d0       sf_get_sim_state_info_c4_caracterizacion_motor_simm 000000018000c7d0 f   c4_caracterizacion_motor_simm.obj
 0001:0000b9a0       set_sim_state_c4_caracterizacion_motor_simm 000000018000c9a0 f   c4_caracterizacion_motor_simm.obj
 0001:0000ba80       c4_update_debugger_state_c4_caracterizacion_motor_simm 000000018000ca80 f   c4_caracterizacion_motor_simm.obj
 0001:0000ba90       c4_emlrt_marshallIn        000000018000ca90 f   c4_caracterizacion_motor_simm.obj
 0001:0000bb00       c4_b_emlrt_marshallIn      000000018000cb00 f   c4_caracterizacion_motor_simm.obj
 0001:0000bb90       c4_d_emlrt_marshallIn      000000018000cb90 f   c4_caracterizacion_motor_simm.obj
 0001:0000bbf0       c4_e_emlrt_marshallIn      000000018000cbf0 f   c4_caracterizacion_motor_simm.obj
 0001:0000bcf0       mdlProcessParameters_c4_caracterizacion_motor_simm 000000018000ccf0 f   c4_caracterizacion_motor_simm.obj
 0001:0000bdd0       initialize_params_c4_caracterizacion_motor_simm 000000018000cdd0 f   c4_caracterizacion_motor_simm.obj
 0001:0000bde0       mdlSetWorkWidths_c4_caracterizacion_motor_simm 000000018000cde0 f   c4_caracterizacion_motor_simm.obj
 0001:0000c2b0       sf_get_instance_specialization 000000018000d2b0 f   c4_caracterizacion_motor_simm.obj
 0001:0000c2c0       mdlStart_c4_caracterizacion_motor_simm 000000018000d2c0 f   c4_caracterizacion_motor_simm.obj
 0001:0000c4f0       init_dsm_address_info      000000018000d4f0 f   c4_caracterizacion_motor_simm.obj
 0001:0000c500       chart_debug_initialization 000000018000d500 f   c4_caracterizacion_motor_simm.obj
 0001:0000cc40       init_script_number_translation 000000018000dc40 f   c4_caracterizacion_motor_simm.obj
 0001:0000cc60       c4_sf_marshallOut          000000018000dc60 f   c4_caracterizacion_motor_simm.obj
 0001:0000cd10       c4_sf_marshallIn           000000018000dd10 f   c4_caracterizacion_motor_simm.obj
 0001:0000cdb0       sf_opaque_initialize_c4_caracterizacion_motor_simm 000000018000ddb0 f   c4_caracterizacion_motor_simm.obj
 0001:0000cdf0       initialize_c4_caracterizacion_motor_simm 000000018000ddf0 f   c4_caracterizacion_motor_simm.obj
 0001:0000ce40       sf_opaque_enable_c4_caracterizacion_motor_simm 000000018000de40 f   c4_caracterizacion_motor_simm.obj
 0001:0000ce60       enable_c4_caracterizacion_motor_simm 000000018000de60 f   c4_caracterizacion_motor_simm.obj
 0001:0000ce90       sf_opaque_disable_c4_caracterizacion_motor_simm 000000018000de90 f   c4_caracterizacion_motor_simm.obj
 0001:0000ceb0       disable_c4_caracterizacion_motor_simm 000000018000deb0 f   c4_caracterizacion_motor_simm.obj
 0001:0000cee0       sf_opaque_gateway_c4_caracterizacion_motor_simm 000000018000dee0 f   c4_caracterizacion_motor_simm.obj
 0001:0000cf00       sf_gateway_c4_caracterizacion_motor_simm 000000018000df00 f   c4_caracterizacion_motor_simm.obj
 0001:0000d490       sf_opaque_get_sim_state_c4_caracterizacion_motor_simm 000000018000e490 f   c4_caracterizacion_motor_simm.obj
 0001:0000d4b0       sf_opaque_set_sim_state_c4_caracterizacion_motor_simm 000000018000e4b0 f   c4_caracterizacion_motor_simm.obj
 0001:0000d4e0       sf_opaque_terminate_c4_caracterizacion_motor_simm 000000018000e4e0 f   c4_caracterizacion_motor_simm.obj
 0001:0000d580       finalize_c4_caracterizacion_motor_simm 000000018000e580 f   c4_caracterizacion_motor_simm.obj
 0001:0000d590       sf_opaque_init_subchart_simstructs 000000018000e590 f   c4_caracterizacion_motor_simm.obj
 0001:0000d5b0       initSimStructsc4_caracterizacion_motor_simm 000000018000e5b0 f   c4_caracterizacion_motor_simm.obj
 0001:0000d5c0       mdlRTW_c4_caracterizacion_motor_simm 000000018000e5c0 f   c4_caracterizacion_motor_simm.obj
 0001:0000df30       getChartInfoFromSimStruct  000000018000ef30 f   caracterizacion_motor_simm_sfun_registry.obj
 0001:0000f5d0       _ssFatalError              00000001800105d0 f   caracterizacion_motor_simm_sfun_registry.obj
 0001:00012680       ProcessMexSfunctionCmdLineCall 0000000180013680 f   caracterizacion_motor_simm_sfun_registry.obj
 0001:000127b0       sf_debug_api_wrapper       00000001800137b0 f   caracterizacion_motor_simm_sfun_registry.obj
 0001:00012800       mdlStart                   0000000180013800 f   caracterizacion_motor_simm_sfun_registry.obj
 0001:00012830       mdl_start_processing       0000000180013830 f   caracterizacion_motor_simm_sfun_registry.obj
 0001:000128c0       mdlTerminate               00000001800138c0 f   caracterizacion_motor_simm_sfun_registry.obj
 0001:000128f0       mdl_terminate_processing   00000001800138f0 f   caracterizacion_motor_simm_sfun_registry.obj
 0001:00012970       mdlInitializeSampleTimes   0000000180013970 f   caracterizacion_motor_simm_sfun_registry.obj
 0001:000129a0       mdlZeroCrossings           00000001800139a0 f   caracterizacion_motor_simm_sfun_registry.obj
 0001:000129d0       mdl_zeroCrossings_processing 00000001800139d0 f   caracterizacion_motor_simm_sfun_registry.obj
 0001:00012a10       mdlDerivatives             0000000180013a10 f   caracterizacion_motor_simm_sfun_registry.obj
 0001:00012a40       mdl_derivatives_processing 0000000180013a40 f   caracterizacion_motor_simm_sfun_registry.obj
 0001:00012a90       mdlInitializeConditions    0000000180013a90 f   caracterizacion_motor_simm_sfun_registry.obj
 0001:00012ac0       mdl_initialize_conditions_processing 0000000180013ac0 f   caracterizacion_motor_simm_sfun_registry.obj
 0001:00012b10       mdlEnable                  0000000180013b10 f   caracterizacion_motor_simm_sfun_registry.obj
 0001:00012b40       mdl_enable_processing      0000000180013b40 f   caracterizacion_motor_simm_sfun_registry.obj
 0001:00012b80       mdlDisable                 0000000180013b80 f   caracterizacion_motor_simm_sfun_registry.obj
 0001:00012bb0       mdl_disable_processing     0000000180013bb0 f   caracterizacion_motor_simm_sfun_registry.obj
 0001:00012bf0       mdlOutputs                 0000000180013bf0 f   caracterizacion_motor_simm_sfun_registry.obj
 0001:00012c20       mdl_outputs_processing     0000000180013c20 f   caracterizacion_motor_simm_sfun_registry.obj
 0001:00012d00       mdl_outputs_continuous_legacy 0000000180013d00 f   caracterizacion_motor_simm_sfun_registry.obj
 0001:00012df0       mdlGetTimeOfNextVarHit     0000000180013df0 f   caracterizacion_motor_simm_sfun_registry.obj
 0001:00012e40       _ProcessMexSfunctionCmdLineCall 0000000180013e40 f   caracterizacion_motor_simm_sfun_registry.obj
 0001:00013590       mdlSetWorkWidths           0000000180014590 f   caracterizacion_motor_simm_sfun_registry.obj
 0001:000135c0       mdlProcessParameters       00000001800145c0 f   caracterizacion_motor_simm_sfun_registry.obj
 0001:000135f0       mdlInitializeSizes         00000001800145f0 f   caracterizacion_motor_simm_sfun_registry.obj
 0001:00013620       mdlExtModeExec             0000000180014620 f   caracterizacion_motor_simm_sfun_registry.obj
 0001:00013650       mdl_ext_mode_exec_processing 0000000180014650 f   caracterizacion_motor_simm_sfun_registry.obj
 0001:00013690       mdlRTW                     0000000180014690 f   caracterizacion_motor_simm_sfun_registry.obj
 0001:000136d0       _CreateSimStruct           00000001800146d0 f   caracterizacion_motor_simm_sfun_registry.obj
 0001:00013860       _RegNumInputPortsCB        0000000180014860 f   caracterizacion_motor_simm_sfun_registry.obj
 0001:000138e0       _RegNumOutputPortsCB       00000001800148e0 f   caracterizacion_motor_simm_sfun_registry.obj
 0001:00013df8       pre_c_init                 0000000180014df8 f   MSVCRT:crtdll.obj
 0001:000140b4       __DllMainCRTStartup        00000001800150b4 f   MSVCRT:crtdll.obj
 0001:00014720       __DllMainCRTStartup$filt$0 0000000180015720 f   MSVCRT:crtdll.obj
 0001:00014750       __DllMainCRTStartup$fin$1  0000000180015750 f   MSVCRT:crtdll.obj
 0001:0001476a       _onexit$fin$0              000000018001576a f   MSVCRT:atonexit.obj
 0001:00014790       _IsNonwritableInCurrentImage$filt$0 0000000180015790 f   MSVCRT:pesect.obj
