 Arti_DeltaSM_Control_Fricc_sfun

 Timestamp is 573bb04c (Tue May 17 18:59:08 2016)

 Preferred load address is 0000000180000000

 Start         Length     Name                   Class
 0001:00000000 00048aa4H .text                   CODE
 0001:00048ab0 00000092H .text$x                 CODE
 0002:00000000 00000488H .idata$5                DATA
 0002:00000488 00000008H .CRT$XCA                DATA
 0002:00000490 00000008H .CRT$XCZ                DATA
 0002:00000498 00000008H .CRT$XIA                DATA
 0002:000004a0 00000008H .CRT$XIAA               DATA
 0002:000004a8 00000008H .CRT$XIZ                DATA
 0002:000004b0 0000089cH .rdata                  DATA
 0002:00000d50 00000008H .rtc$IAA                DATA
 0002:00000d58 00000008H .rtc$IZZ                DATA
 0002:00000d60 00000008H .rtc$TAA                DATA
 0002:00000d68 00000008H .rtc$TZZ                DATA
 0002:00000d70 00001610H .xdata                  DATA
 0002:00002380 0000008cH .idata$2                DATA
 0002:0000240c 00000014H .idata$3                DATA
 0002:00002420 00000488H .idata$4                DATA
 0002:000028a8 00000c82H .idata$6                DATA
 0002:00003530 00000065H .edata                  DATA
 0003:00000000 00013cc8H .data                   DATA
 0003:00013cd0 00000778H .bss                    DATA
 0004:00000000 00001e78H .pdata                  DATA

  Address         Publics by Value              Rva+Base               Lib:Object

 0000:00000000       ___safe_se_handler_table   0000000000000000     <absolute>
 0000:00000000       ___safe_se_handler_count   0000000000000000     <absolute>
 0000:00000000       __ImageBase                0000000180000000     <linker-defined>
 0001:00000000       Arti_DeltaSM_Control_Fricc_initializer 0000000180001000 f   Arti_DeltaSM_Control_Fricc_sfun.obj
 0001:00000010       Arti_DeltaSM_Control_Fricc_terminator 0000000180001010 f   Arti_DeltaSM_Control_Fricc_sfun.obj
 0001:00000020       sf_Arti_DeltaSM_Control_Fricc_method_dispatcher 0000000180001020 f   Arti_DeltaSM_Control_Fricc_sfun.obj
 0001:00000230       sf_Arti_DeltaSM_Control_Fricc_process_check_sum_call 0000000180001230 f   Arti_DeltaSM_Control_Fricc_sfun.obj
 0001:00000760       sf_Arti_DeltaSM_Control_Fricc_autoinheritance_info 0000000180001760 f   Arti_DeltaSM_Control_Fricc_sfun.obj
 0001:00000cc0       sf_Arti_DeltaSM_Control_Fricc_get_eml_resolved_functions_info 0000000180001cc0 f   Arti_DeltaSM_Control_Fricc_sfun.obj
 0001:00001120       sf_Arti_DeltaSM_Control_Fricc_third_party_uses_info 0000000180002120 f   Arti_DeltaSM_Control_Fricc_sfun.obj
 0001:000014f0       sf_Arti_DeltaSM_Control_Fricc_updateBuildInfo_args_info 00000001800024f0 f   Arti_DeltaSM_Control_Fricc_sfun.obj
 0001:000018c0       Arti_DeltaSM_Control_Fricc_debug_initialize 00000001800028c0 f   Arti_DeltaSM_Control_Fricc_sfun.obj
 0001:00001940       Arti_DeltaSM_Control_Fricc_register_exported_symbols 0000000180002940 f   Arti_DeltaSM_Control_Fricc_sfun.obj
 0001:00001950       load_Arti_DeltaSM_Control_Fricc_optimization_info 0000000180002950 f   Arti_DeltaSM_Control_Fricc_sfun.obj
 0001:000019a0       unload_Arti_DeltaSM_Control_Fricc_optimization_info 00000001800029a0 f   Arti_DeltaSM_Control_Fricc_sfun.obj
 0001:000019d0       sf_c1_Arti_DeltaSM_Control_Fricc_get_eml_resolved_functions_info 00000001800029d0 f   c1_Arti_DeltaSM_Control_Fricc.obj
 0001:00006e30       sf_c1_Arti_DeltaSM_Control_Fricc_get_check_sum 0000000180007e30 f   c1_Arti_DeltaSM_Control_Fricc.obj
 0001:00006eb0       sf_c1_Arti_DeltaSM_Control_Fricc_get_autoinheritance_info 0000000180007eb0 f   c1_Arti_DeltaSM_Control_Fricc.obj
 0001:00007bc0       sf_c1_Arti_DeltaSM_Control_Fricc_third_party_uses_info 0000000180008bc0 f   c1_Arti_DeltaSM_Control_Fricc.obj
 0001:00007bf0       sf_c1_Arti_DeltaSM_Control_Fricc_updateBuildInfo_args_info 0000000180008bf0 f   c1_Arti_DeltaSM_Control_Fricc.obj
 0001:00007c20       sf_internal_get_sim_state_c1_Arti_DeltaSM_Control_Fricc 0000000180008c20 f   c1_Arti_DeltaSM_Control_Fricc.obj
 0001:00008110       sf_internal_set_sim_state_c1_Arti_DeltaSM_Control_Fricc 0000000180009110 f   c1_Arti_DeltaSM_Control_Fricc.obj
 0001:00008590       c1_Arti_DeltaSM_Control_Fricc_method_dispatcher 0000000180009590 f   c1_Arti_DeltaSM_Control_Fricc.obj
 0001:0000d250       sf_c2_Arti_DeltaSM_Control_Fricc_get_eml_resolved_functions_info 000000018000e250 f   c2_Arti_DeltaSM_Control_Fricc.obj
 0001:00010470       sf_c2_Arti_DeltaSM_Control_Fricc_get_check_sum 0000000180011470 f   c2_Arti_DeltaSM_Control_Fricc.obj
 0001:000104f0       sf_c2_Arti_DeltaSM_Control_Fricc_get_autoinheritance_info 00000001800114f0 f   c2_Arti_DeltaSM_Control_Fricc.obj
 0001:00010bb0       sf_c2_Arti_DeltaSM_Control_Fricc_third_party_uses_info 0000000180011bb0 f   c2_Arti_DeltaSM_Control_Fricc.obj
 0001:00010be0       sf_c2_Arti_DeltaSM_Control_Fricc_updateBuildInfo_args_info 0000000180011be0 f   c2_Arti_DeltaSM_Control_Fricc.obj
 0001:00010c10       sf_internal_get_sim_state_c2_Arti_DeltaSM_Control_Fricc 0000000180011c10 f   c2_Arti_DeltaSM_Control_Fricc.obj
 0001:00011110       sf_internal_set_sim_state_c2_Arti_DeltaSM_Control_Fricc 0000000180012110 f   c2_Arti_DeltaSM_Control_Fricc.obj
 0001:00011590       c2_Arti_DeltaSM_Control_Fricc_method_dispatcher 0000000180012590 f   c2_Arti_DeltaSM_Control_Fricc.obj
 0001:00015590       sf_c3_Arti_DeltaSM_Control_Fricc_get_eml_resolved_functions_info 0000000180016590 f   c3_Arti_DeltaSM_Control_Fricc.obj
 0001:00016f30       sf_c3_Arti_DeltaSM_Control_Fricc_get_check_sum 0000000180017f30 f   c3_Arti_DeltaSM_Control_Fricc.obj
 0001:00016fb0       sf_c3_Arti_DeltaSM_Control_Fricc_get_autoinheritance_info 0000000180017fb0 f   c3_Arti_DeltaSM_Control_Fricc.obj
 0001:000173d0       sf_c3_Arti_DeltaSM_Control_Fricc_third_party_uses_info 00000001800183d0 f   c3_Arti_DeltaSM_Control_Fricc.obj
 0001:00017400       sf_c3_Arti_DeltaSM_Control_Fricc_updateBuildInfo_args_info 0000000180018400 f   c3_Arti_DeltaSM_Control_Fricc.obj
 0001:00017430       sf_internal_get_sim_state_c3_Arti_DeltaSM_Control_Fricc 0000000180018430 f   c3_Arti_DeltaSM_Control_Fricc.obj
 0001:000177a0       sf_internal_set_sim_state_c3_Arti_DeltaSM_Control_Fricc 00000001800187a0 f   c3_Arti_DeltaSM_Control_Fricc.obj
 0001:00017b90       c3_Arti_DeltaSM_Control_Fricc_method_dispatcher 0000000180018b90 f   c3_Arti_DeltaSM_Control_Fricc.obj
 0001:00019820       sf_c4_Arti_DeltaSM_Control_Fricc_get_eml_resolved_functions_info 000000018001a820 f   c4_Arti_DeltaSM_Control_Fricc.obj
 0001:0001aa60       sf_c4_Arti_DeltaSM_Control_Fricc_get_check_sum 000000018001ba60 f   c4_Arti_DeltaSM_Control_Fricc.obj
 0001:0001aae0       sf_c4_Arti_DeltaSM_Control_Fricc_get_autoinheritance_info 000000018001bae0 f   c4_Arti_DeltaSM_Control_Fricc.obj
 0001:0001af00       sf_c4_Arti_DeltaSM_Control_Fricc_third_party_uses_info 000000018001bf00 f   c4_Arti_DeltaSM_Control_Fricc.obj
 0001:0001af30       sf_c4_Arti_DeltaSM_Control_Fricc_updateBuildInfo_args_info 000000018001bf30 f   c4_Arti_DeltaSM_Control_Fricc.obj
 0001:0001af60       sf_internal_get_sim_state_c4_Arti_DeltaSM_Control_Fricc 000000018001bf60 f   c4_Arti_DeltaSM_Control_Fricc.obj
 0001:0001b2d0       sf_internal_set_sim_state_c4_Arti_DeltaSM_Control_Fricc 000000018001c2d0 f   c4_Arti_DeltaSM_Control_Fricc.obj
 0001:0001b6c0       c4_Arti_DeltaSM_Control_Fricc_method_dispatcher 000000018001c6c0 f   c4_Arti_DeltaSM_Control_Fricc.obj
 0001:0001d0b0       sf_c5_Arti_DeltaSM_Control_Fricc_get_eml_resolved_functions_info 000000018001e0b0 f   c5_Arti_DeltaSM_Control_Fricc.obj
 0001:0001e2f0       sf_c5_Arti_DeltaSM_Control_Fricc_get_check_sum 000000018001f2f0 f   c5_Arti_DeltaSM_Control_Fricc.obj
 0001:0001e370       sf_c5_Arti_DeltaSM_Control_Fricc_get_autoinheritance_info 000000018001f370 f   c5_Arti_DeltaSM_Control_Fricc.obj
 0001:0001e790       sf_c5_Arti_DeltaSM_Control_Fricc_third_party_uses_info 000000018001f790 f   c5_Arti_DeltaSM_Control_Fricc.obj
 0001:0001e7c0       sf_c5_Arti_DeltaSM_Control_Fricc_updateBuildInfo_args_info 000000018001f7c0 f   c5_Arti_DeltaSM_Control_Fricc.obj
 0001:0001e7f0       sf_internal_get_sim_state_c5_Arti_DeltaSM_Control_Fricc 000000018001f7f0 f   c5_Arti_DeltaSM_Control_Fricc.obj
 0001:0001eb60       sf_internal_set_sim_state_c5_Arti_DeltaSM_Control_Fricc 000000018001fb60 f   c5_Arti_DeltaSM_Control_Fricc.obj
 0001:0001ef50       c5_Arti_DeltaSM_Control_Fricc_method_dispatcher 000000018001ff50 f   c5_Arti_DeltaSM_Control_Fricc.obj
 0001:00020920       sf_c6_Arti_DeltaSM_Control_Fricc_get_eml_resolved_functions_info 0000000180021920 f   c6_Arti_DeltaSM_Control_Fricc.obj
 0001:00021b60       sf_c6_Arti_DeltaSM_Control_Fricc_get_check_sum 0000000180022b60 f   c6_Arti_DeltaSM_Control_Fricc.obj
 0001:00021be0       sf_c6_Arti_DeltaSM_Control_Fricc_get_autoinheritance_info 0000000180022be0 f   c6_Arti_DeltaSM_Control_Fricc.obj
 0001:00022000       sf_c6_Arti_DeltaSM_Control_Fricc_third_party_uses_info 0000000180023000 f   c6_Arti_DeltaSM_Control_Fricc.obj
 0001:00022030       sf_c6_Arti_DeltaSM_Control_Fricc_updateBuildInfo_args_info 0000000180023030 f   c6_Arti_DeltaSM_Control_Fricc.obj
 0001:00022060       sf_internal_get_sim_state_c6_Arti_DeltaSM_Control_Fricc 0000000180023060 f   c6_Arti_DeltaSM_Control_Fricc.obj
 0001:000223c0       sf_internal_set_sim_state_c6_Arti_DeltaSM_Control_Fricc 00000001800233c0 f   c6_Arti_DeltaSM_Control_Fricc.obj
 0001:000227b0       c6_Arti_DeltaSM_Control_Fricc_method_dispatcher 00000001800237b0 f   c6_Arti_DeltaSM_Control_Fricc.obj
 0001:00024190       sf_c7_Arti_DeltaSM_Control_Fricc_get_eml_resolved_functions_info 0000000180025190 f   c7_Arti_DeltaSM_Control_Fricc.obj
 0001:00025b30       sf_c7_Arti_DeltaSM_Control_Fricc_get_check_sum 0000000180026b30 f   c7_Arti_DeltaSM_Control_Fricc.obj
 0001:00025bb0       sf_c7_Arti_DeltaSM_Control_Fricc_get_autoinheritance_info 0000000180026bb0 f   c7_Arti_DeltaSM_Control_Fricc.obj
 0001:00025fd0       sf_c7_Arti_DeltaSM_Control_Fricc_third_party_uses_info 0000000180026fd0 f   c7_Arti_DeltaSM_Control_Fricc.obj
 0001:00026000       sf_c7_Arti_DeltaSM_Control_Fricc_updateBuildInfo_args_info 0000000180027000 f   c7_Arti_DeltaSM_Control_Fricc.obj
 0001:00026030       sf_internal_get_sim_state_c7_Arti_DeltaSM_Control_Fricc 0000000180027030 f   c7_Arti_DeltaSM_Control_Fricc.obj
 0001:00026390       sf_internal_set_sim_state_c7_Arti_DeltaSM_Control_Fricc 0000000180027390 f   c7_Arti_DeltaSM_Control_Fricc.obj
 0001:00026780       c7_Arti_DeltaSM_Control_Fricc_method_dispatcher 0000000180027780 f   c7_Arti_DeltaSM_Control_Fricc.obj
 0001:00028410       sf_c8_Arti_DeltaSM_Control_Fricc_get_eml_resolved_functions_info 0000000180029410 f   c8_Arti_DeltaSM_Control_Fricc.obj
 0001:00029650       sf_c8_Arti_DeltaSM_Control_Fricc_get_check_sum 000000018002a650 f   c8_Arti_DeltaSM_Control_Fricc.obj
 0001:000296d0       sf_c8_Arti_DeltaSM_Control_Fricc_get_autoinheritance_info 000000018002a6d0 f   c8_Arti_DeltaSM_Control_Fricc.obj
 0001:00029af0       sf_c8_Arti_DeltaSM_Control_Fricc_third_party_uses_info 000000018002aaf0 f   c8_Arti_DeltaSM_Control_Fricc.obj
 0001:00029b20       sf_c8_Arti_DeltaSM_Control_Fricc_updateBuildInfo_args_info 000000018002ab20 f   c8_Arti_DeltaSM_Control_Fricc.obj
 0001:00029b50       sf_internal_get_sim_state_c8_Arti_DeltaSM_Control_Fricc 000000018002ab50 f   c8_Arti_DeltaSM_Control_Fricc.obj
 0001:00029eb0       sf_internal_set_sim_state_c8_Arti_DeltaSM_Control_Fricc 000000018002aeb0 f   c8_Arti_DeltaSM_Control_Fricc.obj
 0001:0002a2a0       c8_Arti_DeltaSM_Control_Fricc_method_dispatcher 000000018002b2a0 f   c8_Arti_DeltaSM_Control_Fricc.obj
 0001:0002bc90       sf_c9_Arti_DeltaSM_Control_Fricc_get_eml_resolved_functions_info 000000018002cc90 f   c9_Arti_DeltaSM_Control_Fricc.obj
 0001:0002ced0       sf_c9_Arti_DeltaSM_Control_Fricc_get_check_sum 000000018002ded0 f   c9_Arti_DeltaSM_Control_Fricc.obj
 0001:0002cf50       sf_c9_Arti_DeltaSM_Control_Fricc_get_autoinheritance_info 000000018002df50 f   c9_Arti_DeltaSM_Control_Fricc.obj
 0001:0002d370       sf_c9_Arti_DeltaSM_Control_Fricc_third_party_uses_info 000000018002e370 f   c9_Arti_DeltaSM_Control_Fricc.obj
 0001:0002d3a0       sf_c9_Arti_DeltaSM_Control_Fricc_updateBuildInfo_args_info 000000018002e3a0 f   c9_Arti_DeltaSM_Control_Fricc.obj
 0001:0002d3d0       sf_internal_get_sim_state_c9_Arti_DeltaSM_Control_Fricc 000000018002e3d0 f   c9_Arti_DeltaSM_Control_Fricc.obj
 0001:0002d740       sf_internal_set_sim_state_c9_Arti_DeltaSM_Control_Fricc 000000018002e740 f   c9_Arti_DeltaSM_Control_Fricc.obj
 0001:0002db30       c9_Arti_DeltaSM_Control_Fricc_method_dispatcher 000000018002eb30 f   c9_Arti_DeltaSM_Control_Fricc.obj
 0001:0002f500       sf_c10_Arti_DeltaSM_Control_Fricc_get_eml_resolved_functions_info 0000000180030500 f   c10_Arti_DeltaSM_Control_Fricc.obj
 0001:00030740       sf_c10_Arti_DeltaSM_Control_Fricc_get_check_sum 0000000180031740 f   c10_Arti_DeltaSM_Control_Fricc.obj
 0001:000307c0       sf_c10_Arti_DeltaSM_Control_Fricc_get_autoinheritance_info 00000001800317c0 f   c10_Arti_DeltaSM_Control_Fricc.obj
 0001:00030be0       sf_c10_Arti_DeltaSM_Control_Fricc_third_party_uses_info 0000000180031be0 f   c10_Arti_DeltaSM_Control_Fricc.obj
 0001:00030c10       sf_c10_Arti_DeltaSM_Control_Fricc_updateBuildInfo_args_info 0000000180031c10 f   c10_Arti_DeltaSM_Control_Fricc.obj
 0001:00030c40       sf_internal_get_sim_state_c10_Arti_DeltaSM_Control_Fricc 0000000180031c40 f   c10_Arti_DeltaSM_Control_Fricc.obj
 0001:00030fa0       sf_internal_set_sim_state_c10_Arti_DeltaSM_Control_Fricc 0000000180031fa0 f   c10_Arti_DeltaSM_Control_Fricc.obj
 0001:00031390       c10_Arti_DeltaSM_Control_Fricc_method_dispatcher 0000000180032390 f   c10_Arti_DeltaSM_Control_Fricc.obj
 0001:00032d70       sf_c11_Arti_DeltaSM_Control_Fricc_get_eml_resolved_functions_info 0000000180033d70 f   c11_Arti_DeltaSM_Control_Fricc.obj
 0001:00034710       sf_c11_Arti_DeltaSM_Control_Fricc_get_check_sum 0000000180035710 f   c11_Arti_DeltaSM_Control_Fricc.obj
 0001:00034790       sf_c11_Arti_DeltaSM_Control_Fricc_get_autoinheritance_info 0000000180035790 f   c11_Arti_DeltaSM_Control_Fricc.obj
 0001:00034bb0       sf_c11_Arti_DeltaSM_Control_Fricc_third_party_uses_info 0000000180035bb0 f   c11_Arti_DeltaSM_Control_Fricc.obj
 0001:00034be0       sf_c11_Arti_DeltaSM_Control_Fricc_updateBuildInfo_args_info 0000000180035be0 f   c11_Arti_DeltaSM_Control_Fricc.obj
 0001:00034c10       sf_internal_get_sim_state_c11_Arti_DeltaSM_Control_Fricc 0000000180035c10 f   c11_Arti_DeltaSM_Control_Fricc.obj
 0001:00034f80       sf_internal_set_sim_state_c11_Arti_DeltaSM_Control_Fricc 0000000180035f80 f   c11_Arti_DeltaSM_Control_Fricc.obj
 0001:00035370       c11_Arti_DeltaSM_Control_Fricc_method_dispatcher 0000000180036370 f   c11_Arti_DeltaSM_Control_Fricc.obj
 0001:00037000       sf_c12_Arti_DeltaSM_Control_Fricc_get_eml_resolved_functions_info 0000000180038000 f   c12_Arti_DeltaSM_Control_Fricc.obj
 0001:00038240       sf_c12_Arti_DeltaSM_Control_Fricc_get_check_sum 0000000180039240 f   c12_Arti_DeltaSM_Control_Fricc.obj
 0001:000382c0       sf_c12_Arti_DeltaSM_Control_Fricc_get_autoinheritance_info 00000001800392c0 f   c12_Arti_DeltaSM_Control_Fricc.obj
 0001:000386e0       sf_c12_Arti_DeltaSM_Control_Fricc_third_party_uses_info 00000001800396e0 f   c12_Arti_DeltaSM_Control_Fricc.obj
 0001:00038710       sf_c12_Arti_DeltaSM_Control_Fricc_updateBuildInfo_args_info 0000000180039710 f   c12_Arti_DeltaSM_Control_Fricc.obj
 0001:00038740       sf_internal_get_sim_state_c12_Arti_DeltaSM_Control_Fricc 0000000180039740 f   c12_Arti_DeltaSM_Control_Fricc.obj
 0001:00038aa0       sf_internal_set_sim_state_c12_Arti_DeltaSM_Control_Fricc 0000000180039aa0 f   c12_Arti_DeltaSM_Control_Fricc.obj
 0001:00038e90       c12_Arti_DeltaSM_Control_Fricc_method_dispatcher 0000000180039e90 f   c12_Arti_DeltaSM_Control_Fricc.obj
 0001:0003a880       sf_c13_Arti_DeltaSM_Control_Fricc_get_eml_resolved_functions_info 000000018003b880 f   c13_Arti_DeltaSM_Control_Fricc.obj
 0001:0003bac0       sf_c13_Arti_DeltaSM_Control_Fricc_get_check_sum 000000018003cac0 f   c13_Arti_DeltaSM_Control_Fricc.obj
 0001:0003bb40       sf_c13_Arti_DeltaSM_Control_Fricc_get_autoinheritance_info 000000018003cb40 f   c13_Arti_DeltaSM_Control_Fricc.obj
 0001:0003bf60       sf_c13_Arti_DeltaSM_Control_Fricc_third_party_uses_info 000000018003cf60 f   c13_Arti_DeltaSM_Control_Fricc.obj
 0001:0003bf90       sf_c13_Arti_DeltaSM_Control_Fricc_updateBuildInfo_args_info 000000018003cf90 f   c13_Arti_DeltaSM_Control_Fricc.obj
 0001:0003bfc0       sf_internal_get_sim_state_c13_Arti_DeltaSM_Control_Fricc 000000018003cfc0 f   c13_Arti_DeltaSM_Control_Fricc.obj
 0001:0003c320       sf_internal_set_sim_state_c13_Arti_DeltaSM_Control_Fricc 000000018003d320 f   c13_Arti_DeltaSM_Control_Fricc.obj
 0001:0003c710       c13_Arti_DeltaSM_Control_Fricc_method_dispatcher 000000018003d710 f   c13_Arti_DeltaSM_Control_Fricc.obj
 0001:0003e0e0       sf_c14_Arti_DeltaSM_Control_Fricc_get_eml_resolved_functions_info 000000018003f0e0 f   c14_Arti_DeltaSM_Control_Fricc.obj
 0001:0003f320       sf_c14_Arti_DeltaSM_Control_Fricc_get_check_sum 0000000180040320 f   c14_Arti_DeltaSM_Control_Fricc.obj
 0001:0003f3a0       sf_c14_Arti_DeltaSM_Control_Fricc_get_autoinheritance_info 00000001800403a0 f   c14_Arti_DeltaSM_Control_Fricc.obj
 0001:0003f7c0       sf_c14_Arti_DeltaSM_Control_Fricc_third_party_uses_info 00000001800407c0 f   c14_Arti_DeltaSM_Control_Fricc.obj
 0001:0003f7f0       sf_c14_Arti_DeltaSM_Control_Fricc_updateBuildInfo_args_info 00000001800407f0 f   c14_Arti_DeltaSM_Control_Fricc.obj
 0001:0003f820       sf_internal_get_sim_state_c14_Arti_DeltaSM_Control_Fricc 0000000180040820 f   c14_Arti_DeltaSM_Control_Fricc.obj
 0001:0003fb80       sf_internal_set_sim_state_c14_Arti_DeltaSM_Control_Fricc 0000000180040b80 f   c14_Arti_DeltaSM_Control_Fricc.obj
 0001:0003ff70       c14_Arti_DeltaSM_Control_Fricc_method_dispatcher 0000000180040f70 f   c14_Arti_DeltaSM_Control_Fricc.obj
 0001:00041950       sf_process_check_sum_call  0000000180042950 f   Arti_DeltaSM_Control_Fricc_sfun_registry.obj
 0001:000419a0       sf_process_autoinheritance_call 00000001800429a0 f   Arti_DeltaSM_Control_Fricc_sfun_registry.obj
 0001:00041b40       sf_process_get_third_party_uses_info_call 0000000180042b40 f   Arti_DeltaSM_Control_Fricc_sfun_registry.obj
 0001:00041ce0       sf_process_get_updateBuildInfo_args_info_call 0000000180042ce0 f   Arti_DeltaSM_Control_Fricc_sfun_registry.obj
 0001:00041e80       sf_process_get_eml_resolved_functions_info_call 0000000180042e80 f   Arti_DeltaSM_Control_Fricc_sfun_registry.obj
 0001:00042000       sf_mex_unlock_call         0000000180043000 f   Arti_DeltaSM_Control_Fricc_sfun_registry.obj
 0001:000420b0       sf_machine_global_initializer_called 00000001800430b0 f   Arti_DeltaSM_Control_Fricc_sfun_registry.obj
 0001:000420e0       sf_machine_global_method_dispatcher 00000001800430e0 f   Arti_DeltaSM_Control_Fricc_sfun_registry.obj
 0001:00042140       sf_machine_global_terminator 0000000180043140 f   Arti_DeltaSM_Control_Fricc_sfun_registry.obj
 0001:00042190       sf_register_machine_exported_symbols 0000000180043190 f   Arti_DeltaSM_Control_Fricc_sfun_registry.obj
 0001:000421b0       callCustomFcn              00000001800431b0 f   Arti_DeltaSM_Control_Fricc_sfun_registry.obj
 0001:000421c0       sf_machine_global_initializer 00000001800431c0 f   Arti_DeltaSM_Control_Fricc_sfun_registry.obj
 0001:00042240       mdlGetSimState             0000000180043240 f   Arti_DeltaSM_Control_Fricc_sfun_registry.obj
 0001:000422c0       mdlSetSimState             00000001800432c0 f   Arti_DeltaSM_Control_Fricc_sfun_registry.obj
 0001:00042300       _ssSetStateAbsTol          0000000180043300 f   Arti_DeltaSM_Control_Fricc_sfun_registry.obj
 0001:000423e0       _ssGetAbsTol               00000001800433e0 f   Arti_DeltaSM_Control_Fricc_sfun_registry.obj
 0001:00042450       _ssSetInputPortMatrixDimensions 0000000180043450 f   Arti_DeltaSM_Control_Fricc_sfun_registry.obj
 0001:00042560       _ssSetOutputPortMatrixDimensions 0000000180043560 f   Arti_DeltaSM_Control_Fricc_sfun_registry.obj
 0001:00042670       _ssSetInputPortVectorDimension 0000000180043670 f   Arti_DeltaSM_Control_Fricc_sfun_registry.obj
 0001:00042740       _ssSetOutputPortVectorDimension 0000000180043740 f   Arti_DeltaSM_Control_Fricc_sfun_registry.obj
 0001:00042810       ssIsRunTimeParamTunable    0000000180043810 f   Arti_DeltaSM_Control_Fricc_sfun_registry.obj
 0001:00042880       ssGetSFuncBlockHandle      0000000180043880 f   Arti_DeltaSM_Control_Fricc_sfun_registry.obj
 0001:000428f0       _ssGetCurrentInputPortWidth 00000001800438f0 f   Arti_DeltaSM_Control_Fricc_sfun_registry.obj
 0001:00042a10       _ssGetCurrentOutputPortWidth 0000000180043a10 f   Arti_DeltaSM_Control_Fricc_sfun_registry.obj
 0001:00042b30       _ssGetCallSystemNumFcnCallDestinations 0000000180043b30 f   Arti_DeltaSM_Control_Fricc_sfun_registry.obj
 0001:00042ba0       ssWarning                  0000000180043ba0 f   Arti_DeltaSM_Control_Fricc_sfun_registry.obj
 0001:00042cb0       ssGetIsZeroCrossControlDisabled 0000000180043cb0 f   Arti_DeltaSM_Control_Fricc_sfun_registry.obj
 0001:00042d20       ssSetIsInputPortUsedForContZcSignal 0000000180043d20 f   Arti_DeltaSM_Control_Fricc_sfun_registry.obj
 0001:00042d90       ssSetZcSignalIsZcElementDisc 0000000180043d90 f   Arti_DeltaSM_Control_Fricc_sfun_registry.obj
 0001:00042e40       ssSetZcSignalName          0000000180043e40 f   Arti_DeltaSM_Control_Fricc_sfun_registry.obj
 0001:00042eb0       ssSetZcSignalWidth         0000000180043eb0 f   Arti_DeltaSM_Control_Fricc_sfun_registry.obj
 0001:00042f20       ssSetZcSignalZcEventType   0000000180043f20 f   Arti_DeltaSM_Control_Fricc_sfun_registry.obj
 0001:00042f90       ssSetZcSignalType          0000000180043f90 f   Arti_DeltaSM_Control_Fricc_sfun_registry.obj
 0001:00043000       ssSetZcSignalZcTol         0000000180044000 f   Arti_DeltaSM_Control_Fricc_sfun_registry.obj
 0001:00043070       ssSetZcSignalNeedsEventNotification 0000000180044070 f   Arti_DeltaSM_Control_Fricc_sfun_registry.obj
 0001:000430e0       ssCreateAndAddZcSignalInfo 00000001800440e0 f   Arti_DeltaSM_Control_Fricc_sfun_registry.obj
 0001:00043150       ssCloneAndAddZcSignalInfo  0000000180044150 f   Arti_DeltaSM_Control_Fricc_sfun_registry.obj
 0001:000431c0       ssGetNumZcSignals          00000001800441c0 f   Arti_DeltaSM_Control_Fricc_sfun_registry.obj
 0001:00043230       ssGetZcSignalVector        0000000180044230 f   Arti_DeltaSM_Control_Fricc_sfun_registry.obj
 0001:000432a0       ssGetZcSignalZcEvents      00000001800442a0 f   Arti_DeltaSM_Control_Fricc_sfun_registry.obj
 0001:00043310       ssGetZcSignalName          0000000180044310 f   Arti_DeltaSM_Control_Fricc_sfun_registry.obj
 0001:00043380       ssGetZcSignalWidth         0000000180044380 f   Arti_DeltaSM_Control_Fricc_sfun_registry.obj
 0001:000433f0       ssGetZcSignalZcEventType   00000001800443f0 f   Arti_DeltaSM_Control_Fricc_sfun_registry.obj
 0001:00043460       ssGetZcSignalType          0000000180044460 f   Arti_DeltaSM_Control_Fricc_sfun_registry.obj
 0001:000434d0       ssGetZcSignalZcTol         00000001800444d0 f   Arti_DeltaSM_Control_Fricc_sfun_registry.obj
 0001:00043550       ssGetZcSignalNeedsEventNotification 0000000180044550 f   Arti_DeltaSM_Control_Fricc_sfun_registry.obj
 0001:000435c0       ssGetZcSignalIsZcElementDisc 00000001800445c0 f   Arti_DeltaSM_Control_Fricc_sfun_registry.obj
 0001:00043660       ssGetIsInputPortElementContinuous 0000000180044660 f   Arti_DeltaSM_Control_Fricc_sfun_registry.obj
 0001:00043700       _ssGetInputPortSignalPtrsFcn 0000000180044700 f   Arti_DeltaSM_Control_Fricc_sfun_registry.obj
 0001:000439c0       _ssGetInputPortSignalFcn   00000001800449c0 f   Arti_DeltaSM_Control_Fricc_sfun_registry.obj
 0001:00043be0       _ssSetInputPortDirectFeedThroughFcn 0000000180044be0 f   Arti_DeltaSM_Control_Fricc_sfun_registry.obj
 0001:00043d40       _ssSetInputPortReusableFcn 0000000180044d40 f   Arti_DeltaSM_Control_Fricc_sfun_registry.obj
 0001:00043e30       _ssSetOutputPortReusableFcn 0000000180044e30 f   Arti_DeltaSM_Control_Fricc_sfun_registry.obj
 0001:00043f10       ssGetDTypeIdFromMxArray    0000000180044f10 f   Arti_DeltaSM_Control_Fricc_sfun_registry.obj
 0001:00044030       ssWriteRTWStr              0000000180045030 f   Arti_DeltaSM_Control_Fricc_sfun_registry.obj
 0001:00044090       ssWriteRTWMxVectParam      0000000180045090 f   Arti_DeltaSM_Control_Fricc_sfun_registry.obj
 0001:000440f0       ssWriteRTWMx2dMatParam     00000001800450f0 f   Arti_DeltaSM_Control_Fricc_sfun_registry.obj
 0001:00044170       ssWriteRTWNameValuePair    0000000180045170 f   Arti_DeltaSM_Control_Fricc_sfun_registry.obj
 0001:00044660       ssWriteRTWParameters       0000000180045660 f   Arti_DeltaSM_Control_Fricc_sfun_registry.obj
 0001:00044c60       ssWriteRTWParamSettings    0000000180045c60 f   Arti_DeltaSM_Control_Fricc_sfun_registry.obj
 0001:00045330       ssWriteRTWWorkVect         0000000180046330 f   Arti_DeltaSM_Control_Fricc_sfun_registry.obj
 0001:00045830       mexFunction                0000000180046830 f   Arti_DeltaSM_Control_Fricc_sfun_registry.obj
 0001:00047cb0       ProcessMexSfunctionEveryCall 0000000180048cb0 f   Arti_DeltaSM_Control_Fricc_sfun_registry.obj
 0001:00047e32       sf_debug_set_machine_data_thresholds 0000000180048e32 f   sf_runtime:sf_runtime.dll
 0001:00047e38       sf_debug_set_machine_event_thresholds 0000000180048e38 f   sf_runtime:sf_runtime.dll
 0001:00047e3e       sf_debug_initialize_machine 0000000180048e3e f   sf_runtime:sf_runtime.dll
 0001:00047e44       sf_load_rtw_optimization_info 0000000180048e44 f   sf_runtime:sf_runtime.dll
 0001:00047e4a       sf_mex_emlrtNameCapturePostProcessR2012a 0000000180048e4a f   sf_runtime:sf_runtime.dll
 0001:00047e50       sf_mex_assign              0000000180048e50 f   sf_runtime:sf_runtime.dll
 0001:00047e56       sf_mex_createstruct        0000000180048e56 f   sf_runtime:sf_runtime.dll
 0001:00047e5c       sf_mex_destroy             0000000180048e5c f   sf_runtime:sf_runtime.dll
 0001:00047e62       sf_mex_duplicatearraysafe  0000000180048e62 f   sf_runtime:sf_runtime.dll
 0001:00047e68       sf_mex_createcellmatrix    0000000180048e68 f   sf_runtime:sf_runtime.dll
 0001:00047e6e       sf_mex_addfield            0000000180048e6e f   sf_runtime:sf_runtime.dll
 0001:00047e74       sf_mex_create              0000000180048e74 f   sf_runtime:sf_runtime.dll
 0001:00047e7a       sf_mex_error_message       0000000180048e7a f   sf_runtime:sf_runtime.dll
 0001:00047e80       sf_mex_call_matlab         0000000180048e80 f   sf_runtime:sf_runtime.dll
 0001:00047e86       sf_mex_setcell             0000000180048e86 f   sf_runtime:sf_runtime.dll
 0001:00047e8c       sf_mex_decode_encoded_mx_struct_array 0000000180048e8c f   sf_runtime:sf_runtime.dll
 0001:00047e92       sf_mex_getcell             0000000180048e92 f   sf_runtime:sf_runtime.dll
 0001:00047e98       sf_mex_dup                 0000000180048e98 f   sf_runtime:sf_runtime.dll
 0001:00047e9e       sf_mex_import              0000000180048e9e f   sf_runtime:sf_runtime.dll
 0001:00047ea4       sf_set_rtw_dwork_info      0000000180048ea4 f   sf_runtime:sf_runtime.dll
 0001:00047eaa       sf_mark_chart_reusable_outputs 0000000180048eaa f   sf_runtime:sf_runtime.dll
 0001:00047eb0       sf_mark_chart_expressionable_inputs 0000000180048eb0 f   sf_runtime:sf_runtime.dll
 0001:00047eb6       sf_update_buildInfo        0000000180048eb6 f   sf_runtime:sf_runtime.dll
 0001:00047ebc       sf_rtw_info_uint_prop      0000000180048ebc f   sf_runtime:sf_runtime.dll
 0001:00047ec2       sf_is_chart_inlinable      0000000180048ec2 f   sf_runtime:sf_runtime.dll
 0001:00047ec8       sim_mode_is_external       0000000180048ec8 f   sf_runtime:sf_runtime.dll
 0001:00047ece       sim_mode_is_rtw_gen        0000000180048ece f   sf_runtime:sf_runtime.dll
 0001:00047ed4       sf_debug_reset_current_state_configuration 0000000180048ed4 f   sf_runtime:sf_runtime.dll
 0001:00047eda       sf_debug_set_instance_data_value_ptr 0000000180048eda f   sf_runtime:sf_runtime.dll
 0001:00047ee0       sf_debug_set_chart_data_compiled_props 0000000180048ee0 f   sf_runtime:sf_runtime.dll
 0001:00047ee6       cv_eml_init_for            0000000180048ee6 f   sf_runtime:sf_runtime.dll
 0001:00047eec       cv_eml_init_if             0000000180048eec f   sf_runtime:sf_runtime.dll
 0001:00047ef2       cv_eml_init_fcn            0000000180048ef2 f   sf_runtime:sf_runtime.dll
 0001:00047ef8       cv_eml_init_script         0000000180048ef8 f   sf_runtime:sf_runtime.dll
 0001:00047efe       sf_debug_cv_init_trans     0000000180048efe f   sf_runtime:sf_runtime.dll
 0001:00047f04       sf_debug_cv_init_state     0000000180048f04 f   sf_runtime:sf_runtime.dll
 0001:00047f0a       sf_debug_cv_init_chart     0000000180048f0a f   sf_runtime:sf_runtime.dll
 0001:00047f10       sf_debug_set_chart_decomposition 0000000180048f10 f   sf_runtime:sf_runtime.dll
 0001:00047f16       sf_debug_set_chart_substate_count 0000000180048f16 f   sf_runtime:sf_runtime.dll
 0001:00047f1c       sf_debug_set_chart_state_info 0000000180048f1c f   sf_runtime:sf_runtime.dll
 0001:00047f22       sf_debug_set_chart_data_props 0000000180048f22 f   sf_runtime:sf_runtime.dll
 0001:00047f28       sf_debug_set_chart_event_thresholds 0000000180048f28 f   sf_runtime:sf_runtime.dll
 0001:00047f2e       sf_debug_set_chart_disable_implicit_casting 0000000180048f2e f   sf_runtime:sf_runtime.dll
 0001:00047f34       sf_debug_initialize_chart  0000000180048f34 f   sf_runtime:sf_runtime.dll
 0001:00047f3a       sf_get_time                0000000180048f3a f   sf_runtime:sf_runtime.dll
 0001:00047f40       sf_debug_check_for_state_inconsistency 0000000180048f40 f   sf_runtime:sf_runtime.dll
 0001:00047f46       sf_debug_symbol_scope_pop  0000000180048f46 f   sf_runtime:sf_runtime.dll
 0001:00047f4c       sf_debug_data_range_wrapper 0000000180048f4c f   sf_runtime:sf_runtime.dll
 0001:00047f52       sf_debug_call              0000000180048f52 f   sf_runtime:sf_runtime.dll
 0001:00047f58       sf_debug_symbol_scope_push 0000000180048f58 f   sf_runtime:sf_runtime.dll
 0001:00047f5e       sf_mex_listen_for_ctrl_c   0000000180048f5e f   sf_runtime:sf_runtime.dll
 0001:00047f64       sf_debug_eml_data_array_bounds_error_check 0000000180048f64 f   sf_runtime:sf_runtime.dll
 0001:00047f6a       sf_debug_integer_check     0000000180048f6a f   sf_runtime:sf_runtime.dll
 0001:00047f70       eml_debug_line_call        0000000180048f70 f   sf_runtime:sf_runtime.dll
 0001:00047f76       cv_eml_eval                0000000180048f76 f   sf_runtime:sf_runtime.dll
 0001:00047f7c       sf_debug_symbol_scope_add_eml 0000000180048f7c f   sf_runtime:sf_runtime.dll
 0001:00047f82       sf_debug_symbol_scope_add_eml_importable 0000000180048f82 f   sf_runtime:sf_runtime.dll
 0001:00047f88       sf_debug_symbol_scope_push_eml 0000000180048f88 f   sf_runtime:sf_runtime.dll
 0001:00047f8e       sf_mex_call_debug          0000000180048f8e f   sf_runtime:sf_runtime.dll
 0001:00047f94       sf_clear_rtw_identifier    0000000180048f94 f   sf_runtime:sf_runtime.dll
 0001:00047f9a       sf_debug_terminate         0000000180048f9a f   sf_runtime:sf_runtime.dll
 0001:00047fa0       sf_debug_create_debug_instance_struct 0000000180048fa0 f   sf_runtime:sf_runtime.dll
 0001:00047fa6       sf_debug_api               0000000180048fa6 f   sf_runtime:sf_runtime.dll
 0001:00047fac       callMdlMethodAndReportError 0000000180048fac f   sf_runtime:sf_runtime.dll
 0001:00047fb2       call_sf_machine_global_method_dispatcher 0000000180048fb2 f   sf_runtime:sf_runtime.dll
 0001:00047fb8       sf_clear_error_manager_info 0000000180048fb8 f   sf_runtime:sf_runtime.dll
 0001:00047fbe       sf_mex_error_direct_call   0000000180048fbe f   sf_runtime:sf_runtime.dll
 0001:00047fc4       mxGetScalar                0000000180048fc4 f   libmx:libmx.dll
 0001:00047fca       mxGetPr                    0000000180048fca f   libmx:libmx.dll
 0001:00047fd0       mxCreateDoubleMatrix_730   0000000180048fd0 f   libmx:libmx.dll
 0001:00047fd6       mxGetString_730            0000000180048fd6 f   libmx:libmx.dll
 0001:00047fdc       mxIsChar                   0000000180048fdc f   libmx:libmx.dll
 0001:00047fe2       mxDestroyArray             0000000180048fe2 f   libmx:libmx.dll
 0001:00047fe8       mxDuplicateArray           0000000180048fe8 f   libmx:libmx.dll
 0001:00047fee       mxCreateDoubleScalar       0000000180048fee f   libmx:libmx.dll
 0001:00047ff4       mxSetField_730             0000000180048ff4 f   libmx:libmx.dll
 0001:00047ffa       mxCreateString             0000000180048ffa f   libmx:libmx.dll
 0001:00048000       mxCreateStructMatrix_730   0000000180049000 f   libmx:libmx.dll
 0001:00048006       mxCreateCellMatrix_730     0000000180049006 f   libmx:libmx.dll
 0001:0004800c       mxGetClassID               000000018004900c f   libmx:libmx.dll
 0001:00048012       mxIsNumeric                0000000180049012 f   libmx:libmx.dll
 0001:00048018       mxIsComplex                0000000180049018 f   libmx:libmx.dll
 0001:0004801e       mxGetN                     000000018004901e f   libmx:libmx.dll
 0001:00048024       mxGetM                     0000000180049024 f   libmx:libmx.dll
 0001:0004802a       mxCalloc                   000000018004902a f   libmx:libmx.dll
 0001:00048030       mexMakeArrayPersistent     0000000180049030 f   libmex:libmex.dll
 0001:00048036       mexUnlock                  0000000180049036 f   libmex:libmex.dll
 0001:0004803c       mexIsLocked                000000018004903c f   libmex:libmex.dll
 0001:00048042       mexWarnMsgTxt              0000000180049042 f   libmex:libmex.dll
 0001:00048048       mexCallMATLAB              0000000180049048 f   libmex:libmex.dll
 0001:0004804e       mexErrMsgTxt               000000018004904e f   libmex:libmex.dll
 0001:00048054       mexLock                    0000000180049054 f   libmex:libmex.dll
 0001:0004805a       utMalloc                   000000018004905a f   libut:libut.dll
 0001:00048060       utFree                     0000000180049060 f   libut:libut.dll
 0001:00048066       muDoubleScalarAbs          0000000180049066 f   libmwmathutil:libmwmathutil.dll
 0001:0004806c       muDoubleScalarSqrt         000000018004906c f   libmwmathutil:libmwmathutil.dll
 0001:00048072       muDoubleScalarSin          0000000180049072 f   libmwmathutil:libmwmathutil.dll
 0001:00048078       muDoubleScalarCos          0000000180049078 f   libmwmathutil:libmwmathutil.dll
 0001:0004807e       muDoubleScalarAtan2        000000018004907e f   libmwmathutil:libmwmathutil.dll
 0001:00048084       muDoubleScalarPower        0000000180049084 f   libmwmathutil:libmwmathutil.dll
 0001:0004808c       __GSHandlerCheckCommon     000000018004908c f   MSVCRT:gshandler.obj
 0001:000480f0       __GSHandlerCheck           00000001800490f0 f   MSVCRT:gshandler.obj
 0001:0004810e       strcmp                     000000018004910e f   MSVCRT:MSVCR100.dll
 0001:00048130       __security_check_cookie    0000000180049130 f   MSVCRT:amdsecgs.obj
 0001:00048150       strlen                     0000000180049150 f   MSVCRT:MSVCR100.dll
 0001:00048156       memset                     0000000180049156 f   MSVCRT:MSVCR100.dll
 0001:0004815c       free                       000000018004915c f   MSVCRT:MSVCR100.dll
 0001:00048162       sprintf                    0000000180049162 f   MSVCRT:MSVCR100.dll
 0001:00048168       malloc                     0000000180049168 f   MSVCRT:MSVCR100.dll
 0001:0004816e       strcat                     000000018004916e f   MSVCRT:MSVCR100.dll
 0001:00048174       memcpy                     0000000180049174 f   MSVCRT:MSVCR100.dll
 0001:0004817c       NtCurrentTeb               000000018004917c f i MSVCRT:crtdll.obj
 0001:000481e8       _CRT_INIT                  00000001800491e8 f   MSVCRT:crtdll.obj
 0001:00048580       _DllMainCRTStartup         0000000180049580 f   MSVCRT:crtdll.obj
 0001:000485c0       __report_gsfailure         00000001800495c0 f   MSVCRT:gs_report.obj
 0001:0004870c       __clean_type_info_names    000000018004970c f   MSVCRT:tncleanup.obj
 0001:00048718       _onexit                    0000000180049718 f   MSVCRT:atonexit.obj
 0001:000487c8       atexit                     00000001800497c8 f   MSVCRT:atonexit.obj
 0001:000487e0       _RTC_Initialize            00000001800497e0 f   MSVCRT:_initsect_.obj
 0001:00048818       _RTC_Terminate             0000000180049818 f   MSVCRT:_initsect_.obj
 0001:00048850       _malloc_crt                0000000180049850 f   MSVCRT:MSVCR100.dll
 0001:00048860       _ValidateImageBase         0000000180049860 f   MSVCRT:pesect.obj
 0001:00048890       _FindPESection             0000000180049890 f   MSVCRT:pesect.obj
 0001:000488e0       _IsNonwritableInCurrentImage 00000001800498e0 f   MSVCRT:pesect.obj
 0001:00048922       _initterm                  0000000180049922 f   MSVCRT:MSVCR100.dll
 0001:00048928       _initterm_e                0000000180049928 f   MSVCRT:MSVCR100.dll
 0001:0004892e       _encoded_null              000000018004992e f   MSVCRT:MSVCR100.dll
 0001:00048934       _amsg_exit                 0000000180049934 f   MSVCRT:MSVCR100.dll
 0001:0004893a       __C_specific_handler       000000018004993a f   MSVCRT:MSVCR100.dll
 0001:00048940       __CppXcptFilter            0000000180049940 f   MSVCRT:MSVCR100.dll
 0001:00048948       DllMain                    0000000180049948 f   MSVCRT:dllmain.obj
 0001:0004896c       __security_init_cookie     000000018004996c f   MSVCRT:gs_support.obj
 0001:00048a20       __crt_debugger_hook        0000000180049a20 f   MSVCRT:MSVCR100.dll
 0001:00048a26       __clean_type_info_names_internal 0000000180049a26 f   MSVCRT:MSVCR100.dll
 0001:00048a2c       _unlock                    0000000180049a2c f   MSVCRT:MSVCR100.dll
 0001:00048a32       __dllonexit                0000000180049a32 f   MSVCRT:MSVCR100.dll
 0001:00048a38       _lock                      0000000180049a38 f   MSVCRT:MSVCR100.dll
 0001:00048a3e       EncodePointer              0000000180049a3e f   kernel32:KERNEL32.dll
 0001:00048a44       DecodePointer              0000000180049a44 f   kernel32:KERNEL32.dll
 0001:00048a4a       Sleep                      0000000180049a4a f   kernel32:KERNEL32.dll
 0001:00048a50       TerminateProcess           0000000180049a50 f   kernel32:KERNEL32.dll
 0001:00048a56       GetCurrentProcess          0000000180049a56 f   kernel32:KERNEL32.dll
 0001:00048a5c       UnhandledExceptionFilter   0000000180049a5c f   kernel32:KERNEL32.dll
 0001:00048a62       SetUnhandledExceptionFilter 0000000180049a62 f   kernel32:KERNEL32.dll
 0001:00048a68       IsDebuggerPresent          0000000180049a68 f   kernel32:KERNEL32.dll
 0001:00048a6e       RtlVirtualUnwind           0000000180049a6e f   kernel32:KERNEL32.dll
 0001:00048a74       RtlLookupFunctionEntry     0000000180049a74 f   kernel32:KERNEL32.dll
 0001:00048a7a       RtlCaptureContext          0000000180049a7a f   kernel32:KERNEL32.dll
 0001:00048a80       DisableThreadLibraryCalls  0000000180049a80 f   kernel32:KERNEL32.dll
 0001:00048a86       QueryPerformanceCounter    0000000180049a86 f   kernel32:KERNEL32.dll
 0001:00048a8c       GetTickCount               0000000180049a8c f   kernel32:KERNEL32.dll
 0001:00048a92       GetCurrentThreadId         0000000180049a92 f   kernel32:KERNEL32.dll
 0001:00048a98       GetCurrentProcessId        0000000180049a98 f   kernel32:KERNEL32.dll
 0001:00048a9e       GetSystemTimeAsFileTime    0000000180049a9e f   kernel32:KERNEL32.dll
 0002:00000000       __imp_GetSystemTimeAsFileTime 000000018004a000     kernel32:KERNEL32.dll
 0002:00000008       __imp_GetCurrentProcessId  000000018004a008     kernel32:KERNEL32.dll
 0002:00000010       __imp_GetCurrentThreadId   000000018004a010     kernel32:KERNEL32.dll
 0002:00000018       __imp_GetTickCount         000000018004a018     kernel32:KERNEL32.dll
 0002:00000020       __imp_QueryPerformanceCounter 000000018004a020     kernel32:KERNEL32.dll
 0002:00000028       __imp_DisableThreadLibraryCalls 000000018004a028     kernel32:KERNEL32.dll
 0002:00000030       __imp_RtlCaptureContext    000000018004a030     kernel32:KERNEL32.dll
 0002:00000038       __imp_RtlLookupFunctionEntry 000000018004a038     kernel32:KERNEL32.dll
 0002:00000040       __imp_RtlVirtualUnwind     000000018004a040     kernel32:KERNEL32.dll
 0002:00000048       __imp_IsDebuggerPresent    000000018004a048     kernel32:KERNEL32.dll
 0002:00000050       __imp_SetUnhandledExceptionFilter 000000018004a050     kernel32:KERNEL32.dll
 0002:00000058       __imp_UnhandledExceptionFilter 000000018004a058     kernel32:KERNEL32.dll
 0002:00000060       __imp_GetCurrentProcess    000000018004a060     kernel32:KERNEL32.dll
 0002:00000068       __imp_TerminateProcess     000000018004a068     kernel32:KERNEL32.dll
 0002:00000070       __imp_Sleep                000000018004a070     kernel32:KERNEL32.dll
 0002:00000078       __imp_DecodePointer        000000018004a078     kernel32:KERNEL32.dll
 0002:00000080       __imp_EncodePointer        000000018004a080     kernel32:KERNEL32.dll
 0002:00000088       \177KERNEL32_NULL_THUNK_DATA 000000018004a088     kernel32:KERNEL32.dll
 0002:00000090       __imp__onexit              000000018004a090     MSVCRT:MSVCR100.dll
 0002:00000098       __imp__lock                000000018004a098     MSVCRT:MSVCR100.dll
 0002:000000a0       __imp___dllonexit          000000018004a0a0     MSVCRT:MSVCR100.dll
 0002:000000a8       __imp__unlock              000000018004a0a8     MSVCRT:MSVCR100.dll
 0002:000000b0       __imp___clean_type_info_names_internal 000000018004a0b0     MSVCRT:MSVCR100.dll
 0002:000000b8       __imp___crt_debugger_hook  000000018004a0b8     MSVCRT:MSVCR100.dll
 0002:000000c0       __imp___CppXcptFilter      000000018004a0c0     MSVCRT:MSVCR100.dll
 0002:000000c8       __imp___C_specific_handler 000000018004a0c8     MSVCRT:MSVCR100.dll
 0002:000000d0       __imp__amsg_exit           000000018004a0d0     MSVCRT:MSVCR100.dll
 0002:000000d8       __imp__encoded_null        000000018004a0d8     MSVCRT:MSVCR100.dll
 0002:000000e0       __imp__initterm_e          000000018004a0e0     MSVCRT:MSVCR100.dll
 0002:000000e8       __imp__initterm            000000018004a0e8     MSVCRT:MSVCR100.dll
 0002:000000f0       __imp__malloc_crt          000000018004a0f0     MSVCRT:MSVCR100.dll
 0002:000000f8       __imp_memcpy               000000018004a0f8     MSVCRT:MSVCR100.dll
 0002:00000100       __imp_strcat               000000018004a100     MSVCRT:MSVCR100.dll
 0002:00000108       __imp_malloc               000000018004a108     MSVCRT:MSVCR100.dll
 0002:00000110       __imp_sprintf              000000018004a110     MSVCRT:MSVCR100.dll
 0002:00000118       __imp_free                 000000018004a118     MSVCRT:MSVCR100.dll
 0002:00000120       __imp_memset               000000018004a120     MSVCRT:MSVCR100.dll
 0002:00000128       __imp_strlen               000000018004a128     MSVCRT:MSVCR100.dll
 0002:00000130       __imp_strcmp               000000018004a130     MSVCRT:MSVCR100.dll
 0002:00000138       \177MSVCR100_NULL_THUNK_DATA 000000018004a138     MSVCRT:MSVCR100.dll
 0002:00000140       __imp_mexUnlock            000000018004a140     libmex:libmex.dll
 0002:00000148       __imp_mexIsLocked          000000018004a148     libmex:libmex.dll
 0002:00000150       __imp_mexWarnMsgTxt        000000018004a150     libmex:libmex.dll
 0002:00000158       __imp_mexCallMATLAB        000000018004a158     libmex:libmex.dll
 0002:00000160       __imp_mexErrMsgTxt         000000018004a160     libmex:libmex.dll
 0002:00000168       __imp_mexLock              000000018004a168     libmex:libmex.dll
 0002:00000170       __imp_mexMakeArrayPersistent 000000018004a170     libmex:libmex.dll
 0002:00000178       \177libmex_NULL_THUNK_DATA 000000018004a178     libmex:libmex.dll
 0002:00000180       __imp_muDoubleScalarSqrt   000000018004a180     libmwmathutil:libmwmathutil.dll
 0002:00000188       __imp_muDoubleScalarSin    000000018004a188     libmwmathutil:libmwmathutil.dll
 0002:00000190       __imp_muDoubleScalarCos    000000018004a190     libmwmathutil:libmwmathutil.dll
 0002:00000198       __imp_muDoubleScalarAtan2  000000018004a198     libmwmathutil:libmwmathutil.dll
 0002:000001a0       __imp_muDoubleScalarPower  000000018004a1a0     libmwmathutil:libmwmathutil.dll
 0002:000001a8       __imp_muDoubleScalarAbs    000000018004a1a8     libmwmathutil:libmwmathutil.dll
 0002:000001b0       \177libmwmathutil_NULL_THUNK_DATA 000000018004a1b0     libmwmathutil:libmwmathutil.dll
 0002:000001b8       __imp_mxCalloc             000000018004a1b8     libmx:libmx.dll
 0002:000001c0       __imp_mxGetM               000000018004a1c0     libmx:libmx.dll
 0002:000001c8       __imp_mxGetN               000000018004a1c8     libmx:libmx.dll
 0002:000001d0       __imp_mxIsComplex          000000018004a1d0     libmx:libmx.dll
 0002:000001d8       __imp_mxIsNumeric          000000018004a1d8     libmx:libmx.dll
 0002:000001e0       __imp_mxGetClassID         000000018004a1e0     libmx:libmx.dll
 0002:000001e8       __imp_mxCreateCellMatrix_730 000000018004a1e8     libmx:libmx.dll
 0002:000001f0       __imp_mxCreateStructMatrix_730 000000018004a1f0     libmx:libmx.dll
 0002:000001f8       __imp_mxCreateString       000000018004a1f8     libmx:libmx.dll
 0002:00000200       __imp_mxSetField_730       000000018004a200     libmx:libmx.dll
 0002:00000208       __imp_mxCreateDoubleScalar 000000018004a208     libmx:libmx.dll
 0002:00000210       __imp_mxDuplicateArray     000000018004a210     libmx:libmx.dll
 0002:00000218       __imp_mxGetScalar          000000018004a218     libmx:libmx.dll
 0002:00000220       __imp_mxGetPr              000000018004a220     libmx:libmx.dll
 0002:00000228       __imp_mxCreateDoubleMatrix_730 000000018004a228     libmx:libmx.dll
 0002:00000230       __imp_mxGetString_730      000000018004a230     libmx:libmx.dll
 0002:00000238       __imp_mxIsChar             000000018004a238     libmx:libmx.dll
 0002:00000240       __imp_mxDestroyArray       000000018004a240     libmx:libmx.dll
 0002:00000248       \177libmx_NULL_THUNK_DATA  000000018004a248     libmx:libmx.dll
 0002:00000250       __imp_utMalloc             000000018004a250     libut:libut.dll
 0002:00000258       __imp_utFree               000000018004a258     libut:libut.dll
 0002:00000260       \177libut_NULL_THUNK_DATA  000000018004a260     libut:libut.dll
 0002:00000268       __imp_call_sf_machine_global_method_dispatcher 000000018004a268     sf_runtime:sf_runtime.dll
 0002:00000270       __imp_callMdlMethodAndReportError 000000018004a270     sf_runtime:sf_runtime.dll
 0002:00000278       __imp_sf_debug_api         000000018004a278     sf_runtime:sf_runtime.dll
 0002:00000280       __imp_sf_debug_create_debug_instance_struct 000000018004a280     sf_runtime:sf_runtime.dll
 0002:00000288       __imp_sf_debug_terminate   000000018004a288     sf_runtime:sf_runtime.dll
 0002:00000290       __imp_sf_clear_rtw_identifier 000000018004a290     sf_runtime:sf_runtime.dll
 0002:00000298       __imp_sf_mex_call_debug    000000018004a298     sf_runtime:sf_runtime.dll
 0002:000002a0       __imp_sf_debug_symbol_scope_push_eml 000000018004a2a0     sf_runtime:sf_runtime.dll
 0002:000002a8       __imp_sf_clear_error_manager_info 000000018004a2a8     sf_runtime:sf_runtime.dll
 0002:000002b0       __imp_sf_debug_symbol_scope_add_eml 000000018004a2b0     sf_runtime:sf_runtime.dll
 0002:000002b8       __imp_cv_eml_eval          000000018004a2b8     sf_runtime:sf_runtime.dll
 0002:000002c0       __imp_eml_debug_line_call  000000018004a2c0     sf_runtime:sf_runtime.dll
 0002:000002c8       __imp_sf_debug_integer_check 000000018004a2c8     sf_runtime:sf_runtime.dll
 0002:000002d0       __imp_sf_debug_eml_data_array_bounds_error_check 000000018004a2d0     sf_runtime:sf_runtime.dll
 0002:000002d8       __imp_sf_mex_listen_for_ctrl_c 000000018004a2d8     sf_runtime:sf_runtime.dll
 0002:000002e0       __imp_sf_debug_symbol_scope_push 000000018004a2e0     sf_runtime:sf_runtime.dll
 0002:000002e8       __imp_sf_debug_call        000000018004a2e8     sf_runtime:sf_runtime.dll
 0002:000002f0       __imp_sf_debug_data_range_wrapper 000000018004a2f0     sf_runtime:sf_runtime.dll
 0002:000002f8       __imp_sf_mex_error_direct_call 000000018004a2f8     sf_runtime:sf_runtime.dll
 0002:00000300       __imp_sf_debug_symbol_scope_add_eml_importable 000000018004a300     sf_runtime:sf_runtime.dll
 0002:00000308       __imp_sf_debug_symbol_scope_pop 000000018004a308     sf_runtime:sf_runtime.dll
 0002:00000310       __imp_sf_debug_check_for_state_inconsistency 000000018004a310     sf_runtime:sf_runtime.dll
 0002:00000318       __imp_sf_get_time          000000018004a318     sf_runtime:sf_runtime.dll
 0002:00000320       __imp_sf_debug_initialize_chart 000000018004a320     sf_runtime:sf_runtime.dll
 0002:00000328       __imp_sf_debug_set_chart_disable_implicit_casting 000000018004a328     sf_runtime:sf_runtime.dll
 0002:00000330       __imp_sf_debug_set_chart_event_thresholds 000000018004a330     sf_runtime:sf_runtime.dll
 0002:00000338       __imp_sf_debug_set_chart_data_props 000000018004a338     sf_runtime:sf_runtime.dll
 0002:00000340       __imp_sf_debug_set_chart_state_info 000000018004a340     sf_runtime:sf_runtime.dll
 0002:00000348       __imp_sf_debug_set_chart_substate_count 000000018004a348     sf_runtime:sf_runtime.dll
 0002:00000350       __imp_sf_debug_set_chart_decomposition 000000018004a350     sf_runtime:sf_runtime.dll
 0002:00000358       __imp_sf_debug_cv_init_chart 000000018004a358     sf_runtime:sf_runtime.dll
 0002:00000360       __imp_sf_debug_cv_init_state 000000018004a360     sf_runtime:sf_runtime.dll
 0002:00000368       __imp_sf_debug_cv_init_trans 000000018004a368     sf_runtime:sf_runtime.dll
 0002:00000370       __imp_cv_eml_init_script   000000018004a370     sf_runtime:sf_runtime.dll
 0002:00000378       __imp_cv_eml_init_fcn      000000018004a378     sf_runtime:sf_runtime.dll
 0002:00000380       __imp_cv_eml_init_if       000000018004a380     sf_runtime:sf_runtime.dll
 0002:00000388       __imp_cv_eml_init_for      000000018004a388     sf_runtime:sf_runtime.dll
 0002:00000390       __imp_sf_debug_set_chart_data_compiled_props 000000018004a390     sf_runtime:sf_runtime.dll
 0002:00000398       __imp_sf_debug_set_instance_data_value_ptr 000000018004a398     sf_runtime:sf_runtime.dll
 0002:000003a0       __imp_sf_debug_reset_current_state_configuration 000000018004a3a0     sf_runtime:sf_runtime.dll
 0002:000003a8       __imp_sim_mode_is_rtw_gen  000000018004a3a8     sf_runtime:sf_runtime.dll
 0002:000003b0       __imp_sim_mode_is_external 000000018004a3b0     sf_runtime:sf_runtime.dll
 0002:000003b8       __imp_sf_is_chart_inlinable 000000018004a3b8     sf_runtime:sf_runtime.dll
 0002:000003c0       __imp_sf_rtw_info_uint_prop 000000018004a3c0     sf_runtime:sf_runtime.dll
 0002:000003c8       __imp_sf_update_buildInfo  000000018004a3c8     sf_runtime:sf_runtime.dll
 0002:000003d0       __imp_sf_mark_chart_expressionable_inputs 000000018004a3d0     sf_runtime:sf_runtime.dll
 0002:000003d8       __imp_sf_mark_chart_reusable_outputs 000000018004a3d8     sf_runtime:sf_runtime.dll
 0002:000003e0       __imp_sf_set_rtw_dwork_info 000000018004a3e0     sf_runtime:sf_runtime.dll
 0002:000003e8       __imp_sf_mex_import        000000018004a3e8     sf_runtime:sf_runtime.dll
 0002:000003f0       __imp_sf_mex_dup           000000018004a3f0     sf_runtime:sf_runtime.dll
 0002:000003f8       __imp_sf_mex_getcell       000000018004a3f8     sf_runtime:sf_runtime.dll
 0002:00000400       __imp_sf_mex_decode_encoded_mx_struct_array 000000018004a400     sf_runtime:sf_runtime.dll
 0002:00000408       __imp_sf_mex_setcell       000000018004a408     sf_runtime:sf_runtime.dll
 0002:00000410       __imp_sf_mex_call_matlab   000000018004a410     sf_runtime:sf_runtime.dll
 0002:00000418       __imp_sf_mex_error_message 000000018004a418     sf_runtime:sf_runtime.dll
 0002:00000420       __imp_sf_mex_create        000000018004a420     sf_runtime:sf_runtime.dll
 0002:00000428       __imp_sf_mex_addfield      000000018004a428     sf_runtime:sf_runtime.dll
 0002:00000430       __imp_sf_mex_createcellmatrix 000000018004a430     sf_runtime:sf_runtime.dll
 0002:00000438       __imp_sf_mex_duplicatearraysafe 000000018004a438     sf_runtime:sf_runtime.dll
 0002:00000440       __imp_sf_mex_destroy       000000018004a440     sf_runtime:sf_runtime.dll
 0002:00000448       __imp_sf_mex_createstruct  000000018004a448     sf_runtime:sf_runtime.dll
 0002:00000450       __imp_sf_mex_assign        000000018004a450     sf_runtime:sf_runtime.dll
 0002:00000458       __imp_sf_mex_emlrtNameCapturePostProcessR2012a 000000018004a458     sf_runtime:sf_runtime.dll
 0002:00000460       __imp_sf_load_rtw_optimization_info 000000018004a460     sf_runtime:sf_runtime.dll
 0002:00000468       __imp_sf_debug_initialize_machine 000000018004a468     sf_runtime:sf_runtime.dll
 0002:00000470       __imp_sf_debug_set_machine_event_thresholds 000000018004a470     sf_runtime:sf_runtime.dll
 0002:00000478       __imp_sf_debug_set_machine_data_thresholds 000000018004a478     sf_runtime:sf_runtime.dll
 0002:00000480       \177sf_runtime_NULL_THUNK_DATA 000000018004a480     sf_runtime:sf_runtime.dll
 0002:00000488       __xc_a                     000000018004a488     MSVCRT:cinitexe.obj
 0002:00000490       __xc_z                     000000018004a490     MSVCRT:cinitexe.obj
 0002:00000498       __xi_a                     000000018004a498     MSVCRT:cinitexe.obj
 0002:000004a8       __xi_z                     000000018004a4a8     MSVCRT:cinitexe.obj
 0002:000004b0       __real@41ed2b1e26c00000    000000018004a4b0     Arti_DeltaSM_Control_Fricc_sfun.obj
 0002:000004b8       __real@41d7fda5b7000000    000000018004a4b8     Arti_DeltaSM_Control_Fricc_sfun.obj
 0002:000004c0       __real@41ec0897a0600000    000000018004a4c0     Arti_DeltaSM_Control_Fricc_sfun.obj
 0002:000004c8       __real@41ccade5b0000000    000000018004a4c8     Arti_DeltaSM_Control_Fricc_sfun.obj
 0002:000004d0       __real@41c900e78a000000    000000018004a4d0     Arti_DeltaSM_Control_Fricc_sfun.obj
 0002:000004d8       __real@41eda5398c800000    000000018004a4d8     Arti_DeltaSM_Control_Fricc_sfun.obj
 0002:000004e0       __real@41edcf5b43c00000    000000018004a4e0     Arti_DeltaSM_Control_Fricc_sfun.obj
 0002:000004e8       __real@41e695dff8600000    000000018004a4e8     Arti_DeltaSM_Control_Fricc_sfun.obj
 0002:000004f0       __real@41ee703274e00000    000000018004a4f0     Arti_DeltaSM_Control_Fricc_sfun.obj
 0002:000004f8       __real@41a3ddcf3c000000    000000018004a4f8     Arti_DeltaSM_Control_Fricc_sfun.obj
 0002:00000500       __real@41ebcc7f3a600000    000000018004a500     Arti_DeltaSM_Control_Fricc_sfun.obj
 0002:00000508       __real@41e5befa5ec00000    000000018004a508     Arti_DeltaSM_Control_Fricc_sfun.obj
 0002:00000510       __real@41e48dfbf0a00000    000000018004a510     Arti_DeltaSM_Control_Fricc_sfun.obj
 0002:00000518       __real@41e0cc2d4c800000    000000018004a518     Arti_DeltaSM_Control_Fricc_sfun.obj
 0002:00000520       __real@41e76a0dd4a00000    000000018004a520     Arti_DeltaSM_Control_Fricc_sfun.obj
 0002:00000528       __real@41e5b1086fa00000    000000018004a528     Arti_DeltaSM_Control_Fricc_sfun.obj
 0002:00000530       __real@41ea0a8abb600000    000000018004a530     c1_Arti_DeltaSM_Control_Fricc.obj
 0002:00000538       __real@41ea7e13a6800000    000000018004a538     c1_Arti_DeltaSM_Control_Fricc.obj
 0002:00000540       __real@41ec36edce000000    000000018004a540     c1_Arti_DeltaSM_Control_Fricc.obj
 0002:00000548       __real@41ee09aa61000000    000000018004a548     c1_Arti_DeltaSM_Control_Fricc.obj
 0002:00000550       __real@4024000000000000    000000018004a550     c1_Arti_DeltaSM_Control_Fricc.obj
 0002:00000558       __real@3ff0000000000000    000000018004a558     c1_Arti_DeltaSM_Control_Fricc.obj
 0002:00000560       __real@bfe86c62ef24b4da    000000018004a560     c1_Arti_DeltaSM_Control_Fricc.obj
 0002:00000568       __real@c000000000000000    000000018004a568     c1_Arti_DeltaSM_Control_Fricc.obj
 0002:00000570       __real@405ec7ae147ae148    000000018004a570     c1_Arti_DeltaSM_Control_Fricc.obj
 0002:00000578       __real@3fee34c25a9242ed    000000018004a578     c1_Arti_DeltaSM_Control_Fricc.obj
 0002:00000580       __real@40ad9b4467381d7e    000000018004a580     c1_Arti_DeltaSM_Control_Fricc.obj
 0002:00000588       __real@4010000000000000    000000018004a588     c1_Arti_DeltaSM_Control_Fricc.obj
 0002:00000590       __real@c04ec7ae147ae148    000000018004a590     c1_Arti_DeltaSM_Control_Fricc.obj
 0002:00000598       __real@4000000000000000    000000018004a598     c1_Arti_DeltaSM_Control_Fricc.obj
 0002:000005a0       __real@3f7f81f81f81f820    000000018004a5a0     c1_Arti_DeltaSM_Control_Fricc.obj
 0002:000005b0       __mask@@NegDouble@         000000018004a5b0     c1_Arti_DeltaSM_Control_Fricc.obj
 0002:000005c0       __real@403ec7ae147ae148    000000018004a5c0     c1_Arti_DeltaSM_Control_Fricc.obj
 0002:000005c8       __real@4071300000000000    000000018004a5c8     c1_Arti_DeltaSM_Control_Fricc.obj
 0002:000005d0       __real@4060400000000000    000000018004a5d0     c1_Arti_DeltaSM_Control_Fricc.obj
 0002:000005d8       __real@40413c28f5c28f5c    000000018004a5d8     c1_Arti_DeltaSM_Control_Fricc.obj
 0002:000005e0       __real@4050500000000000    000000018004a5e0     c1_Arti_DeltaSM_Control_Fricc.obj
 0002:000005e8       __real@3ff921fb54442d18    000000018004a5e8     c1_Arti_DeltaSM_Control_Fricc.obj
 0002:000005f0       __real@4000c152382d7365    000000018004a5f0     c1_Arti_DeltaSM_Control_Fricc.obj
 0002:000005f8       __real@4008000000000000    000000018004a5f8     c1_Arti_DeltaSM_Control_Fricc.obj
 0002:00000600       __real@4018000000000000    000000018004a600     c1_Arti_DeltaSM_Control_Fricc.obj
 0002:00000608       __real@41e0957f92c00000    000000018004a608     c2_Arti_DeltaSM_Control_Fricc.obj
 0002:00000610       __real@41ec7fe0c2a00000    000000018004a610     c2_Arti_DeltaSM_Control_Fricc.obj
 0002:00000618       __real@41e40a3147400000    000000018004a618     c2_Arti_DeltaSM_Control_Fricc.obj
 0002:00000620       __real@41d3a4a2d4000000    000000018004a620     c2_Arti_DeltaSM_Control_Fricc.obj
 0002:00000628       __real@c06e000000000000    000000018004a628     c2_Arti_DeltaSM_Control_Fricc.obj
 0002:00000630       __real@4082c00000000000    000000018004a630     c2_Arti_DeltaSM_Control_Fricc.obj
 0002:00000638       __real@c079000000000000    000000018004a638     c2_Arti_DeltaSM_Control_Fricc.obj
 0002:00000640       __real@c040e00000000000    000000018004a640     c2_Arti_DeltaSM_Control_Fricc.obj
 0002:00000648       __real@4065180000000000    000000018004a648     c2_Arti_DeltaSM_Control_Fricc.obj
 0002:00000650       __real@c06c200000000000    000000018004a650     c2_Arti_DeltaSM_Control_Fricc.obj
 0002:00000658       __real@c01e000000000000    000000018004a658     c2_Arti_DeltaSM_Control_Fricc.obj
 0002:00000660       __real@4042c00000000000    000000018004a660     c2_Arti_DeltaSM_Control_Fricc.obj
 0002:00000668       __real@c049000000000000    000000018004a668     c2_Arti_DeltaSM_Control_Fricc.obj
 0002:00000670       __real@403a400000000000    000000018004a670     c2_Arti_DeltaSM_Control_Fricc.obj
 0002:00000678       __real@c060680000000000    000000018004a678     c2_Arti_DeltaSM_Control_Fricc.obj
 0002:00000680       __real@4065e00000000000    000000018004a680     c2_Arti_DeltaSM_Control_Fricc.obj
 0002:00000688       __real@c069000000000000    000000018004a688     c2_Arti_DeltaSM_Control_Fricc.obj
 0002:00000690       __real@c064000000000000    000000018004a690     c2_Arti_DeltaSM_Control_Fricc.obj
 0002:00000698       __real@c072c00000000000    000000018004a698     c2_Arti_DeltaSM_Control_Fricc.obj
 0002:000006a0       __real@c06f400000000000    000000018004a6a0     c2_Arti_DeltaSM_Control_Fricc.obj
 0002:000006a8       __real@c051800000000000    000000018004a6a8     c2_Arti_DeltaSM_Control_Fricc.obj
 0002:000006b0       __real@4014000000000000    000000018004a6b0     c2_Arti_DeltaSM_Control_Fricc.obj
 0002:000006b8       __real@41ebcd25a0800000    000000018004a6b8     c3_Arti_DeltaSM_Control_Fricc.obj
 0002:000006c0       __real@41e026a492600000    000000018004a6c0     c3_Arti_DeltaSM_Control_Fricc.obj
 0002:000006c8       __real@41ed9c456cc00000    000000018004a6c8     c3_Arti_DeltaSM_Control_Fricc.obj
 0002:000006d0       __real@41aa3489a8000000    000000018004a6d0     c3_Arti_DeltaSM_Control_Fricc.obj
 0002:000006d8       __real@40a0000000000000    000000018004a6d8     c3_Arti_DeltaSM_Control_Fricc.obj
 0002:000006e0       __real@4066800000000000    000000018004a6e0     c3_Arti_DeltaSM_Control_Fricc.obj
 0002:000006e8       __real@400921fb54442d18    000000018004a6e8     c3_Arti_DeltaSM_Control_Fricc.obj
 0002:000006f0       __real@3f91df4722d4405f    000000018004a6f0     c3_Arti_DeltaSM_Control_Fricc.obj
 0002:000006f8       __real@41bacc7cb7000000    000000018004a6f8     c4_Arti_DeltaSM_Control_Fricc.obj
 0002:00000700       __real@41e1f0c236200000    000000018004a700     c4_Arti_DeltaSM_Control_Fricc.obj
 0002:00000708       __real@41d7778d2bc00000    000000018004a708     c4_Arti_DeltaSM_Control_Fricc.obj
 0002:00000710       __real@41dfef5e0f400000    000000018004a710     c4_Arti_DeltaSM_Control_Fricc.obj
 0002:00000718       __real@3fb6800000000000    000000018004a718     c4_Arti_DeltaSM_Control_Fricc.obj
 0002:00000720       __real@41e50f9f6ac00000    000000018004a720     c5_Arti_DeltaSM_Control_Fricc.obj
 0002:00000728       __real@41d86037c0800000    000000018004a728     c5_Arti_DeltaSM_Control_Fricc.obj
 0002:00000730       __real@41e1a81ee0c00000    000000018004a730     c5_Arti_DeltaSM_Control_Fricc.obj
 0002:00000738       __real@41d8478f71800000    000000018004a738     c5_Arti_DeltaSM_Control_Fricc.obj
 0002:00000740       __real@3fecf3f26d5cdffa    000000018004a740     c5_Arti_DeltaSM_Control_Fricc.obj
 0002:00000748       __real@404e000000000000    000000018004a748     c5_Arti_DeltaSM_Control_Fricc.obj
 0002:00000750       __real@41d455ede3c00000    000000018004a750     c6_Arti_DeltaSM_Control_Fricc.obj
 0002:00000758       __real@41b1f581d1000000    000000018004a758     c6_Arti_DeltaSM_Control_Fricc.obj
 0002:00000760       __real@41e30678f6e00000    000000018004a760     c6_Arti_DeltaSM_Control_Fricc.obj
 0002:00000768       __real@41a6a9a540000000    000000018004a768     c6_Arti_DeltaSM_Control_Fricc.obj
 0002:00000770       __real@3fdcf3f26d5cdffa    000000018004a770     c6_Arti_DeltaSM_Control_Fricc.obj
 0002:00000780       DYNAMIC_DIMENSION_DEF      000000018004a780     Arti_DeltaSM_Control_Fricc_sfun_registry.obj
 0002:000007a0       _ssBadLevel2InputAccessMsg 000000018004a7a0     Arti_DeltaSM_Control_Fricc_sfun_registry.obj
 0002:00000930       _ssBadLevel2DirectFeedMsg  000000018004a930     Arti_DeltaSM_Control_Fricc_sfun_registry.obj
 0002:00000a70       _ssBadLevel2DirectFeedSolutionMsg 000000018004aa70     Arti_DeltaSM_Control_Fricc_sfun_registry.obj
 0002:00000ae0       _ssBadLevel2ZeroDirectFeedMsg 000000018004aae0     Arti_DeltaSM_Control_Fricc_sfun_registry.obj
 0002:00000c20       _ssBadLevel2ZeroDirectFeedMsg2 000000018004ac20     Arti_DeltaSM_Control_Fricc_sfun_registry.obj
 0002:00000d08       __real@0000000000000000    000000018004ad08     Arti_DeltaSM_Control_Fricc_sfun_registry.obj
 0002:00000d10       __real@bff0000000000000    000000018004ad10     Arti_DeltaSM_Control_Fricc_sfun_registry.obj
 0002:00000d18       __real@41602cbca0000000    000000018004ad18     Arti_DeltaSM_Control_Fricc_sfun_registry.obj
 0002:00000d20       _pDefaultRawDllMain        000000018004ad20     MSVCRT:crtdll.obj
 0002:00000d20       _pRawDllMain               000000018004ad20     MSVCRT:crtdll.obj
 0002:00000d38       ?ProcessDetach@NativeDll@<CrtImplementationDetails>@@0IB 000000018004ad38     MSVCRT:tncleanup.obj
 0002:00000d3c       ?ProcessAttach@NativeDll@<CrtImplementationDetails>@@0IB 000000018004ad3c     MSVCRT:tncleanup.obj
 0002:00000d40       ?ThreadAttach@NativeDll@<CrtImplementationDetails>@@0IB 000000018004ad40     MSVCRT:tncleanup.obj
 0002:00000d44       ?ThreadDetach@NativeDll@<CrtImplementationDetails>@@0IB 000000018004ad44     MSVCRT:tncleanup.obj
 0002:00000d48       ?ProcessVerifier@NativeDll@<CrtImplementationDetails>@@0IB 000000018004ad48     MSVCRT:tncleanup.obj
 0002:00000d50       __rtc_iaa                  000000018004ad50     MSVCRT:_initsect_.obj
 0002:00000d58       __rtc_izz                  000000018004ad58     MSVCRT:_initsect_.obj
 0002:00000d60       __rtc_taa                  000000018004ad60     MSVCRT:_initsect_.obj
 0002:00000d68       __rtc_tzz                  000000018004ad68     MSVCRT:_initsect_.obj
 0002:00002380       __IMPORT_DESCRIPTOR_sf_runtime 000000018004c380     sf_runtime:sf_runtime.dll
 0002:00002394       __IMPORT_DESCRIPTOR_libmx  000000018004c394     libmx:libmx.dll
 0002:000023a8       __IMPORT_DESCRIPTOR_libmex 000000018004c3a8     libmex:libmex.dll
 0002:000023bc       __IMPORT_DESCRIPTOR_libut  000000018004c3bc     libut:libut.dll
 0002:000023d0       __IMPORT_DESCRIPTOR_libmwmathutil 000000018004c3d0     libmwmathutil:libmwmathutil.dll
 0002:000023e4       __IMPORT_DESCRIPTOR_MSVCR100 000000018004c3e4     MSVCRT:MSVCR100.dll
 0002:000023f8       __IMPORT_DESCRIPTOR_KERNEL32 000000018004c3f8     kernel32:KERNEL32.dll
 0002:0000240c       __NULL_IMPORT_DESCRIPTOR   000000018004c40c     sf_runtime:sf_runtime.dll
 0003:00013098       DYNAMIC_DIMENSION          0000000180061098     Arti_DeltaSM_Control_Fricc_sfun_registry.obj
 0003:00013ca8       __security_cookie          0000000180061ca8     MSVCRT:gs_cookie.obj
 0003:00013cb0       __security_cookie_complement 0000000180061cb0     MSVCRT:gs_cookie.obj
 0003:00013cb8       _fltused                   0000000180061cb8     MSVCRT:dllsupp.obj
 0003:00013cc0       __native_dllmain_reason    0000000180061cc0     MSVCRT:natstart.obj
 0003:00013cc4       __native_vcclrit_reason    0000000180061cc4     MSVCRT:natstart.obj
 0003:00013e88       sfGlobalDebugInstanceStruct 0000000180061e88     Arti_DeltaSM_Control_Fricc_sfun_registry.obj
 0003:00014410       ?__type_info_root_node@@3U__type_info_node@@A 0000000180062410     MSVCRT:tncleanup.obj
 0003:00014420       _Arti_DeltaSM_Control_FriccMachineNumber_ 0000000180062420     <common>
 0003:00014424       __native_startup_state     0000000180062424     <common>
 0003:00014428       __native_startup_lock      0000000180062428     <common>
 0003:00014430       __onexitend                0000000180062430     <common>
 0003:00014438       __onexitbegin              0000000180062438     <common>
 0003:00014440       __dyn_tls_init_callback    0000000180062440     <common>

 entry point at        0001:00048580

 Static symbols

 0001:00001a40       c1_info_helper             0000000180002a40 f   c1_Arti_DeltaSM_Control_Fricc.obj
 0001:00006d30       c1_emlrt_marshallOut       0000000180007d30 f   c1_Arti_DeltaSM_Control_Fricc.obj
 0001:00006dc0       c1_b_emlrt_marshallOut     0000000180007dc0 f   c1_Arti_DeltaSM_Control_Fricc.obj
 0001:00007d20       get_sim_state_c1_Arti_DeltaSM_Control_Fricc 0000000180008d20 f   c1_Arti_DeltaSM_Control_Fricc.obj
 0001:00008050       sf_get_sim_state_info_c1_Arti_DeltaSM_Control_Fricc 0000000180009050 f   c1_Arti_DeltaSM_Control_Fricc.obj
 0001:00008220       set_sim_state_c1_Arti_DeltaSM_Control_Fricc 0000000180009220 f   c1_Arti_DeltaSM_Control_Fricc.obj
 0001:00008390       c1_update_debugger_state_c1_Arti_DeltaSM_Control_Fricc 0000000180009390 f   c1_Arti_DeltaSM_Control_Fricc.obj
 0001:000083a0       c1_emlrt_marshallIn        00000001800093a0 f   c1_Arti_DeltaSM_Control_Fricc.obj
 0001:00008410       c1_b_emlrt_marshallIn      0000000180009410 f   c1_Arti_DeltaSM_Control_Fricc.obj
 0001:000084a0       c1_e_emlrt_marshallIn      00000001800094a0 f   c1_Arti_DeltaSM_Control_Fricc.obj
 0001:00008500       c1_f_emlrt_marshallIn      0000000180009500 f   c1_Arti_DeltaSM_Control_Fricc.obj
 0001:00008600       mdlProcessParameters_c1_Arti_DeltaSM_Control_Fricc 0000000180009600 f   c1_Arti_DeltaSM_Control_Fricc.obj
 0001:000086e0       initialize_params_c1_Arti_DeltaSM_Control_Fricc 00000001800096e0 f   c1_Arti_DeltaSM_Control_Fricc.obj
 0001:000086f0       mdlSetWorkWidths_c1_Arti_DeltaSM_Control_Fricc 00000001800096f0 f   c1_Arti_DeltaSM_Control_Fricc.obj
 0001:00008cb0       sf_get_instance_specialization 0000000180009cb0 f   c1_Arti_DeltaSM_Control_Fricc.obj
 0001:00008cc0       mdlStart_c1_Arti_DeltaSM_Control_Fricc 0000000180009cc0 f   c1_Arti_DeltaSM_Control_Fricc.obj
 0001:00008ef0       init_dsm_address_info      0000000180009ef0 f   c1_Arti_DeltaSM_Control_Fricc.obj
 0001:00008f00       chart_debug_initialization 0000000180009f00 f   c1_Arti_DeltaSM_Control_Fricc.obj
 0001:0000a180       init_script_number_translation 000000018000b180 f   c1_Arti_DeltaSM_Control_Fricc.obj
 0001:0000a1a0       c1_sf_marshallOut          000000018000b1a0 f   c1_Arti_DeltaSM_Control_Fricc.obj
 0001:0000a250       c1_sf_marshallIn           000000018000b250 f   c1_Arti_DeltaSM_Control_Fricc.obj
 0001:0000a2f0       sf_opaque_initialize_c1_Arti_DeltaSM_Control_Fricc 000000018000b2f0 f   c1_Arti_DeltaSM_Control_Fricc.obj
 0001:0000a330       initialize_c1_Arti_DeltaSM_Control_Fricc 000000018000b330 f   c1_Arti_DeltaSM_Control_Fricc.obj
 0001:0000a380       sf_opaque_enable_c1_Arti_DeltaSM_Control_Fricc 000000018000b380 f   c1_Arti_DeltaSM_Control_Fricc.obj
 0001:0000a3a0       enable_c1_Arti_DeltaSM_Control_Fricc 000000018000b3a0 f   c1_Arti_DeltaSM_Control_Fricc.obj
 0001:0000a3d0       sf_opaque_disable_c1_Arti_DeltaSM_Control_Fricc 000000018000b3d0 f   c1_Arti_DeltaSM_Control_Fricc.obj
 0001:0000a3f0       disable_c1_Arti_DeltaSM_Control_Fricc 000000018000b3f0 f   c1_Arti_DeltaSM_Control_Fricc.obj
 0001:0000a420       sf_opaque_gateway_c1_Arti_DeltaSM_Control_Fricc 000000018000b420 f   c1_Arti_DeltaSM_Control_Fricc.obj
 0001:0000a440       sf_gateway_c1_Arti_DeltaSM_Control_Fricc 000000018000b440 f   c1_Arti_DeltaSM_Control_Fricc.obj
 0001:0000a900       c1_chartstep_c1_Arti_DeltaSM_Control_Fricc 000000018000b900 f   c1_Arti_DeltaSM_Control_Fricc.obj
 0001:0000cac0       c1_b_sf_marshallOut        000000018000dac0 f   c1_Arti_DeltaSM_Control_Fricc.obj
 0001:0000cc20       c1_b_sf_marshallIn         000000018000dc20 f   c1_Arti_DeltaSM_Control_Fricc.obj
 0001:0000cd20       c1_c_emlrt_marshallIn      000000018000dd20 f   c1_Arti_DeltaSM_Control_Fricc.obj
 0001:0000ce10       c1_mpower                  000000018000de10 f   c1_Arti_DeltaSM_Control_Fricc.obj
 0001:0000ce80       c1_eml_scalar_eg           000000018000de80 f   c1_Arti_DeltaSM_Control_Fricc.obj
 0001:0000ce90       c1_eml_error               000000018000de90 f   c1_Arti_DeltaSM_Control_Fricc.obj
 0001:0000d080       c1_atan2                   000000018000e080 f   c1_Arti_DeltaSM_Control_Fricc.obj
 0001:0000d0e0       sf_opaque_get_sim_state_c1_Arti_DeltaSM_Control_Fricc 000000018000e0e0 f   c1_Arti_DeltaSM_Control_Fricc.obj
 0001:0000d100       sf_opaque_set_sim_state_c1_Arti_DeltaSM_Control_Fricc 000000018000e100 f   c1_Arti_DeltaSM_Control_Fricc.obj
 0001:0000d130       sf_opaque_terminate_c1_Arti_DeltaSM_Control_Fricc 000000018000e130 f   c1_Arti_DeltaSM_Control_Fricc.obj
 0001:0000d1d0       finalize_c1_Arti_DeltaSM_Control_Fricc 000000018000e1d0 f   c1_Arti_DeltaSM_Control_Fricc.obj
 0001:0000d1e0       sf_opaque_init_subchart_simstructs 000000018000e1e0 f   c1_Arti_DeltaSM_Control_Fricc.obj
 0001:0000d200       initSimStructsc1_Arti_DeltaSM_Control_Fricc 000000018000e200 f   c1_Arti_DeltaSM_Control_Fricc.obj
 0001:0000d210       mdlRTW_c1_Arti_DeltaSM_Control_Fricc 000000018000e210 f   c1_Arti_DeltaSM_Control_Fricc.obj
 0001:0000d2c0       c2_info_helper             000000018000e2c0 f   c2_Arti_DeltaSM_Control_Fricc.obj
 0001:00010370       c2_emlrt_marshallOut       0000000180011370 f   c2_Arti_DeltaSM_Control_Fricc.obj
 0001:00010400       c2_b_emlrt_marshallOut     0000000180011400 f   c2_Arti_DeltaSM_Control_Fricc.obj
 0001:00010d10       get_sim_state_c2_Arti_DeltaSM_Control_Fricc 0000000180011d10 f   c2_Arti_DeltaSM_Control_Fricc.obj
 0001:00011050       sf_get_sim_state_info_c2_Arti_DeltaSM_Control_Fricc 0000000180012050 f   c2_Arti_DeltaSM_Control_Fricc.obj
 0001:00011220       set_sim_state_c2_Arti_DeltaSM_Control_Fricc 0000000180012220 f   c2_Arti_DeltaSM_Control_Fricc.obj
 0001:00011390       c2_update_debugger_state_c2_Arti_DeltaSM_Control_Fricc 0000000180012390 f   c2_Arti_DeltaSM_Control_Fricc.obj
 0001:000113a0       c2_emlrt_marshallIn        00000001800123a0 f   c2_Arti_DeltaSM_Control_Fricc.obj
 0001:00011410       c2_b_emlrt_marshallIn      0000000180012410 f   c2_Arti_DeltaSM_Control_Fricc.obj
 0001:000114a0       c2_d_emlrt_marshallIn      00000001800124a0 f   c2_Arti_DeltaSM_Control_Fricc.obj
 0001:00011500       c2_e_emlrt_marshallIn      0000000180012500 f   c2_Arti_DeltaSM_Control_Fricc.obj
 0001:00011600       mdlProcessParameters_c2_Arti_DeltaSM_Control_Fricc 0000000180012600 f   c2_Arti_DeltaSM_Control_Fricc.obj
 0001:000116e0       initialize_params_c2_Arti_DeltaSM_Control_Fricc 00000001800126e0 f   c2_Arti_DeltaSM_Control_Fricc.obj
 0001:000116f0       mdlSetWorkWidths_c2_Arti_DeltaSM_Control_Fricc 00000001800126f0 f   c2_Arti_DeltaSM_Control_Fricc.obj
 0001:00011bc0       sf_get_instance_specialization 0000000180012bc0 f   c2_Arti_DeltaSM_Control_Fricc.obj
 0001:00011bd0       mdlStart_c2_Arti_DeltaSM_Control_Fricc 0000000180012bd0 f   c2_Arti_DeltaSM_Control_Fricc.obj
 0001:00011e00       init_dsm_address_info      0000000180012e00 f   c2_Arti_DeltaSM_Control_Fricc.obj
 0001:00011e10       chart_debug_initialization 0000000180012e10 f   c2_Arti_DeltaSM_Control_Fricc.obj
 0001:00012950       init_script_number_translation 0000000180013950 f   c2_Arti_DeltaSM_Control_Fricc.obj
 0001:00012970       c2_sf_marshallOut          0000000180013970 f   c2_Arti_DeltaSM_Control_Fricc.obj
 0001:00012a20       c2_sf_marshallIn           0000000180013a20 f   c2_Arti_DeltaSM_Control_Fricc.obj
 0001:00012ac0       sf_opaque_initialize_c2_Arti_DeltaSM_Control_Fricc 0000000180013ac0 f   c2_Arti_DeltaSM_Control_Fricc.obj
 0001:00012b00       initialize_c2_Arti_DeltaSM_Control_Fricc 0000000180013b00 f   c2_Arti_DeltaSM_Control_Fricc.obj
 0001:00012b50       sf_opaque_enable_c2_Arti_DeltaSM_Control_Fricc 0000000180013b50 f   c2_Arti_DeltaSM_Control_Fricc.obj
 0001:00012b70       enable_c2_Arti_DeltaSM_Control_Fricc 0000000180013b70 f   c2_Arti_DeltaSM_Control_Fricc.obj
 0001:00012ba0       sf_opaque_disable_c2_Arti_DeltaSM_Control_Fricc 0000000180013ba0 f   c2_Arti_DeltaSM_Control_Fricc.obj
 0001:00012bc0       disable_c2_Arti_DeltaSM_Control_Fricc 0000000180013bc0 f   c2_Arti_DeltaSM_Control_Fricc.obj
 0001:00012bf0       sf_opaque_gateway_c2_Arti_DeltaSM_Control_Fricc 0000000180013bf0 f   c2_Arti_DeltaSM_Control_Fricc.obj
 0001:00012c10       sf_gateway_c2_Arti_DeltaSM_Control_Fricc 0000000180013c10 f   c2_Arti_DeltaSM_Control_Fricc.obj
 0001:00015220       c2_mpower                  0000000180016220 f   c2_Arti_DeltaSM_Control_Fricc.obj
 0001:000152a0       c2_eml_scalar_eg           00000001800162a0 f   c2_Arti_DeltaSM_Control_Fricc.obj
 0001:000152b0       c2_b_mpower                00000001800162b0 f   c2_Arti_DeltaSM_Control_Fricc.obj
 0001:00015330       c2_c_mpower                0000000180016330 f   c2_Arti_DeltaSM_Control_Fricc.obj
 0001:000153b0       c2_d_mpower                00000001800163b0 f   c2_Arti_DeltaSM_Control_Fricc.obj
 0001:00015420       sf_opaque_get_sim_state_c2_Arti_DeltaSM_Control_Fricc 0000000180016420 f   c2_Arti_DeltaSM_Control_Fricc.obj
 0001:00015440       sf_opaque_set_sim_state_c2_Arti_DeltaSM_Control_Fricc 0000000180016440 f   c2_Arti_DeltaSM_Control_Fricc.obj
 0001:00015470       sf_opaque_terminate_c2_Arti_DeltaSM_Control_Fricc 0000000180016470 f   c2_Arti_DeltaSM_Control_Fricc.obj
 0001:00015510       finalize_c2_Arti_DeltaSM_Control_Fricc 0000000180016510 f   c2_Arti_DeltaSM_Control_Fricc.obj
 0001:00015520       sf_opaque_init_subchart_simstructs 0000000180016520 f   c2_Arti_DeltaSM_Control_Fricc.obj
 0001:00015540       initSimStructsc2_Arti_DeltaSM_Control_Fricc 0000000180016540 f   c2_Arti_DeltaSM_Control_Fricc.obj
 0001:00015550       mdlRTW_c2_Arti_DeltaSM_Control_Fricc 0000000180016550 f   c2_Arti_DeltaSM_Control_Fricc.obj
 0001:00015600       c3_info_helper             0000000180016600 f   c3_Arti_DeltaSM_Control_Fricc.obj
 0001:00016e30       c3_emlrt_marshallOut       0000000180017e30 f   c3_Arti_DeltaSM_Control_Fricc.obj
 0001:00016ec0       c3_b_emlrt_marshallOut     0000000180017ec0 f   c3_Arti_DeltaSM_Control_Fricc.obj
 0001:00017530       get_sim_state_c3_Arti_DeltaSM_Control_Fricc 0000000180018530 f   c3_Arti_DeltaSM_Control_Fricc.obj
 0001:000176e0       sf_get_sim_state_info_c3_Arti_DeltaSM_Control_Fricc 00000001800186e0 f   c3_Arti_DeltaSM_Control_Fricc.obj
 0001:000178b0       set_sim_state_c3_Arti_DeltaSM_Control_Fricc 00000001800188b0 f   c3_Arti_DeltaSM_Control_Fricc.obj
 0001:00017990       c3_update_debugger_state_c3_Arti_DeltaSM_Control_Fricc 0000000180018990 f   c3_Arti_DeltaSM_Control_Fricc.obj
 0001:000179a0       c3_emlrt_marshallIn        00000001800189a0 f   c3_Arti_DeltaSM_Control_Fricc.obj
 0001:00017a10       c3_b_emlrt_marshallIn      0000000180018a10 f   c3_Arti_DeltaSM_Control_Fricc.obj
 0001:00017aa0       c3_d_emlrt_marshallIn      0000000180018aa0 f   c3_Arti_DeltaSM_Control_Fricc.obj
 0001:00017b00       c3_e_emlrt_marshallIn      0000000180018b00 f   c3_Arti_DeltaSM_Control_Fricc.obj
 0001:00017c00       mdlProcessParameters_c3_Arti_DeltaSM_Control_Fricc 0000000180018c00 f   c3_Arti_DeltaSM_Control_Fricc.obj
 0001:00017ce0       initialize_params_c3_Arti_DeltaSM_Control_Fricc 0000000180018ce0 f   c3_Arti_DeltaSM_Control_Fricc.obj
 0001:00017cf0       mdlSetWorkWidths_c3_Arti_DeltaSM_Control_Fricc 0000000180018cf0 f   c3_Arti_DeltaSM_Control_Fricc.obj
 0001:000181c0       sf_get_instance_specialization 00000001800191c0 f   c3_Arti_DeltaSM_Control_Fricc.obj
 0001:000181d0       mdlStart_c3_Arti_DeltaSM_Control_Fricc 00000001800191d0 f   c3_Arti_DeltaSM_Control_Fricc.obj
 0001:00018400       init_dsm_address_info      0000000180019400 f   c3_Arti_DeltaSM_Control_Fricc.obj
 0001:00018410       chart_debug_initialization 0000000180019410 f   c3_Arti_DeltaSM_Control_Fricc.obj
 0001:00018bc0       init_script_number_translation 0000000180019bc0 f   c3_Arti_DeltaSM_Control_Fricc.obj
 0001:00018be0       c3_sf_marshallOut          0000000180019be0 f   c3_Arti_DeltaSM_Control_Fricc.obj
 0001:00018c90       c3_sf_marshallIn           0000000180019c90 f   c3_Arti_DeltaSM_Control_Fricc.obj
 0001:00018d30       sf_opaque_initialize_c3_Arti_DeltaSM_Control_Fricc 0000000180019d30 f   c3_Arti_DeltaSM_Control_Fricc.obj
 0001:00018d70       initialize_c3_Arti_DeltaSM_Control_Fricc 0000000180019d70 f   c3_Arti_DeltaSM_Control_Fricc.obj
 0001:00018dc0       sf_opaque_enable_c3_Arti_DeltaSM_Control_Fricc 0000000180019dc0 f   c3_Arti_DeltaSM_Control_Fricc.obj
 0001:00018de0       enable_c3_Arti_DeltaSM_Control_Fricc 0000000180019de0 f   c3_Arti_DeltaSM_Control_Fricc.obj
 0001:00018e10       sf_opaque_disable_c3_Arti_DeltaSM_Control_Fricc 0000000180019e10 f   c3_Arti_DeltaSM_Control_Fricc.obj
 0001:00018e30       disable_c3_Arti_DeltaSM_Control_Fricc 0000000180019e30 f   c3_Arti_DeltaSM_Control_Fricc.obj
 0001:00018e60       sf_opaque_gateway_c3_Arti_DeltaSM_Control_Fricc 0000000180019e60 f   c3_Arti_DeltaSM_Control_Fricc.obj
[...]
 0001:000352e0       c11_e_emlrt_marshallIn     00000001800362e0 f   c11_Arti_DeltaSM_Control_Fricc.obj
 0001:000353e0       mdlProcessParameters_c11_Arti_DeltaSM_Control_Fricc 00000001800363e0 f   c11_Arti_DeltaSM_Control_Fricc.obj
 0001:000354c0       initialize_params_c11_Arti_DeltaSM_Control_Fricc 00000001800364c0 f   c11_Arti_DeltaSM_Control_Fricc.obj
 0001:000354d0       mdlSetWorkWidths_c11_Arti_DeltaSM_Control_Fricc 00000001800364d0 f   c11_Arti_DeltaSM_Control_Fricc.obj
 0001:000359a0       sf_get_instance_specialization 00000001800369a0 f   c11_Arti_DeltaSM_Control_Fricc.obj
 0001:000359b0       mdlStart_c11_Arti_DeltaSM_Control_Fricc 00000001800369b0 f   c11_Arti_DeltaSM_Control_Fricc.obj
 0001:00035be0       init_dsm_address_info      0000000180036be0 f   c11_Arti_DeltaSM_Control_Fricc.obj
 0001:00035bf0       chart_debug_initialization 0000000180036bf0 f   c11_Arti_DeltaSM_Control_Fricc.obj
 0001:000363a0       init_script_number_translation 00000001800373a0 f   c11_Arti_DeltaSM_Control_Fricc.obj
 0001:000363c0       c11_sf_marshallOut         00000001800373c0 f   c11_Arti_DeltaSM_Control_Fricc.obj
 0001:00036470       c11_sf_marshallIn          0000000180037470 f   c11_Arti_DeltaSM_Control_Fricc.obj
 0001:00036510       sf_opaque_initialize_c11_Arti_DeltaSM_Control_Fricc 0000000180037510 f   c11_Arti_DeltaSM_Control_Fricc.obj
 0001:00036550       initialize_c11_Arti_DeltaSM_Control_Fricc 0000000180037550 f   c11_Arti_DeltaSM_Control_Fricc.obj
 0001:000365a0       sf_opaque_enable_c11_Arti_DeltaSM_Control_Fricc 00000001800375a0 f   c11_Arti_DeltaSM_Control_Fricc.obj
 0001:000365c0       enable_c11_Arti_DeltaSM_Control_Fricc 00000001800375c0 f   c11_Arti_DeltaSM_Control_Fricc.obj
 0001:000365f0       sf_opaque_disable_c11_Arti_DeltaSM_Control_Fricc 00000001800375f0 f   c11_Arti_DeltaSM_Control_Fricc.obj
 0001:00036610       disable_c11_Arti_DeltaSM_Control_Fricc 0000000180037610 f   c11_Arti_DeltaSM_Control_Fricc.obj
 0001:00036640       sf_opaque_gateway_c11_Arti_DeltaSM_Control_Fricc 0000000180037640 f   c11_Arti_DeltaSM_Control_Fricc.obj
 0001:00036660       sf_gateway_c11_Arti_DeltaSM_Control_Fricc 0000000180037660 f   c11_Arti_DeltaSM_Control_Fricc.obj
 0001:00036e90       sf_opaque_get_sim_state_c11_Arti_DeltaSM_Control_Fricc 0000000180037e90 f   c11_Arti_DeltaSM_Control_Fricc.obj
 0001:00036eb0       sf_opaque_set_sim_state_c11_Arti_DeltaSM_Control_Fricc 0000000180037eb0 f   c11_Arti_DeltaSM_Control_Fricc.obj
 0001:00036ee0       sf_opaque_terminate_c11_Arti_DeltaSM_Control_Fricc 0000000180037ee0 f   c11_Arti_DeltaSM_Control_Fricc.obj
 0001:00036f80       finalize_c11_Arti_DeltaSM_Control_Fricc 0000000180037f80 f   c11_Arti_DeltaSM_Control_Fricc.obj
 0001:00036f90       sf_opaque_init_subchart_simstructs 0000000180037f90 f   c11_Arti_DeltaSM_Control_Fricc.obj
 0001:00036fb0       initSimStructsc11_Arti_DeltaSM_Control_Fricc 0000000180037fb0 f   c11_Arti_DeltaSM_Control_Fricc.obj
 0001:00036fc0       mdlRTW_c11_Arti_DeltaSM_Control_Fricc 0000000180037fc0 f   c11_Arti_DeltaSM_Control_Fricc.obj
 0001:00037070       c12_info_helper            0000000180038070 f   c12_Arti_DeltaSM_Control_Fricc.obj
 0001:00038140       c12_emlrt_marshallOut      0000000180039140 f   c12_Arti_DeltaSM_Control_Fricc.obj
 0001:000381d0       c12_b_emlrt_marshallOut    00000001800391d0 f   c12_Arti_DeltaSM_Control_Fricc.obj
 0001:00038840       get_sim_state_c12_Arti_DeltaSM_Control_Fricc 0000000180039840 f   c12_Arti_DeltaSM_Control_Fricc.obj
 0001:000389e0       sf_get_sim_state_info_c12_Arti_DeltaSM_Control_Fricc 00000001800399e0 f   c12_Arti_DeltaSM_Control_Fricc.obj
 0001:00038bb0       set_sim_state_c12_Arti_DeltaSM_Control_Fricc 0000000180039bb0 f   c12_Arti_DeltaSM_Control_Fricc.obj
 0001:00038c90       c12_update_debugger_state_c12_Arti_DeltaSM_Control_Fricc 0000000180039c90 f   c12_Arti_DeltaSM_Control_Fricc.obj
 0001:00038ca0       c12_emlrt_marshallIn       0000000180039ca0 f   c12_Arti_DeltaSM_Control_Fricc.obj
 0001:00038d10       c12_b_emlrt_marshallIn     0000000180039d10 f   c12_Arti_DeltaSM_Control_Fricc.obj
 0001:00038da0       c12_d_emlrt_marshallIn     0000000180039da0 f   c12_Arti_DeltaSM_Control_Fricc.obj
 0001:00038e00       c12_e_emlrt_marshallIn     0000000180039e00 f   c12_Arti_DeltaSM_Control_Fricc.obj
 0001:00038f00       mdlProcessParameters_c12_Arti_DeltaSM_Control_Fricc 0000000180039f00 f   c12_Arti_DeltaSM_Control_Fricc.obj
 0001:00038fe0       initialize_params_c12_Arti_DeltaSM_Control_Fricc 0000000180039fe0 f   c12_Arti_DeltaSM_Control_Fricc.obj
 0001:00038ff0       mdlSetWorkWidths_c12_Arti_DeltaSM_Control_Fricc 0000000180039ff0 f   c12_Arti_DeltaSM_Control_Fricc.obj
 0001:000394c0       sf_get_instance_specialization 000000018003a4c0 f   c12_Arti_DeltaSM_Control_Fricc.obj
 0001:000394d0       mdlStart_c12_Arti_DeltaSM_Control_Fricc 000000018003a4d0 f   c12_Arti_DeltaSM_Control_Fricc.obj
 0001:00039700       init_dsm_address_info      000000018003a700 f   c12_Arti_DeltaSM_Control_Fricc.obj
 0001:00039710       chart_debug_initialization 000000018003a710 f   c12_Arti_DeltaSM_Control_Fricc.obj
 0001:00039e50       init_script_number_translation 000000018003ae50 f   c12_Arti_DeltaSM_Control_Fricc.obj
 0001:00039e70       c12_sf_marshallOut         000000018003ae70 f   c12_Arti_DeltaSM_Control_Fricc.obj
 0001:00039f20       c12_sf_marshallIn          000000018003af20 f   c12_Arti_DeltaSM_Control_Fricc.obj
 0001:00039fc0       sf_opaque_initialize_c12_Arti_DeltaSM_Control_Fricc 000000018003afc0 f   c12_Arti_DeltaSM_Control_Fricc.obj
 0001:0003a000       initialize_c12_Arti_DeltaSM_Control_Fricc 000000018003b000 f   c12_Arti_DeltaSM_Control_Fricc.obj
 0001:0003a050       sf_opaque_enable_c12_Arti_DeltaSM_Control_Fricc 000000018003b050 f   c12_Arti_DeltaSM_Control_Fricc.obj
 0001:0003a070       enable_c12_Arti_DeltaSM_Control_Fricc 000000018003b070 f   c12_Arti_DeltaSM_Control_Fricc.obj
 0001:0003a0a0       sf_opaque_disable_c12_Arti_DeltaSM_Control_Fricc 000000018003b0a0 f   c12_Arti_DeltaSM_Control_Fricc.obj
 0001:0003a0c0       disable_c12_Arti_DeltaSM_Control_Fricc 000000018003b0c0 f   c12_Arti_DeltaSM_Control_Fricc.obj
 0001:0003a0f0       sf_opaque_gateway_c12_Arti_DeltaSM_Control_Fricc 000000018003b0f0 f   c12_Arti_DeltaSM_Control_Fricc.obj
 0001:0003a110       sf_gateway_c12_Arti_DeltaSM_Control_Fricc 000000018003b110 f   c12_Arti_DeltaSM_Control_Fricc.obj
 0001:0003a710       sf_opaque_get_sim_state_c12_Arti_DeltaSM_Control_Fricc 000000018003b710 f   c12_Arti_DeltaSM_Control_Fricc.obj
 0001:0003a730       sf_opaque_set_sim_state_c12_Arti_DeltaSM_Control_Fricc 000000018003b730 f   c12_Arti_DeltaSM_Control_Fricc.obj
 0001:0003a760       sf_opaque_terminate_c12_Arti_DeltaSM_Control_Fricc 000000018003b760 f   c12_Arti_DeltaSM_Control_Fricc.obj
 0001:0003a800       finalize_c12_Arti_DeltaSM_Control_Fricc 000000018003b800 f   c12_Arti_DeltaSM_Control_Fricc.obj
 0001:0003a810       sf_opaque_init_subchart_simstructs 000000018003b810 f   c12_Arti_DeltaSM_Control_Fricc.obj
 0001:0003a830       initSimStructsc12_Arti_DeltaSM_Control_Fricc 000000018003b830 f   c12_Arti_DeltaSM_Control_Fricc.obj
 0001:0003a840       mdlRTW_c12_Arti_DeltaSM_Control_Fricc 000000018003b840 f   c12_Arti_DeltaSM_Control_Fricc.obj
 0001:0003a8f0       c13_info_helper            000000018003b8f0 f   c13_Arti_DeltaSM_Control_Fricc.obj
 0001:0003b9c0       c13_emlrt_marshallOut      000000018003c9c0 f   c13_Arti_DeltaSM_Control_Fricc.obj
 0001:0003ba50       c13_b_emlrt_marshallOut    000000018003ca50 f   c13_Arti_DeltaSM_Control_Fricc.obj
 0001:0003c0c0       get_sim_state_c13_Arti_DeltaSM_Control_Fricc 000000018003d0c0 f   c13_Arti_DeltaSM_Control_Fricc.obj
 0001:0003c260       sf_get_sim_state_info_c13_Arti_DeltaSM_Control_Fricc 000000018003d260 f   c13_Arti_DeltaSM_Control_Fricc.obj
 0001:0003c430       set_sim_state_c13_Arti_DeltaSM_Control_Fricc 000000018003d430 f   c13_Arti_DeltaSM_Control_Fricc.obj
 0001:0003c510       c13_update_debugger_state_c13_Arti_DeltaSM_Control_Fricc 000000018003d510 f   c13_Arti_DeltaSM_Control_Fricc.obj
 0001:0003c520       c13_emlrt_marshallIn       000000018003d520 f   c13_Arti_DeltaSM_Control_Fricc.obj
 0001:0003c590       c13_b_emlrt_marshallIn     000000018003d590 f   c13_Arti_DeltaSM_Control_Fricc.obj
 0001:0003c620       c13_d_emlrt_marshallIn     000000018003d620 f   c13_Arti_DeltaSM_Control_Fricc.obj
 0001:0003c680       c13_e_emlrt_marshallIn     000000018003d680 f   c13_Arti_DeltaSM_Control_Fricc.obj
 0001:0003c780       mdlProcessParameters_c13_Arti_DeltaSM_Control_Fricc 000000018003d780 f   c13_Arti_DeltaSM_Control_Fricc.obj
 0001:0003c860       initialize_params_c13_Arti_DeltaSM_Control_Fricc 000000018003d860 f   c13_Arti_DeltaSM_Control_Fricc.obj
 0001:0003c870       mdlSetWorkWidths_c13_Arti_DeltaSM_Control_Fricc 000000018003d870 f   c13_Arti_DeltaSM_Control_Fricc.obj
 0001:0003cd40       sf_get_instance_specialization 000000018003dd40 f   c13_Arti_DeltaSM_Control_Fricc.obj
 0001:0003cd50       mdlStart_c13_Arti_DeltaSM_Control_Fricc 000000018003dd50 f   c13_Arti_DeltaSM_Control_Fricc.obj
 0001:0003cf80       init_dsm_address_info      000000018003df80 f   c13_Arti_DeltaSM_Control_Fricc.obj
 0001:0003cf90       chart_debug_initialization 000000018003df90 f   c13_Arti_DeltaSM_Control_Fricc.obj
 0001:0003d6d0       init_script_number_translation 000000018003e6d0 f   c13_Arti_DeltaSM_Control_Fricc.obj
 0001:0003d6f0       c13_sf_marshallOut         000000018003e6f0 f   c13_Arti_DeltaSM_Control_Fricc.obj
 0001:0003d7a0       c13_sf_marshallIn          000000018003e7a0 f   c13_Arti_DeltaSM_Control_Fricc.obj
 0001:0003d840       sf_opaque_initialize_c13_Arti_DeltaSM_Control_Fricc 000000018003e840 f   c13_Arti_DeltaSM_Control_Fricc.obj
 0001:0003d880       initialize_c13_Arti_DeltaSM_Control_Fricc 000000018003e880 f   c13_Arti_DeltaSM_Control_Fricc.obj
 0001:0003d8d0       sf_opaque_enable_c13_Arti_DeltaSM_Control_Fricc 000000018003e8d0 f   c13_Arti_DeltaSM_Control_Fricc.obj
 0001:0003d8f0       enable_c13_Arti_DeltaSM_Control_Fricc 000000018003e8f0 f   c13_Arti_DeltaSM_Control_Fricc.obj
 0001:0003d920       sf_opaque_disable_c13_Arti_DeltaSM_Control_Fricc 000000018003e920 f   c13_Arti_DeltaSM_Control_Fricc.obj
 0001:0003d940       disable_c13_Arti_DeltaSM_Control_Fricc 000000018003e940 f   c13_Arti_DeltaSM_Control_Fricc.obj
 0001:0003d970       sf_opaque_gateway_c13_Arti_DeltaSM_Control_Fricc 000000018003e970 f   c13_Arti_DeltaSM_Control_Fricc.obj
 0001:0003d990       sf_gateway_c13_Arti_DeltaSM_Control_Fricc 000000018003e990 f   c13_Arti_DeltaSM_Control_Fricc.obj
 0001:0003df70       sf_opaque_get_sim_state_c13_Arti_DeltaSM_Control_Fricc 000000018003ef70 f   c13_Arti_DeltaSM_Control_Fricc.obj
 0001:0003df90       sf_opaque_set_sim_state_c13_Arti_DeltaSM_Control_Fricc 000000018003ef90 f   c13_Arti_DeltaSM_Control_Fricc.obj
 0001:0003dfc0       sf_opaque_terminate_c13_Arti_DeltaSM_Control_Fricc 000000018003efc0 f   c13_Arti_DeltaSM_Control_Fricc.obj
 0001:0003e060       finalize_c13_Arti_DeltaSM_Control_Fricc 000000018003f060 f   c13_Arti_DeltaSM_Control_Fricc.obj
 0001:0003e070       sf_opaque_init_subchart_simstructs 000000018003f070 f   c13_Arti_DeltaSM_Control_Fricc.obj
 0001:0003e090       initSimStructsc13_Arti_DeltaSM_Control_Fricc 000000018003f090 f   c13_Arti_DeltaSM_Control_Fricc.obj
 0001:0003e0a0       mdlRTW_c13_Arti_DeltaSM_Control_Fricc 000000018003f0a0 f   c13_Arti_DeltaSM_Control_Fricc.obj
 0001:0003e150       c14_info_helper            000000018003f150 f   c14_Arti_DeltaSM_Control_Fricc.obj
 0001:0003f220       c14_emlrt_marshallOut      0000000180040220 f   c14_Arti_DeltaSM_Control_Fricc.obj
 0001:0003f2b0       c14_b_emlrt_marshallOut    00000001800402b0 f   c14_Arti_DeltaSM_Control_Fricc.obj
 0001:0003f920       get_sim_state_c14_Arti_DeltaSM_Control_Fricc 0000000180040920 f   c14_Arti_DeltaSM_Control_Fricc.obj
 0001:0003fac0       sf_get_sim_state_info_c14_Arti_DeltaSM_Control_Fricc 0000000180040ac0 f   c14_Arti_DeltaSM_Control_Fricc.obj
 0001:0003fc90       set_sim_state_c14_Arti_DeltaSM_Control_Fricc 0000000180040c90 f   c14_Arti_DeltaSM_Control_Fricc.obj
 0001:0003fd70       c14_update_debugger_state_c14_Arti_DeltaSM_Control_Fricc 0000000180040d70 f   c14_Arti_DeltaSM_Control_Fricc.obj
 0001:0003fd80       c14_emlrt_marshallIn       0000000180040d80 f   c14_Arti_DeltaSM_Control_Fricc.obj
 0001:0003fdf0       c14_b_emlrt_marshallIn     0000000180040df0 f   c14_Arti_DeltaSM_Control_Fricc.obj
 0001:0003fe80       c14_d_emlrt_marshallIn     0000000180040e80 f   c14_Arti_DeltaSM_Control_Fricc.obj
 0001:0003fee0       c14_e_emlrt_marshallIn     0000000180040ee0 f   c14_Arti_DeltaSM_Control_Fricc.obj
 0001:0003ffe0       mdlProcessParameters_c14_Arti_DeltaSM_Control_Fricc 0000000180040fe0 f   c14_Arti_DeltaSM_Control_Fricc.obj
 0001:000400c0       initialize_params_c14_Arti_DeltaSM_Control_Fricc 00000001800410c0 f   c14_Arti_DeltaSM_Control_Fricc.obj
 0001:000400d0       mdlSetWorkWidths_c14_Arti_DeltaSM_Control_Fricc 00000001800410d0 f   c14_Arti_DeltaSM_Control_Fricc.obj
 0001:000405a0       sf_get_instance_specialization 00000001800415a0 f   c14_Arti_DeltaSM_Control_Fricc.obj
 0001:000405b0       mdlStart_c14_Arti_DeltaSM_Control_Fricc 00000001800415b0 f   c14_Arti_DeltaSM_Control_Fricc.obj
 0001:000407e0       init_dsm_address_info      00000001800417e0 f   c14_Arti_DeltaSM_Control_Fricc.obj
 0001:000407f0       chart_debug_initialization 00000001800417f0 f   c14_Arti_DeltaSM_Control_Fricc.obj
 0001:00040f30       init_script_number_translation 0000000180041f30 f   c14_Arti_DeltaSM_Control_Fricc.obj
 0001:00040f50       c14_sf_marshallOut         0000000180041f50 f   c14_Arti_DeltaSM_Control_Fricc.obj
 0001:00041000       c14_sf_marshallIn          0000000180042000 f   c14_Arti_DeltaSM_Control_Fricc.obj
 0001:000410a0       sf_opaque_initialize_c14_Arti_DeltaSM_Control_Fricc 00000001800420a0 f   c14_Arti_DeltaSM_Control_Fricc.obj
 0001:000410e0       initialize_c14_Arti_DeltaSM_Control_Fricc 00000001800420e0 f   c14_Arti_DeltaSM_Control_Fricc.obj
 0001:00041130       sf_opaque_enable_c14_Arti_DeltaSM_Control_Fricc 0000000180042130 f   c14_Arti_DeltaSM_Control_Fricc.obj
 0001:00041150       enable_c14_Arti_DeltaSM_Control_Fricc 0000000180042150 f   c14_Arti_DeltaSM_Control_Fricc.obj
 0001:00041180       sf_opaque_disable_c14_Arti_DeltaSM_Control_Fricc 0000000180042180 f   c14_Arti_DeltaSM_Control_Fricc.obj
 0001:000411a0       disable_c14_Arti_DeltaSM_Control_Fricc 00000001800421a0 f   c14_Arti_DeltaSM_Control_Fricc.obj
 0001:000411d0       sf_opaque_gateway_c14_Arti_DeltaSM_Control_Fricc 00000001800421d0 f   c14_Arti_DeltaSM_Control_Fricc.obj
 0001:000411f0       sf_gateway_c14_Arti_DeltaSM_Control_Fricc 00000001800421f0 f   c14_Arti_DeltaSM_Control_Fricc.obj
 0001:000417e0       sf_opaque_get_sim_state_c14_Arti_DeltaSM_Control_Fricc 00000001800427e0 f   c14_Arti_DeltaSM_Control_Fricc.obj
 0001:00041800       sf_opaque_set_sim_state_c14_Arti_DeltaSM_Control_Fricc 0000000180042800 f   c14_Arti_DeltaSM_Control_Fricc.obj
 0001:00041830       sf_opaque_terminate_c14_Arti_DeltaSM_Control_Fricc 0000000180042830 f   c14_Arti_DeltaSM_Control_Fricc.obj
 0001:000418d0       finalize_c14_Arti_DeltaSM_Control_Fricc 00000001800428d0 f   c14_Arti_DeltaSM_Control_Fricc.obj
 0001:000418e0       sf_opaque_init_subchart_simstructs 00000001800428e0 f   c14_Arti_DeltaSM_Control_Fricc.obj
 0001:00041900       initSimStructsc14_Arti_DeltaSM_Control_Fricc 0000000180042900 f   c14_Arti_DeltaSM_Control_Fricc.obj
 0001:00041910       mdlRTW_c14_Arti_DeltaSM_Control_Fricc 0000000180042910 f   c14_Arti_DeltaSM_Control_Fricc.obj
 0001:00042280       getChartInfoFromSimStruct  0000000180043280 f   Arti_DeltaSM_Control_Fricc_sfun_registry.obj
 0001:00043920       _ssFatalError              0000000180044920 f   Arti_DeltaSM_Control_Fricc_sfun_registry.obj
 0001:000469d0       ProcessMexSfunctionCmdLineCall 00000001800479d0 f   Arti_DeltaSM_Control_Fricc_sfun_registry.obj
 0001:00046b00       sf_debug_api_wrapper       0000000180047b00 f   Arti_DeltaSM_Control_Fricc_sfun_registry.obj
 0001:00046b50       mdlStart                   0000000180047b50 f   Arti_DeltaSM_Control_Fricc_sfun_registry.obj
 0001:00046b80       mdl_start_processing       0000000180047b80 f   Arti_DeltaSM_Control_Fricc_sfun_registry.obj
 0001:00046c10       mdlTerminate               0000000180047c10 f   Arti_DeltaSM_Control_Fricc_sfun_registry.obj
 0001:00046c40       mdl_terminate_processing   0000000180047c40 f   Arti_DeltaSM_Control_Fricc_sfun_registry.obj
 0001:00046cc0       mdlInitializeSampleTimes   0000000180047cc0 f   Arti_DeltaSM_Control_Fricc_sfun_registry.obj
 0001:00046cf0       mdlZeroCrossings           0000000180047cf0 f   Arti_DeltaSM_Control_Fricc_sfun_registry.obj
 0001:00046d20       mdl_zeroCrossings_processing 0000000180047d20 f   Arti_DeltaSM_Control_Fricc_sfun_registry.obj
 0001:00046d60       mdlDerivatives             0000000180047d60 f   Arti_DeltaSM_Control_Fricc_sfun_registry.obj
 0001:00046d90       mdl_derivatives_processing 0000000180047d90 f   Arti_DeltaSM_Control_Fricc_sfun_registry.obj
 0001:00046de0       mdlInitializeConditions    0000000180047de0 f   Arti_DeltaSM_Control_Fricc_sfun_registry.obj
 0001:00046e10       mdl_initialize_conditions_processing 0000000180047e10 f   Arti_DeltaSM_Control_Fricc_sfun_registry.obj
 0001:00046e60       mdlEnable                  0000000180047e60 f   Arti_DeltaSM_Control_Fricc_sfun_registry.obj
 0001:00046e90       mdl_enable_processing      0000000180047e90 f   Arti_DeltaSM_Control_Fricc_sfun_registry.obj
 0001:00046ed0       mdlDisable                 0000000180047ed0 f   Arti_DeltaSM_Control_Fricc_sfun_registry.obj
 0001:00046f00       mdl_disable_processing     0000000180047f00 f   Arti_DeltaSM_Control_Fricc_sfun_registry.obj
 0001:00046f40       mdlOutputs                 0000000180047f40 f   Arti_DeltaSM_Control_Fricc_sfun_registry.obj
 0001:00046f70       mdl_outputs_processing     0000000180047f70 f   Arti_DeltaSM_Control_Fricc_sfun_registry.obj
 0001:00047050       mdl_outputs_continuous_legacy 0000000180048050 f   Arti_DeltaSM_Control_Fricc_sfun_registry.obj
 0001:00047140       mdlGetTimeOfNextVarHit     0000000180048140 f   Arti_DeltaSM_Control_Fricc_sfun_registry.obj
 0001:00047190       _ProcessMexSfunctionCmdLineCall 0000000180048190 f   Arti_DeltaSM_Control_Fricc_sfun_registry.obj
 0001:000478e0       mdlSetWorkWidths           00000001800488e0 f   Arti_DeltaSM_Control_Fricc_sfun_registry.obj
 0001:00047910       mdlProcessParameters       0000000180048910 f   Arti_DeltaSM_Control_Fricc_sfun_registry.obj
 0001:00047940       mdlInitializeSizes         0000000180048940 f   Arti_DeltaSM_Control_Fricc_sfun_registry.obj
 0001:00047970       mdlExtModeExec             0000000180048970 f   Arti_DeltaSM_Control_Fricc_sfun_registry.obj
 0001:000479a0       mdl_ext_mode_exec_processing 00000001800489a0 f   Arti_DeltaSM_Control_Fricc_sfun_registry.obj
 0001:000479e0       mdlRTW                     00000001800489e0 f   Arti_DeltaSM_Control_Fricc_sfun_registry.obj
 0001:00047a20       _CreateSimStruct           0000000180048a20 f   Arti_DeltaSM_Control_Fricc_sfun_registry.obj
 0001:00047bb0       _RegNumInputPortsCB        0000000180048bb0 f   Arti_DeltaSM_Control_Fricc_sfun_registry.obj
 0001:00047c30       _RegNumOutputPortsCB       0000000180048c30 f   Arti_DeltaSM_Control_Fricc_sfun_registry.obj
 0001:00048188       pre_c_init                 0000000180049188 f   MSVCRT:crtdll.obj
 0001:00048444       __DllMainCRTStartup        0000000180049444 f   MSVCRT:crtdll.obj
 0001:00048ab0       __DllMainCRTStartup$filt$0 0000000180049ab0 f   MSVCRT:crtdll.obj
 0001:00048ae0       __DllMainCRTStartup$fin$1  0000000180049ae0 f   MSVCRT:crtdll.obj
 0001:00048afa       _onexit$fin$0              0000000180049afa f   MSVCRT:atonexit.obj
 0001:00048b20       _IsNonwritableInCurrentImage$filt$0 0000000180049b20 f   MSVCRT:pesect.obj
