 DeltaSM_Angulos_sfun

 Timestamp is 56fdbb83 (Thu Mar 31 19:06:27 2016)

 Preferred load address is 0000000180000000

 Start         Length     Name                   Class
 0001:00000000 0001a444H .text                   CODE
 0001:0001a450 00000092H .text$x                 CODE
 0002:00000000 00000488H .idata$5                DATA
 0002:00000488 00000008H .CRT$XCA                DATA
 0002:00000490 00000008H .CRT$XCZ                DATA
 0002:00000498 00000008H .CRT$XIA                DATA
 0002:000004a0 00000008H .CRT$XIAA               DATA
 0002:000004a8 00000008H .CRT$XIZ                DATA
 0002:000004b0 000007ccH .rdata                  DATA
 0002:00000c80 00000008H .rtc$IAA                DATA
 0002:00000c88 00000008H .rtc$IZZ                DATA
 0002:00000c90 00000008H .rtc$TAA                DATA
 0002:00000c98 00000008H .rtc$TZZ                DATA
 0002:00000ca0 000007c8H .xdata                  DATA
 0002:00001468 0000008cH .idata$2                DATA
 0002:000014f4 00000014H .idata$3                DATA
 0002:00001508 00000488H .idata$4                DATA
 0002:00001990 00000c82H .idata$6                DATA
 0002:00002620 0000005aH .edata                  DATA
 0003:00000000 00006a38H .data                   DATA
 0003:00006a40 000006b8H .bss                    DATA
 0004:00000000 0000099cH .pdata                  DATA

  Address         Publics by Value              Rva+Base               Lib:Object

 0000:00000000       ___safe_se_handler_table   0000000000000000     <absolute>
 0000:00000000       ___safe_se_handler_count   0000000000000000     <absolute>
 0000:00000000       __ImageBase                0000000180000000     <linker-defined>
 0001:00000000       DeltaSM_Angulos_initializer 0000000180001000 f   DeltaSM_Angulos_sfun.obj
 0001:00000010       DeltaSM_Angulos_terminator 0000000180001010 f   DeltaSM_Angulos_sfun.obj
 0001:00000020       sf_DeltaSM_Angulos_method_dispatcher 0000000180001020 f   DeltaSM_Angulos_sfun.obj
 0001:00000090       sf_DeltaSM_Angulos_process_check_sum_call 0000000180001090 f   DeltaSM_Angulos_sfun.obj
 0001:000004b0       sf_DeltaSM_Angulos_autoinheritance_info 00000001800014b0 f   DeltaSM_Angulos_sfun.obj
 0001:00000670       sf_DeltaSM_Angulos_get_eml_resolved_functions_info 0000000180001670 f   DeltaSM_Angulos_sfun.obj
 0001:000007e0       sf_DeltaSM_Angulos_third_party_uses_info 00000001800017e0 f   DeltaSM_Angulos_sfun.obj
 0001:00000960       sf_DeltaSM_Angulos_updateBuildInfo_args_info 0000000180001960 f   DeltaSM_Angulos_sfun.obj
 0001:00000ae0       DeltaSM_Angulos_debug_initialize 0000000180001ae0 f   DeltaSM_Angulos_sfun.obj
 0001:00000b60       DeltaSM_Angulos_register_exported_symbols 0000000180001b60 f   DeltaSM_Angulos_sfun.obj
 0001:00000b70       load_DeltaSM_Angulos_optimization_info 0000000180001b70 f   DeltaSM_Angulos_sfun.obj
 0001:00000bc0       unload_DeltaSM_Angulos_optimization_info 0000000180001bc0 f   DeltaSM_Angulos_sfun.obj
 0001:00000bf0       sf_c1_DeltaSM_Angulos_get_eml_resolved_functions_info 0000000180001bf0 f   c1_DeltaSM_Angulos.obj
 0001:00005900       sf_c1_DeltaSM_Angulos_get_check_sum 0000000180006900 f   c1_DeltaSM_Angulos.obj
 0001:00005980       sf_c1_DeltaSM_Angulos_get_autoinheritance_info 0000000180006980 f   c1_DeltaSM_Angulos.obj
 0001:000062d0       sf_c1_DeltaSM_Angulos_third_party_uses_info 00000001800072d0 f   c1_DeltaSM_Angulos.obj
 0001:00006300       sf_c1_DeltaSM_Angulos_updateBuildInfo_args_info 0000000180007300 f   c1_DeltaSM_Angulos.obj
 0001:00006330       sf_internal_get_sim_state_c1_DeltaSM_Angulos 0000000180007330 f   c1_DeltaSM_Angulos.obj
 0001:00006820       sf_internal_set_sim_state_c1_DeltaSM_Angulos 0000000180007820 f   c1_DeltaSM_Angulos.obj
 0001:00006ca0       c1_DeltaSM_Angulos_method_dispatcher 0000000180007ca0 f   c1_DeltaSM_Angulos.obj
 0001:0000afb0       sf_c2_DeltaSM_Angulos_get_eml_resolved_functions_info 000000018000bfb0 f   c2_DeltaSM_Angulos.obj
 0001:0000e1d0       sf_c2_DeltaSM_Angulos_get_check_sum 000000018000f1d0 f   c2_DeltaSM_Angulos.obj
 0001:0000e250       sf_c2_DeltaSM_Angulos_get_autoinheritance_info 000000018000f250 f   c2_DeltaSM_Angulos.obj
 0001:0000e910       sf_c2_DeltaSM_Angulos_third_party_uses_info 000000018000f910 f   c2_DeltaSM_Angulos.obj
 0001:0000e940       sf_c2_DeltaSM_Angulos_updateBuildInfo_args_info 000000018000f940 f   c2_DeltaSM_Angulos.obj
 0001:0000e970       sf_internal_get_sim_state_c2_DeltaSM_Angulos 000000018000f970 f   c2_DeltaSM_Angulos.obj
 0001:0000ee70       sf_internal_set_sim_state_c2_DeltaSM_Angulos 000000018000fe70 f   c2_DeltaSM_Angulos.obj
 0001:0000f2f0       c2_DeltaSM_Angulos_method_dispatcher 00000001800102f0 f   c2_DeltaSM_Angulos.obj
 0001:000132f0       sf_process_check_sum_call  00000001800142f0 f   DeltaSM_Angulos_sfun_registry.obj
 0001:00013340       sf_process_autoinheritance_call 0000000180014340 f   DeltaSM_Angulos_sfun_registry.obj
 0001:000134e0       sf_process_get_third_party_uses_info_call 00000001800144e0 f   DeltaSM_Angulos_sfun_registry.obj
 0001:00013680       sf_process_get_updateBuildInfo_args_info_call 0000000180014680 f   DeltaSM_Angulos_sfun_registry.obj
 0001:00013820       sf_process_get_eml_resolved_functions_info_call 0000000180014820 f   DeltaSM_Angulos_sfun_registry.obj
 0001:000139a0       sf_mex_unlock_call         00000001800149a0 f   DeltaSM_Angulos_sfun_registry.obj
 0001:00013a50       sf_machine_global_initializer_called 0000000180014a50 f   DeltaSM_Angulos_sfun_registry.obj
 0001:00013a80       sf_machine_global_method_dispatcher 0000000180014a80 f   DeltaSM_Angulos_sfun_registry.obj
 0001:00013ae0       sf_machine_global_terminator 0000000180014ae0 f   DeltaSM_Angulos_sfun_registry.obj
 0001:00013b30       sf_register_machine_exported_symbols 0000000180014b30 f   DeltaSM_Angulos_sfun_registry.obj
 0001:00013b50       callCustomFcn              0000000180014b50 f   DeltaSM_Angulos_sfun_registry.obj
 0001:00013b60       sf_machine_global_initializer 0000000180014b60 f   DeltaSM_Angulos_sfun_registry.obj
 0001:00013be0       mdlGetSimState             0000000180014be0 f   DeltaSM_Angulos_sfun_registry.obj
 0001:00013c60       mdlSetSimState             0000000180014c60 f   DeltaSM_Angulos_sfun_registry.obj
 0001:00013ca0       _ssSetStateAbsTol          0000000180014ca0 f   DeltaSM_Angulos_sfun_registry.obj
 0001:00013d80       _ssGetAbsTol               0000000180014d80 f   DeltaSM_Angulos_sfun_registry.obj
 0001:00013df0       _ssSetInputPortMatrixDimensions 0000000180014df0 f   DeltaSM_Angulos_sfun_registry.obj
 0001:00013f00       _ssSetOutputPortMatrixDimensions 0000000180014f00 f   DeltaSM_Angulos_sfun_registry.obj
 0001:00014010       _ssSetInputPortVectorDimension 0000000180015010 f   DeltaSM_Angulos_sfun_registry.obj
 0001:000140e0       _ssSetOutputPortVectorDimension 00000001800150e0 f   DeltaSM_Angulos_sfun_registry.obj
 0001:000141b0       ssIsRunTimeParamTunable    00000001800151b0 f   DeltaSM_Angulos_sfun_registry.obj
 0001:00014220       ssGetSFuncBlockHandle      0000000180015220 f   DeltaSM_Angulos_sfun_registry.obj
 0001:00014290       _ssGetCurrentInputPortWidth 0000000180015290 f   DeltaSM_Angulos_sfun_registry.obj
 0001:000143b0       _ssGetCurrentOutputPortWidth 00000001800153b0 f   DeltaSM_Angulos_sfun_registry.obj
 0001:000144d0       _ssGetCallSystemNumFcnCallDestinations 00000001800154d0 f   DeltaSM_Angulos_sfun_registry.obj
 0001:00014540       ssWarning                  0000000180015540 f   DeltaSM_Angulos_sfun_registry.obj
 0001:00014650       ssGetIsZeroCrossControlDisabled 0000000180015650 f   DeltaSM_Angulos_sfun_registry.obj
 0001:000146c0       ssSetIsInputPortUsedForContZcSignal 00000001800156c0 f   DeltaSM_Angulos_sfun_registry.obj
 0001:00014730       ssSetZcSignalIsZcElementDisc 0000000180015730 f   DeltaSM_Angulos_sfun_registry.obj
 0001:000147e0       ssSetZcSignalName          00000001800157e0 f   DeltaSM_Angulos_sfun_registry.obj
 0001:00014850       ssSetZcSignalWidth         0000000180015850 f   DeltaSM_Angulos_sfun_registry.obj
 0001:000148c0       ssSetZcSignalZcEventType   00000001800158c0 f   DeltaSM_Angulos_sfun_registry.obj
 0001:00014930       ssSetZcSignalType          0000000180015930 f   DeltaSM_Angulos_sfun_registry.obj
 0001:000149a0       ssSetZcSignalZcTol         00000001800159a0 f   DeltaSM_Angulos_sfun_registry.obj
 0001:00014a10       ssSetZcSignalNeedsEventNotification 0000000180015a10 f   DeltaSM_Angulos_sfun_registry.obj
 0001:00014a80       ssCreateAndAddZcSignalInfo 0000000180015a80 f   DeltaSM_Angulos_sfun_registry.obj
 0001:00014af0       ssCloneAndAddZcSignalInfo  0000000180015af0 f   DeltaSM_Angulos_sfun_registry.obj
 0001:00014b60       ssGetNumZcSignals          0000000180015b60 f   DeltaSM_Angulos_sfun_registry.obj
 0001:00014bd0       ssGetZcSignalVector        0000000180015bd0 f   DeltaSM_Angulos_sfun_registry.obj
 0001:00014c40       ssGetZcSignalZcEvents      0000000180015c40 f   DeltaSM_Angulos_sfun_registry.obj
 0001:00014cb0       ssGetZcSignalName          0000000180015cb0 f   DeltaSM_Angulos_sfun_registry.obj
 0001:00014d20       ssGetZcSignalWidth         0000000180015d20 f   DeltaSM_Angulos_sfun_registry.obj
 0001:00014d90       ssGetZcSignalZcEventType   0000000180015d90 f   DeltaSM_Angulos_sfun_registry.obj
 0001:00014e00       ssGetZcSignalType          0000000180015e00 f   DeltaSM_Angulos_sfun_registry.obj
 0001:00014e70       ssGetZcSignalZcTol         0000000180015e70 f   DeltaSM_Angulos_sfun_registry.obj
 0001:00014ef0       ssGetZcSignalNeedsEventNotification 0000000180015ef0 f   DeltaSM_Angulos_sfun_registry.obj
 0001:00014f60       ssGetZcSignalIsZcElementDisc 0000000180015f60 f   DeltaSM_Angulos_sfun_registry.obj
 0001:00015000       ssGetIsInputPortElementContinuous 0000000180016000 f   DeltaSM_Angulos_sfun_registry.obj
 0001:000150a0       _ssGetInputPortSignalPtrsFcn 00000001800160a0 f   DeltaSM_Angulos_sfun_registry.obj
 0001:00015360       _ssGetInputPortSignalFcn   0000000180016360 f   DeltaSM_Angulos_sfun_registry.obj
 0001:00015580       _ssSetInputPortDirectFeedThroughFcn 0000000180016580 f   DeltaSM_Angulos_sfun_registry.obj
 0001:000156e0       _ssSetInputPortReusableFcn 00000001800166e0 f   DeltaSM_Angulos_sfun_registry.obj
 0001:000157d0       _ssSetOutputPortReusableFcn 00000001800167d0 f   DeltaSM_Angulos_sfun_registry.obj
 0001:000158b0       ssGetDTypeIdFromMxArray    00000001800168b0 f   DeltaSM_Angulos_sfun_registry.obj
 0001:000159d0       ssWriteRTWStr              00000001800169d0 f   DeltaSM_Angulos_sfun_registry.obj
 0001:00015a30       ssWriteRTWMxVectParam      0000000180016a30 f   DeltaSM_Angulos_sfun_registry.obj
 0001:00015a90       ssWriteRTWMx2dMatParam     0000000180016a90 f   DeltaSM_Angulos_sfun_registry.obj
 0001:00015b10       ssWriteRTWNameValuePair    0000000180016b10 f   DeltaSM_Angulos_sfun_registry.obj
 0001:00016000       ssWriteRTWParameters       0000000180017000 f   DeltaSM_Angulos_sfun_registry.obj
 0001:00016600       ssWriteRTWParamSettings    0000000180017600 f   DeltaSM_Angulos_sfun_registry.obj
 0001:00016cd0       ssWriteRTWWorkVect         0000000180017cd0 f   DeltaSM_Angulos_sfun_registry.obj
 0001:000171d0       mexFunction                00000001800181d0 f   DeltaSM_Angulos_sfun_registry.obj
 0001:00019650       ProcessMexSfunctionEveryCall 000000018001a650 f   DeltaSM_Angulos_sfun_registry.obj
 0001:000197d2       sf_debug_set_machine_data_thresholds 000000018001a7d2 f   sf_runtime:sf_runtime.dll
 0001:000197d8       sf_debug_set_machine_event_thresholds 000000018001a7d8 f   sf_runtime:sf_runtime.dll
 0001:000197de       sf_debug_initialize_machine 000000018001a7de f   sf_runtime:sf_runtime.dll
 0001:000197e4       sf_load_rtw_optimization_info 000000018001a7e4 f   sf_runtime:sf_runtime.dll
 0001:000197ea       sf_mex_emlrtNameCapturePostProcessR2012a 000000018001a7ea f   sf_runtime:sf_runtime.dll
 0001:000197f0       sf_mex_assign              000000018001a7f0 f   sf_runtime:sf_runtime.dll
 0001:000197f6       sf_mex_createstruct        000000018001a7f6 f   sf_runtime:sf_runtime.dll
 0001:000197fc       sf_mex_destroy             000000018001a7fc f   sf_runtime:sf_runtime.dll
 0001:00019802       sf_mex_duplicatearraysafe  000000018001a802 f   sf_runtime:sf_runtime.dll
 0001:00019808       sf_mex_createcellmatrix    000000018001a808 f   sf_runtime:sf_runtime.dll
 0001:0001980e       sf_mex_addfield            000000018001a80e f   sf_runtime:sf_runtime.dll
 0001:00019814       sf_mex_create              000000018001a814 f   sf_runtime:sf_runtime.dll
 0001:0001981a       sf_mex_error_message       000000018001a81a f   sf_runtime:sf_runtime.dll
 0001:00019820       sf_mex_call_matlab         000000018001a820 f   sf_runtime:sf_runtime.dll
 0001:00019826       sf_mex_setcell             000000018001a826 f   sf_runtime:sf_runtime.dll
 0001:0001982c       sf_mex_decode_encoded_mx_struct_array 000000018001a82c f   sf_runtime:sf_runtime.dll
 0001:00019832       sf_mex_getcell             000000018001a832 f   sf_runtime:sf_runtime.dll
 0001:00019838       sf_mex_dup                 000000018001a838 f   sf_runtime:sf_runtime.dll
 0001:0001983e       sf_mex_import              000000018001a83e f   sf_runtime:sf_runtime.dll
 0001:00019844       sf_set_rtw_dwork_info      000000018001a844 f   sf_runtime:sf_runtime.dll
 0001:0001984a       sf_mark_chart_reusable_outputs 000000018001a84a f   sf_runtime:sf_runtime.dll
 0001:00019850       sf_mark_chart_expressionable_inputs 000000018001a850 f   sf_runtime:sf_runtime.dll
 0001:00019856       sf_update_buildInfo        000000018001a856 f   sf_runtime:sf_runtime.dll
 0001:0001985c       sf_rtw_info_uint_prop      000000018001a85c f   sf_runtime:sf_runtime.dll
 0001:00019862       sf_is_chart_inlinable      000000018001a862 f   sf_runtime:sf_runtime.dll
 0001:00019868       sim_mode_is_external       000000018001a868 f   sf_runtime:sf_runtime.dll
 0001:0001986e       sim_mode_is_rtw_gen        000000018001a86e f   sf_runtime:sf_runtime.dll
 0001:00019874       sf_debug_reset_current_state_configuration 000000018001a874 f   sf_runtime:sf_runtime.dll
 0001:0001987a       sf_debug_set_instance_data_value_ptr 000000018001a87a f   sf_runtime:sf_runtime.dll
 0001:00019880       sf_debug_set_chart_data_compiled_props 000000018001a880 f   sf_runtime:sf_runtime.dll
 0001:00019886       cv_eml_init_while          000000018001a886 f   sf_runtime:sf_runtime.dll
 0001:0001988c       cv_eml_init_for            000000018001a88c f   sf_runtime:sf_runtime.dll
 0001:00019892       cv_eml_init_fcn            000000018001a892 f   sf_runtime:sf_runtime.dll
 0001:00019898       cv_eml_init_script         000000018001a898 f   sf_runtime:sf_runtime.dll
 0001:0001989e       sf_debug_cv_init_trans     000000018001a89e f   sf_runtime:sf_runtime.dll
 0001:000198a4       sf_debug_cv_init_state     000000018001a8a4 f   sf_runtime:sf_runtime.dll
 0001:000198aa       sf_debug_cv_init_chart     000000018001a8aa f   sf_runtime:sf_runtime.dll
 0001:000198b0       sf_debug_set_chart_decomposition 000000018001a8b0 f   sf_runtime:sf_runtime.dll
 0001:000198b6       sf_debug_set_chart_substate_count 000000018001a8b6 f   sf_runtime:sf_runtime.dll
 0001:000198bc       sf_debug_set_chart_state_info 000000018001a8bc f   sf_runtime:sf_runtime.dll
 0001:000198c2       sf_debug_set_chart_data_props 000000018001a8c2 f   sf_runtime:sf_runtime.dll
 0001:000198c8       sf_debug_set_chart_event_thresholds 000000018001a8c8 f   sf_runtime:sf_runtime.dll
 0001:000198ce       sf_debug_set_chart_disable_implicit_casting 000000018001a8ce f   sf_runtime:sf_runtime.dll
 0001:000198d4       sf_debug_initialize_chart  000000018001a8d4 f   sf_runtime:sf_runtime.dll
 0001:000198da       sf_get_time                000000018001a8da f   sf_runtime:sf_runtime.dll
 0001:000198e0       sf_debug_check_for_state_inconsistency 000000018001a8e0 f   sf_runtime:sf_runtime.dll
 0001:000198e6       sf_debug_symbol_scope_pop  000000018001a8e6 f   sf_runtime:sf_runtime.dll
 0001:000198ec       sf_debug_data_range_wrapper 000000018001a8ec f   sf_runtime:sf_runtime.dll
 0001:000198f2       sf_debug_call              000000018001a8f2 f   sf_runtime:sf_runtime.dll
 0001:000198f8       sf_debug_symbol_scope_push 000000018001a8f8 f   sf_runtime:sf_runtime.dll
 0001:000198fe       sf_mex_listen_for_ctrl_c   000000018001a8fe f   sf_runtime:sf_runtime.dll
 0001:00019904       sf_debug_eml_data_array_bounds_error_check 000000018001a904 f   sf_runtime:sf_runtime.dll
 0001:0001990a       sf_debug_integer_check     000000018001a90a f   sf_runtime:sf_runtime.dll
 0001:00019910       eml_debug_line_call        000000018001a910 f   sf_runtime:sf_runtime.dll
 0001:00019916       cv_eml_eval                000000018001a916 f   sf_runtime:sf_runtime.dll
 0001:0001991c       sf_debug_symbol_scope_add_eml 000000018001a91c f   sf_runtime:sf_runtime.dll
 0001:00019922       sf_debug_symbol_scope_add_eml_importable 000000018001a922 f   sf_runtime:sf_runtime.dll
 0001:00019928       sf_debug_symbol_scope_push_eml 000000018001a928 f   sf_runtime:sf_runtime.dll
 0001:0001992e       sf_mex_call_debug          000000018001a92e f   sf_runtime:sf_runtime.dll
 0001:00019934       sf_clear_rtw_identifier    000000018001a934 f   sf_runtime:sf_runtime.dll
 0001:0001993a       cv_eml_init_if             000000018001a93a f   sf_runtime:sf_runtime.dll
 0001:00019940       sf_debug_terminate         000000018001a940 f   sf_runtime:sf_runtime.dll
 0001:00019946       sf_debug_create_debug_instance_struct 000000018001a946 f   sf_runtime:sf_runtime.dll
 0001:0001994c       sf_debug_api               000000018001a94c f   sf_runtime:sf_runtime.dll
 0001:00019952       callMdlMethodAndReportError 000000018001a952 f   sf_runtime:sf_runtime.dll
 0001:00019958       call_sf_machine_global_method_dispatcher 000000018001a958 f   sf_runtime:sf_runtime.dll
 0001:0001995e       sf_clear_error_manager_info 000000018001a95e f   sf_runtime:sf_runtime.dll
 0001:00019964       sf_mex_error_direct_call   000000018001a964 f   sf_runtime:sf_runtime.dll
 0001:0001996a       mxGetScalar                000000018001a96a f   libmx:libmx.dll
 0001:00019970       mxGetPr                    000000018001a970 f   libmx:libmx.dll
 0001:00019976       mxCreateDoubleMatrix_730   000000018001a976 f   libmx:libmx.dll
 0001:0001997c       mxGetString_730            000000018001a97c f   libmx:libmx.dll
 0001:00019982       mxIsChar                   000000018001a982 f   libmx:libmx.dll
 0001:00019988       mxDestroyArray             000000018001a988 f   libmx:libmx.dll
 0001:0001998e       mxDuplicateArray           000000018001a98e f   libmx:libmx.dll
 0001:00019994       mxCreateDoubleScalar       000000018001a994 f   libmx:libmx.dll
 0001:0001999a       mxSetField_730             000000018001a99a f   libmx:libmx.dll
 0001:000199a0       mxCreateString             000000018001a9a0 f   libmx:libmx.dll
 0001:000199a6       mxCreateStructMatrix_730   000000018001a9a6 f   libmx:libmx.dll
 0001:000199ac       mxCreateCellMatrix_730     000000018001a9ac f   libmx:libmx.dll
 0001:000199b2       mxGetClassID               000000018001a9b2 f   libmx:libmx.dll
 0001:000199b8       mxIsNumeric                000000018001a9b8 f   libmx:libmx.dll
 0001:000199be       mxIsComplex                000000018001a9be f   libmx:libmx.dll
 0001:000199c4       mxGetN                     000000018001a9c4 f   libmx:libmx.dll
 0001:000199ca       mxGetM                     000000018001a9ca f   libmx:libmx.dll
 0001:000199d0       mxCalloc                   000000018001a9d0 f   libmx:libmx.dll
 0001:000199d6       mexMakeArrayPersistent     000000018001a9d6 f   libmex:libmex.dll
 0001:000199dc       mexUnlock                  000000018001a9dc f   libmex:libmex.dll
 0001:000199e2       mexIsLocked                000000018001a9e2 f   libmex:libmex.dll
 0001:000199e8       mexWarnMsgTxt              000000018001a9e8 f   libmex:libmex.dll
 0001:000199ee       mexCallMATLAB              000000018001a9ee f   libmex:libmex.dll
 0001:000199f4       mexErrMsgTxt               000000018001a9f4 f   libmex:libmex.dll
 0001:000199fa       mexLock                    000000018001a9fa f   libmex:libmex.dll
 0001:00019a00       utMalloc                   000000018001aa00 f   libut:libut.dll
 0001:00019a06       utFree                     000000018001aa06 f   libut:libut.dll
 0001:00019a0c       muDoubleScalarAtan2        000000018001aa0c f   libmwmathutil:libmwmathutil.dll
 0001:00019a12       muDoubleScalarSqrt         000000018001aa12 f   libmwmathutil:libmwmathutil.dll
 0001:00019a18       muDoubleScalarSin          000000018001aa18 f   libmwmathutil:libmwmathutil.dll
 0001:00019a1e       muDoubleScalarCos          000000018001aa1e f   libmwmathutil:libmwmathutil.dll
 0001:00019a24       muDoubleScalarPower        000000018001aa24 f   libmwmathutil:libmwmathutil.dll
 0001:00019a2c       __GSHandlerCheckCommon     000000018001aa2c f   MSVCRT:gshandler.obj
 0001:00019a90       __GSHandlerCheck           000000018001aa90 f   MSVCRT:gshandler.obj
 0001:00019aae       strcmp                     000000018001aaae f   MSVCRT:MSVCR100.dll
 0001:00019ad0       __security_check_cookie    000000018001aad0 f   MSVCRT:amdsecgs.obj
 0001:00019af0       strlen                     000000018001aaf0 f   MSVCRT:MSVCR100.dll
 0001:00019af6       memset                     000000018001aaf6 f   MSVCRT:MSVCR100.dll
 0001:00019afc       free                       000000018001aafc f   MSVCRT:MSVCR100.dll
 0001:00019b02       sprintf                    000000018001ab02 f   MSVCRT:MSVCR100.dll
 0001:00019b08       malloc                     000000018001ab08 f   MSVCRT:MSVCR100.dll
 0001:00019b0e       strcat                     000000018001ab0e f   MSVCRT:MSVCR100.dll
 0001:00019b14       memcpy                     000000018001ab14 f   MSVCRT:MSVCR100.dll
 0001:00019b1c       NtCurrentTeb               000000018001ab1c f i MSVCRT:crtdll.obj
 0001:00019b88       _CRT_INIT                  000000018001ab88 f   MSVCRT:crtdll.obj
 0001:00019f20       _DllMainCRTStartup         000000018001af20 f   MSVCRT:crtdll.obj
 0001:00019f60       __report_gsfailure         000000018001af60 f   MSVCRT:gs_report.obj
 0001:0001a0ac       __clean_type_info_names    000000018001b0ac f   MSVCRT:tncleanup.obj
 0001:0001a0b8       _onexit                    000000018001b0b8 f   MSVCRT:atonexit.obj
 0001:0001a168       atexit                     000000018001b168 f   MSVCRT:atonexit.obj
 0001:0001a180       _RTC_Initialize            000000018001b180 f   MSVCRT:_initsect_.obj
 0001:0001a1b8       _RTC_Terminate             000000018001b1b8 f   MSVCRT:_initsect_.obj
 0001:0001a1f0       _malloc_crt                000000018001b1f0 f   MSVCRT:MSVCR100.dll
 0001:0001a200       _ValidateImageBase         000000018001b200 f   MSVCRT:pesect.obj
 0001:0001a230       _FindPESection             000000018001b230 f   MSVCRT:pesect.obj
 0001:0001a280       _IsNonwritableInCurrentImage 000000018001b280 f   MSVCRT:pesect.obj
 0001:0001a2c2       _initterm                  000000018001b2c2 f   MSVCRT:MSVCR100.dll
 0001:0001a2c8       _initterm_e                000000018001b2c8 f   MSVCRT:MSVCR100.dll
 0001:0001a2ce       _encoded_null              000000018001b2ce f   MSVCRT:MSVCR100.dll
 0001:0001a2d4       _amsg_exit                 000000018001b2d4 f   MSVCRT:MSVCR100.dll
 0001:0001a2da       __C_specific_handler       000000018001b2da f   MSVCRT:MSVCR100.dll
 0001:0001a2e0       __CppXcptFilter            000000018001b2e0 f   MSVCRT:MSVCR100.dll
 0001:0001a2e8       DllMain                    000000018001b2e8 f   MSVCRT:dllmain.obj
 0001:0001a30c       __security_init_cookie     000000018001b30c f   MSVCRT:gs_support.obj
 0001:0001a3c0       __crt_debugger_hook        000000018001b3c0 f   MSVCRT:MSVCR100.dll
 0001:0001a3c6       __clean_type_info_names_internal 000000018001b3c6 f   MSVCRT:MSVCR100.dll
 0001:0001a3cc       _unlock                    000000018001b3cc f   MSVCRT:MSVCR100.dll
 0001:0001a3d2       __dllonexit                000000018001b3d2 f   MSVCRT:MSVCR100.dll
 0001:0001a3d8       _lock                      000000018001b3d8 f   MSVCRT:MSVCR100.dll
 0001:0001a3de       EncodePointer              000000018001b3de f   kernel32:KERNEL32.dll
 0001:0001a3e4       DecodePointer              000000018001b3e4 f   kernel32:KERNEL32.dll
 0001:0001a3ea       Sleep                      000000018001b3ea f   kernel32:KERNEL32.dll
 0001:0001a3f0       TerminateProcess           000000018001b3f0 f   kernel32:KERNEL32.dll
 0001:0001a3f6       GetCurrentProcess          000000018001b3f6 f   kernel32:KERNEL32.dll
 0001:0001a3fc       UnhandledExceptionFilter   000000018001b3fc f   kernel32:KERNEL32.dll
 0001:0001a402       SetUnhandledExceptionFilter 000000018001b402 f   kernel32:KERNEL32.dll
 0001:0001a408       IsDebuggerPresent          000000018001b408 f   kernel32:KERNEL32.dll
 0001:0001a40e       RtlVirtualUnwind           000000018001b40e f   kernel32:KERNEL32.dll
 0001:0001a414       RtlLookupFunctionEntry     000000018001b414 f   kernel32:KERNEL32.dll
 0001:0001a41a       RtlCaptureContext          000000018001b41a f   kernel32:KERNEL32.dll
 0001:0001a420       DisableThreadLibraryCalls  000000018001b420 f   kernel32:KERNEL32.dll
 0001:0001a426       QueryPerformanceCounter    000000018001b426 f   kernel32:KERNEL32.dll
 0001:0001a42c       GetTickCount               000000018001b42c f   kernel32:KERNEL32.dll
 0001:0001a432       GetCurrentThreadId         000000018001b432 f   kernel32:KERNEL32.dll
 0001:0001a438       GetCurrentProcessId        000000018001b438 f   kernel32:KERNEL32.dll
 0001:0001a43e       GetSystemTimeAsFileTime    000000018001b43e f   kernel32:KERNEL32.dll
 0002:00000000       __imp_GetSystemTimeAsFileTime 000000018001c000     kernel32:KERNEL32.dll
 0002:00000008       __imp_GetCurrentProcessId  000000018001c008     kernel32:KERNEL32.dll
 0002:00000010       __imp_GetCurrentThreadId   000000018001c010     kernel32:KERNEL32.dll
 0002:00000018       __imp_GetTickCount         000000018001c018     kernel32:KERNEL32.dll
 0002:00000020       __imp_QueryPerformanceCounter 000000018001c020     kernel32:KERNEL32.dll
 0002:00000028       __imp_DisableThreadLibraryCalls 000000018001c028     kernel32:KERNEL32.dll
 0002:00000030       __imp_RtlCaptureContext    000000018001c030     kernel32:KERNEL32.dll
 0002:00000038       __imp_RtlLookupFunctionEntry 000000018001c038     kernel32:KERNEL32.dll
 0002:00000040       __imp_RtlVirtualUnwind     000000018001c040     kernel32:KERNEL32.dll
 0002:00000048       __imp_IsDebuggerPresent    000000018001c048     kernel32:KERNEL32.dll
 0002:00000050       __imp_SetUnhandledExceptionFilter 000000018001c050     kernel32:KERNEL32.dll
 0002:00000058       __imp_UnhandledExceptionFilter 000000018001c058     kernel32:KERNEL32.dll
 0002:00000060       __imp_GetCurrentProcess    000000018001c060     kernel32:KERNEL32.dll
 0002:00000068       __imp_TerminateProcess     000000018001c068     kernel32:KERNEL32.dll
 0002:00000070       __imp_Sleep                000000018001c070     kernel32:KERNEL32.dll
 0002:00000078       __imp_DecodePointer        000000018001c078     kernel32:KERNEL32.dll
 0002:00000080       __imp_EncodePointer        000000018001c080     kernel32:KERNEL32.dll
 0002:00000088       \177KERNEL32_NULL_THUNK_DATA 000000018001c088     kernel32:KERNEL32.dll
 0002:00000090       __imp__onexit              000000018001c090     MSVCRT:MSVCR100.dll
 0002:00000098       __imp__lock                000000018001c098     MSVCRT:MSVCR100.dll
 0002:000000a0       __imp___dllonexit          000000018001c0a0     MSVCRT:MSVCR100.dll
 0002:000000a8       __imp__unlock              000000018001c0a8     MSVCRT:MSVCR100.dll
 0002:000000b0       __imp___clean_type_info_names_internal 000000018001c0b0     MSVCRT:MSVCR100.dll
 0002:000000b8       __imp___crt_debugger_hook  000000018001c0b8     MSVCRT:MSVCR100.dll
 0002:000000c0       __imp___CppXcptFilter      000000018001c0c0     MSVCRT:MSVCR100.dll
 0002:000000c8       __imp___C_specific_handler 000000018001c0c8     MSVCRT:MSVCR100.dll
 0002:000000d0       __imp__amsg_exit           000000018001c0d0     MSVCRT:MSVCR100.dll
 0002:000000d8       __imp__encoded_null        000000018001c0d8     MSVCRT:MSVCR100.dll
 0002:000000e0       __imp__initterm_e          000000018001c0e0     MSVCRT:MSVCR100.dll
 0002:000000e8       __imp__initterm            000000018001c0e8     MSVCRT:MSVCR100.dll
 0002:000000f0       __imp__malloc_crt          000000018001c0f0     MSVCRT:MSVCR100.dll
 0002:000000f8       __imp_memcpy               000000018001c0f8     MSVCRT:MSVCR100.dll
 0002:00000100       __imp_strcat               000000018001c100     MSVCRT:MSVCR100.dll
 0002:00000108       __imp_malloc               000000018001c108     MSVCRT:MSVCR100.dll
 0002:00000110       __imp_sprintf              000000018001c110     MSVCRT:MSVCR100.dll
 0002:00000118       __imp_free                 000000018001c118     MSVCRT:MSVCR100.dll
 0002:00000120       __imp_memset               000000018001c120     MSVCRT:MSVCR100.dll
 0002:00000128       __imp_strlen               000000018001c128     MSVCRT:MSVCR100.dll
 0002:00000130       __imp_strcmp               000000018001c130     MSVCRT:MSVCR100.dll
 0002:00000138       \177MSVCR100_NULL_THUNK_DATA 000000018001c138     MSVCRT:MSVCR100.dll
 0002:00000140       __imp_mexLock              000000018001c140     libmex:libmex.dll
 0002:00000148       __imp_mexUnlock            000000018001c148     libmex:libmex.dll
 0002:00000150       __imp_mexIsLocked          000000018001c150     libmex:libmex.dll
 0002:00000158       __imp_mexWarnMsgTxt        000000018001c158     libmex:libmex.dll
 0002:00000160       __imp_mexCallMATLAB        000000018001c160     libmex:libmex.dll
 0002:00000168       __imp_mexErrMsgTxt         000000018001c168     libmex:libmex.dll
 0002:00000170       __imp_mexMakeArrayPersistent 000000018001c170     libmex:libmex.dll
 0002:00000178       \177libmex_NULL_THUNK_DATA 000000018001c178     libmex:libmex.dll
 0002:00000180       __imp_muDoubleScalarSqrt   000000018001c180     libmwmathutil:libmwmathutil.dll
 0002:00000188       __imp_muDoubleScalarSin    000000018001c188     libmwmathutil:libmwmathutil.dll
 0002:00000190       __imp_muDoubleScalarCos    000000018001c190     libmwmathutil:libmwmathutil.dll
 0002:00000198       __imp_muDoubleScalarPower  000000018001c198     libmwmathutil:libmwmathutil.dll
 0002:000001a0       __imp_muDoubleScalarAtan2  000000018001c1a0     libmwmathutil:libmwmathutil.dll
 0002:000001a8       \177libmwmathutil_NULL_THUNK_DATA 000000018001c1a8     libmwmathutil:libmwmathutil.dll
 0002:000001b0       __imp_mxCalloc             000000018001c1b0     libmx:libmx.dll
 0002:000001b8       __imp_mxGetM               000000018001c1b8     libmx:libmx.dll
 0002:000001c0       __imp_mxGetN               000000018001c1c0     libmx:libmx.dll
 0002:000001c8       __imp_mxIsComplex          000000018001c1c8     libmx:libmx.dll
 0002:000001d0       __imp_mxIsNumeric          000000018001c1d0     libmx:libmx.dll
 0002:000001d8       __imp_mxGetClassID         000000018001c1d8     libmx:libmx.dll
 0002:000001e0       __imp_mxCreateCellMatrix_730 000000018001c1e0     libmx:libmx.dll
 0002:000001e8       __imp_mxCreateStructMatrix_730 000000018001c1e8     libmx:libmx.dll
 0002:000001f0       __imp_mxCreateString       000000018001c1f0     libmx:libmx.dll
 0002:000001f8       __imp_mxSetField_730       000000018001c1f8     libmx:libmx.dll
 0002:00000200       __imp_mxCreateDoubleScalar 000000018001c200     libmx:libmx.dll
 0002:00000208       __imp_mxDuplicateArray     000000018001c208     libmx:libmx.dll
 0002:00000210       __imp_mxDestroyArray       000000018001c210     libmx:libmx.dll
 0002:00000218       __imp_mxIsChar             000000018001c218     libmx:libmx.dll
 0002:00000220       __imp_mxGetScalar          000000018001c220     libmx:libmx.dll
 0002:00000228       __imp_mxGetPr              000000018001c228     libmx:libmx.dll
 0002:00000230       __imp_mxCreateDoubleMatrix_730 000000018001c230     libmx:libmx.dll
 0002:00000238       __imp_mxGetString_730      000000018001c238     libmx:libmx.dll
 0002:00000240       \177libmx_NULL_THUNK_DATA  000000018001c240     libmx:libmx.dll
 0002:00000248       __imp_utMalloc             000000018001c248     libut:libut.dll
 0002:00000250       __imp_utFree               000000018001c250     libut:libut.dll
 0002:00000258       \177libut_NULL_THUNK_DATA  000000018001c258     libut:libut.dll
 0002:00000260       __imp_call_sf_machine_global_method_dispatcher 000000018001c260     sf_runtime:sf_runtime.dll
 0002:00000268       __imp_callMdlMethodAndReportError 000000018001c268     sf_runtime:sf_runtime.dll
 0002:00000270       __imp_sf_debug_api         000000018001c270     sf_runtime:sf_runtime.dll
 0002:00000278       __imp_sf_debug_create_debug_instance_struct 000000018001c278     sf_runtime:sf_runtime.dll
 0002:00000280       __imp_sf_debug_terminate   000000018001c280     sf_runtime:sf_runtime.dll
 0002:00000288       __imp_cv_eml_init_if       000000018001c288     sf_runtime:sf_runtime.dll
 0002:00000290       __imp_sf_clear_rtw_identifier 000000018001c290     sf_runtime:sf_runtime.dll
 0002:00000298       __imp_sf_mex_call_debug    000000018001c298     sf_runtime:sf_runtime.dll
 0002:000002a0       __imp_sf_debug_symbol_scope_push_eml 000000018001c2a0     sf_runtime:sf_runtime.dll
 0002:000002a8       __imp_sf_clear_error_manager_info 000000018001c2a8     sf_runtime:sf_runtime.dll
 0002:000002b0       __imp_sf_debug_symbol_scope_add_eml 000000018001c2b0     sf_runtime:sf_runtime.dll
 0002:000002b8       __imp_cv_eml_eval          000000018001c2b8     sf_runtime:sf_runtime.dll
 0002:000002c0       __imp_eml_debug_line_call  000000018001c2c0     sf_runtime:sf_runtime.dll
 0002:000002c8       __imp_sf_debug_integer_check 000000018001c2c8     sf_runtime:sf_runtime.dll
 0002:000002d0       __imp_sf_debug_eml_data_array_bounds_error_check 000000018001c2d0     sf_runtime:sf_runtime.dll
 0002:000002d8       __imp_sf_mex_listen_for_ctrl_c 000000018001c2d8     sf_runtime:sf_runtime.dll
 0002:000002e0       __imp_sf_debug_symbol_scope_push 000000018001c2e0     sf_runtime:sf_runtime.dll
 0002:000002e8       __imp_sf_debug_call        000000018001c2e8     sf_runtime:sf_runtime.dll
 0002:000002f0       __imp_sf_debug_data_range_wrapper 000000018001c2f0     sf_runtime:sf_runtime.dll
 0002:000002f8       __imp_sf_debug_symbol_scope_pop 000000018001c2f8     sf_runtime:sf_runtime.dll
 0002:00000300       __imp_sf_mex_error_direct_call 000000018001c300     sf_runtime:sf_runtime.dll
 0002:00000308       __imp_sf_debug_symbol_scope_add_eml_importable 000000018001c308     sf_runtime:sf_runtime.dll
 0002:00000310       __imp_sf_debug_check_for_state_inconsistency 000000018001c310     sf_runtime:sf_runtime.dll
 0002:00000318       __imp_sf_get_time          000000018001c318     sf_runtime:sf_runtime.dll
 0002:00000320       __imp_sf_debug_initialize_chart 000000018001c320     sf_runtime:sf_runtime.dll
 0002:00000328       __imp_sf_debug_set_chart_disable_implicit_casting 000000018001c328     sf_runtime:sf_runtime.dll
 0002:00000330       __imp_sf_debug_set_chart_event_thresholds 000000018001c330     sf_runtime:sf_runtime.dll
 0002:00000338       __imp_sf_debug_set_chart_data_props 000000018001c338     sf_runtime:sf_runtime.dll
 0002:00000340       __imp_sf_debug_set_chart_state_info 000000018001c340     sf_runtime:sf_runtime.dll
 0002:00000348       __imp_sf_debug_set_chart_substate_count 000000018001c348     sf_runtime:sf_runtime.dll
 0002:00000350       __imp_sf_debug_set_chart_decomposition 000000018001c350     sf_runtime:sf_runtime.dll
 0002:00000358       __imp_sf_debug_cv_init_chart 000000018001c358     sf_runtime:sf_runtime.dll
 0002:00000360       __imp_sf_debug_cv_init_state 000000018001c360     sf_runtime:sf_runtime.dll
 0002:00000368       __imp_sf_debug_cv_init_trans 000000018001c368     sf_runtime:sf_runtime.dll
 0002:00000370       __imp_cv_eml_init_script   000000018001c370     sf_runtime:sf_runtime.dll
 0002:00000378       __imp_cv_eml_init_fcn      000000018001c378     sf_runtime:sf_runtime.dll
 0002:00000380       __imp_cv_eml_init_for      000000018001c380     sf_runtime:sf_runtime.dll
 0002:00000388       __imp_cv_eml_init_while    000000018001c388     sf_runtime:sf_runtime.dll
 0002:00000390       __imp_sf_debug_set_chart_data_compiled_props 000000018001c390     sf_runtime:sf_runtime.dll
 0002:00000398       __imp_sf_debug_set_instance_data_value_ptr 000000018001c398     sf_runtime:sf_runtime.dll
 0002:000003a0       __imp_sf_debug_reset_current_state_configuration 000000018001c3a0     sf_runtime:sf_runtime.dll
 0002:000003a8       __imp_sim_mode_is_rtw_gen  000000018001c3a8     sf_runtime:sf_runtime.dll
 0002:000003b0       __imp_sim_mode_is_external 000000018001c3b0     sf_runtime:sf_runtime.dll
 0002:000003b8       __imp_sf_is_chart_inlinable 000000018001c3b8     sf_runtime:sf_runtime.dll
 0002:000003c0       __imp_sf_rtw_info_uint_prop 000000018001c3c0     sf_runtime:sf_runtime.dll
 0002:000003c8       __imp_sf_update_buildInfo  000000018001c3c8     sf_runtime:sf_runtime.dll
 0002:000003d0       __imp_sf_mark_chart_expressionable_inputs 000000018001c3d0     sf_runtime:sf_runtime.dll
 0002:000003d8       __imp_sf_mark_chart_reusable_outputs 000000018001c3d8     sf_runtime:sf_runtime.dll
 0002:000003e0       __imp_sf_set_rtw_dwork_info 000000018001c3e0     sf_runtime:sf_runtime.dll
 0002:000003e8       __imp_sf_mex_import        000000018001c3e8     sf_runtime:sf_runtime.dll
 0002:000003f0       __imp_sf_mex_dup           000000018001c3f0     sf_runtime:sf_runtime.dll
 0002:000003f8       __imp_sf_mex_getcell       000000018001c3f8     sf_runtime:sf_runtime.dll
 0002:00000400       __imp_sf_mex_decode_encoded_mx_struct_array 000000018001c400     sf_runtime:sf_runtime.dll
 0002:00000408       __imp_sf_mex_setcell       000000018001c408     sf_runtime:sf_runtime.dll
 0002:00000410       __imp_sf_mex_call_matlab   000000018001c410     sf_runtime:sf_runtime.dll
 0002:00000418       __imp_sf_mex_error_message 000000018001c418     sf_runtime:sf_runtime.dll
 0002:00000420       __imp_sf_mex_create        000000018001c420     sf_runtime:sf_runtime.dll
 0002:00000428       __imp_sf_mex_addfield      000000018001c428     sf_runtime:sf_runtime.dll
 0002:00000430       __imp_sf_mex_createcellmatrix 000000018001c430     sf_runtime:sf_runtime.dll
 0002:00000438       __imp_sf_mex_duplicatearraysafe 000000018001c438     sf_runtime:sf_runtime.dll
 0002:00000440       __imp_sf_mex_destroy       000000018001c440     sf_runtime:sf_runtime.dll
 0002:00000448       __imp_sf_mex_createstruct  000000018001c448     sf_runtime:sf_runtime.dll
 0002:00000450       __imp_sf_mex_assign        000000018001c450     sf_runtime:sf_runtime.dll
 0002:00000458       __imp_sf_mex_emlrtNameCapturePostProcessR2012a 000000018001c458     sf_runtime:sf_runtime.dll
 0002:00000460       __imp_sf_load_rtw_optimization_info 000000018001c460     sf_runtime:sf_runtime.dll
 0002:00000468       __imp_sf_debug_initialize_machine 000000018001c468     sf_runtime:sf_runtime.dll
 0002:00000470       __imp_sf_debug_set_machine_event_thresholds 000000018001c470     sf_runtime:sf_runtime.dll
 0002:00000478       __imp_sf_debug_set_machine_data_thresholds 000000018001c478     sf_runtime:sf_runtime.dll
 0002:00000480       \177sf_runtime_NULL_THUNK_DATA 000000018001c480     sf_runtime:sf_runtime.dll
 0002:00000488       __xc_a                     000000018001c488     MSVCRT:cinitexe.obj
 0002:00000490       __xc_z                     000000018001c490     MSVCRT:cinitexe.obj
 0002:00000498       __xi_a                     000000018001c498     MSVCRT:cinitexe.obj
 0002:000004a8       __xi_z                     000000018001c4a8     MSVCRT:cinitexe.obj
 0002:000004b0       __real@41b1e0afa7000000    000000018001c4b0     DeltaSM_Angulos_sfun.obj
 0002:000004b8       __real@41ea7c008c200000    000000018001c4b8     DeltaSM_Angulos_sfun.obj
 0002:000004c0       __real@41e05c135a600000    000000018001c4c0     DeltaSM_Angulos_sfun.obj
 0002:000004c8       __real@41e523f374a00000    000000018001c4c8     DeltaSM_Angulos_sfun.obj
 0002:000004d0       __real@41c900e78a000000    000000018001c4d0     DeltaSM_Angulos_sfun.obj
 0002:000004d8       __real@41eda5398c800000    000000018001c4d8     DeltaSM_Angulos_sfun.obj
 0002:000004e0       __real@41edcf5b43c00000    000000018001c4e0     DeltaSM_Angulos_sfun.obj
 0002:000004e8       __real@41e695dff8600000    000000018001c4e8     DeltaSM_Angulos_sfun.obj
 0002:000004f0       __real@41e4ddf137c00000    000000018001c4f0     DeltaSM_Angulos_sfun.obj
 0002:000004f8       __real@41d7b1421a000000    000000018001c4f8     DeltaSM_Angulos_sfun.obj
 0002:00000500       __real@41d33a88cd400000    000000018001c500     DeltaSM_Angulos_sfun.obj
 0002:00000508       __real@41dda33f61800000    000000018001c508     DeltaSM_Angulos_sfun.obj
 0002:00000510       __real@41b1d9d00f000000    000000018001c510     DeltaSM_Angulos_sfun.obj
 0002:00000518       __real@41d69818f6c00000    000000018001c518     DeltaSM_Angulos_sfun.obj
 0002:00000520       __real@41efd3c638800000    000000018001c520     DeltaSM_Angulos_sfun.obj
 0002:00000528       __real@41e3d4b40a800000    000000018001c528     DeltaSM_Angulos_sfun.obj
 0002:00000530       __real@41eb1e075ca00000    000000018001c530     c1_DeltaSM_Angulos.obj
 0002:00000538       __real@41db5bdaa9400000    000000018001c538     c1_DeltaSM_Angulos.obj
 0002:00000540       __real@41d32e1070400000    000000018001c540     c1_DeltaSM_Angulos.obj
 0002:00000548       __real@41eb959cc4400000    000000018001c548     c1_DeltaSM_Angulos.obj
 0002:00000550       __real@4024000000000000    000000018001c550     c1_DeltaSM_Angulos.obj
 0002:00000558       __real@3ff0000000000000    000000018001c558     c1_DeltaSM_Angulos.obj
 0002:00000560       __real@400921fb54442d18    000000018001c560     c1_DeltaSM_Angulos.obj
 0002:00000568       __real@bfe86c62ef24b4da    000000018001c568     c1_DeltaSM_Angulos.obj
 0002:00000570       __real@c000000000000000    000000018001c570     c1_DeltaSM_Angulos.obj
 0002:00000578       __real@405ec7ae147ae148    000000018001c578     c1_DeltaSM_Angulos.obj
 0002:00000580       __real@3fee34c25a9242ed    000000018001c580     c1_DeltaSM_Angulos.obj
 0002:00000588       __real@40ad9b4467381d7e    000000018001c588     c1_DeltaSM_Angulos.obj
 0002:00000590       __real@4010000000000000    000000018001c590     c1_DeltaSM_Angulos.obj
 0002:00000598       __real@c04ec7ae147ae148    000000018001c598     c1_DeltaSM_Angulos.obj
 0002:000005a0       __real@4000000000000000    000000018001c5a0     c1_DeltaSM_Angulos.obj
 0002:000005a8       __real@3f7f81f81f81f820    000000018001c5a8     c1_DeltaSM_Angulos.obj
 0002:000005b0       __mask@@NegDouble@         000000018001c5b0     c1_DeltaSM_Angulos.obj
 0002:000005c0       __real@403ec7ae147ae148    000000018001c5c0     c1_DeltaSM_Angulos.obj
 0002:000005c8       __real@4071300000000000    000000018001c5c8     c1_DeltaSM_Angulos.obj
 0002:000005d0       __real@4060400000000000    000000018001c5d0     c1_DeltaSM_Angulos.obj
 0002:000005d8       __real@40413c28f5c28f5c    000000018001c5d8     c1_DeltaSM_Angulos.obj
 0002:000005e0       __real@4050500000000000    000000018001c5e0     c1_DeltaSM_Angulos.obj
 0002:000005e8       __real@3ff921fb54442d18    000000018001c5e8     c1_DeltaSM_Angulos.obj
 0002:000005f0       __real@4000c152382d7365    000000018001c5f0     c1_DeltaSM_Angulos.obj
 0002:000005f8       __real@4008000000000000    000000018001c5f8     c1_DeltaSM_Angulos.obj
 0002:00000600       __real@41ee7714b3200000    000000018001c600     c2_DeltaSM_Angulos.obj
 0002:00000608       __real@41e6231ddfe00000    000000018001c608     c2_DeltaSM_Angulos.obj
 0002:00000610       __real@41ec8c6255800000    000000018001c610     c2_DeltaSM_Angulos.obj
 0002:00000618       __real@41e9bd2024c00000    000000018001c618     c2_DeltaSM_Angulos.obj
 0002:00000620       __real@c08a400000000000    000000018001c620     c2_DeltaSM_Angulos.obj
 0002:00000628       __real@40a0680000000000    000000018001c628     c2_DeltaSM_Angulos.obj
 0002:00000630       __real@c095e00000000000    000000018001c630     c2_DeltaSM_Angulos.obj
 0002:00000638       __real@402e000000000000    000000018001c638     c2_DeltaSM_Angulos.obj
 0002:00000640       __real@c052c00000000000    000000018001c640     c2_DeltaSM_Angulos.obj
 0002:00000648       __real@4059000000000000    000000018001c648     c2_DeltaSM_Angulos.obj
 0002:00000650       __real@c03a400000000000    000000018001c650     c2_DeltaSM_Angulos.obj
 0002:00000658       __real@4060680000000000    000000018001c658     c2_DeltaSM_Angulos.obj
 0002:00000660       __real@c065e00000000000    000000018001c660     c2_DeltaSM_Angulos.obj
 0002:00000668       __real@403a400000000000    000000018001c668     c2_DeltaSM_Angulos.obj
 0002:00000670       __real@c060680000000000    000000018001c670     c2_DeltaSM_Angulos.obj
 0002:00000678       __real@4065e00000000000    000000018001c678     c2_DeltaSM_Angulos.obj
 0002:00000680       __real@c064000000000000    000000018001c680     c2_DeltaSM_Angulos.obj
 0002:00000688       __real@c072c00000000000    000000018001c688     c2_DeltaSM_Angulos.obj
 0002:00000690       __real@4044000000000000    000000018001c690     c2_DeltaSM_Angulos.obj
 0002:00000698       __real@c044000000000000    000000018001c698     c2_DeltaSM_Angulos.obj
 0002:000006a0       __real@4014000000000000    000000018001c6a0     c2_DeltaSM_Angulos.obj
 0002:000006b0       DYNAMIC_DIMENSION_DEF      000000018001c6b0     DeltaSM_Angulos_sfun_registry.obj
 0002:000006d0       _ssBadLevel2InputAccessMsg 000000018001c6d0     DeltaSM_Angulos_sfun_registry.obj
 0002:00000860       _ssBadLevel2DirectFeedMsg  000000018001c860     DeltaSM_Angulos_sfun_registry.obj
 0002:000009a0       _ssBadLevel2DirectFeedSolutionMsg 000000018001c9a0     DeltaSM_Angulos_sfun_registry.obj
 0002:00000a10       _ssBadLevel2ZeroDirectFeedMsg 000000018001ca10     DeltaSM_Angulos_sfun_registry.obj
 0002:00000b50       _ssBadLevel2ZeroDirectFeedMsg2 000000018001cb50     DeltaSM_Angulos_sfun_registry.obj
 0002:00000c38       __real@0000000000000000    000000018001cc38     DeltaSM_Angulos_sfun_registry.obj
 0002:00000c40       __real@bff0000000000000    000000018001cc40     DeltaSM_Angulos_sfun_registry.obj
 0002:00000c48       __real@41602cbca0000000    000000018001cc48     DeltaSM_Angulos_sfun_registry.obj
 0002:00000c50       _pRawDllMain               000000018001cc50     MSVCRT:crtdll.obj
 0002:00000c50       _pDefaultRawDllMain        000000018001cc50     MSVCRT:crtdll.obj
 0002:00000c68       ?ProcessDetach@NativeDll@<CrtImplementationDetails>@@0IB 000000018001cc68     MSVCRT:tncleanup.obj
 0002:00000c6c       ?ProcessAttach@NativeDll@<CrtImplementationDetails>@@0IB 000000018001cc6c     MSVCRT:tncleanup.obj
 0002:00000c70       ?ThreadAttach@NativeDll@<CrtImplementationDetails>@@0IB 000000018001cc70     MSVCRT:tncleanup.obj
 0002:00000c74       ?ThreadDetach@NativeDll@<CrtImplementationDetails>@@0IB 000000018001cc74     MSVCRT:tncleanup.obj
 0002:00000c78       ?ProcessVerifier@NativeDll@<CrtImplementationDetails>@@0IB 000000018001cc78     MSVCRT:tncleanup.obj
 0002:00000c80       __rtc_iaa                  000000018001cc80     MSVCRT:_initsect_.obj
 0002:00000c88       __rtc_izz                  000000018001cc88     MSVCRT:_initsect_.obj
 0002:00000c90       __rtc_taa                  000000018001cc90     MSVCRT:_initsect_.obj
 0002:00000c98       __rtc_tzz                  000000018001cc98     MSVCRT:_initsect_.obj
 0002:00001468       __IMPORT_DESCRIPTOR_sf_runtime 000000018001d468     sf_runtime:sf_runtime.dll
 0002:0000147c       __IMPORT_DESCRIPTOR_libmx  000000018001d47c     libmx:libmx.dll
 0002:00001490       __IMPORT_DESCRIPTOR_libmex 000000018001d490     libmex:libmex.dll
 0002:000014a4       __IMPORT_DESCRIPTOR_libut  000000018001d4a4     libut:libut.dll
 0002:000014b8       __IMPORT_DESCRIPTOR_libmwmathutil 000000018001d4b8     libmwmathutil:libmwmathutil.dll
 0002:000014cc       __IMPORT_DESCRIPTOR_MSVCR100 000000018001d4cc     MSVCRT:MSVCR100.dll
 0002:000014e0       __IMPORT_DESCRIPTOR_KERNEL32 000000018001d4e0     kernel32:KERNEL32.dll
 0002:000014f4       __NULL_IMPORT_DESCRIPTOR   000000018001d4f4     sf_runtime:sf_runtime.dll
 0003:00005e10       DYNAMIC_DIMENSION          0000000180024e10     DeltaSM_Angulos_sfun_registry.obj
 0003:00006a18       __security_cookie          0000000180025a18     MSVCRT:gs_cookie.obj
 0003:00006a20       __security_cookie_complement 0000000180025a20     MSVCRT:gs_cookie.obj
 0003:00006a28       _fltused                   0000000180025a28     MSVCRT:dllsupp.obj
 0003:00006a30       __native_dllmain_reason    0000000180025a30     MSVCRT:natstart.obj
 0003:00006a34       __native_vcclrit_reason    0000000180025a34     MSVCRT:natstart.obj
 0003:00006b38       sfGlobalDebugInstanceStruct 0000000180025b38     DeltaSM_Angulos_sfun_registry.obj
 0003:000070c0       ?__type_info_root_node@@3U__type_info_node@@A 00000001800260c0     MSVCRT:tncleanup.obj
 0003:000070d0       _DeltaSM_AngulosMachineNumber_ 00000001800260d0     <common>
 0003:000070d4       __native_startup_state     00000001800260d4     <common>
 0003:000070d8       __native_startup_lock      00000001800260d8     <common>
 0003:000070e0       __onexitend                00000001800260e0     <common>
 0003:000070e8       __onexitbegin              00000001800260e8     <common>
 0003:000070f0       __dyn_tls_init_callback    00000001800260f0     <common>

 entry point at        0001:00019f20

 Static symbols

 0001:00000c60       c1_info_helper             0000000180001c60 f   c1_DeltaSM_Angulos.obj
 0001:00005800       c1_emlrt_marshallOut       0000000180006800 f   c1_DeltaSM_Angulos.obj
 0001:00005890       c1_b_emlrt_marshallOut     0000000180006890 f   c1_DeltaSM_Angulos.obj
 0001:00006430       get_sim_state_c1_DeltaSM_Angulos 0000000180007430 f   c1_DeltaSM_Angulos.obj
 0001:00006760       sf_get_sim_state_info_c1_DeltaSM_Angulos 0000000180007760 f   c1_DeltaSM_Angulos.obj
 0001:00006930       set_sim_state_c1_DeltaSM_Angulos 0000000180007930 f   c1_DeltaSM_Angulos.obj
 0001:00006aa0       c1_update_debugger_state_c1_DeltaSM_Angulos 0000000180007aa0 f   c1_DeltaSM_Angulos.obj
 0001:00006ab0       c1_emlrt_marshallIn        0000000180007ab0 f   c1_DeltaSM_Angulos.obj
 0001:00006b20       c1_b_emlrt_marshallIn      0000000180007b20 f   c1_DeltaSM_Angulos.obj
 0001:00006bb0       c1_e_emlrt_marshallIn      0000000180007bb0 f   c1_DeltaSM_Angulos.obj
 0001:00006c10       c1_f_emlrt_marshallIn      0000000180007c10 f   c1_DeltaSM_Angulos.obj
 0001:00006d10       mdlProcessParameters_c1_DeltaSM_Angulos 0000000180007d10 f   c1_DeltaSM_Angulos.obj
 0001:00006df0       initialize_params_c1_DeltaSM_Angulos 0000000180007df0 f   c1_DeltaSM_Angulos.obj
 0001:00006e00       mdlSetWorkWidths_c1_DeltaSM_Angulos 0000000180007e00 f   c1_DeltaSM_Angulos.obj
 0001:00007330       sf_get_instance_specialization 0000000180008330 f   c1_DeltaSM_Angulos.obj
 0001:00007340       mdlStart_c1_DeltaSM_Angulos 0000000180008340 f   c1_DeltaSM_Angulos.obj
 0001:00007570       init_dsm_address_info      0000000180008570 f   c1_DeltaSM_Angulos.obj
 0001:00007580       chart_debug_initialization 0000000180008580 f   c1_DeltaSM_Angulos.obj
 0001:00008370       init_script_number_translation 0000000180009370 f   c1_DeltaSM_Angulos.obj
 0001:00008390       c1_sf_marshallOut          0000000180009390 f   c1_DeltaSM_Angulos.obj
 0001:00008440       c1_sf_marshallIn           0000000180009440 f   c1_DeltaSM_Angulos.obj
 0001:000084e0       sf_opaque_initialize_c1_DeltaSM_Angulos 00000001800094e0 f   c1_DeltaSM_Angulos.obj
 0001:00008520       initialize_c1_DeltaSM_Angulos 0000000180009520 f   c1_DeltaSM_Angulos.obj
 0001:00008570       sf_opaque_enable_c1_DeltaSM_Angulos 0000000180009570 f   c1_DeltaSM_Angulos.obj
 0001:00008590       enable_c1_DeltaSM_Angulos  0000000180009590 f   c1_DeltaSM_Angulos.obj
 0001:000085c0       sf_opaque_disable_c1_DeltaSM_Angulos 00000001800095c0 f   c1_DeltaSM_Angulos.obj
 0001:000085e0       disable_c1_DeltaSM_Angulos 00000001800095e0 f   c1_DeltaSM_Angulos.obj
 0001:00008610       sf_opaque_gateway_c1_DeltaSM_Angulos 0000000180009610 f   c1_DeltaSM_Angulos.obj
 0001:00008630       sf_gateway_c1_DeltaSM_Angulos 0000000180009630 f   c1_DeltaSM_Angulos.obj
 0001:000089c0       c1_chartstep_c1_DeltaSM_Angulos 00000001800099c0 f   c1_DeltaSM_Angulos.obj
 0001:0000a880       c1_b_sf_marshallOut        000000018000b880 f   c1_DeltaSM_Angulos.obj
 0001:0000a9e0       c1_b_sf_marshallIn         000000018000b9e0 f   c1_DeltaSM_Angulos.obj
 0001:0000aae0       c1_c_emlrt_marshallIn      000000018000bae0 f   c1_DeltaSM_Angulos.obj
 0001:0000abd0       c1_mpower                  000000018000bbd0 f   c1_DeltaSM_Angulos.obj
 0001:0000ac40       c1_eml_scalar_eg           000000018000bc40 f   c1_DeltaSM_Angulos.obj
 0001:0000ac50       c1_eml_error               000000018000bc50 f   c1_DeltaSM_Angulos.obj
 0001:0000ae40       sf_opaque_get_sim_state_c1_DeltaSM_Angulos 000000018000be40 f   c1_DeltaSM_Angulos.obj
 0001:0000ae60       sf_opaque_set_sim_state_c1_DeltaSM_Angulos 000000018000be60 f   c1_DeltaSM_Angulos.obj
 0001:0000ae90       sf_opaque_terminate_c1_DeltaSM_Angulos 000000018000be90 f   c1_DeltaSM_Angulos.obj
 0001:0000af30       finalize_c1_DeltaSM_Angulos 000000018000bf30 f   c1_DeltaSM_Angulos.obj
 0001:0000af40       sf_opaque_init_subchart_simstructs 000000018000bf40 f   c1_DeltaSM_Angulos.obj
 0001:0000af60       initSimStructsc1_DeltaSM_Angulos 000000018000bf60 f   c1_DeltaSM_Angulos.obj
 0001:0000af70       mdlRTW_c1_DeltaSM_Angulos  000000018000bf70 f   c1_DeltaSM_Angulos.obj
 0001:0000b020       c2_info_helper             000000018000c020 f   c2_DeltaSM_Angulos.obj
 0001:0000e0d0       c2_emlrt_marshallOut       000000018000f0d0 f   c2_DeltaSM_Angulos.obj
 0001:0000e160       c2_b_emlrt_marshallOut     000000018000f160 f   c2_DeltaSM_Angulos.obj
 0001:0000ea70       get_sim_state_c2_DeltaSM_Angulos 000000018000fa70 f   c2_DeltaSM_Angulos.obj
 0001:0000edb0       sf_get_sim_state_info_c2_DeltaSM_Angulos 000000018000fdb0 f   c2_DeltaSM_Angulos.obj
 0001:0000ef80       set_sim_state_c2_DeltaSM_Angulos 000000018000ff80 f   c2_DeltaSM_Angulos.obj
 0001:0000f0f0       c2_update_debugger_state_c2_DeltaSM_Angulos 00000001800100f0 f   c2_DeltaSM_Angulos.obj
 0001:0000f100       c2_emlrt_marshallIn        0000000180010100 f   c2_DeltaSM_Angulos.obj
 0001:0000f170       c2_b_emlrt_marshallIn      0000000180010170 f   c2_DeltaSM_Angulos.obj
 0001:0000f200       c2_d_emlrt_marshallIn      0000000180010200 f   c2_DeltaSM_Angulos.obj
 0001:0000f260       c2_e_emlrt_marshallIn      0000000180010260 f   c2_DeltaSM_Angulos.obj
 0001:0000f360       mdlProcessParameters_c2_DeltaSM_Angulos 0000000180010360 f   c2_DeltaSM_Angulos.obj
 0001:0000f440       initialize_params_c2_DeltaSM_Angulos 0000000180010440 f   c2_DeltaSM_Angulos.obj
 0001:0000f450       mdlSetWorkWidths_c2_DeltaSM_Angulos 0000000180010450 f   c2_DeltaSM_Angulos.obj
 0001:0000f920       sf_get_instance_specialization 0000000180010920 f   c2_DeltaSM_Angulos.obj
 0001:0000f930       mdlStart_c2_DeltaSM_Angulos 0000000180010930 f   c2_DeltaSM_Angulos.obj
 0001:0000fb60       init_dsm_address_info      0000000180010b60 f   c2_DeltaSM_Angulos.obj
 0001:0000fb70       chart_debug_initialization 0000000180010b70 f   c2_DeltaSM_Angulos.obj
 0001:000106b0       init_script_number_translation 00000001800116b0 f   c2_DeltaSM_Angulos.obj
 0001:000106d0       c2_sf_marshallOut          00000001800116d0 f   c2_DeltaSM_Angulos.obj
 0001:00010780       c2_sf_marshallIn           0000000180011780 f   c2_DeltaSM_Angulos.obj
 0001:00010820       sf_opaque_initialize_c2_DeltaSM_Angulos 0000000180011820 f   c2_DeltaSM_Angulos.obj
 0001:00010860       initialize_c2_DeltaSM_Angulos 0000000180011860 f   c2_DeltaSM_Angulos.obj
 0001:000108b0       sf_opaque_enable_c2_DeltaSM_Angulos 00000001800118b0 f   c2_DeltaSM_Angulos.obj
 0001:000108d0       enable_c2_DeltaSM_Angulos  00000001800118d0 f   c2_DeltaSM_Angulos.obj
 0001:00010900       sf_opaque_disable_c2_DeltaSM_Angulos 0000000180011900 f   c2_DeltaSM_Angulos.obj
 0001:00010920       disable_c2_DeltaSM_Angulos 0000000180011920 f   c2_DeltaSM_Angulos.obj
 0001:00010950       sf_opaque_gateway_c2_DeltaSM_Angulos 0000000180011950 f   c2_DeltaSM_Angulos.obj
 0001:00010970       sf_gateway_c2_DeltaSM_Angulos 0000000180011970 f   c2_DeltaSM_Angulos.obj
 0001:00012f80       c2_mpower                  0000000180013f80 f   c2_DeltaSM_Angulos.obj
 0001:00013000       c2_eml_scalar_eg           0000000180014000 f   c2_DeltaSM_Angulos.obj
 0001:00013010       c2_b_mpower                0000000180014010 f   c2_DeltaSM_Angulos.obj
 0001:00013090       c2_c_mpower                0000000180014090 f   c2_DeltaSM_Angulos.obj
 0001:00013110       c2_d_mpower                0000000180014110 f   c2_DeltaSM_Angulos.obj
 0001:00013180       sf_opaque_get_sim_state_c2_DeltaSM_Angulos 0000000180014180 f   c2_DeltaSM_Angulos.obj
 0001:000131a0       sf_opaque_set_sim_state_c2_DeltaSM_Angulos 00000001800141a0 f   c2_DeltaSM_Angulos.obj
 0001:000131d0       sf_opaque_terminate_c2_DeltaSM_Angulos 00000001800141d0 f   c2_DeltaSM_Angulos.obj
 0001:00013270       finalize_c2_DeltaSM_Angulos 0000000180014270 f   c2_DeltaSM_Angulos.obj
 0001:00013280       sf_opaque_init_subchart_simstructs 0000000180014280 f   c2_DeltaSM_Angulos.obj
 0001:000132a0       initSimStructsc2_DeltaSM_Angulos 00000001800142a0 f   c2_DeltaSM_Angulos.obj
 0001:000132b0       mdlRTW_c2_DeltaSM_Angulos  00000001800142b0 f   c2_DeltaSM_Angulos.obj
 0001:00013c20       getChartInfoFromSimStruct  0000000180014c20 f   DeltaSM_Angulos_sfun_registry.obj
 0001:000152c0       _ssFatalError              00000001800162c0 f   DeltaSM_Angulos_sfun_registry.obj
 0001:00018370       ProcessMexSfunctionCmdLineCall 0000000180019370 f   DeltaSM_Angulos_sfun_registry.obj
 0001:000184a0       sf_debug_api_wrapper       00000001800194a0 f   DeltaSM_Angulos_sfun_registry.obj
 0001:000184f0       mdlStart                   00000001800194f0 f   DeltaSM_Angulos_sfun_registry.obj
 0001:00018520       mdl_start_processing       0000000180019520 f   DeltaSM_Angulos_sfun_registry.obj
 0001:000185b0       mdlTerminate               00000001800195b0 f   DeltaSM_Angulos_sfun_registry.obj
 0001:000185e0       mdl_terminate_processing   00000001800195e0 f   DeltaSM_Angulos_sfun_registry.obj
 0001:00018660       mdlInitializeSampleTimes   0000000180019660 f   DeltaSM_Angulos_sfun_registry.obj
 0001:00018690       mdlZeroCrossings           0000000180019690 f   DeltaSM_Angulos_sfun_registry.obj
 0001:000186c0       mdl_zeroCrossings_processing 00000001800196c0 f   DeltaSM_Angulos_sfun_registry.obj
 0001:00018700       mdlDerivatives             0000000180019700 f   DeltaSM_Angulos_sfun_registry.obj
 0001:00018730       mdl_derivatives_processing 0000000180019730 f   DeltaSM_Angulos_sfun_registry.obj
 0001:00018780       mdlInitializeConditions    0000000180019780 f   DeltaSM_Angulos_sfun_registry.obj
 0001:000187b0       mdl_initialize_conditions_processing 00000001800197b0 f   DeltaSM_Angulos_sfun_registry.obj
 0001:00018800       mdlEnable                  0000000180019800 f   DeltaSM_Angulos_sfun_registry.obj
 0001:00018830       mdl_enable_processing      0000000180019830 f   DeltaSM_Angulos_sfun_registry.obj
 0001:00018870       mdlDisable                 0000000180019870 f   DeltaSM_Angulos_sfun_registry.obj
 0001:000188a0       mdl_disable_processing     00000001800198a0 f   DeltaSM_Angulos_sfun_registry.obj
 0001:000188e0       mdlOutputs                 00000001800198e0 f   DeltaSM_Angulos_sfun_registry.obj
 0001:00018910       mdl_outputs_processing     0000000180019910 f   DeltaSM_Angulos_sfun_registry.obj
 0001:000189f0       mdl_outputs_continuous_legacy 00000001800199f0 f   DeltaSM_Angulos_sfun_registry.obj
 0001:00018ae0       mdlGetTimeOfNextVarHit     0000000180019ae0 f   DeltaSM_Angulos_sfun_registry.obj
 0001:00018b30       _ProcessMexSfunctionCmdLineCall 0000000180019b30 f   DeltaSM_Angulos_sfun_registry.obj
 0001:00019280       mdlSetWorkWidths           000000018001a280 f   DeltaSM_Angulos_sfun_registry.obj
 0001:000192b0       mdlProcessParameters       000000018001a2b0 f   DeltaSM_Angulos_sfun_registry.obj
 0001:000192e0       mdlInitializeSizes         000000018001a2e0 f   DeltaSM_Angulos_sfun_registry.obj
 0001:00019310       mdlExtModeExec             000000018001a310 f   DeltaSM_Angulos_sfun_registry.obj
 0001:00019340       mdl_ext_mode_exec_processing 000000018001a340 f   DeltaSM_Angulos_sfun_registry.obj
 0001:00019380       mdlRTW                     000000018001a380 f   DeltaSM_Angulos_sfun_registry.obj
 0001:000193c0       _CreateSimStruct           000000018001a3c0 f   DeltaSM_Angulos_sfun_registry.obj
 0001:00019550       _RegNumInputPortsCB        000000018001a550 f   DeltaSM_Angulos_sfun_registry.obj
 0001:000195d0       _RegNumOutputPortsCB       000000018001a5d0 f   DeltaSM_Angulos_sfun_registry.obj
 0001:00019b28       pre_c_init                 000000018001ab28 f   MSVCRT:crtdll.obj
 0001:00019de4       __DllMainCRTStartup        000000018001ade4 f   MSVCRT:crtdll.obj
 0001:0001a450       __DllMainCRTStartup$filt$0 000000018001b450 f   MSVCRT:crtdll.obj
 0001:0001a480       __DllMainCRTStartup$fin$1  000000018001b480 f   MSVCRT:crtdll.obj
 0001:0001a49a       _onexit$fin$0              000000018001b49a f   MSVCRT:atonexit.obj
 0001:0001a4c0       _IsNonwritableInCurrentImage$filt$0 000000018001b4c0 f   MSVCRT:pesect.obj
