 DeltaSM_Angulos_sfun

 Timestamp is 56ef7698 (Sun Mar 20 23:20:40 2016)

 Preferred load address is 0000000180000000

 Start         Length     Name                   Class
 0001:00000000 000252a4H .text                   CODE
 0001:000252b0 00000092H .text$x                 CODE
 0002:00000000 000004c0H .idata$5                DATA
 0002:000004c0 00000008H .CRT$XCA                DATA
 0002:000004c8 00000008H .CRT$XCZ                DATA
 0002:000004d0 00000008H .CRT$XIA                DATA
 0002:000004d8 00000008H .CRT$XIAA               DATA
 0002:000004e0 00000008H .CRT$XIZ                DATA
 0002:000004f0 000007acH .rdata                  DATA
 0002:00000ca0 00000008H .rtc$IAA                DATA
 0002:00000ca8 00000008H .rtc$IZZ                DATA
 0002:00000cb0 00000008H .rtc$TAA                DATA
 0002:00000cb8 00000008H .rtc$TZZ                DATA
 0002:00000cc0 00000860H .xdata                  DATA
 0002:00001520 0000008cH .idata$2                DATA
 0002:000015ac 00000014H .idata$3                DATA
 0002:000015c0 000004c0H .idata$4                DATA
 0002:00001a80 00000d1eH .idata$6                DATA
 0002:000027a0 0000005aH .edata                  DATA
 0003:00000000 0000aeb8H .data                   DATA
 0003:0000aec0 000006c8H .bss                    DATA
 0004:00000000 00000a50H .pdata                  DATA

  Address         Publics by Value              Rva+Base               Lib:Object

 0000:00000000       ___safe_se_handler_table   0000000000000000     <absolute>
 0000:00000000       ___safe_se_handler_count   0000000000000000     <absolute>
 0000:00000000       __ImageBase                0000000180000000     <linker-defined>
 0001:00000000       DeltaSM_Angulos_initializer 0000000180001000 f   DeltaSM_Angulos_sfun.obj
 0001:00000010       DeltaSM_Angulos_terminator 0000000180001010 f   DeltaSM_Angulos_sfun.obj
 0001:00000020       sf_DeltaSM_Angulos_method_dispatcher 0000000180001020 f   DeltaSM_Angulos_sfun.obj
 0001:00000090       sf_DeltaSM_Angulos_process_check_sum_call 0000000180001090 f   DeltaSM_Angulos_sfun.obj
 0001:000004b0       sf_DeltaSM_Angulos_autoinheritance_info 00000001800014b0 f   DeltaSM_Angulos_sfun.obj
 0001:00000670       sf_DeltaSM_Angulos_get_eml_resolved_functions_info 0000000180001670 f   DeltaSM_Angulos_sfun.obj
 0001:000007e0       sf_DeltaSM_Angulos_third_party_uses_info 00000001800017e0 f   DeltaSM_Angulos_sfun.obj
 0001:00000960       sf_DeltaSM_Angulos_updateBuildInfo_args_info 0000000180001960 f   DeltaSM_Angulos_sfun.obj
 0001:00000ae0       DeltaSM_Angulos_debug_initialize 0000000180001ae0 f   DeltaSM_Angulos_sfun.obj
 0001:00000b60       DeltaSM_Angulos_register_exported_symbols 0000000180001b60 f   DeltaSM_Angulos_sfun.obj
 0001:00000b70       load_DeltaSM_Angulos_optimization_info 0000000180001b70 f   DeltaSM_Angulos_sfun.obj
 0001:00000bc0       unload_DeltaSM_Angulos_optimization_info 0000000180001bc0 f   DeltaSM_Angulos_sfun.obj
 0001:00000bf0       sf_c1_DeltaSM_Angulos_get_eml_resolved_functions_info 0000000180001bf0 f   c1_DeltaSM_Angulos.obj
 0001:0000c200       sf_c1_DeltaSM_Angulos_get_check_sum 000000018000d200 f   c1_DeltaSM_Angulos.obj
 0001:0000c280       sf_c1_DeltaSM_Angulos_get_autoinheritance_info 000000018000d280 f   c1_DeltaSM_Angulos.obj
 0001:0000cbd0       sf_c1_DeltaSM_Angulos_third_party_uses_info 000000018000dbd0 f   c1_DeltaSM_Angulos.obj
 0001:0000cc00       sf_c1_DeltaSM_Angulos_updateBuildInfo_args_info 000000018000dc00 f   c1_DeltaSM_Angulos.obj
 0001:0000cc30       sf_internal_get_sim_state_c1_DeltaSM_Angulos 000000018000dc30 f   c1_DeltaSM_Angulos.obj
 0001:0000d120       sf_internal_set_sim_state_c1_DeltaSM_Angulos 000000018000e120 f   c1_DeltaSM_Angulos.obj
 0001:0000d5a0       c1_DeltaSM_Angulos_method_dispatcher 000000018000e5a0 f   c1_DeltaSM_Angulos.obj
 0001:00015320       sf_c2_DeltaSM_Angulos_get_eml_resolved_functions_info 0000000180016320 f   c2_DeltaSM_Angulos.obj
 0001:00018540       sf_c2_DeltaSM_Angulos_get_check_sum 0000000180019540 f   c2_DeltaSM_Angulos.obj
 0001:000185c0       sf_c2_DeltaSM_Angulos_get_autoinheritance_info 00000001800195c0 f   c2_DeltaSM_Angulos.obj
 0001:00018c80       sf_c2_DeltaSM_Angulos_third_party_uses_info 0000000180019c80 f   c2_DeltaSM_Angulos.obj
 0001:00018cb0       sf_c2_DeltaSM_Angulos_updateBuildInfo_args_info 0000000180019cb0 f   c2_DeltaSM_Angulos.obj
 0001:00018ce0       sf_internal_get_sim_state_c2_DeltaSM_Angulos 0000000180019ce0 f   c2_DeltaSM_Angulos.obj
 0001:000191e0       sf_internal_set_sim_state_c2_DeltaSM_Angulos 000000018001a1e0 f   c2_DeltaSM_Angulos.obj
 0001:00019660       c2_DeltaSM_Angulos_method_dispatcher 000000018001a660 f   c2_DeltaSM_Angulos.obj
 0001:0001e130       sf_process_check_sum_call  000000018001f130 f   DeltaSM_Angulos_sfun_registry.obj
 0001:0001e180       sf_process_autoinheritance_call 000000018001f180 f   DeltaSM_Angulos_sfun_registry.obj
 0001:0001e320       sf_process_get_third_party_uses_info_call 000000018001f320 f   DeltaSM_Angulos_sfun_registry.obj
 0001:0001e4c0       sf_process_get_updateBuildInfo_args_info_call 000000018001f4c0 f   DeltaSM_Angulos_sfun_registry.obj
 0001:0001e660       sf_process_get_eml_resolved_functions_info_call 000000018001f660 f   DeltaSM_Angulos_sfun_registry.obj
 0001:0001e7e0       sf_mex_unlock_call         000000018001f7e0 f   DeltaSM_Angulos_sfun_registry.obj
 0001:0001e890       sf_machine_global_initializer_called 000000018001f890 f   DeltaSM_Angulos_sfun_registry.obj
 0001:0001e8c0       sf_machine_global_method_dispatcher 000000018001f8c0 f   DeltaSM_Angulos_sfun_registry.obj
 0001:0001e920       sf_machine_global_terminator 000000018001f920 f   DeltaSM_Angulos_sfun_registry.obj
 0001:0001e970       sf_register_machine_exported_symbols 000000018001f970 f   DeltaSM_Angulos_sfun_registry.obj
 0001:0001e990       callCustomFcn              000000018001f990 f   DeltaSM_Angulos_sfun_registry.obj
 0001:0001e9a0       sf_machine_global_initializer 000000018001f9a0 f   DeltaSM_Angulos_sfun_registry.obj
 0001:0001ea20       mdlGetSimState             000000018001fa20 f   DeltaSM_Angulos_sfun_registry.obj
 0001:0001eaa0       mdlSetSimState             000000018001faa0 f   DeltaSM_Angulos_sfun_registry.obj
 0001:0001eae0       _ssSetStateAbsTol          000000018001fae0 f   DeltaSM_Angulos_sfun_registry.obj
 0001:0001ebc0       _ssGetAbsTol               000000018001fbc0 f   DeltaSM_Angulos_sfun_registry.obj
 0001:0001ec30       _ssSetInputPortMatrixDimensions 000000018001fc30 f   DeltaSM_Angulos_sfun_registry.obj
 0001:0001ed40       _ssSetOutputPortMatrixDimensions 000000018001fd40 f   DeltaSM_Angulos_sfun_registry.obj
 0001:0001ee50       _ssSetInputPortVectorDimension 000000018001fe50 f   DeltaSM_Angulos_sfun_registry.obj
 0001:0001ef20       _ssSetOutputPortVectorDimension 000000018001ff20 f   DeltaSM_Angulos_sfun_registry.obj
 0001:0001eff0       ssIsRunTimeParamTunable    000000018001fff0 f   DeltaSM_Angulos_sfun_registry.obj
 0001:0001f060       ssGetSFuncBlockHandle      0000000180020060 f   DeltaSM_Angulos_sfun_registry.obj
 0001:0001f0d0       _ssGetCurrentInputPortWidth 00000001800200d0 f   DeltaSM_Angulos_sfun_registry.obj
 0001:0001f1f0       _ssGetCurrentOutputPortWidth 00000001800201f0 f   DeltaSM_Angulos_sfun_registry.obj
 0001:0001f310       _ssGetCallSystemNumFcnCallDestinations 0000000180020310 f   DeltaSM_Angulos_sfun_registry.obj
 0001:0001f380       ssWarning                  0000000180020380 f   DeltaSM_Angulos_sfun_registry.obj
 0001:0001f490       ssGetIsZeroCrossControlDisabled 0000000180020490 f   DeltaSM_Angulos_sfun_registry.obj
 0001:0001f500       ssSetIsInputPortUsedForContZcSignal 0000000180020500 f   DeltaSM_Angulos_sfun_registry.obj
 0001:0001f570       ssSetZcSignalIsZcElementDisc 0000000180020570 f   DeltaSM_Angulos_sfun_registry.obj
 0001:0001f620       ssSetZcSignalName          0000000180020620 f   DeltaSM_Angulos_sfun_registry.obj
 0001:0001f690       ssSetZcSignalWidth         0000000180020690 f   DeltaSM_Angulos_sfun_registry.obj
 0001:0001f700       ssSetZcSignalZcEventType   0000000180020700 f   DeltaSM_Angulos_sfun_registry.obj
 0001:0001f770       ssSetZcSignalType          0000000180020770 f   DeltaSM_Angulos_sfun_registry.obj
 0001:0001f7e0       ssSetZcSignalZcTol         00000001800207e0 f   DeltaSM_Angulos_sfun_registry.obj
 0001:0001f850       ssSetZcSignalNeedsEventNotification 0000000180020850 f   DeltaSM_Angulos_sfun_registry.obj
 0001:0001f8c0       ssCreateAndAddZcSignalInfo 00000001800208c0 f   DeltaSM_Angulos_sfun_registry.obj
 0001:0001f930       ssCloneAndAddZcSignalInfo  0000000180020930 f   DeltaSM_Angulos_sfun_registry.obj
 0001:0001f9a0       ssGetNumZcSignals          00000001800209a0 f   DeltaSM_Angulos_sfun_registry.obj
 0001:0001fa10       ssGetZcSignalVector        0000000180020a10 f   DeltaSM_Angulos_sfun_registry.obj
 0001:0001fa80       ssGetZcSignalZcEvents      0000000180020a80 f   DeltaSM_Angulos_sfun_registry.obj
 0001:0001faf0       ssGetZcSignalName          0000000180020af0 f   DeltaSM_Angulos_sfun_registry.obj
 0001:0001fb60       ssGetZcSignalWidth         0000000180020b60 f   DeltaSM_Angulos_sfun_registry.obj
 0001:0001fbd0       ssGetZcSignalZcEventType   0000000180020bd0 f   DeltaSM_Angulos_sfun_registry.obj
 0001:0001fc40       ssGetZcSignalType          0000000180020c40 f   DeltaSM_Angulos_sfun_registry.obj
 0001:0001fcb0       ssGetZcSignalZcTol         0000000180020cb0 f   DeltaSM_Angulos_sfun_registry.obj
 0001:0001fd30       ssGetZcSignalNeedsEventNotification 0000000180020d30 f   DeltaSM_Angulos_sfun_registry.obj
 0001:0001fda0       ssGetZcSignalIsZcElementDisc 0000000180020da0 f   DeltaSM_Angulos_sfun_registry.obj
 0001:0001fe40       ssGetIsInputPortElementContinuous 0000000180020e40 f   DeltaSM_Angulos_sfun_registry.obj
 0001:0001fee0       _ssGetInputPortSignalPtrsFcn 0000000180020ee0 f   DeltaSM_Angulos_sfun_registry.obj
 0001:000201a0       _ssGetInputPortSignalFcn   00000001800211a0 f   DeltaSM_Angulos_sfun_registry.obj
 0001:000203c0       _ssSetInputPortDirectFeedThroughFcn 00000001800213c0 f   DeltaSM_Angulos_sfun_registry.obj
 0001:00020520       _ssSetInputPortReusableFcn 0000000180021520 f   DeltaSM_Angulos_sfun_registry.obj
 0001:00020610       _ssSetOutputPortReusableFcn 0000000180021610 f   DeltaSM_Angulos_sfun_registry.obj
 0001:000206f0       ssGetDTypeIdFromMxArray    00000001800216f0 f   DeltaSM_Angulos_sfun_registry.obj
 0001:00020810       ssWriteRTWStr              0000000180021810 f   DeltaSM_Angulos_sfun_registry.obj
 0001:00020870       ssWriteRTWMxVectParam      0000000180021870 f   DeltaSM_Angulos_sfun_registry.obj
 0001:000208d0       ssWriteRTWMx2dMatParam     00000001800218d0 f   DeltaSM_Angulos_sfun_registry.obj
 0001:00020950       ssWriteRTWNameValuePair    0000000180021950 f   DeltaSM_Angulos_sfun_registry.obj
 0001:00020e40       ssWriteRTWParameters       0000000180021e40 f   DeltaSM_Angulos_sfun_registry.obj
 0001:00021440       ssWriteRTWParamSettings    0000000180022440 f   DeltaSM_Angulos_sfun_registry.obj
 0001:00021b10       ssWriteRTWWorkVect         0000000180022b10 f   DeltaSM_Angulos_sfun_registry.obj
 0001:00022010       mexFunction                0000000180023010 f   DeltaSM_Angulos_sfun_registry.obj
 0001:00024490       ProcessMexSfunctionEveryCall 0000000180025490 f   DeltaSM_Angulos_sfun_registry.obj
 0001:00024612       sf_debug_set_machine_data_thresholds 0000000180025612 f   sf_runtime:sf_runtime.dll
 0001:00024618       sf_debug_set_machine_event_thresholds 0000000180025618 f   sf_runtime:sf_runtime.dll
 0001:0002461e       sf_debug_initialize_machine 000000018002561e f   sf_runtime:sf_runtime.dll
 0001:00024624       sf_load_rtw_optimization_info 0000000180025624 f   sf_runtime:sf_runtime.dll
 0001:0002462a       sf_mex_emlrtNameCapturePostProcessR2012a 000000018002562a f   sf_runtime:sf_runtime.dll
 0001:00024630       sf_mex_assign              0000000180025630 f   sf_runtime:sf_runtime.dll
 0001:00024636       sf_mex_createstruct        0000000180025636 f   sf_runtime:sf_runtime.dll
 0001:0002463c       sf_mex_destroy             000000018002563c f   sf_runtime:sf_runtime.dll
 0001:00024642       sf_mex_duplicatearraysafe  0000000180025642 f   sf_runtime:sf_runtime.dll
 0001:00024648       sf_mex_createcellmatrix    0000000180025648 f   sf_runtime:sf_runtime.dll
 0001:0002464e       sf_mex_addfield            000000018002564e f   sf_runtime:sf_runtime.dll
 0001:00024654       sf_mex_create              0000000180025654 f   sf_runtime:sf_runtime.dll
 0001:0002465a       sf_mex_error_message       000000018002565a f   sf_runtime:sf_runtime.dll
 0001:00024660       sf_mex_call_matlab         0000000180025660 f   sf_runtime:sf_runtime.dll
 0001:00024666       sf_mex_setcell             0000000180025666 f   sf_runtime:sf_runtime.dll
 0001:0002466c       sf_mex_decode_encoded_mx_struct_array 000000018002566c f   sf_runtime:sf_runtime.dll
 0001:00024672       sf_mex_getcell             0000000180025672 f   sf_runtime:sf_runtime.dll
 0001:00024678       sf_mex_dup                 0000000180025678 f   sf_runtime:sf_runtime.dll
 0001:0002467e       sf_mex_import              000000018002567e f   sf_runtime:sf_runtime.dll
 0001:00024684       sf_set_rtw_dwork_info      0000000180025684 f   sf_runtime:sf_runtime.dll
 0001:0002468a       sf_mark_chart_reusable_outputs 000000018002568a f   sf_runtime:sf_runtime.dll
 0001:00024690       sf_mark_chart_expressionable_inputs 0000000180025690 f   sf_runtime:sf_runtime.dll
 0001:00024696       sf_update_buildInfo        0000000180025696 f   sf_runtime:sf_runtime.dll
 0001:0002469c       sf_rtw_info_uint_prop      000000018002569c f   sf_runtime:sf_runtime.dll
 0001:000246a2       sf_is_chart_inlinable      00000001800256a2 f   sf_runtime:sf_runtime.dll
 0001:000246a8       sim_mode_is_external       00000001800256a8 f   sf_runtime:sf_runtime.dll
 0001:000246ae       sim_mode_is_rtw_gen        00000001800256ae f   sf_runtime:sf_runtime.dll
 0001:000246b4       sf_debug_reset_current_state_configuration 00000001800256b4 f   sf_runtime:sf_runtime.dll
 0001:000246ba       sf_debug_set_instance_data_value_ptr 00000001800256ba f   sf_runtime:sf_runtime.dll
 0001:000246c0       sf_debug_set_chart_data_compiled_props 00000001800256c0 f   sf_runtime:sf_runtime.dll
 0001:000246c6       cv_script_init_mcdc        00000001800256c6 f   sf_runtime:sf_runtime.dll
 0001:000246cc       cv_script_init_if          00000001800256cc f   sf_runtime:sf_runtime.dll
 0001:000246d2       cv_script_init_fcn         00000001800256d2 f   sf_runtime:sf_runtime.dll
 0001:000246d8       cv_script_init_script      00000001800256d8 f   sf_runtime:sf_runtime.dll
 0001:000246de       cv_eml_init_mcdc           00000001800256de f   sf_runtime:sf_runtime.dll
 0001:000246e4       cv_eml_init_if             00000001800256e4 f   sf_runtime:sf_runtime.dll
 0001:000246ea       cv_eml_init_fcn            00000001800256ea f   sf_runtime:sf_runtime.dll
 0001:000246f0       cv_eml_init_script         00000001800256f0 f   sf_runtime:sf_runtime.dll
 0001:000246f6       sf_debug_cv_init_trans     00000001800256f6 f   sf_runtime:sf_runtime.dll
 0001:000246fc       sf_debug_cv_init_state     00000001800256fc f   sf_runtime:sf_runtime.dll
 0001:00024702       sf_debug_cv_init_chart     0000000180025702 f   sf_runtime:sf_runtime.dll
 0001:00024708       sf_debug_set_chart_decomposition 0000000180025708 f   sf_runtime:sf_runtime.dll
 0001:0002470e       sf_debug_set_chart_substate_count 000000018002570e f   sf_runtime:sf_runtime.dll
 0001:00024714       sf_debug_set_chart_state_info 0000000180025714 f   sf_runtime:sf_runtime.dll
 0001:0002471a       sf_debug_set_chart_data_props 000000018002571a f   sf_runtime:sf_runtime.dll
 0001:00024720       sf_debug_set_chart_event_thresholds 0000000180025720 f   sf_runtime:sf_runtime.dll
 0001:00024726       sf_debug_set_chart_disable_implicit_casting 0000000180025726 f   sf_runtime:sf_runtime.dll
 0001:0002472c       sf_debug_initialize_chart  000000018002572c f   sf_runtime:sf_runtime.dll
 0001:00024732       sf_debug_set_script_translation 0000000180025732 f   sf_runtime:sf_runtime.dll
 0001:00024738       sf_debug_get_script_id     0000000180025738 f   sf_runtime:sf_runtime.dll
 0001:0002473e       sf_get_time                000000018002573e f   sf_runtime:sf_runtime.dll
 0001:00024744       sf_debug_check_for_state_inconsistency 0000000180025744 f   sf_runtime:sf_runtime.dll
 0001:0002474a       sf_debug_symbol_scope_pop  000000018002574a f   sf_runtime:sf_runtime.dll
 0001:00024750       sf_debug_data_range_wrapper 0000000180025750 f   sf_runtime:sf_runtime.dll
 0001:00024756       sf_debug_call              0000000180025756 f   sf_runtime:sf_runtime.dll
 0001:0002475c       sf_debug_symbol_scope_push 000000018002575c f   sf_runtime:sf_runtime.dll
 0001:00024762       eml_debug_line_call        0000000180025762 f   sf_runtime:sf_runtime.dll
 0001:00024768       cv_eml_eval                0000000180025768 f   sf_runtime:sf_runtime.dll
 0001:0002476e       sf_debug_symbol_scope_add_eml 000000018002576e f   sf_runtime:sf_runtime.dll
 0001:00024774       sf_debug_symbol_scope_add_eml_importable 0000000180025774 f   sf_runtime:sf_runtime.dll
 0001:0002477a       sf_debug_symbol_scope_push_eml 000000018002577a f   sf_runtime:sf_runtime.dll
 0001:00024780       sf_mex_call_debug          0000000180025780 f   sf_runtime:sf_runtime.dll
 0001:00024786       sf_debug_eml_data_array_bounds_error_check 0000000180025786 f   sf_runtime:sf_runtime.dll
 0001:0002478c       sf_debug_integer_check     000000018002578c f   sf_runtime:sf_runtime.dll
 0001:00024792       sf_clear_rtw_identifier    0000000180025792 f   sf_runtime:sf_runtime.dll
 0001:00024798       sf_debug_terminate         0000000180025798 f   sf_runtime:sf_runtime.dll
 0001:0002479e       sf_debug_create_debug_instance_struct 000000018002579e f   sf_runtime:sf_runtime.dll
 0001:000247a4       sf_debug_api               00000001800257a4 f   sf_runtime:sf_runtime.dll
 0001:000247aa       callMdlMethodAndReportError 00000001800257aa f   sf_runtime:sf_runtime.dll
 0001:000247b0       call_sf_machine_global_method_dispatcher 00000001800257b0 f   sf_runtime:sf_runtime.dll
 0001:000247b6       sf_clear_error_manager_info 00000001800257b6 f   sf_runtime:sf_runtime.dll
 0001:000247bc       sf_mex_error_direct_call   00000001800257bc f   sf_runtime:sf_runtime.dll
 0001:000247c2       mxGetScalar                00000001800257c2 f   libmx:libmx.dll
 0001:000247c8       mxGetPr                    00000001800257c8 f   libmx:libmx.dll
 0001:000247ce       mxCreateDoubleMatrix_730   00000001800257ce f   libmx:libmx.dll
 0001:000247d4       mxGetString_730            00000001800257d4 f   libmx:libmx.dll
 0001:000247da       mxIsChar                   00000001800257da f   libmx:libmx.dll
 0001:000247e0       mxDestroyArray             00000001800257e0 f   libmx:libmx.dll
 0001:000247e6       mxDuplicateArray           00000001800257e6 f   libmx:libmx.dll
 0001:000247ec       mxCreateDoubleScalar       00000001800257ec f   libmx:libmx.dll
 0001:000247f2       mxSetField_730             00000001800257f2 f   libmx:libmx.dll
 0001:000247f8       mxCreateString             00000001800257f8 f   libmx:libmx.dll
 0001:000247fe       mxCreateStructMatrix_730   00000001800257fe f   libmx:libmx.dll
 0001:00024804       mxCreateCellMatrix_730     0000000180025804 f   libmx:libmx.dll
 0001:0002480a       mxGetNaN                   000000018002580a f   libmx:libmx.dll
 0001:00024810       mxGetClassID               0000000180025810 f   libmx:libmx.dll
 0001:00024816       mxIsNumeric                0000000180025816 f   libmx:libmx.dll
 0001:0002481c       mxIsComplex                000000018002581c f   libmx:libmx.dll
 0001:00024822       mxGetN                     0000000180025822 f   libmx:libmx.dll
 0001:00024828       mxGetM                     0000000180025828 f   libmx:libmx.dll
 0001:0002482e       mxCalloc                   000000018002582e f   libmx:libmx.dll
 0001:00024834       mexMakeArrayPersistent     0000000180025834 f   libmex:libmex.dll
 0001:0002483a       mexUnlock                  000000018002583a f   libmex:libmex.dll
 0001:00024840       mexIsLocked                0000000180025840 f   libmex:libmex.dll
 0001:00024846       mexWarnMsgTxt              0000000180025846 f   libmex:libmex.dll
 0001:0002484c       mexCallMATLAB              000000018002584c f   libmex:libmex.dll
 0001:00024852       mexErrMsgTxt               0000000180025852 f   libmex:libmex.dll
 0001:00024858       mexLock                    0000000180025858 f   libmex:libmex.dll
 0001:0002485e       utMalloc                   000000018002585e f   libut:libut.dll
 0001:00024864       utFree                     0000000180025864 f   libut:libut.dll
 0001:0002486a       muDoubleScalarCos          000000018002586a f   libmwmathutil:libmwmathutil.dll
 0001:00024870       muDoubleScalarSin          0000000180025870 f   libmwmathutil:libmwmathutil.dll
 0001:00024876       muDoubleScalarAtan2        0000000180025876 f   libmwmathutil:libmwmathutil.dll
 0001:0002487c       muDoubleScalarIsNaN        000000018002587c f   libmwmathutil:libmwmathutil.dll
 0001:00024882       muDoubleScalarAbs          0000000180025882 f   libmwmathutil:libmwmathutil.dll
 0001:00024888       muDoubleScalarSqrt         0000000180025888 f   libmwmathutil:libmwmathutil.dll
 0001:0002488e       muDoubleScalarPower        000000018002588e f   libmwmathutil:libmwmathutil.dll
 0001:00024894       __GSHandlerCheckCommon     0000000180025894 f   MSVCRT:gshandler.obj
 0001:000248f8       __GSHandlerCheck           00000001800258f8 f   MSVCRT:gshandler.obj
 0001:00024916       strcmp                     0000000180025916 f   MSVCRT:MSVCR100.dll
 0001:00024930       __security_check_cookie    0000000180025930 f   MSVCRT:amdsecgs.obj
 0001:00024950       strlen                     0000000180025950 f   MSVCRT:MSVCR100.dll
 0001:00024956       memset                     0000000180025956 f   MSVCRT:MSVCR100.dll
 0001:0002495c       free                       000000018002595c f   MSVCRT:MSVCR100.dll
 0001:00024962       sprintf                    0000000180025962 f   MSVCRT:MSVCR100.dll
 0001:00024968       malloc                     0000000180025968 f   MSVCRT:MSVCR100.dll
 0001:0002496e       strcat                     000000018002596e f   MSVCRT:MSVCR100.dll
 0001:00024974       memcpy                     0000000180025974 f   MSVCRT:MSVCR100.dll
 0001:0002497c       NtCurrentTeb               000000018002597c f i MSVCRT:crtdll.obj
 0001:000249e8       _CRT_INIT                  00000001800259e8 f   MSVCRT:crtdll.obj
 0001:00024d80       _DllMainCRTStartup         0000000180025d80 f   MSVCRT:crtdll.obj
 0001:00024dc0       __report_gsfailure         0000000180025dc0 f   MSVCRT:gs_report.obj
 0001:00024f0c       __clean_type_info_names    0000000180025f0c f   MSVCRT:tncleanup.obj
 0001:00024f18       _onexit                    0000000180025f18 f   MSVCRT:atonexit.obj
 0001:00024fc8       atexit                     0000000180025fc8 f   MSVCRT:atonexit.obj
 0001:00024fe0       _RTC_Initialize            0000000180025fe0 f   MSVCRT:_initsect_.obj
 0001:00025018       _RTC_Terminate             0000000180026018 f   MSVCRT:_initsect_.obj
 0001:00025050       _malloc_crt                0000000180026050 f   MSVCRT:MSVCR100.dll
 0001:00025060       _ValidateImageBase         0000000180026060 f   MSVCRT:pesect.obj
 0001:00025090       _FindPESection             0000000180026090 f   MSVCRT:pesect.obj
 0001:000250e0       _IsNonwritableInCurrentImage 00000001800260e0 f   MSVCRT:pesect.obj
 0001:00025122       _initterm                  0000000180026122 f   MSVCRT:MSVCR100.dll
 0001:00025128       _initterm_e                0000000180026128 f   MSVCRT:MSVCR100.dll
 0001:0002512e       _encoded_null              000000018002612e f   MSVCRT:MSVCR100.dll
 0001:00025134       _amsg_exit                 0000000180026134 f   MSVCRT:MSVCR100.dll
 0001:0002513a       __C_specific_handler       000000018002613a f   MSVCRT:MSVCR100.dll
 0001:00025140       __CppXcptFilter            0000000180026140 f   MSVCRT:MSVCR100.dll
 0001:00025148       DllMain                    0000000180026148 f   MSVCRT:dllmain.obj
 0001:0002516c       __security_init_cookie     000000018002616c f   MSVCRT:gs_support.obj
 0001:00025220       __crt_debugger_hook        0000000180026220 f   MSVCRT:MSVCR100.dll
 0001:00025226       __clean_type_info_names_internal 0000000180026226 f   MSVCRT:MSVCR100.dll
 0001:0002522c       _unlock                    000000018002622c f   MSVCRT:MSVCR100.dll
 0001:00025232       __dllonexit                0000000180026232 f   MSVCRT:MSVCR100.dll
 0001:00025238       _lock                      0000000180026238 f   MSVCRT:MSVCR100.dll
 0001:0002523e       EncodePointer              000000018002623e f   kernel32:KERNEL32.dll
 0001:00025244       DecodePointer              0000000180026244 f   kernel32:KERNEL32.dll
 0001:0002524a       Sleep                      000000018002624a f   kernel32:KERNEL32.dll
 0001:00025250       TerminateProcess           0000000180026250 f   kernel32:KERNEL32.dll
 0001:00025256       GetCurrentProcess          0000000180026256 f   kernel32:KERNEL32.dll
 0001:0002525c       UnhandledExceptionFilter   000000018002625c f   kernel32:KERNEL32.dll
 0001:00025262       SetUnhandledExceptionFilter 0000000180026262 f   kernel32:KERNEL32.dll
 0001:00025268       IsDebuggerPresent          0000000180026268 f   kernel32:KERNEL32.dll
 0001:0002526e       RtlVirtualUnwind           000000018002626e f   kernel32:KERNEL32.dll
 0001:00025274       RtlLookupFunctionEntry     0000000180026274 f   kernel32:KERNEL32.dll
 0001:0002527a       RtlCaptureContext          000000018002627a f   kernel32:KERNEL32.dll
 0001:00025280       DisableThreadLibraryCalls  0000000180026280 f   kernel32:KERNEL32.dll
 0001:00025286       QueryPerformanceCounter    0000000180026286 f   kernel32:KERNEL32.dll
 0001:0002528c       GetTickCount               000000018002628c f   kernel32:KERNEL32.dll
 0001:00025292       GetCurrentThreadId         0000000180026292 f   kernel32:KERNEL32.dll
 0001:00025298       GetCurrentProcessId        0000000180026298 f   kernel32:KERNEL32.dll
 0001:0002529e       GetSystemTimeAsFileTime    000000018002629e f   kernel32:KERNEL32.dll
 0002:00000000       __imp_GetSystemTimeAsFileTime 0000000180027000     kernel32:KERNEL32.dll
 0002:00000008       __imp_GetCurrentProcessId  0000000180027008     kernel32:KERNEL32.dll
 0002:00000010       __imp_GetCurrentThreadId   0000000180027010     kernel32:KERNEL32.dll
 0002:00000018       __imp_GetTickCount         0000000180027018     kernel32:KERNEL32.dll
 0002:00000020       __imp_QueryPerformanceCounter 0000000180027020     kernel32:KERNEL32.dll
 0002:00000028       __imp_DisableThreadLibraryCalls 0000000180027028     kernel32:KERNEL32.dll
 0002:00000030       __imp_RtlCaptureContext    0000000180027030     kernel32:KERNEL32.dll
 0002:00000038       __imp_RtlLookupFunctionEntry 0000000180027038     kernel32:KERNEL32.dll
 0002:00000040       __imp_RtlVirtualUnwind     0000000180027040     kernel32:KERNEL32.dll
 0002:00000048       __imp_IsDebuggerPresent    0000000180027048     kernel32:KERNEL32.dll
 0002:00000050       __imp_SetUnhandledExceptionFilter 0000000180027050     kernel32:KERNEL32.dll
 0002:00000058       __imp_UnhandledExceptionFilter 0000000180027058     kernel32:KERNEL32.dll
 0002:00000060       __imp_GetCurrentProcess    0000000180027060     kernel32:KERNEL32.dll
 0002:00000068       __imp_TerminateProcess     0000000180027068     kernel32:KERNEL32.dll
 0002:00000070       __imp_Sleep                0000000180027070     kernel32:KERNEL32.dll
 0002:00000078       __imp_DecodePointer        0000000180027078     kernel32:KERNEL32.dll
 0002:00000080       __imp_EncodePointer        0000000180027080     kernel32:KERNEL32.dll
 0002:00000088       \177KERNEL32_NULL_THUNK_DATA 0000000180027088     kernel32:KERNEL32.dll
 0002:00000090       __imp__onexit              0000000180027090     MSVCRT:MSVCR100.dll
 0002:00000098       __imp__lock                0000000180027098     MSVCRT:MSVCR100.dll
 0002:000000a0       __imp___dllonexit          00000001800270a0     MSVCRT:MSVCR100.dll
 0002:000000a8       __imp__unlock              00000001800270a8     MSVCRT:MSVCR100.dll
 0002:000000b0       __imp___clean_type_info_names_internal 00000001800270b0     MSVCRT:MSVCR100.dll
 0002:000000b8       __imp___crt_debugger_hook  00000001800270b8     MSVCRT:MSVCR100.dll
 0002:000000c0       __imp___CppXcptFilter      00000001800270c0     MSVCRT:MSVCR100.dll
 0002:000000c8       __imp___C_specific_handler 00000001800270c8     MSVCRT:MSVCR100.dll
 0002:000000d0       __imp__amsg_exit           00000001800270d0     MSVCRT:MSVCR100.dll
 0002:000000d8       __imp__encoded_null        00000001800270d8     MSVCRT:MSVCR100.dll
 0002:000000e0       __imp__initterm_e          00000001800270e0     MSVCRT:MSVCR100.dll
 0002:000000e8       __imp__initterm            00000001800270e8     MSVCRT:MSVCR100.dll
 0002:000000f0       __imp__malloc_crt          00000001800270f0     MSVCRT:MSVCR100.dll
 0002:000000f8       __imp_memcpy               00000001800270f8     MSVCRT:MSVCR100.dll
 0002:00000100       __imp_strcat               0000000180027100     MSVCRT:MSVCR100.dll
 0002:00000108       __imp_malloc               0000000180027108     MSVCRT:MSVCR100.dll
 0002:00000110       __imp_sprintf              0000000180027110     MSVCRT:MSVCR100.dll
 0002:00000118       __imp_free                 0000000180027118     MSVCRT:MSVCR100.dll
 0002:00000120       __imp_memset               0000000180027120     MSVCRT:MSVCR100.dll
 0002:00000128       __imp_strlen               0000000180027128     MSVCRT:MSVCR100.dll
 0002:00000130       __imp_strcmp               0000000180027130     MSVCRT:MSVCR100.dll
 0002:00000138       \177MSVCR100_NULL_THUNK_DATA 0000000180027138     MSVCRT:MSVCR100.dll
 0002:00000140       __imp_mexUnlock            0000000180027140     libmex:libmex.dll
 0002:00000148       __imp_mexIsLocked          0000000180027148     libmex:libmex.dll
 0002:00000150       __imp_mexWarnMsgTxt        0000000180027150     libmex:libmex.dll
 0002:00000158       __imp_mexCallMATLAB        0000000180027158     libmex:libmex.dll
 0002:00000160       __imp_mexErrMsgTxt         0000000180027160     libmex:libmex.dll
 0002:00000168       __imp_mexLock              0000000180027168     libmex:libmex.dll
 0002:00000170       __imp_mexMakeArrayPersistent 0000000180027170     libmex:libmex.dll
 0002:00000178       \177libmex_NULL_THUNK_DATA 0000000180027178     libmex:libmex.dll
 0002:00000180       __imp_muDoubleScalarSin    0000000180027180     libmwmathutil:libmwmathutil.dll
 0002:00000188       __imp_muDoubleScalarAtan2  0000000180027188     libmwmathutil:libmwmathutil.dll
 0002:00000190       __imp_muDoubleScalarIsNaN  0000000180027190     libmwmathutil:libmwmathutil.dll
 0002:00000198       __imp_muDoubleScalarAbs    0000000180027198     libmwmathutil:libmwmathutil.dll
 0002:000001a0       __imp_muDoubleScalarSqrt   00000001800271a0     libmwmathutil:libmwmathutil.dll
 0002:000001a8       __imp_muDoubleScalarPower  00000001800271a8     libmwmathutil:libmwmathutil.dll
 0002:000001b0       __imp_muDoubleScalarCos    00000001800271b0     libmwmathutil:libmwmathutil.dll
 0002:000001b8       \177libmwmathutil_NULL_THUNK_DATA 00000001800271b8     libmwmathutil:libmwmathutil.dll
 0002:000001c0       __imp_mxCalloc             00000001800271c0     libmx:libmx.dll
 0002:000001c8       __imp_mxGetM               00000001800271c8     libmx:libmx.dll
 0002:000001d0       __imp_mxGetN               00000001800271d0     libmx:libmx.dll
 0002:000001d8       __imp_mxIsComplex          00000001800271d8     libmx:libmx.dll
 0002:000001e0       __imp_mxIsNumeric          00000001800271e0     libmx:libmx.dll
 0002:000001e8       __imp_mxGetClassID         00000001800271e8     libmx:libmx.dll
 0002:000001f0       __imp_mxGetNaN             00000001800271f0     libmx:libmx.dll
 0002:000001f8       __imp_mxCreateCellMatrix_730 00000001800271f8     libmx:libmx.dll
 0002:00000200       __imp_mxCreateStructMatrix_730 0000000180027200     libmx:libmx.dll
 0002:00000208       __imp_mxCreateString       0000000180027208     libmx:libmx.dll
 0002:00000210       __imp_mxSetField_730       0000000180027210     libmx:libmx.dll
 0002:00000218       __imp_mxCreateDoubleScalar 0000000180027218     libmx:libmx.dll
 0002:00000220       __imp_mxDuplicateArray     0000000180027220     libmx:libmx.dll
 0002:00000228       __imp_mxDestroyArray       0000000180027228     libmx:libmx.dll
 0002:00000230       __imp_mxIsChar             0000000180027230     libmx:libmx.dll
 0002:00000238       __imp_mxGetString_730      0000000180027238     libmx:libmx.dll
 0002:00000240       __imp_mxGetScalar          0000000180027240     libmx:libmx.dll
 0002:00000248       __imp_mxGetPr              0000000180027248     libmx:libmx.dll
 0002:00000250       __imp_mxCreateDoubleMatrix_730 0000000180027250     libmx:libmx.dll
 0002:00000258       \177libmx_NULL_THUNK_DATA  0000000180027258     libmx:libmx.dll
 0002:00000260       __imp_utMalloc             0000000180027260     libut:libut.dll
 0002:00000268       __imp_utFree               0000000180027268     libut:libut.dll
 0002:00000270       \177libut_NULL_THUNK_DATA  0000000180027270     libut:libut.dll
 0002:00000278       __imp_call_sf_machine_global_method_dispatcher 0000000180027278     sf_runtime:sf_runtime.dll
 0002:00000280       __imp_callMdlMethodAndReportError 0000000180027280     sf_runtime:sf_runtime.dll
 0002:00000288       __imp_sf_debug_api         0000000180027288     sf_runtime:sf_runtime.dll
 0002:00000290       __imp_sf_debug_create_debug_instance_struct 0000000180027290     sf_runtime:sf_runtime.dll
 0002:00000298       __imp_sf_debug_terminate   0000000180027298     sf_runtime:sf_runtime.dll
 0002:000002a0       __imp_sf_clear_rtw_identifier 00000001800272a0     sf_runtime:sf_runtime.dll
 0002:000002a8       __imp_sf_debug_integer_check 00000001800272a8     sf_runtime:sf_runtime.dll
 0002:000002b0       __imp_sf_debug_eml_data_array_bounds_error_check 00000001800272b0     sf_runtime:sf_runtime.dll
 0002:000002b8       __imp_sf_mex_call_debug    00000001800272b8     sf_runtime:sf_runtime.dll
 0002:000002c0       __imp_sf_debug_symbol_scope_push_eml 00000001800272c0     sf_runtime:sf_runtime.dll
 0002:000002c8       __imp_sf_clear_error_manager_info 00000001800272c8     sf_runtime:sf_runtime.dll
 0002:000002d0       __imp_sf_debug_symbol_scope_add_eml 00000001800272d0     sf_runtime:sf_runtime.dll
 0002:000002d8       __imp_cv_eml_eval          00000001800272d8     sf_runtime:sf_runtime.dll
 0002:000002e0       __imp_eml_debug_line_call  00000001800272e0     sf_runtime:sf_runtime.dll
 0002:000002e8       __imp_sf_debug_symbol_scope_push 00000001800272e8     sf_runtime:sf_runtime.dll
 0002:000002f0       __imp_sf_debug_call        00000001800272f0     sf_runtime:sf_runtime.dll
 0002:000002f8       __imp_sf_debug_data_range_wrapper 00000001800272f8     sf_runtime:sf_runtime.dll
 0002:00000300       __imp_sf_debug_symbol_scope_pop 0000000180027300     sf_runtime:sf_runtime.dll
 0002:00000308       __imp_sf_debug_check_for_state_inconsistency 0000000180027308     sf_runtime:sf_runtime.dll
 0002:00000310       __imp_sf_get_time          0000000180027310     sf_runtime:sf_runtime.dll
 0002:00000318       __imp_sf_debug_get_script_id 0000000180027318     sf_runtime:sf_runtime.dll
 0002:00000320       __imp_sf_debug_set_script_translation 0000000180027320     sf_runtime:sf_runtime.dll
 0002:00000328       __imp_sf_mex_error_direct_call 0000000180027328     sf_runtime:sf_runtime.dll
 0002:00000330       __imp_sf_debug_symbol_scope_add_eml_importable 0000000180027330     sf_runtime:sf_runtime.dll
 0002:00000338       __imp_sf_debug_initialize_chart 0000000180027338     sf_runtime:sf_runtime.dll
 0002:00000340       __imp_sf_debug_set_chart_disable_implicit_casting 0000000180027340     sf_runtime:sf_runtime.dll
 0002:00000348       __imp_sf_debug_set_chart_event_thresholds 0000000180027348     sf_runtime:sf_runtime.dll
 0002:00000350       __imp_sf_debug_set_chart_data_props 0000000180027350     sf_runtime:sf_runtime.dll
 0002:00000358       __imp_sf_debug_set_chart_state_info 0000000180027358     sf_runtime:sf_runtime.dll
 0002:00000360       __imp_sf_debug_set_chart_substate_count 0000000180027360     sf_runtime:sf_runtime.dll
 0002:00000368       __imp_sf_debug_set_chart_decomposition 0000000180027368     sf_runtime:sf_runtime.dll
 0002:00000370       __imp_sf_debug_cv_init_chart 0000000180027370     sf_runtime:sf_runtime.dll
 0002:00000378       __imp_sf_debug_cv_init_state 0000000180027378     sf_runtime:sf_runtime.dll
 0002:00000380       __imp_sf_debug_cv_init_trans 0000000180027380     sf_runtime:sf_runtime.dll
 0002:00000388       __imp_cv_eml_init_script   0000000180027388     sf_runtime:sf_runtime.dll
 0002:00000390       __imp_cv_eml_init_fcn      0000000180027390     sf_runtime:sf_runtime.dll
 0002:00000398       __imp_cv_eml_init_if       0000000180027398     sf_runtime:sf_runtime.dll
 0002:000003a0       __imp_cv_eml_init_mcdc     00000001800273a0     sf_runtime:sf_runtime.dll
 0002:000003a8       __imp_cv_script_init_script 00000001800273a8     sf_runtime:sf_runtime.dll
 0002:000003b0       __imp_cv_script_init_fcn   00000001800273b0     sf_runtime:sf_runtime.dll
 0002:000003b8       __imp_cv_script_init_if    00000001800273b8     sf_runtime:sf_runtime.dll
 0002:000003c0       __imp_cv_script_init_mcdc  00000001800273c0     sf_runtime:sf_runtime.dll
 0002:000003c8       __imp_sf_debug_set_chart_data_compiled_props 00000001800273c8     sf_runtime:sf_runtime.dll
 0002:000003d0       __imp_sf_debug_set_instance_data_value_ptr 00000001800273d0     sf_runtime:sf_runtime.dll
 0002:000003d8       __imp_sf_debug_reset_current_state_configuration 00000001800273d8     sf_runtime:sf_runtime.dll
 0002:000003e0       __imp_sim_mode_is_rtw_gen  00000001800273e0     sf_runtime:sf_runtime.dll
 0002:000003e8       __imp_sim_mode_is_external 00000001800273e8     sf_runtime:sf_runtime.dll
 0002:000003f0       __imp_sf_is_chart_inlinable 00000001800273f0     sf_runtime:sf_runtime.dll
 0002:000003f8       __imp_sf_rtw_info_uint_prop 00000001800273f8     sf_runtime:sf_runtime.dll
 0002:00000400       __imp_sf_update_buildInfo  0000000180027400     sf_runtime:sf_runtime.dll
 0002:00000408       __imp_sf_mark_chart_expressionable_inputs 0000000180027408     sf_runtime:sf_runtime.dll
 0002:00000410       __imp_sf_mark_chart_reusable_outputs 0000000180027410     sf_runtime:sf_runtime.dll
 0002:00000418       __imp_sf_set_rtw_dwork_info 0000000180027418     sf_runtime:sf_runtime.dll
 0002:00000420       __imp_sf_mex_import        0000000180027420     sf_runtime:sf_runtime.dll
 0002:00000428       __imp_sf_mex_dup           0000000180027428     sf_runtime:sf_runtime.dll
 0002:00000430       __imp_sf_mex_getcell       0000000180027430     sf_runtime:sf_runtime.dll
 0002:00000438       __imp_sf_mex_decode_encoded_mx_struct_array 0000000180027438     sf_runtime:sf_runtime.dll
 0002:00000440       __imp_sf_mex_setcell       0000000180027440     sf_runtime:sf_runtime.dll
 0002:00000448       __imp_sf_mex_call_matlab   0000000180027448     sf_runtime:sf_runtime.dll
 0002:00000450       __imp_sf_mex_error_message 0000000180027450     sf_runtime:sf_runtime.dll
 0002:00000458       __imp_sf_mex_create        0000000180027458     sf_runtime:sf_runtime.dll
 0002:00000460       __imp_sf_mex_addfield      0000000180027460     sf_runtime:sf_runtime.dll
 0002:00000468       __imp_sf_mex_createcellmatrix 0000000180027468     sf_runtime:sf_runtime.dll
 0002:00000470       __imp_sf_mex_duplicatearraysafe 0000000180027470     sf_runtime:sf_runtime.dll
 0002:00000478       __imp_sf_mex_destroy       0000000180027478     sf_runtime:sf_runtime.dll
 0002:00000480       __imp_sf_mex_createstruct  0000000180027480     sf_runtime:sf_runtime.dll
 0002:00000488       __imp_sf_mex_assign        0000000180027488     sf_runtime:sf_runtime.dll
 0002:00000490       __imp_sf_mex_emlrtNameCapturePostProcessR2012a 0000000180027490     sf_runtime:sf_runtime.dll
 0002:00000498       __imp_sf_load_rtw_optimization_info 0000000180027498     sf_runtime:sf_runtime.dll
 0002:000004a0       __imp_sf_debug_initialize_machine 00000001800274a0     sf_runtime:sf_runtime.dll
 0002:000004a8       __imp_sf_debug_set_machine_event_thresholds 00000001800274a8     sf_runtime:sf_runtime.dll
 0002:000004b0       __imp_sf_debug_set_machine_data_thresholds 00000001800274b0     sf_runtime:sf_runtime.dll
 0002:000004b8       \177sf_runtime_NULL_THUNK_DATA 00000001800274b8     sf_runtime:sf_runtime.dll
 0002:000004c0       __xc_a                     00000001800274c0     MSVCRT:cinitexe.obj
 0002:000004c8       __xc_z                     00000001800274c8     MSVCRT:cinitexe.obj
 0002:000004d0       __xi_a                     00000001800274d0     MSVCRT:cinitexe.obj
 0002:000004e0       __xi_z                     00000001800274e0     MSVCRT:cinitexe.obj
 0002:000004f0       __real@41ec32d538800000    00000001800274f0     DeltaSM_Angulos_sfun.obj
 0002:000004f8       __real@41d57760eec00000    00000001800274f8     DeltaSM_Angulos_sfun.obj
 0002:00000500       __real@41e5c08573400000    0000000180027500     DeltaSM_Angulos_sfun.obj
 0002:00000508       __real@41e7917605e00000    0000000180027508     DeltaSM_Angulos_sfun.obj
 0002:00000510       __real@41c900e78a000000    0000000180027510     DeltaSM_Angulos_sfun.obj
 0002:00000518       __real@41eda5398c800000    0000000180027518     DeltaSM_Angulos_sfun.obj
 0002:00000520       __real@41edcf5b43c00000    0000000180027520     DeltaSM_Angulos_sfun.obj
 0002:00000528       __real@41e695dff8600000    0000000180027528     DeltaSM_Angulos_sfun.obj
 0002:00000530       __real@41e4ddf137c00000    0000000180027530     DeltaSM_Angulos_sfun.obj
 0002:00000538       __real@41d7b1421a000000    0000000180027538     DeltaSM_Angulos_sfun.obj
 0002:00000540       __real@41d33a88cd400000    0000000180027540     DeltaSM_Angulos_sfun.obj
 0002:00000548       __real@41dda33f61800000    0000000180027548     DeltaSM_Angulos_sfun.obj
 0002:00000550       __real@41b1d9d00f000000    0000000180027550     DeltaSM_Angulos_sfun.obj
 0002:00000558       __real@41d69818f6c00000    0000000180027558     DeltaSM_Angulos_sfun.obj
 0002:00000560       __real@41efd3c638800000    0000000180027560     DeltaSM_Angulos_sfun.obj
 0002:00000568       __real@41e3d4b40a800000    0000000180027568     DeltaSM_Angulos_sfun.obj
 0002:00000570       __real@41db8c5374c00000    0000000180027570     c1_DeltaSM_Angulos.obj
 0002:00000578       __real@41d6c82ea5c00000    0000000180027578     c1_DeltaSM_Angulos.obj
 0002:00000580       __real@41b478f030000000    0000000180027580     c1_DeltaSM_Angulos.obj
 0002:00000588       __real@41e133b212a00000    0000000180027588     c1_DeltaSM_Angulos.obj
 0002:00000590       __real@4024000000000000    0000000180027590     c1_DeltaSM_Angulos.obj
 0002:00000598       __real@3ff0000000000000    0000000180027598     c1_DeltaSM_Angulos.obj
 0002:000005a0       __real@c071300000000000    00000001800275a0     c1_DeltaSM_Angulos.obj
 0002:000005a8       __real@40f174c000000000    00000001800275a8     c1_DeltaSM_Angulos.obj
 0002:000005b0       __mask@@NegDouble@         00000001800275b0     c1_DeltaSM_Angulos.obj
 0002:000005c0       __real@bff0000000000000    00000001800275c0     c1_DeltaSM_Angulos.obj
 0002:000005c8       __real@4071300000000000    00000001800275c8     c1_DeltaSM_Angulos.obj
 0002:000005d0       __real@4060400000000000    00000001800275d0     c1_DeltaSM_Angulos.obj
 0002:000005d8       __real@4050600000000000    00000001800275d8     c1_DeltaSM_Angulos.obj
 0002:000005e0       __real@4041400000000000    00000001800275e0     c1_DeltaSM_Angulos.obj
 0002:000005e8       __real@4008000000000000    00000001800275e8     c1_DeltaSM_Angulos.obj
 0002:000005f0       __real@4018000000000000    00000001800275f0     c1_DeltaSM_Angulos.obj
 0002:000005f8       __real@402c000000000000    00000001800275f8     c1_DeltaSM_Angulos.obj
 0002:00000600       __real@3cb0000000000000    0000000180027600     c1_DeltaSM_Angulos.obj
 0002:00000608       __real@0000000000000000    0000000180027608     c1_DeltaSM_Angulos.obj
 0002:00000610       __real@41e50fc611600000    0000000180027610     c2_DeltaSM_Angulos.obj
 0002:00000618       __real@41e449f05ea00000    0000000180027618     c2_DeltaSM_Angulos.obj
 0002:00000620       __real@41e0ae8d60400000    0000000180027620     c2_DeltaSM_Angulos.obj
 0002:00000628       __real@41a0a220f2000000    0000000180027628     c2_DeltaSM_Angulos.obj
 0002:00000630       __real@c065433333333332    0000000180027630     c2_DeltaSM_Angulos.obj
 0002:00000638       __real@407a93fffffffffe    0000000180027638     c2_DeltaSM_Angulos.obj
 0002:00000640       __real@c071b7ffffffffff    0000000180027640     c2_DeltaSM_Angulos.obj
 0002:00000648       __real@c015433333333332    0000000180027648     c2_DeltaSM_Angulos.obj
 0002:00000650       __real@403a93fffffffffe    0000000180027650     c2_DeltaSM_Angulos.obj
 0002:00000658       __real@c041b7ffffffffff    0000000180027658     c2_DeltaSM_Angulos.obj
 0002:00000660       __real@3fbe000000000000    0000000180027660     c2_DeltaSM_Angulos.obj
 0002:00000668       __real@bff2c00000000000    0000000180027668     c2_DeltaSM_Angulos.obj
 0002:00000670       __real@4009000000000000    0000000180027670     c2_DeltaSM_Angulos.obj
 0002:00000678       __real@c02e000000000000    0000000180027678     c2_DeltaSM_Angulos.obj
 0002:00000680       __real@4052c00000000000    0000000180027680     c2_DeltaSM_Angulos.obj
 0002:00000688       __real@c059000000000000    0000000180027688     c2_DeltaSM_Angulos.obj
 0002:00000690       __real@402e000000000000    0000000180027690     c2_DeltaSM_Angulos.obj
 0002:00000698       __real@c052c00000000000    0000000180027698     c2_DeltaSM_Angulos.obj
 0002:000006a0       __real@4059000000000000    00000001800276a0     c2_DeltaSM_Angulos.obj
 0002:000006a8       __real@4061b4cccccccccd    00000001800276a8     c2_DeltaSM_Angulos.obj
 0002:000006b0       __real@406f400000000000    00000001800276b0     c2_DeltaSM_Angulos.obj
 0002:000006b8       __real@4065400000000000    00000001800276b8     c2_DeltaSM_Angulos.obj
 0002:000006c0       __real@c034000000000000    00000001800276c0     c2_DeltaSM_Angulos.obj
 0002:000006c8       __real@4010000000000000    00000001800276c8     c2_DeltaSM_Angulos.obj
 0002:000006d0       __real@4000000000000000    00000001800276d0     c2_DeltaSM_Angulos.obj
 0002:000006d8       __real@4014000000000000    00000001800276d8     c2_DeltaSM_Angulos.obj
 0002:000006e0       DYNAMIC_DIMENSION_DEF      00000001800276e0     DeltaSM_Angulos_sfun_registry.obj
 0002:00000700       _ssBadLevel2InputAccessMsg 0000000180027700     DeltaSM_Angulos_sfun_registry.obj
 0002:00000890       _ssBadLevel2DirectFeedMsg  0000000180027890     DeltaSM_Angulos_sfun_registry.obj
 0002:000009d0       _ssBadLevel2DirectFeedSolutionMsg 00000001800279d0     DeltaSM_Angulos_sfun_registry.obj
 0002:00000a40       _ssBadLevel2ZeroDirectFeedMsg 0000000180027a40     DeltaSM_Angulos_sfun_registry.obj
 0002:00000b80       _ssBadLevel2ZeroDirectFeedMsg2 0000000180027b80     DeltaSM_Angulos_sfun_registry.obj
 0002:00000c68       __real@41602cbca0000000    0000000180027c68     DeltaSM_Angulos_sfun_registry.obj
 0002:00000c70       _pRawDllMain               0000000180027c70     MSVCRT:crtdll.obj
 0002:00000c70       _pDefaultRawDllMain        0000000180027c70     MSVCRT:crtdll.obj
 0002:00000c88       ?ProcessDetach@NativeDll@<CrtImplementationDetails>@@0IB 0000000180027c88     MSVCRT:tncleanup.obj
 0002:00000c8c       ?ProcessAttach@NativeDll@<CrtImplementationDetails>@@0IB 0000000180027c8c     MSVCRT:tncleanup.obj
 0002:00000c90       ?ThreadAttach@NativeDll@<CrtImplementationDetails>@@0IB 0000000180027c90     MSVCRT:tncleanup.obj
 0002:00000c94       ?ThreadDetach@NativeDll@<CrtImplementationDetails>@@0IB 0000000180027c94     MSVCRT:tncleanup.obj
 0002:00000c98       ?ProcessVerifier@NativeDll@<CrtImplementationDetails>@@0IB 0000000180027c98     MSVCRT:tncleanup.obj
 0002:00000ca0       __rtc_iaa                  0000000180027ca0     MSVCRT:_initsect_.obj
 0002:00000ca8       __rtc_izz                  0000000180027ca8     MSVCRT:_initsect_.obj
 0002:00000cb0       __rtc_taa                  0000000180027cb0     MSVCRT:_initsect_.obj
 0002:00000cb8       __rtc_tzz                  0000000180027cb8     MSVCRT:_initsect_.obj
 0002:00001520       __IMPORT_DESCRIPTOR_sf_runtime 0000000180028520     sf_runtime:sf_runtime.dll
 0002:00001534       __IMPORT_DESCRIPTOR_libmx  0000000180028534     libmx:libmx.dll
 0002:00001548       __IMPORT_DESCRIPTOR_libmex 0000000180028548     libmex:libmex.dll
 0002:0000155c       __IMPORT_DESCRIPTOR_libut  000000018002855c     libut:libut.dll
 0002:00001570       __IMPORT_DESCRIPTOR_libmwmathutil 0000000180028570     libmwmathutil:libmwmathutil.dll
 0002:00001584       __IMPORT_DESCRIPTOR_MSVCR100 0000000180028584     MSVCRT:MSVCR100.dll
 0002:00001598       __IMPORT_DESCRIPTOR_KERNEL32 0000000180028598     kernel32:KERNEL32.dll
 0002:000015ac       __NULL_IMPORT_DESCRIPTOR   00000001800285ac     sf_runtime:sf_runtime.dll
 0003:0000a290       DYNAMIC_DIMENSION          0000000180034290     DeltaSM_Angulos_sfun_registry.obj
 0003:0000ae98       __security_cookie          0000000180034e98     MSVCRT:gs_cookie.obj
 0003:0000aea0       __security_cookie_complement 0000000180034ea0     MSVCRT:gs_cookie.obj
 0003:0000aea8       _fltused                   0000000180034ea8     MSVCRT:dllsupp.obj
 0003:0000aeb0       __native_dllmain_reason    0000000180034eb0     MSVCRT:natstart.obj
 0003:0000aeb4       __native_vcclrit_reason    0000000180034eb4     MSVCRT:natstart.obj
 0003:0000afc8       sfGlobalDebugInstanceStruct 0000000180034fc8     DeltaSM_Angulos_sfun_registry.obj
 0003:0000b550       ?__type_info_root_node@@3U__type_info_node@@A 0000000180035550     MSVCRT:tncleanup.obj
 0003:0000b560       _DeltaSM_AngulosMachineNumber_ 0000000180035560     <common>
 0003:0000b564       __native_startup_state     0000000180035564     <common>
 0003:0000b568       __native_startup_lock      0000000180035568     <common>
 0003:0000b570       __onexitend                0000000180035570     <common>
 0003:0000b578       __onexitbegin              0000000180035578     <common>
 0003:0000b580       __dyn_tls_init_callback    0000000180035580     <common>

 entry point at        0001:00024d80

 Static symbols

 0001:00000c70       c1_info_helper             0000000180001c70 f   c1_DeltaSM_Angulos.obj
 0001:0000a8e0       c1_emlrt_marshallOut       000000018000b8e0 f   c1_DeltaSM_Angulos.obj
 0001:0000a970       c1_b_emlrt_marshallOut     000000018000b970 f   c1_DeltaSM_Angulos.obj
 0001:0000a9e0       c1_b_info_helper           000000018000b9e0 f   c1_DeltaSM_Angulos.obj
 0001:0000cd30       get_sim_state_c1_DeltaSM_Angulos 000000018000dd30 f   c1_DeltaSM_Angulos.obj
 0001:0000d060       sf_get_sim_state_info_c1_DeltaSM_Angulos 000000018000e060 f   c1_DeltaSM_Angulos.obj
 0001:0000d230       set_sim_state_c1_DeltaSM_Angulos 000000018000e230 f   c1_DeltaSM_Angulos.obj
 0001:0000d3a0       c1_update_debugger_state_c1_DeltaSM_Angulos 000000018000e3a0 f   c1_DeltaSM_Angulos.obj
 0001:0000d3b0       c1_emlrt_marshallIn        000000018000e3b0 f   c1_DeltaSM_Angulos.obj
 0001:0000d420       c1_b_emlrt_marshallIn      000000018000e420 f   c1_DeltaSM_Angulos.obj
 0001:0000d4b0       c1_i_emlrt_marshallIn      000000018000e4b0 f   c1_DeltaSM_Angulos.obj
 0001:0000d510       c1_j_emlrt_marshallIn      000000018000e510 f   c1_DeltaSM_Angulos.obj
 0001:0000d610       mdlProcessParameters_c1_DeltaSM_Angulos 000000018000e610 f   c1_DeltaSM_Angulos.obj
 0001:0000d6f0       initialize_params_c1_DeltaSM_Angulos 000000018000e6f0 f   c1_DeltaSM_Angulos.obj
 0001:0000d700       mdlSetWorkWidths_c1_DeltaSM_Angulos 000000018000e700 f   c1_DeltaSM_Angulos.obj
 0001:0000dc30       sf_get_instance_specialization 000000018000ec30 f   c1_DeltaSM_Angulos.obj
 0001:0000dc40       mdlStart_c1_DeltaSM_Angulos 000000018000ec40 f   c1_DeltaSM_Angulos.obj
 0001:0000de70       init_dsm_address_info      000000018000ee70 f   c1_DeltaSM_Angulos.obj
 0001:0000de80       chart_debug_initialization 000000018000ee80 f   c1_DeltaSM_Angulos.obj
 0001:0000ee10       init_script_number_translation 000000018000fe10 f   c1_DeltaSM_Angulos.obj
 0001:0000ee60       c1_sf_marshallOut          000000018000fe60 f   c1_DeltaSM_Angulos.obj
 0001:0000ef10       c1_sf_marshallIn           000000018000ff10 f   c1_DeltaSM_Angulos.obj
 0001:0000efb0       sf_opaque_initialize_c1_DeltaSM_Angulos 000000018000ffb0 f   c1_DeltaSM_Angulos.obj
 0001:0000eff0       initialize_c1_DeltaSM_Angulos 000000018000fff0 f   c1_DeltaSM_Angulos.obj
 0001:0000f040       sf_opaque_enable_c1_DeltaSM_Angulos 0000000180010040 f   c1_DeltaSM_Angulos.obj
 0001:0000f060       enable_c1_DeltaSM_Angulos  0000000180010060 f   c1_DeltaSM_Angulos.obj
 0001:0000f090       sf_opaque_disable_c1_DeltaSM_Angulos 0000000180010090 f   c1_DeltaSM_Angulos.obj
 0001:0000f0b0       disable_c1_DeltaSM_Angulos 00000001800100b0 f   c1_DeltaSM_Angulos.obj
 0001:0000f0e0       sf_opaque_gateway_c1_DeltaSM_Angulos 00000001800100e0 f   c1_DeltaSM_Angulos.obj
 0001:0000f100       sf_gateway_c1_DeltaSM_Angulos 0000000180010100 f   c1_DeltaSM_Angulos.obj
 0001:0000f490       c1_chartstep_c1_DeltaSM_Angulos 0000000180010490 f   c1_DeltaSM_Angulos.obj
 0001:000132c0       c1_b_sf_marshallOut        00000001800142c0 f   c1_DeltaSM_Angulos.obj
 0001:000133e0       c1_b_sf_marshallIn         00000001800143e0 f   c1_DeltaSM_Angulos.obj
 0001:000134b0       c1_c_emlrt_marshallIn      00000001800144b0 f   c1_DeltaSM_Angulos.obj
 0001:00013580       c1_c_sf_marshallOut        0000000180014580 f   c1_DeltaSM_Angulos.obj
 0001:000136e0       c1_c_sf_marshallIn         00000001800146e0 f   c1_DeltaSM_Angulos.obj
 0001:000137e0       c1_d_emlrt_marshallIn      00000001800147e0 f   c1_DeltaSM_Angulos.obj
 0001:000138d0       c1_eml_scalar_eg           00000001800148d0 f   c1_DeltaSM_Angulos.obj
 0001:000138e0       c1_threshold               00000001800148e0 f   c1_DeltaSM_Angulos.obj
 0001:000138f0       c1_mpower                  00000001800148f0 f   c1_DeltaSM_Angulos.obj
 0001:00013960       c1_b_eml_scalar_eg         0000000180014960 f   c1_DeltaSM_Angulos.obj
 0001:00013970       c1_atan2                   0000000180014970 f   c1_DeltaSM_Angulos.obj
 0001:000139d0       c1_b_mpower                00000001800149d0 f   c1_DeltaSM_Angulos.obj
 0001:00013fc0       c1_inv2x2                  0000000180014fc0 f   c1_DeltaSM_Angulos.obj
 0001:00014760       c1_norm                    0000000180015760 f   c1_DeltaSM_Angulos.obj
 0001:00014a80       c1_eml_warning             0000000180015a80 f   c1_DeltaSM_Angulos.obj
 0001:00014bd0       c1_b_eml_warning           0000000180015bd0 f   c1_DeltaSM_Angulos.obj
 0001:00014dd0       c1_c_eml_scalar_eg         0000000180015dd0 f   c1_DeltaSM_Angulos.obj
 0001:00014de0       c1_f_emlrt_marshallIn      0000000180015de0 f   c1_DeltaSM_Angulos.obj
 0001:00014e50       c1_g_emlrt_marshallIn      0000000180015e50 f   c1_DeltaSM_Angulos.obj
 0001:00014f50       c1_b_sqrt                  0000000180015f50 f   c1_DeltaSM_Angulos.obj
 0001:00014fa0       c1_eml_error               0000000180015fa0 f   c1_DeltaSM_Angulos.obj
 0001:000151b0       sf_opaque_get_sim_state_c1_DeltaSM_Angulos 00000001800161b0 f   c1_DeltaSM_Angulos.obj
 0001:000151d0       sf_opaque_set_sim_state_c1_DeltaSM_Angulos 00000001800161d0 f   c1_DeltaSM_Angulos.obj
 0001:00015200       sf_opaque_terminate_c1_DeltaSM_Angulos 0000000180016200 f   c1_DeltaSM_Angulos.obj
 0001:000152a0       finalize_c1_DeltaSM_Angulos 00000001800162a0 f   c1_DeltaSM_Angulos.obj
 0001:000152b0       sf_opaque_init_subchart_simstructs 00000001800162b0 f   c1_DeltaSM_Angulos.obj
 0001:000152d0       initSimStructsc1_DeltaSM_Angulos 00000001800162d0 f   c1_DeltaSM_Angulos.obj
 0001:000152e0       mdlRTW_c1_DeltaSM_Angulos  00000001800162e0 f   c1_DeltaSM_Angulos.obj
 0001:00015390       c2_info_helper             0000000180016390 f   c2_DeltaSM_Angulos.obj
 0001:00018440       c2_emlrt_marshallOut       0000000180019440 f   c2_DeltaSM_Angulos.obj
 0001:000184d0       c2_b_emlrt_marshallOut     00000001800194d0 f   c2_DeltaSM_Angulos.obj
 0001:00018de0       get_sim_state_c2_DeltaSM_Angulos 0000000180019de0 f   c2_DeltaSM_Angulos.obj
 0001:00019120       sf_get_sim_state_info_c2_DeltaSM_Angulos 000000018001a120 f   c2_DeltaSM_Angulos.obj
 0001:000192f0       set_sim_state_c2_DeltaSM_Angulos 000000018001a2f0 f   c2_DeltaSM_Angulos.obj
 0001:00019460       c2_update_debugger_state_c2_DeltaSM_Angulos 000000018001a460 f   c2_DeltaSM_Angulos.obj
 0001:00019470       c2_emlrt_marshallIn        000000018001a470 f   c2_DeltaSM_Angulos.obj
 0001:000194e0       c2_b_emlrt_marshallIn      000000018001a4e0 f   c2_DeltaSM_Angulos.obj
 0001:00019570       c2_d_emlrt_marshallIn      000000018001a570 f   c2_DeltaSM_Angulos.obj
 0001:000195d0       c2_e_emlrt_marshallIn      000000018001a5d0 f   c2_DeltaSM_Angulos.obj
 0001:000196d0       mdlProcessParameters_c2_DeltaSM_Angulos 000000018001a6d0 f   c2_DeltaSM_Angulos.obj
 0001:000197b0       initialize_params_c2_DeltaSM_Angulos 000000018001a7b0 f   c2_DeltaSM_Angulos.obj
 0001:000197c0       mdlSetWorkWidths_c2_DeltaSM_Angulos 000000018001a7c0 f   c2_DeltaSM_Angulos.obj
 0001:00019c90       sf_get_instance_specialization 000000018001ac90 f   c2_DeltaSM_Angulos.obj
 0001:00019ca0       mdlStart_c2_DeltaSM_Angulos 000000018001aca0 f   c2_DeltaSM_Angulos.obj
 0001:00019ed0       init_dsm_address_info      000000018001aed0 f   c2_DeltaSM_Angulos.obj
 0001:00019ee0       chart_debug_initialization 000000018001aee0 f   c2_DeltaSM_Angulos.obj
 0001:0001aa90       init_script_number_translation 000000018001ba90 f   c2_DeltaSM_Angulos.obj
 0001:0001aab0       c2_sf_marshallOut          000000018001bab0 f   c2_DeltaSM_Angulos.obj
 0001:0001ab60       c2_sf_marshallIn           000000018001bb60 f   c2_DeltaSM_Angulos.obj
 0001:0001ac00       sf_opaque_initialize_c2_DeltaSM_Angulos 000000018001bc00 f   c2_DeltaSM_Angulos.obj
 0001:0001ac40       initialize_c2_DeltaSM_Angulos 000000018001bc40 f   c2_DeltaSM_Angulos.obj
 0001:0001ac90       sf_opaque_enable_c2_DeltaSM_Angulos 000000018001bc90 f   c2_DeltaSM_Angulos.obj
 0001:0001acb0       enable_c2_DeltaSM_Angulos  000000018001bcb0 f   c2_DeltaSM_Angulos.obj
 0001:0001ace0       sf_opaque_disable_c2_DeltaSM_Angulos 000000018001bce0 f   c2_DeltaSM_Angulos.obj
 0001:0001ad00       disable_c2_DeltaSM_Angulos 000000018001bd00 f   c2_DeltaSM_Angulos.obj
 0001:0001ad30       sf_opaque_gateway_c2_DeltaSM_Angulos 000000018001bd30 f   c2_DeltaSM_Angulos.obj
 0001:0001ad50       sf_gateway_c2_DeltaSM_Angulos 000000018001bd50 f   c2_DeltaSM_Angulos.obj
 0001:0001b010       c2_chartstep_c2_DeltaSM_Angulos 000000018001c010 f   c2_DeltaSM_Angulos.obj
 0001:0001ddc0       c2_mpower                  000000018001edc0 f   c2_DeltaSM_Angulos.obj
 0001:0001de40       c2_eml_scalar_eg           000000018001ee40 f   c2_DeltaSM_Angulos.obj
 0001:0001de50       c2_b_mpower                000000018001ee50 f   c2_DeltaSM_Angulos.obj
 0001:0001ded0       c2_c_mpower                000000018001eed0 f   c2_DeltaSM_Angulos.obj
 0001:0001df50       c2_d_mpower                000000018001ef50 f   c2_DeltaSM_Angulos.obj
 0001:0001dfc0       sf_opaque_get_sim_state_c2_DeltaSM_Angulos 000000018001efc0 f   c2_DeltaSM_Angulos.obj
 0001:0001dfe0       sf_opaque_set_sim_state_c2_DeltaSM_Angulos 000000018001efe0 f   c2_DeltaSM_Angulos.obj
 0001:0001e010       sf_opaque_terminate_c2_DeltaSM_Angulos 000000018001f010 f   c2_DeltaSM_Angulos.obj
 0001:0001e0b0       finalize_c2_DeltaSM_Angulos 000000018001f0b0 f   c2_DeltaSM_Angulos.obj
 0001:0001e0c0       sf_opaque_init_subchart_simstructs 000000018001f0c0 f   c2_DeltaSM_Angulos.obj
 0001:0001e0e0       initSimStructsc2_DeltaSM_Angulos 000000018001f0e0 f   c2_DeltaSM_Angulos.obj
 0001:0001e0f0       mdlRTW_c2_DeltaSM_Angulos  000000018001f0f0 f   c2_DeltaSM_Angulos.obj
 0001:0001ea60       getChartInfoFromSimStruct  000000018001fa60 f   DeltaSM_Angulos_sfun_registry.obj
 0001:00020100       _ssFatalError              0000000180021100 f   DeltaSM_Angulos_sfun_registry.obj
 0001:000231b0       ProcessMexSfunctionCmdLineCall 00000001800241b0 f   DeltaSM_Angulos_sfun_registry.obj
 0001:000232e0       sf_debug_api_wrapper       00000001800242e0 f   DeltaSM_Angulos_sfun_registry.obj
 0001:00023330       mdlStart                   0000000180024330 f   DeltaSM_Angulos_sfun_registry.obj
 0001:00023360       mdl_start_processing       0000000180024360 f   DeltaSM_Angulos_sfun_registry.obj
 0001:000233f0       mdlTerminate               00000001800243f0 f   DeltaSM_Angulos_sfun_registry.obj
 0001:00023420       mdl_terminate_processing   0000000180024420 f   DeltaSM_Angulos_sfun_registry.obj
 0001:000234a0       mdlInitializeSampleTimes   00000001800244a0 f   DeltaSM_Angulos_sfun_registry.obj
 0001:000234d0       mdlZeroCrossings           00000001800244d0 f   DeltaSM_Angulos_sfun_registry.obj
 0001:00023500       mdl_zeroCrossings_processing 0000000180024500 f   DeltaSM_Angulos_sfun_registry.obj
 0001:00023540       mdlDerivatives             0000000180024540 f   DeltaSM_Angulos_sfun_registry.obj
 0001:00023570       mdl_derivatives_processing 0000000180024570 f   DeltaSM_Angulos_sfun_registry.obj
 0001:000235c0       mdlInitializeConditions    00000001800245c0 f   DeltaSM_Angulos_sfun_registry.obj
 0001:000235f0       mdl_initialize_conditions_processing 00000001800245f0 f   DeltaSM_Angulos_sfun_registry.obj
 0001:00023640       mdlEnable                  0000000180024640 f   DeltaSM_Angulos_sfun_registry.obj
 0001:00023670       mdl_enable_processing      0000000180024670 f   DeltaSM_Angulos_sfun_registry.obj
 0001:000236b0       mdlDisable                 00000001800246b0 f   DeltaSM_Angulos_sfun_registry.obj
 0001:000236e0       mdl_disable_processing     00000001800246e0 f   DeltaSM_Angulos_sfun_registry.obj
 0001:00023720       mdlOutputs                 0000000180024720 f   DeltaSM_Angulos_sfun_registry.obj
 0001:00023750       mdl_outputs_processing     0000000180024750 f   DeltaSM_Angulos_sfun_registry.obj
 0001:00023830       mdl_outputs_continuous_legacy 0000000180024830 f   DeltaSM_Angulos_sfun_registry.obj
 0001:00023920       mdlGetTimeOfNextVarHit     0000000180024920 f   DeltaSM_Angulos_sfun_registry.obj
 0001:00023970       _ProcessMexSfunctionCmdLineCall 0000000180024970 f   DeltaSM_Angulos_sfun_registry.obj
 0001:000240c0       mdlSetWorkWidths           00000001800250c0 f   DeltaSM_Angulos_sfun_registry.obj
 0001:000240f0       mdlProcessParameters       00000001800250f0 f   DeltaSM_Angulos_sfun_registry.obj
 0001:00024120       mdlInitializeSizes         0000000180025120 f   DeltaSM_Angulos_sfun_registry.obj
 0001:00024150       mdlExtModeExec             0000000180025150 f   DeltaSM_Angulos_sfun_registry.obj
 0001:00024180       mdl_ext_mode_exec_processing 0000000180025180 f   DeltaSM_Angulos_sfun_registry.obj
 0001:000241c0       mdlRTW                     00000001800251c0 f   DeltaSM_Angulos_sfun_registry.obj
 0001:00024200       _CreateSimStruct           0000000180025200 f   DeltaSM_Angulos_sfun_registry.obj
 0001:00024390       _RegNumInputPortsCB        0000000180025390 f   DeltaSM_Angulos_sfun_registry.obj
 0001:00024410       _RegNumOutputPortsCB       0000000180025410 f   DeltaSM_Angulos_sfun_registry.obj
 0001:00024988       pre_c_init                 0000000180025988 f   MSVCRT:crtdll.obj
 0001:00024c44       __DllMainCRTStartup        0000000180025c44 f   MSVCRT:crtdll.obj
 0001:000252b0       __DllMainCRTStartup$filt$0 00000001800262b0 f   MSVCRT:crtdll.obj
 0001:000252e0       __DllMainCRTStartup$fin$1  00000001800262e0 f   MSVCRT:crtdll.obj
 0001:000252fa       _onexit$fin$0              00000001800262fa f   MSVCRT:atonexit.obj
 0001:00025320       _IsNonwritableInCurrentImage$filt$0 0000000180026320 f   MSVCRT:pesect.obj
