 Arti_DeltaSM_Angulos_sfun

 Timestamp is 57496d5c (Sat May 28 05:05:16 2016)

 Preferred load address is 0000000180000000

 Start         Length     Name                   Class
 0001:00000000 00017354H .text                   CODE
 0001:00017360 00000092H .text$x                 CODE
 0002:00000000 00000470H .idata$5                DATA
 0002:00000470 00000008H .CRT$XCA                DATA
 0002:00000478 00000008H .CRT$XCZ                DATA
 0002:00000480 00000008H .CRT$XIA                DATA
 0002:00000488 00000008H .CRT$XIAA               DATA
 0002:00000490 00000008H .CRT$XIZ                DATA
 0002:000004a0 000006bcH .rdata                  DATA
 0002:00000b60 00000008H .rtc$IAA                DATA
 0002:00000b68 00000008H .rtc$IZZ                DATA
 0002:00000b70 00000008H .rtc$TAA                DATA
 0002:00000b78 00000008H .rtc$TZZ                DATA
 0002:00000b80 000006b0H .xdata                  DATA
 0002:00001230 0000008cH .idata$2                DATA
 0002:000012bc 00000014H .idata$3                DATA
 0002:000012d0 00000470H .idata$4                DATA
 0002:00001740 00000c42H .idata$6                DATA
 0002:00002390 0000005fH .edata                  DATA
 0003:00000000 00005078H .data                   DATA
 0003:00005080 000006b8H .bss                    DATA
 0004:00000000 000007ecH .pdata                  DATA

  Address         Publics by Value              Rva+Base               Lib:Object

 0000:00000000       ___safe_se_handler_count   0000000000000000     <absolute>
 0000:00000000       ___safe_se_handler_table   0000000000000000     <absolute>
 0000:00000000       __ImageBase                0000000180000000     <linker-defined>
 0001:00000000       Arti_DeltaSM_Angulos_initializer 0000000180001000 f   Arti_DeltaSM_Angulos_sfun.obj
 0001:00000010       Arti_DeltaSM_Angulos_terminator 0000000180001010 f   Arti_DeltaSM_Angulos_sfun.obj
 0001:00000020       sf_Arti_DeltaSM_Angulos_method_dispatcher 0000000180001020 f   Arti_DeltaSM_Angulos_sfun.obj
 0001:00000070       sf_Arti_DeltaSM_Angulos_process_check_sum_call 0000000180001070 f   Arti_DeltaSM_Angulos_sfun.obj
 0001:00000480       sf_Arti_DeltaSM_Angulos_autoinheritance_info 0000000180001480 f   Arti_DeltaSM_Angulos_sfun.obj
 0001:000005f0       sf_Arti_DeltaSM_Angulos_get_eml_resolved_functions_info 00000001800015f0 f   Arti_DeltaSM_Angulos_sfun.obj
 0001:00000720       sf_Arti_DeltaSM_Angulos_third_party_uses_info 0000000180001720 f   Arti_DeltaSM_Angulos_sfun.obj
 0001:00000870       sf_Arti_DeltaSM_Angulos_updateBuildInfo_args_info 0000000180001870 f   Arti_DeltaSM_Angulos_sfun.obj
 0001:000009c0       Arti_DeltaSM_Angulos_debug_initialize 00000001800019c0 f   Arti_DeltaSM_Angulos_sfun.obj
 0001:00000a40       Arti_DeltaSM_Angulos_register_exported_symbols 0000000180001a40 f   Arti_DeltaSM_Angulos_sfun.obj
 0001:00000a50       load_Arti_DeltaSM_Angulos_optimization_info 0000000180001a50 f   Arti_DeltaSM_Angulos_sfun.obj
 0001:00000aa0       unload_Arti_DeltaSM_Angulos_optimization_info 0000000180001aa0 f   Arti_DeltaSM_Angulos_sfun.obj
 0001:00000ad0       sf_c1_Arti_DeltaSM_Angulos_get_eml_resolved_functions_info 0000000180001ad0 f   c1_Arti_DeltaSM_Angulos.obj
 0001:000061a0       sf_c1_Arti_DeltaSM_Angulos_get_check_sum 00000001800071a0 f   c1_Arti_DeltaSM_Angulos.obj
 0001:00006220       sf_c1_Arti_DeltaSM_Angulos_get_autoinheritance_info 0000000180007220 f   c1_Arti_DeltaSM_Angulos.obj
 0001:00007700       sf_c1_Arti_DeltaSM_Angulos_third_party_uses_info 0000000180008700 f   c1_Arti_DeltaSM_Angulos.obj
 0001:00007730       sf_c1_Arti_DeltaSM_Angulos_updateBuildInfo_args_info 0000000180008730 f   c1_Arti_DeltaSM_Angulos.obj
 0001:00007760       sf_internal_get_sim_state_c1_Arti_DeltaSM_Angulos 0000000180008760 f   c1_Arti_DeltaSM_Angulos.obj
 0001:000080e0       sf_internal_set_sim_state_c1_Arti_DeltaSM_Angulos 00000001800090e0 f   c1_Arti_DeltaSM_Angulos.obj
 0001:00008790       c1_Arti_DeltaSM_Angulos_method_dispatcher 0000000180009790 f   c1_Arti_DeltaSM_Angulos.obj
 0001:00010220       sf_process_check_sum_call  0000000180011220 f   Arti_DeltaSM_Angulos_sfun_registry.obj
 0001:00010270       sf_process_autoinheritance_call 0000000180011270 f   Arti_DeltaSM_Angulos_sfun_registry.obj
 0001:00010410       sf_process_get_third_party_uses_info_call 0000000180011410 f   Arti_DeltaSM_Angulos_sfun_registry.obj
 0001:000105b0       sf_process_get_updateBuildInfo_args_info_call 00000001800115b0 f   Arti_DeltaSM_Angulos_sfun_registry.obj
 0001:00010750       sf_process_get_eml_resolved_functions_info_call 0000000180011750 f   Arti_DeltaSM_Angulos_sfun_registry.obj
 0001:000108d0       sf_mex_unlock_call         00000001800118d0 f   Arti_DeltaSM_Angulos_sfun_registry.obj
 0001:00010980       sf_machine_global_initializer_called 0000000180011980 f   Arti_DeltaSM_Angulos_sfun_registry.obj
 0001:000109b0       sf_machine_global_method_dispatcher 00000001800119b0 f   Arti_DeltaSM_Angulos_sfun_registry.obj
 0001:00010a10       sf_machine_global_terminator 0000000180011a10 f   Arti_DeltaSM_Angulos_sfun_registry.obj
 0001:00010a60       sf_register_machine_exported_symbols 0000000180011a60 f   Arti_DeltaSM_Angulos_sfun_registry.obj
 0001:00010a80       callCustomFcn              0000000180011a80 f   Arti_DeltaSM_Angulos_sfun_registry.obj
 0001:00010a90       sf_machine_global_initializer 0000000180011a90 f   Arti_DeltaSM_Angulos_sfun_registry.obj
 0001:00010b10       mdlGetSimState             0000000180011b10 f   Arti_DeltaSM_Angulos_sfun_registry.obj
 0001:00010b90       mdlSetSimState             0000000180011b90 f   Arti_DeltaSM_Angulos_sfun_registry.obj
 0001:00010bd0       _ssSetStateAbsTol          0000000180011bd0 f   Arti_DeltaSM_Angulos_sfun_registry.obj
 0001:00010cb0       _ssGetAbsTol               0000000180011cb0 f   Arti_DeltaSM_Angulos_sfun_registry.obj
 0001:00010d20       _ssSetInputPortMatrixDimensions 0000000180011d20 f   Arti_DeltaSM_Angulos_sfun_registry.obj
 0001:00010e30       _ssSetOutputPortMatrixDimensions 0000000180011e30 f   Arti_DeltaSM_Angulos_sfun_registry.obj
 0001:00010f40       _ssSetInputPortVectorDimension 0000000180011f40 f   Arti_DeltaSM_Angulos_sfun_registry.obj
 0001:00011010       _ssSetOutputPortVectorDimension 0000000180012010 f   Arti_DeltaSM_Angulos_sfun_registry.obj
 0001:000110e0       ssIsRunTimeParamTunable    00000001800120e0 f   Arti_DeltaSM_Angulos_sfun_registry.obj
 0001:00011150       ssGetSFuncBlockHandle      0000000180012150 f   Arti_DeltaSM_Angulos_sfun_registry.obj
 0001:000111c0       _ssGetCurrentInputPortWidth 00000001800121c0 f   Arti_DeltaSM_Angulos_sfun_registry.obj
 0001:000112e0       _ssGetCurrentOutputPortWidth 00000001800122e0 f   Arti_DeltaSM_Angulos_sfun_registry.obj
 0001:00011400       _ssGetCallSystemNumFcnCallDestinations 0000000180012400 f   Arti_DeltaSM_Angulos_sfun_registry.obj
 0001:00011470       ssWarning                  0000000180012470 f   Arti_DeltaSM_Angulos_sfun_registry.obj
 0001:00011580       ssGetIsZeroCrossControlDisabled 0000000180012580 f   Arti_DeltaSM_Angulos_sfun_registry.obj
 0001:000115f0       ssSetIsInputPortUsedForContZcSignal 00000001800125f0 f   Arti_DeltaSM_Angulos_sfun_registry.obj
 0001:00011660       ssSetZcSignalIsZcElementDisc 0000000180012660 f   Arti_DeltaSM_Angulos_sfun_registry.obj
 0001:00011710       ssSetZcSignalName          0000000180012710 f   Arti_DeltaSM_Angulos_sfun_registry.obj
 0001:00011780       ssSetZcSignalWidth         0000000180012780 f   Arti_DeltaSM_Angulos_sfun_registry.obj
 0001:000117f0       ssSetZcSignalZcEventType   00000001800127f0 f   Arti_DeltaSM_Angulos_sfun_registry.obj
 0001:00011860       ssSetZcSignalType          0000000180012860 f   Arti_DeltaSM_Angulos_sfun_registry.obj
 0001:000118d0       ssSetZcSignalZcTol         00000001800128d0 f   Arti_DeltaSM_Angulos_sfun_registry.obj
 0001:00011940       ssSetZcSignalNeedsEventNotification 0000000180012940 f   Arti_DeltaSM_Angulos_sfun_registry.obj
 0001:000119b0       ssCreateAndAddZcSignalInfo 00000001800129b0 f   Arti_DeltaSM_Angulos_sfun_registry.obj
 0001:00011a20       ssCloneAndAddZcSignalInfo  0000000180012a20 f   Arti_DeltaSM_Angulos_sfun_registry.obj
 0001:00011a90       ssGetNumZcSignals          0000000180012a90 f   Arti_DeltaSM_Angulos_sfun_registry.obj
 0001:00011b00       ssGetZcSignalVector        0000000180012b00 f   Arti_DeltaSM_Angulos_sfun_registry.obj
 0001:00011b70       ssGetZcSignalZcEvents      0000000180012b70 f   Arti_DeltaSM_Angulos_sfun_registry.obj
 0001:00011be0       ssGetZcSignalName          0000000180012be0 f   Arti_DeltaSM_Angulos_sfun_registry.obj
 0001:00011c50       ssGetZcSignalWidth         0000000180012c50 f   Arti_DeltaSM_Angulos_sfun_registry.obj
 0001:00011cc0       ssGetZcSignalZcEventType   0000000180012cc0 f   Arti_DeltaSM_Angulos_sfun_registry.obj
 0001:00011d30       ssGetZcSignalType          0000000180012d30 f   Arti_DeltaSM_Angulos_sfun_registry.obj
 0001:00011da0       ssGetZcSignalZcTol         0000000180012da0 f   Arti_DeltaSM_Angulos_sfun_registry.obj
 0001:00011e20       ssGetZcSignalNeedsEventNotification 0000000180012e20 f   Arti_DeltaSM_Angulos_sfun_registry.obj
 0001:00011e90       ssGetZcSignalIsZcElementDisc 0000000180012e90 f   Arti_DeltaSM_Angulos_sfun_registry.obj
 0001:00011f30       ssGetIsInputPortElementContinuous 0000000180012f30 f   Arti_DeltaSM_Angulos_sfun_registry.obj
 0001:00011fd0       _ssGetInputPortSignalPtrsFcn 0000000180012fd0 f   Arti_DeltaSM_Angulos_sfun_registry.obj
 0001:00012290       _ssGetInputPortSignalFcn   0000000180013290 f   Arti_DeltaSM_Angulos_sfun_registry.obj
 0001:000124b0       _ssSetInputPortDirectFeedThroughFcn 00000001800134b0 f   Arti_DeltaSM_Angulos_sfun_registry.obj
 0001:00012610       _ssSetInputPortReusableFcn 0000000180013610 f   Arti_DeltaSM_Angulos_sfun_registry.obj
 0001:00012700       _ssSetOutputPortReusableFcn 0000000180013700 f   Arti_DeltaSM_Angulos_sfun_registry.obj
 0001:000127e0       ssGetDTypeIdFromMxArray    00000001800137e0 f   Arti_DeltaSM_Angulos_sfun_registry.obj
 0001:00012900       ssWriteRTWStr              0000000180013900 f   Arti_DeltaSM_Angulos_sfun_registry.obj
 0001:00012960       ssWriteRTWMxVectParam      0000000180013960 f   Arti_DeltaSM_Angulos_sfun_registry.obj
 0001:000129c0       ssWriteRTWMx2dMatParam     00000001800139c0 f   Arti_DeltaSM_Angulos_sfun_registry.obj
 0001:00012a40       ssWriteRTWNameValuePair    0000000180013a40 f   Arti_DeltaSM_Angulos_sfun_registry.obj
 0001:00012f30       ssWriteRTWParameters       0000000180013f30 f   Arti_DeltaSM_Angulos_sfun_registry.obj
 0001:00013530       ssWriteRTWParamSettings    0000000180014530 f   Arti_DeltaSM_Angulos_sfun_registry.obj
 0001:00013c00       ssWriteRTWWorkVect         0000000180014c00 f   Arti_DeltaSM_Angulos_sfun_registry.obj
 0001:00014100       mexFunction                0000000180015100 f   Arti_DeltaSM_Angulos_sfun_registry.obj
 0001:00016580       ProcessMexSfunctionEveryCall 0000000180017580 f   Arti_DeltaSM_Angulos_sfun_registry.obj
 0001:00016702       sf_debug_set_machine_data_thresholds 0000000180017702 f   sf_runtime:sf_runtime.dll
 0001:00016708       sf_debug_set_machine_event_thresholds 0000000180017708 f   sf_runtime:sf_runtime.dll
 0001:0001670e       sf_debug_initialize_machine 000000018001770e f   sf_runtime:sf_runtime.dll
 0001:00016714       sf_load_rtw_optimization_info 0000000180017714 f   sf_runtime:sf_runtime.dll
 0001:0001671a       sf_mex_emlrtNameCapturePostProcessR2012a 000000018001771a f   sf_runtime:sf_runtime.dll
 0001:00016720       sf_mex_assign              0000000180017720 f   sf_runtime:sf_runtime.dll
 0001:00016726       sf_mex_createstruct        0000000180017726 f   sf_runtime:sf_runtime.dll
 0001:0001672c       sf_mex_destroy             000000018001772c f   sf_runtime:sf_runtime.dll
 0001:00016732       sf_mex_duplicatearraysafe  0000000180017732 f   sf_runtime:sf_runtime.dll
 0001:00016738       sf_mex_createcellmatrix    0000000180017738 f   sf_runtime:sf_runtime.dll
 0001:0001673e       sf_mex_addfield            000000018001773e f   sf_runtime:sf_runtime.dll
 0001:00016744       sf_mex_create              0000000180017744 f   sf_runtime:sf_runtime.dll
 0001:0001674a       sf_mex_error_message       000000018001774a f   sf_runtime:sf_runtime.dll
 0001:00016750       sf_mex_call_matlab         0000000180017750 f   sf_runtime:sf_runtime.dll
 0001:00016756       sf_mex_setcell             0000000180017756 f   sf_runtime:sf_runtime.dll
 0001:0001675c       sf_mex_decode_encoded_mx_struct_array 000000018001775c f   sf_runtime:sf_runtime.dll
 0001:00016762       sf_mex_getcell             0000000180017762 f   sf_runtime:sf_runtime.dll
 0001:00016768       sf_mex_dup                 0000000180017768 f   sf_runtime:sf_runtime.dll
 0001:0001676e       sf_mex_import              000000018001776e f   sf_runtime:sf_runtime.dll
 0001:00016774       sf_set_rtw_dwork_info      0000000180017774 f   sf_runtime:sf_runtime.dll
 0001:0001677a       sf_mark_chart_reusable_outputs 000000018001777a f   sf_runtime:sf_runtime.dll
 0001:00016780       sf_mark_chart_expressionable_inputs 0000000180017780 f   sf_runtime:sf_runtime.dll
 0001:00016786       sf_update_buildInfo        0000000180017786 f   sf_runtime:sf_runtime.dll
 0001:0001678c       sf_rtw_info_uint_prop      000000018001778c f   sf_runtime:sf_runtime.dll
 0001:00016792       sf_is_chart_inlinable      0000000180017792 f   sf_runtime:sf_runtime.dll
 0001:00016798       sim_mode_is_external       0000000180017798 f   sf_runtime:sf_runtime.dll
 0001:0001679e       sim_mode_is_rtw_gen        000000018001779e f   sf_runtime:sf_runtime.dll
 0001:000167a4       sf_debug_reset_current_state_configuration 00000001800177a4 f   sf_runtime:sf_runtime.dll
 0001:000167aa       sf_debug_set_instance_data_value_ptr 00000001800177aa f   sf_runtime:sf_runtime.dll
 0001:000167b0       sf_debug_set_chart_data_compiled_props 00000001800177b0 f   sf_runtime:sf_runtime.dll
 0001:000167b6       cv_eml_init_while          00000001800177b6 f   sf_runtime:sf_runtime.dll
 0001:000167bc       cv_eml_init_if             00000001800177bc f   sf_runtime:sf_runtime.dll
 0001:000167c2       cv_eml_init_fcn            00000001800177c2 f   sf_runtime:sf_runtime.dll
 0001:000167c8       cv_eml_init_script         00000001800177c8 f   sf_runtime:sf_runtime.dll
 0001:000167ce       sf_debug_cv_init_trans     00000001800177ce f   sf_runtime:sf_runtime.dll
 0001:000167d4       sf_debug_cv_init_state     00000001800177d4 f   sf_runtime:sf_runtime.dll
 0001:000167da       sf_debug_cv_init_chart     00000001800177da f   sf_runtime:sf_runtime.dll
 0001:000167e0       sf_debug_set_chart_decomposition 00000001800177e0 f   sf_runtime:sf_runtime.dll
 0001:000167e6       sf_debug_set_chart_substate_count 00000001800177e6 f   sf_runtime:sf_runtime.dll
 0001:000167ec       sf_debug_set_chart_state_info 00000001800177ec f   sf_runtime:sf_runtime.dll
 0001:000167f2       sf_debug_set_chart_data_props 00000001800177f2 f   sf_runtime:sf_runtime.dll
 0001:000167f8       sf_debug_set_chart_event_thresholds 00000001800177f8 f   sf_runtime:sf_runtime.dll
 0001:000167fe       sf_debug_set_chart_disable_implicit_casting 00000001800177fe f   sf_runtime:sf_runtime.dll
 0001:00016804       sf_debug_initialize_chart  0000000180017804 f   sf_runtime:sf_runtime.dll
 0001:0001680a       sf_get_time                000000018001780a f   sf_runtime:sf_runtime.dll
 0001:00016810       sf_debug_check_for_state_inconsistency 0000000180017810 f   sf_runtime:sf_runtime.dll
 0001:00016816       sf_debug_symbol_scope_pop  0000000180017816 f   sf_runtime:sf_runtime.dll
 0001:0001681c       sf_debug_data_range_wrapper 000000018001781c f   sf_runtime:sf_runtime.dll
 0001:00016822       sf_debug_call              0000000180017822 f   sf_runtime:sf_runtime.dll
 0001:00016828       sf_debug_symbol_scope_push 0000000180017828 f   sf_runtime:sf_runtime.dll
 0001:0001682e       sf_mex_listen_for_ctrl_c   000000018001782e f   sf_runtime:sf_runtime.dll
 0001:00016834       sf_debug_eml_data_array_bounds_error_check 0000000180017834 f   sf_runtime:sf_runtime.dll
 0001:0001683a       eml_debug_line_call        000000018001783a f   sf_runtime:sf_runtime.dll
 0001:00016840       cv_eml_eval                0000000180017840 f   sf_runtime:sf_runtime.dll
 0001:00016846       sf_debug_symbol_scope_add_eml 0000000180017846 f   sf_runtime:sf_runtime.dll
 0001:0001684c       sf_debug_symbol_scope_add_eml_importable 000000018001784c f   sf_runtime:sf_runtime.dll
 0001:00016852       sf_debug_symbol_scope_push_eml 0000000180017852 f   sf_runtime:sf_runtime.dll
 0001:00016858       sf_debug_non_negative_check 0000000180017858 f   sf_runtime:sf_runtime.dll
 0001:0001685e       sf_mex_call_debug          000000018001785e f   sf_runtime:sf_runtime.dll
 0001:00016864       sf_clear_rtw_identifier    0000000180017864 f   sf_runtime:sf_runtime.dll
 0001:0001686a       sf_debug_terminate         000000018001786a f   sf_runtime:sf_runtime.dll
 0001:00016870       sf_debug_create_debug_instance_struct 0000000180017870 f   sf_runtime:sf_runtime.dll
 0001:00016876       sf_debug_api               0000000180017876 f   sf_runtime:sf_runtime.dll
 0001:0001687c       callMdlMethodAndReportError 000000018001787c f   sf_runtime:sf_runtime.dll
 0001:00016882       call_sf_machine_global_method_dispatcher 0000000180017882 f   sf_runtime:sf_runtime.dll
 0001:00016888       sf_clear_error_manager_info 0000000180017888 f   sf_runtime:sf_runtime.dll
 0001:0001688e       sf_mex_error_direct_call   000000018001788e f   sf_runtime:sf_runtime.dll
 0001:00016894       mxGetScalar                0000000180017894 f   libmx:libmx.dll
 0001:0001689a       mxGetPr                    000000018001789a f   libmx:libmx.dll
 0001:000168a0       mxCreateDoubleMatrix_730   00000001800178a0 f   libmx:libmx.dll
 0001:000168a6       mxGetString_730            00000001800178a6 f   libmx:libmx.dll
 0001:000168ac       mxIsChar                   00000001800178ac f   libmx:libmx.dll
 0001:000168b2       mxDestroyArray             00000001800178b2 f   libmx:libmx.dll
 0001:000168b8       mxDuplicateArray           00000001800178b8 f   libmx:libmx.dll
 0001:000168be       mxCreateDoubleScalar       00000001800178be f   libmx:libmx.dll
 0001:000168c4       mxSetField_730             00000001800178c4 f   libmx:libmx.dll
 0001:000168ca       mxCreateString             00000001800178ca f   libmx:libmx.dll
 0001:000168d0       mxCreateStructMatrix_730   00000001800178d0 f   libmx:libmx.dll
 0001:000168d6       mxCreateCellMatrix_730     00000001800178d6 f   libmx:libmx.dll
 0001:000168dc       mxGetNaN                   00000001800178dc f   libmx:libmx.dll
 0001:000168e2       mxGetClassID               00000001800178e2 f   libmx:libmx.dll
 0001:000168e8       mxIsNumeric                00000001800178e8 f   libmx:libmx.dll
 0001:000168ee       mxIsComplex                00000001800178ee f   libmx:libmx.dll
 0001:000168f4       mxGetN                     00000001800178f4 f   libmx:libmx.dll
 0001:000168fa       mxGetM                     00000001800178fa f   libmx:libmx.dll
 0001:00016900       mxCalloc                   0000000180017900 f   libmx:libmx.dll
 0001:00016906       mexMakeArrayPersistent     0000000180017906 f   libmex:libmex.dll
 0001:0001690c       mexUnlock                  000000018001790c f   libmex:libmex.dll
 0001:00016912       mexIsLocked                0000000180017912 f   libmex:libmex.dll
 0001:00016918       mexWarnMsgTxt              0000000180017918 f   libmex:libmex.dll
 0001:0001691e       mexCallMATLAB              000000018001791e f   libmex:libmex.dll
 0001:00016924       mexErrMsgTxt               0000000180017924 f   libmex:libmex.dll
 0001:0001692a       mexLock                    000000018001792a f   libmex:libmex.dll
 0001:00016930       utMalloc                   0000000180017930 f   libut:libut.dll
 0001:00016936       utFree                     0000000180017936 f   libut:libut.dll
 0001:0001693c       muDoubleScalarIsNaN        000000018001793c f   libmwmathutil:libmwmathutil.dll
 0001:00016942       muDoubleScalarIsInf        0000000180017942 f   libmwmathutil:libmwmathutil.dll
 0001:00016948       __GSHandlerCheckCommon     0000000180017948 f   MSVCRT:gshandler.obj
 0001:000169ac       __GSHandlerCheck           00000001800179ac f   MSVCRT:gshandler.obj
 0001:000169ca       strcmp                     00000001800179ca f   MSVCRT:MSVCR100.dll
 0001:000169e0       __security_check_cookie    00000001800179e0 f   MSVCRT:amdsecgs.obj
 0001:00016a00       strlen                     0000000180017a00 f   MSVCRT:MSVCR100.dll
 0001:00016a06       memset                     0000000180017a06 f   MSVCRT:MSVCR100.dll
 0001:00016a0c       free                       0000000180017a0c f   MSVCRT:MSVCR100.dll
 0001:00016a12       sprintf                    0000000180017a12 f   MSVCRT:MSVCR100.dll
 0001:00016a18       malloc                     0000000180017a18 f   MSVCRT:MSVCR100.dll
 0001:00016a1e       strcat                     0000000180017a1e f   MSVCRT:MSVCR100.dll
 0001:00016a24       memcpy                     0000000180017a24 f   MSVCRT:MSVCR100.dll
 0001:00016a2c       NtCurrentTeb               0000000180017a2c f i MSVCRT:crtdll.obj
 0001:00016a98       _CRT_INIT                  0000000180017a98 f   MSVCRT:crtdll.obj
 0001:00016e30       _DllMainCRTStartup         0000000180017e30 f   MSVCRT:crtdll.obj
 0001:00016e70       __report_gsfailure         0000000180017e70 f   MSVCRT:gs_report.obj
 0001:00016fbc       __clean_type_info_names    0000000180017fbc f   MSVCRT:tncleanup.obj
 0001:00016fc8       _onexit                    0000000180017fc8 f   MSVCRT:atonexit.obj
 0001:00017078       atexit                     0000000180018078 f   MSVCRT:atonexit.obj
 0001:00017090       _RTC_Initialize            0000000180018090 f   MSVCRT:_initsect_.obj
 0001:000170c8       _RTC_Terminate             00000001800180c8 f   MSVCRT:_initsect_.obj
 0001:00017100       _malloc_crt                0000000180018100 f   MSVCRT:MSVCR100.dll
 0001:00017110       _ValidateImageBase         0000000180018110 f   MSVCRT:pesect.obj
 0001:00017140       _FindPESection             0000000180018140 f   MSVCRT:pesect.obj
 0001:00017190       _IsNonwritableInCurrentImage 0000000180018190 f   MSVCRT:pesect.obj
 0001:000171d2       _initterm                  00000001800181d2 f   MSVCRT:MSVCR100.dll
 0001:000171d8       _initterm_e                00000001800181d8 f   MSVCRT:MSVCR100.dll
 0001:000171de       _encoded_null              00000001800181de f   MSVCRT:MSVCR100.dll
 0001:000171e4       _amsg_exit                 00000001800181e4 f   MSVCRT:MSVCR100.dll
 0001:000171ea       __C_specific_handler       00000001800181ea f   MSVCRT:MSVCR100.dll
 0001:000171f0       __CppXcptFilter            00000001800181f0 f   MSVCRT:MSVCR100.dll
 0001:000171f8       DllMain                    00000001800181f8 f   MSVCRT:dllmain.obj
 0001:0001721c       __security_init_cookie     000000018001821c f   MSVCRT:gs_support.obj
 0001:000172d0       __crt_debugger_hook        00000001800182d0 f   MSVCRT:MSVCR100.dll
 0001:000172d6       __clean_type_info_names_internal 00000001800182d6 f   MSVCRT:MSVCR100.dll
 0001:000172dc       _unlock                    00000001800182dc f   MSVCRT:MSVCR100.dll
 0001:000172e2       __dllonexit                00000001800182e2 f   MSVCRT:MSVCR100.dll
 0001:000172e8       _lock                      00000001800182e8 f   MSVCRT:MSVCR100.dll
 0001:000172ee       EncodePointer              00000001800182ee f   kernel32:KERNEL32.dll
 0001:000172f4       DecodePointer              00000001800182f4 f   kernel32:KERNEL32.dll
 0001:000172fa       Sleep                      00000001800182fa f   kernel32:KERNEL32.dll
 0001:00017300       TerminateProcess           0000000180018300 f   kernel32:KERNEL32.dll
 0001:00017306       GetCurrentProcess          0000000180018306 f   kernel32:KERNEL32.dll
 0001:0001730c       UnhandledExceptionFilter   000000018001830c f   kernel32:KERNEL32.dll
 0001:00017312       SetUnhandledExceptionFilter 0000000180018312 f   kernel32:KERNEL32.dll
 0001:00017318       IsDebuggerPresent          0000000180018318 f   kernel32:KERNEL32.dll
 0001:0001731e       RtlVirtualUnwind           000000018001831e f   kernel32:KERNEL32.dll
 0001:00017324       RtlLookupFunctionEntry     0000000180018324 f   kernel32:KERNEL32.dll
 0001:0001732a       RtlCaptureContext          000000018001832a f   kernel32:KERNEL32.dll
 0001:00017330       DisableThreadLibraryCalls  0000000180018330 f   kernel32:KERNEL32.dll
 0001:00017336       QueryPerformanceCounter    0000000180018336 f   kernel32:KERNEL32.dll
 0001:0001733c       GetTickCount               000000018001833c f   kernel32:KERNEL32.dll
 0001:00017342       GetCurrentThreadId         0000000180018342 f   kernel32:KERNEL32.dll
 0001:00017348       GetCurrentProcessId        0000000180018348 f   kernel32:KERNEL32.dll
 0001:0001734e       GetSystemTimeAsFileTime    000000018001834e f   kernel32:KERNEL32.dll
 0002:00000000       __imp_GetSystemTimeAsFileTime 0000000180019000     kernel32:KERNEL32.dll
 0002:00000008       __imp_GetCurrentProcessId  0000000180019008     kernel32:KERNEL32.dll
 0002:00000010       __imp_GetCurrentThreadId   0000000180019010     kernel32:KERNEL32.dll
 0002:00000018       __imp_GetTickCount         0000000180019018     kernel32:KERNEL32.dll
 0002:00000020       __imp_QueryPerformanceCounter 0000000180019020     kernel32:KERNEL32.dll
 0002:00000028       __imp_DisableThreadLibraryCalls 0000000180019028     kernel32:KERNEL32.dll
 0002:00000030       __imp_RtlCaptureContext    0000000180019030     kernel32:KERNEL32.dll
 0002:00000038       __imp_RtlLookupFunctionEntry 0000000180019038     kernel32:KERNEL32.dll
 0002:00000040       __imp_RtlVirtualUnwind     0000000180019040     kernel32:KERNEL32.dll
 0002:00000048       __imp_IsDebuggerPresent    0000000180019048     kernel32:KERNEL32.dll
 0002:00000050       __imp_SetUnhandledExceptionFilter 0000000180019050     kernel32:KERNEL32.dll
 0002:00000058       __imp_UnhandledExceptionFilter 0000000180019058     kernel32:KERNEL32.dll
 0002:00000060       __imp_GetCurrentProcess    0000000180019060     kernel32:KERNEL32.dll
 0002:00000068       __imp_TerminateProcess     0000000180019068     kernel32:KERNEL32.dll
 0002:00000070       __imp_Sleep                0000000180019070     kernel32:KERNEL32.dll
 0002:00000078       __imp_DecodePointer        0000000180019078     kernel32:KERNEL32.dll
 0002:00000080       __imp_EncodePointer        0000000180019080     kernel32:KERNEL32.dll
 0002:00000088       \177KERNEL32_NULL_THUNK_DATA 0000000180019088     kernel32:KERNEL32.dll
 0002:00000090       __imp__onexit              0000000180019090     MSVCRT:MSVCR100.dll
 0002:00000098       __imp__lock                0000000180019098     MSVCRT:MSVCR100.dll
 0002:000000a0       __imp___dllonexit          00000001800190a0     MSVCRT:MSVCR100.dll
 0002:000000a8       __imp__unlock              00000001800190a8     MSVCRT:MSVCR100.dll
 0002:000000b0       __imp___clean_type_info_names_internal 00000001800190b0     MSVCRT:MSVCR100.dll
 0002:000000b8       __imp___crt_debugger_hook  00000001800190b8     MSVCRT:MSVCR100.dll
 0002:000000c0       __imp___CppXcptFilter      00000001800190c0     MSVCRT:MSVCR100.dll
 0002:000000c8       __imp___C_specific_handler 00000001800190c8     MSVCRT:MSVCR100.dll
 0002:000000d0       __imp__amsg_exit           00000001800190d0     MSVCRT:MSVCR100.dll
 0002:000000d8       __imp__encoded_null        00000001800190d8     MSVCRT:MSVCR100.dll
 0002:000000e0       __imp__initterm_e          00000001800190e0     MSVCRT:MSVCR100.dll
 0002:000000e8       __imp__initterm            00000001800190e8     MSVCRT:MSVCR100.dll
 0002:000000f0       __imp__malloc_crt          00000001800190f0     MSVCRT:MSVCR100.dll
 0002:000000f8       __imp_memcpy               00000001800190f8     MSVCRT:MSVCR100.dll
 0002:00000100       __imp_strcat               0000000180019100     MSVCRT:MSVCR100.dll
 0002:00000108       __imp_malloc               0000000180019108     MSVCRT:MSVCR100.dll
 0002:00000110       __imp_sprintf              0000000180019110     MSVCRT:MSVCR100.dll
 0002:00000118       __imp_free                 0000000180019118     MSVCRT:MSVCR100.dll
 0002:00000120       __imp_memset               0000000180019120     MSVCRT:MSVCR100.dll
 0002:00000128       __imp_strlen               0000000180019128     MSVCRT:MSVCR100.dll
 0002:00000130       __imp_strcmp               0000000180019130     MSVCRT:MSVCR100.dll
 0002:00000138       \177MSVCR100_NULL_THUNK_DATA 0000000180019138     MSVCRT:MSVCR100.dll
 0002:00000140       __imp_mexErrMsgTxt         0000000180019140     libmex:libmex.dll
 0002:00000148       __imp_mexUnlock            0000000180019148     libmex:libmex.dll
 0002:00000150       __imp_mexIsLocked          0000000180019150     libmex:libmex.dll
 0002:00000158       __imp_mexLock              0000000180019158     libmex:libmex.dll
 0002:00000160       __imp_mexMakeArrayPersistent 0000000180019160     libmex:libmex.dll
 0002:00000168       __imp_mexCallMATLAB        0000000180019168     libmex:libmex.dll
 0002:00000170       __imp_mexWarnMsgTxt        0000000180019170     libmex:libmex.dll
 0002:00000178       \177libmex_NULL_THUNK_DATA 0000000180019178     libmex:libmex.dll
 0002:00000180       __imp_muDoubleScalarIsInf  0000000180019180     libmwmathutil:libmwmathutil.dll
 0002:00000188       __imp_muDoubleScalarIsNaN  0000000180019188     libmwmathutil:libmwmathutil.dll
 0002:00000190       \177libmwmathutil_NULL_THUNK_DATA 0000000180019190     libmwmathutil:libmwmathutil.dll
 0002:00000198       __imp_mxCalloc             0000000180019198     libmx:libmx.dll
 0002:000001a0       __imp_mxGetM               00000001800191a0     libmx:libmx.dll
 0002:000001a8       __imp_mxGetN               00000001800191a8     libmx:libmx.dll
 0002:000001b0       __imp_mxIsComplex          00000001800191b0     libmx:libmx.dll
 0002:000001b8       __imp_mxIsNumeric          00000001800191b8     libmx:libmx.dll
 0002:000001c0       __imp_mxGetClassID         00000001800191c0     libmx:libmx.dll
 0002:000001c8       __imp_mxGetNaN             00000001800191c8     libmx:libmx.dll
 0002:000001d0       __imp_mxCreateCellMatrix_730 00000001800191d0     libmx:libmx.dll
 0002:000001d8       __imp_mxCreateStructMatrix_730 00000001800191d8     libmx:libmx.dll
 0002:000001e0       __imp_mxCreateString       00000001800191e0     libmx:libmx.dll
 0002:000001e8       __imp_mxSetField_730       00000001800191e8     libmx:libmx.dll
 0002:000001f0       __imp_mxCreateDoubleScalar 00000001800191f0     libmx:libmx.dll
 0002:000001f8       __imp_mxDuplicateArray     00000001800191f8     libmx:libmx.dll
 0002:00000200       __imp_mxDestroyArray       0000000180019200     libmx:libmx.dll
 0002:00000208       __imp_mxIsChar             0000000180019208     libmx:libmx.dll
 0002:00000210       __imp_mxGetString_730      0000000180019210     libmx:libmx.dll
 0002:00000218       __imp_mxGetScalar          0000000180019218     libmx:libmx.dll
 0002:00000220       __imp_mxGetPr              0000000180019220     libmx:libmx.dll
 0002:00000228       __imp_mxCreateDoubleMatrix_730 0000000180019228     libmx:libmx.dll
 0002:00000230       \177libmx_NULL_THUNK_DATA  0000000180019230     libmx:libmx.dll
 0002:00000238       __imp_utMalloc             0000000180019238     libut:libut.dll
 0002:00000240       __imp_utFree               0000000180019240     libut:libut.dll
 0002:00000248       \177libut_NULL_THUNK_DATA  0000000180019248     libut:libut.dll
 0002:00000250       __imp_call_sf_machine_global_method_dispatcher 0000000180019250     sf_runtime:sf_runtime.dll
 0002:00000258       __imp_callMdlMethodAndReportError 0000000180019258     sf_runtime:sf_runtime.dll
 0002:00000260       __imp_sf_debug_api         0000000180019260     sf_runtime:sf_runtime.dll
 0002:00000268       __imp_sf_debug_create_debug_instance_struct 0000000180019268     sf_runtime:sf_runtime.dll
 0002:00000270       __imp_sf_debug_terminate   0000000180019270     sf_runtime:sf_runtime.dll
 0002:00000278       __imp_sf_clear_rtw_identifier 0000000180019278     sf_runtime:sf_runtime.dll
 0002:00000280       __imp_sf_mex_call_debug    0000000180019280     sf_runtime:sf_runtime.dll
 0002:00000288       __imp_sf_debug_non_negative_check 0000000180019288     sf_runtime:sf_runtime.dll
 0002:00000290       __imp_sf_debug_symbol_scope_push_eml 0000000180019290     sf_runtime:sf_runtime.dll
 0002:00000298       __imp_sf_debug_symbol_scope_add_eml_importable 0000000180019298     sf_runtime:sf_runtime.dll
 0002:000002a0       __imp_sf_clear_error_manager_info 00000001800192a0     sf_runtime:sf_runtime.dll
 0002:000002a8       __imp_cv_eml_eval          00000001800192a8     sf_runtime:sf_runtime.dll
 0002:000002b0       __imp_eml_debug_line_call  00000001800192b0     sf_runtime:sf_runtime.dll
 0002:000002b8       __imp_sf_debug_eml_data_array_bounds_error_check 00000001800192b8     sf_runtime:sf_runtime.dll
 0002:000002c0       __imp_sf_mex_listen_for_ctrl_c 00000001800192c0     sf_runtime:sf_runtime.dll
 0002:000002c8       __imp_sf_debug_symbol_scope_push 00000001800192c8     sf_runtime:sf_runtime.dll
 0002:000002d0       __imp_sf_debug_call        00000001800192d0     sf_runtime:sf_runtime.dll
 0002:000002d8       __imp_sf_debug_data_range_wrapper 00000001800192d8     sf_runtime:sf_runtime.dll
 0002:000002e0       __imp_sf_debug_symbol_scope_pop 00000001800192e0     sf_runtime:sf_runtime.dll
 0002:000002e8       __imp_sf_debug_check_for_state_inconsistency 00000001800192e8     sf_runtime:sf_runtime.dll
 0002:000002f0       __imp_sf_get_time          00000001800192f0     sf_runtime:sf_runtime.dll
 0002:000002f8       __imp_sf_debug_initialize_chart 00000001800192f8     sf_runtime:sf_runtime.dll
 0002:00000300       __imp_sf_mex_error_direct_call 0000000180019300     sf_runtime:sf_runtime.dll
 0002:00000308       __imp_sf_debug_symbol_scope_add_eml 0000000180019308     sf_runtime:sf_runtime.dll
 0002:00000310       __imp_sf_debug_set_chart_disable_implicit_casting 0000000180019310     sf_runtime:sf_runtime.dll
 0002:00000318       __imp_sf_debug_set_chart_event_thresholds 0000000180019318     sf_runtime:sf_runtime.dll
 0002:00000320       __imp_sf_debug_set_chart_data_props 0000000180019320     sf_runtime:sf_runtime.dll
 0002:00000328       __imp_sf_debug_set_chart_state_info 0000000180019328     sf_runtime:sf_runtime.dll
 0002:00000330       __imp_sf_debug_set_chart_substate_count 0000000180019330     sf_runtime:sf_runtime.dll
 0002:00000338       __imp_sf_debug_set_chart_decomposition 0000000180019338     sf_runtime:sf_runtime.dll
 0002:00000340       __imp_sf_debug_cv_init_chart 0000000180019340     sf_runtime:sf_runtime.dll
 0002:00000348       __imp_sf_debug_cv_init_state 0000000180019348     sf_runtime:sf_runtime.dll
 0002:00000350       __imp_sf_debug_cv_init_trans 0000000180019350     sf_runtime:sf_runtime.dll
 0002:00000358       __imp_cv_eml_init_script   0000000180019358     sf_runtime:sf_runtime.dll
 0002:00000360       __imp_cv_eml_init_fcn      0000000180019360     sf_runtime:sf_runtime.dll
 0002:00000368       __imp_cv_eml_init_if       0000000180019368     sf_runtime:sf_runtime.dll
 0002:00000370       __imp_cv_eml_init_while    0000000180019370     sf_runtime:sf_runtime.dll
 0002:00000378       __imp_sf_debug_set_chart_data_compiled_props 0000000180019378     sf_runtime:sf_runtime.dll
 0002:00000380       __imp_sf_debug_set_instance_data_value_ptr 0000000180019380     sf_runtime:sf_runtime.dll
 0002:00000388       __imp_sf_debug_reset_current_state_configuration 0000000180019388     sf_runtime:sf_runtime.dll
 0002:00000390       __imp_sim_mode_is_rtw_gen  0000000180019390     sf_runtime:sf_runtime.dll
 0002:00000398       __imp_sim_mode_is_external 0000000180019398     sf_runtime:sf_runtime.dll
 0002:000003a0       __imp_sf_is_chart_inlinable 00000001800193a0     sf_runtime:sf_runtime.dll
 0002:000003a8       __imp_sf_rtw_info_uint_prop 00000001800193a8     sf_runtime:sf_runtime.dll
 0002:000003b0       __imp_sf_update_buildInfo  00000001800193b0     sf_runtime:sf_runtime.dll
 0002:000003b8       __imp_sf_mark_chart_expressionable_inputs 00000001800193b8     sf_runtime:sf_runtime.dll
 0002:000003c0       __imp_sf_mark_chart_reusable_outputs 00000001800193c0     sf_runtime:sf_runtime.dll
 0002:000003c8       __imp_sf_set_rtw_dwork_info 00000001800193c8     sf_runtime:sf_runtime.dll
 0002:000003d0       __imp_sf_mex_import        00000001800193d0     sf_runtime:sf_runtime.dll
 0002:000003d8       __imp_sf_mex_dup           00000001800193d8     sf_runtime:sf_runtime.dll
 0002:000003e0       __imp_sf_mex_getcell       00000001800193e0     sf_runtime:sf_runtime.dll
 0002:000003e8       __imp_sf_mex_decode_encoded_mx_struct_array 00000001800193e8     sf_runtime:sf_runtime.dll
 0002:000003f0       __imp_sf_mex_setcell       00000001800193f0     sf_runtime:sf_runtime.dll
 0002:000003f8       __imp_sf_mex_call_matlab   00000001800193f8     sf_runtime:sf_runtime.dll
 0002:00000400       __imp_sf_mex_error_message 0000000180019400     sf_runtime:sf_runtime.dll
 0002:00000408       __imp_sf_mex_create        0000000180019408     sf_runtime:sf_runtime.dll
 0002:00000410       __imp_sf_mex_addfield      0000000180019410     sf_runtime:sf_runtime.dll
 0002:00000418       __imp_sf_mex_createcellmatrix 0000000180019418     sf_runtime:sf_runtime.dll
 0002:00000420       __imp_sf_mex_duplicatearraysafe 0000000180019420     sf_runtime:sf_runtime.dll
 0002:00000428       __imp_sf_mex_destroy       0000000180019428     sf_runtime:sf_runtime.dll
 0002:00000430       __imp_sf_mex_createstruct  0000000180019430     sf_runtime:sf_runtime.dll
 0002:00000438       __imp_sf_mex_assign        0000000180019438     sf_runtime:sf_runtime.dll
 0002:00000440       __imp_sf_mex_emlrtNameCapturePostProcessR2012a 0000000180019440     sf_runtime:sf_runtime.dll
 0002:00000448       __imp_sf_load_rtw_optimization_info 0000000180019448     sf_runtime:sf_runtime.dll
 0002:00000450       __imp_sf_debug_initialize_machine 0000000180019450     sf_runtime:sf_runtime.dll
 0002:00000458       __imp_sf_debug_set_machine_event_thresholds 0000000180019458     sf_runtime:sf_runtime.dll
 0002:00000460       __imp_sf_debug_set_machine_data_thresholds 0000000180019460     sf_runtime:sf_runtime.dll
 0002:00000468       \177sf_runtime_NULL_THUNK_DATA 0000000180019468     sf_runtime:sf_runtime.dll
 0002:00000470       __xc_a                     0000000180019470     MSVCRT:cinitexe.obj
 0002:00000478       __xc_z                     0000000180019478     MSVCRT:cinitexe.obj
 0002:00000480       __xi_a                     0000000180019480     MSVCRT:cinitexe.obj
 0002:00000490       __xi_z                     0000000180019490     MSVCRT:cinitexe.obj
 0002:000004a0       __real@41e8d33b55600000    00000001800194a0     Arti_DeltaSM_Angulos_sfun.obj
 0002:000004a8       __real@41e9898ed6e00000    00000001800194a8     Arti_DeltaSM_Angulos_sfun.obj
 0002:000004b0       __real@41d3342192800000    00000001800194b0     Arti_DeltaSM_Angulos_sfun.obj
 0002:000004b8       __real@41e2ea76b9000000    00000001800194b8     Arti_DeltaSM_Angulos_sfun.obj
 0002:000004c0       __real@41c900e78a000000    00000001800194c0     Arti_DeltaSM_Angulos_sfun.obj
 0002:000004c8       __real@41eda5398c800000    00000001800194c8     Arti_DeltaSM_Angulos_sfun.obj
 0002:000004d0       __real@41edcf5b43c00000    00000001800194d0     Arti_DeltaSM_Angulos_sfun.obj
 0002:000004d8       __real@41e695dff8600000    00000001800194d8     Arti_DeltaSM_Angulos_sfun.obj
 0002:000004e0       __real@41ec3fa5fd200000    00000001800194e0     Arti_DeltaSM_Angulos_sfun.obj
 0002:000004e8       __real@41e20130ace00000    00000001800194e8     Arti_DeltaSM_Angulos_sfun.obj
 0002:000004f0       __real@41d89d08e9400000    00000001800194f0     Arti_DeltaSM_Angulos_sfun.obj
 0002:000004f8       __real@41e21bfb34c00000    00000001800194f8     Arti_DeltaSM_Angulos_sfun.obj
 0002:00000500       __real@41ea80ec11e00000    0000000180019500     Arti_DeltaSM_Angulos_sfun.obj
 0002:00000508       __real@41e788dfdce00000    0000000180019508     Arti_DeltaSM_Angulos_sfun.obj
 0002:00000510       __real@41c04a588e800000    0000000180019510     Arti_DeltaSM_Angulos_sfun.obj
 0002:00000518       __real@41e83d7dbc800000    0000000180019518     Arti_DeltaSM_Angulos_sfun.obj
 0002:00000520       __real@41eb099574000000    0000000180019520     c1_Arti_DeltaSM_Angulos.obj
 0002:00000528       __real@41e3fb96c6000000    0000000180019528     c1_Arti_DeltaSM_Angulos.obj
 0002:00000530       __real@41e6e08011e00000    0000000180019530     c1_Arti_DeltaSM_Angulos.obj
 0002:00000538       __real@41eeaf3e2ae00000    0000000180019538     c1_Arti_DeltaSM_Angulos.obj
 0002:00000540       __real@4018000000000000    0000000180019540     c1_Arti_DeltaSM_Angulos.obj
 0002:00000548       __real@4020000000000000    0000000180019548     c1_Arti_DeltaSM_Angulos.obj
 0002:00000550       __real@401c000000000000    0000000180019550     c1_Arti_DeltaSM_Angulos.obj
 0002:00000558       __real@4024000000000000    0000000180019558     c1_Arti_DeltaSM_Angulos.obj
 0002:00000560       __real@3ff0000000000000    0000000180019560     c1_Arti_DeltaSM_Angulos.obj
 0002:00000570       __mask@@NegDouble@         0000000180019570     c1_Arti_DeltaSM_Angulos.obj
 0002:00000580       __real@0000000000000000    0000000180019580     c1_Arti_DeltaSM_Angulos.obj
 0002:00000588       __real@4022000000000000    0000000180019588     c1_Arti_DeltaSM_Angulos.obj
 0002:00000590       __real@4000000000000000    0000000180019590     c1_Arti_DeltaSM_Angulos.obj
 0002:00000598       __real@bff0000000000000    0000000180019598     c1_Arti_DeltaSM_Angulos.obj
 0002:000005a0       DYNAMIC_DIMENSION_DEF      00000001800195a0     Arti_DeltaSM_Angulos_sfun_registry.obj
 0002:000005c0       _ssBadLevel2InputAccessMsg 00000001800195c0     Arti_DeltaSM_Angulos_sfun_registry.obj
 0002:00000750       _ssBadLevel2DirectFeedMsg  0000000180019750     Arti_DeltaSM_Angulos_sfun_registry.obj
 0002:00000890       _ssBadLevel2DirectFeedSolutionMsg 0000000180019890     Arti_DeltaSM_Angulos_sfun_registry.obj
 0002:00000900       _ssBadLevel2ZeroDirectFeedMsg 0000000180019900     Arti_DeltaSM_Angulos_sfun_registry.obj
 0002:00000a40       _ssBadLevel2ZeroDirectFeedMsg2 0000000180019a40     Arti_DeltaSM_Angulos_sfun_registry.obj
 0002:00000b28       __real@41602cbca0000000    0000000180019b28     Arti_DeltaSM_Angulos_sfun_registry.obj
 0002:00000b30       _pDefaultRawDllMain        0000000180019b30     MSVCRT:crtdll.obj
 0002:00000b30       _pRawDllMain               0000000180019b30     MSVCRT:crtdll.obj
 0002:00000b48       ?ProcessDetach@NativeDll@<CrtImplementationDetails>@@0IB 0000000180019b48     MSVCRT:tncleanup.obj
 0002:00000b4c       ?ProcessAttach@NativeDll@<CrtImplementationDetails>@@0IB 0000000180019b4c     MSVCRT:tncleanup.obj
 0002:00000b50       ?ThreadAttach@NativeDll@<CrtImplementationDetails>@@0IB 0000000180019b50     MSVCRT:tncleanup.obj
 0002:00000b54       ?ThreadDetach@NativeDll@<CrtImplementationDetails>@@0IB 0000000180019b54     MSVCRT:tncleanup.obj
 0002:00000b58       ?ProcessVerifier@NativeDll@<CrtImplementationDetails>@@0IB 0000000180019b58     MSVCRT:tncleanup.obj
 0002:00000b60       __rtc_iaa                  0000000180019b60     MSVCRT:_initsect_.obj
 0002:00000b68       __rtc_izz                  0000000180019b68     MSVCRT:_initsect_.obj
 0002:00000b70       __rtc_taa                  0000000180019b70     MSVCRT:_initsect_.obj
 0002:00000b78       __rtc_tzz                  0000000180019b78     MSVCRT:_initsect_.obj
 0002:00001230       __IMPORT_DESCRIPTOR_sf_runtime 000000018001a230     sf_runtime:sf_runtime.dll
 0002:00001244       __IMPORT_DESCRIPTOR_libmx  000000018001a244     libmx:libmx.dll
 0002:00001258       __IMPORT_DESCRIPTOR_libmex 000000018001a258     libmex:libmex.dll
 0002:0000126c       __IMPORT_DESCRIPTOR_libut  000000018001a26c     libut:libut.dll
 0002:00001280       __IMPORT_DESCRIPTOR_libmwmathutil 000000018001a280     libmwmathutil:libmwmathutil.dll
 0002:00001294       __IMPORT_DESCRIPTOR_MSVCR100 000000018001a294     MSVCRT:MSVCR100.dll
 0002:000012a8       __IMPORT_DESCRIPTOR_KERNEL32 000000018001a2a8     kernel32:KERNEL32.dll
 0002:000012bc       __NULL_IMPORT_DESCRIPTOR   000000018001a2bc     sf_runtime:sf_runtime.dll
 0003:00004458       DYNAMIC_DIMENSION          0000000180020458     Arti_DeltaSM_Angulos_sfun_registry.obj
 0003:00005058       __security_cookie          0000000180021058     MSVCRT:gs_cookie.obj
 0003:00005060       __security_cookie_complement 0000000180021060     MSVCRT:gs_cookie.obj
 0003:00005068       _fltused                   0000000180021068     MSVCRT:dllsupp.obj
 0003:00005070       __native_dllmain_reason    0000000180021070     MSVCRT:natstart.obj
 0003:00005074       __native_vcclrit_reason    0000000180021074     MSVCRT:natstart.obj
 0003:00005178       sfGlobalDebugInstanceStruct 0000000180021178     Arti_DeltaSM_Angulos_sfun_registry.obj
 0003:00005700       ?__type_info_root_node@@3U__type_info_node@@A 0000000180021700     MSVCRT:tncleanup.obj
 0003:00005710       _Arti_DeltaSM_AngulosMachineNumber_ 0000000180021710     <common>
 0003:00005714       __native_startup_state     0000000180021714     <common>
 0003:00005718       __native_startup_lock      0000000180021718     <common>
 0003:00005720       __onexitend                0000000180021720     <common>
 0003:00005728       __onexitbegin              0000000180021728     <common>
 0003:00005730       __dyn_tls_init_callback    0000000180021730     <common>

 entry point at        0001:00016e30

 Static symbols

 0001:00000b40       c1_info_helper             0000000180001b40 f   c1_Arti_DeltaSM_Angulos.obj
 0001:000060a0       c1_emlrt_marshallOut       00000001800070a0 f   c1_Arti_DeltaSM_Angulos.obj
 0001:00006130       c1_b_emlrt_marshallOut     0000000180007130 f   c1_Arti_DeltaSM_Angulos.obj
 0001:00007860       get_sim_state_c1_Arti_DeltaSM_Angulos 0000000180008860 f   c1_Arti_DeltaSM_Angulos.obj
 0001:00008020       sf_get_sim_state_info_c1_Arti_DeltaSM_Angulos 0000000180009020 f   c1_Arti_DeltaSM_Angulos.obj
 0001:000081f0       set_sim_state_c1_Arti_DeltaSM_Angulos 00000001800091f0 f   c1_Arti_DeltaSM_Angulos.obj
 0001:00008590       c1_update_debugger_state_c1_Arti_DeltaSM_Angulos 0000000180009590 f   c1_Arti_DeltaSM_Angulos.obj
 0001:000085a0       c1_emlrt_marshallIn        00000001800095a0 f   c1_Arti_DeltaSM_Angulos.obj
 0001:00008610       c1_b_emlrt_marshallIn      0000000180009610 f   c1_Arti_DeltaSM_Angulos.obj
 0001:000086a0       c1_d_emlrt_marshallIn      00000001800096a0 f   c1_Arti_DeltaSM_Angulos.obj
 0001:00008700       c1_e_emlrt_marshallIn      0000000180009700 f   c1_Arti_DeltaSM_Angulos.obj
 0001:00008800       mdlProcessParameters_c1_Arti_DeltaSM_Angulos 0000000180009800 f   c1_Arti_DeltaSM_Angulos.obj
 0001:000088e0       initialize_params_c1_Arti_DeltaSM_Angulos 00000001800098e0 f   c1_Arti_DeltaSM_Angulos.obj
 0001:000088f0       mdlSetWorkWidths_c1_Arti_DeltaSM_Angulos 00000001800098f0 f   c1_Arti_DeltaSM_Angulos.obj
 0001:00008eb0       sf_get_instance_specialization 0000000180009eb0 f   c1_Arti_DeltaSM_Angulos.obj
 0001:00008ec0       mdlStart_c1_Arti_DeltaSM_Angulos 0000000180009ec0 f   c1_Arti_DeltaSM_Angulos.obj
 0001:000090f0       init_dsm_address_info      000000018000a0f0 f   c1_Arti_DeltaSM_Angulos.obj
 0001:00009100       chart_debug_initialization 000000018000a100 f   c1_Arti_DeltaSM_Angulos.obj
 0001:0000ab90       init_script_number_translation 000000018000bb90 f   c1_Arti_DeltaSM_Angulos.obj
 0001:0000abb0       c1_sf_marshallOut          000000018000bbb0 f   c1_Arti_DeltaSM_Angulos.obj
 0001:0000ac60       c1_sf_marshallIn           000000018000bc60 f   c1_Arti_DeltaSM_Angulos.obj
 0001:0000ad00       c1_b_sf_marshallOut        000000018000bd00 f   c1_Arti_DeltaSM_Angulos.obj
 0001:0000af20       c1_c_sf_marshallOut        000000018000bf20 f   c1_Arti_DeltaSM_Angulos.obj
 0001:0000b0a0       c1_d_sf_marshallOut        000000018000c0a0 f   c1_Arti_DeltaSM_Angulos.obj
 0001:0000b210       sf_opaque_initialize_c1_Arti_DeltaSM_Angulos 000000018000c210 f   c1_Arti_DeltaSM_Angulos.obj
 0001:0000b250       initialize_c1_Arti_DeltaSM_Angulos 000000018000c250 f   c1_Arti_DeltaSM_Angulos.obj
 0001:0000b2a0       sf_opaque_enable_c1_Arti_DeltaSM_Angulos 000000018000c2a0 f   c1_Arti_DeltaSM_Angulos.obj
 0001:0000b2c0       enable_c1_Arti_DeltaSM_Angulos 000000018000c2c0 f   c1_Arti_DeltaSM_Angulos.obj
 0001:0000b2f0       sf_opaque_disable_c1_Arti_DeltaSM_Angulos 000000018000c2f0 f   c1_Arti_DeltaSM_Angulos.obj
 0001:0000b310       disable_c1_Arti_DeltaSM_Angulos 000000018000c310 f   c1_Arti_DeltaSM_Angulos.obj
 0001:0000b340       sf_opaque_gateway_c1_Arti_DeltaSM_Angulos 000000018000c340 f   c1_Arti_DeltaSM_Angulos.obj
 0001:0000b360       sf_gateway_c1_Arti_DeltaSM_Angulos 000000018000c360 f   c1_Arti_DeltaSM_Angulos.obj
 0001:0000bba0       c1_chartstep_c1_Arti_DeltaSM_Angulos 000000018000cba0 f   c1_Arti_DeltaSM_Angulos.obj
 0001:0000eb70       c1_polyval                 000000018000fb70 f   c1_Arti_DeltaSM_Angulos.obj
 0001:0000ec10       c1_polyder                 000000018000fc10 f   c1_Arti_DeltaSM_Angulos.obj
 0001:0000f290       c1_isfinite                0000000180010290 f   c1_Arti_DeltaSM_Angulos.obj
 0001:0000f360       c1_b_polyval               0000000180010360 f   c1_Arti_DeltaSM_Angulos.obj
 0001:0000f590       c1_b_polyder               0000000180010590 f   c1_Arti_DeltaSM_Angulos.obj
 0001:0000f980       c1_trim_leading_zeros      0000000180010980 f   c1_Arti_DeltaSM_Angulos.obj
 0001:00010030       c1_mpower                  0000000180011030 f   c1_Arti_DeltaSM_Angulos.obj
 0001:000100a0       c1_eml_scalar_eg           00000001800110a0 f   c1_Arti_DeltaSM_Angulos.obj
 0001:000100b0       sf_opaque_get_sim_state_c1_Arti_DeltaSM_Angulos 00000001800110b0 f   c1_Arti_DeltaSM_Angulos.obj
 0001:000100d0       sf_opaque_set_sim_state_c1_Arti_DeltaSM_Angulos 00000001800110d0 f   c1_Arti_DeltaSM_Angulos.obj
 0001:00010100       sf_opaque_terminate_c1_Arti_DeltaSM_Angulos 0000000180011100 f   c1_Arti_DeltaSM_Angulos.obj
 0001:000101a0       finalize_c1_Arti_DeltaSM_Angulos 00000001800111a0 f   c1_Arti_DeltaSM_Angulos.obj
 0001:000101b0       sf_opaque_init_subchart_simstructs 00000001800111b0 f   c1_Arti_DeltaSM_Angulos.obj
 0001:000101d0       initSimStructsc1_Arti_DeltaSM_Angulos 00000001800111d0 f   c1_Arti_DeltaSM_Angulos.obj
 0001:000101e0       mdlRTW_c1_Arti_DeltaSM_Angulos 00000001800111e0 f   c1_Arti_DeltaSM_Angulos.obj
 0001:00010b50       getChartInfoFromSimStruct  0000000180011b50 f   Arti_DeltaSM_Angulos_sfun_registry.obj
 0001:000121f0       _ssFatalError              00000001800131f0 f   Arti_DeltaSM_Angulos_sfun_registry.obj
 0001:000152a0       ProcessMexSfunctionCmdLineCall 00000001800162a0 f   Arti_DeltaSM_Angulos_sfun_registry.obj
 0001:000153d0       sf_debug_api_wrapper       00000001800163d0 f   Arti_DeltaSM_Angulos_sfun_registry.obj
 0001:00015420       mdlStart                   0000000180016420 f   Arti_DeltaSM_Angulos_sfun_registry.obj
 0001:00015450       mdl_start_processing       0000000180016450 f   Arti_DeltaSM_Angulos_sfun_registry.obj
 0001:000154e0       mdlTerminate               00000001800164e0 f   Arti_DeltaSM_Angulos_sfun_registry.obj
 0001:00015510       mdl_terminate_processing   0000000180016510 f   Arti_DeltaSM_Angulos_sfun_registry.obj
 0001:00015590       mdlInitializeSampleTimes   0000000180016590 f   Arti_DeltaSM_Angulos_sfun_registry.obj
 0001:000155c0       mdlZeroCrossings           00000001800165c0 f   Arti_DeltaSM_Angulos_sfun_registry.obj
 0001:000155f0       mdl_zeroCrossings_processing 00000001800165f0 f   Arti_DeltaSM_Angulos_sfun_registry.obj
 0001:00015630       mdlDerivatives             0000000180016630 f   Arti_DeltaSM_Angulos_sfun_registry.obj
 0001:00015660       mdl_derivatives_processing 0000000180016660 f   Arti_DeltaSM_Angulos_sfun_registry.obj
 0001:000156b0       mdlInitializeConditions    00000001800166b0 f   Arti_DeltaSM_Angulos_sfun_registry.obj
 0001:000156e0       mdl_initialize_conditions_processing 00000001800166e0 f   Arti_DeltaSM_Angulos_sfun_registry.obj
 0001:00015730       mdlEnable                  0000000180016730 f   Arti_DeltaSM_Angulos_sfun_registry.obj
 0001:00015760       mdl_enable_processing      0000000180016760 f   Arti_DeltaSM_Angulos_sfun_registry.obj
 0001:000157a0       mdlDisable                 00000001800167a0 f   Arti_DeltaSM_Angulos_sfun_registry.obj
 0001:000157d0       mdl_disable_processing     00000001800167d0 f   Arti_DeltaSM_Angulos_sfun_registry.obj
 0001:00015810       mdlOutputs                 0000000180016810 f   Arti_DeltaSM_Angulos_sfun_registry.obj
 0001:00015840       mdl_outputs_processing     0000000180016840 f   Arti_DeltaSM_Angulos_sfun_registry.obj
 0001:00015920       mdl_outputs_continuous_legacy 0000000180016920 f   Arti_DeltaSM_Angulos_sfun_registry.obj
 0001:00015a10       mdlGetTimeOfNextVarHit     0000000180016a10 f   Arti_DeltaSM_Angulos_sfun_registry.obj
 0001:00015a60       _ProcessMexSfunctionCmdLineCall 0000000180016a60 f   Arti_DeltaSM_Angulos_sfun_registry.obj
 0001:000161b0       mdlSetWorkWidths           00000001800171b0 f   Arti_DeltaSM_Angulos_sfun_registry.obj
 0001:000161e0       mdlProcessParameters       00000001800171e0 f   Arti_DeltaSM_Angulos_sfun_registry.obj
 0001:00016210       mdlInitializeSizes         0000000180017210 f   Arti_DeltaSM_Angulos_sfun_registry.obj
 0001:00016240       mdlExtModeExec             0000000180017240 f   Arti_DeltaSM_Angulos_sfun_registry.obj
 0001:00016270       mdl_ext_mode_exec_processing 0000000180017270 f   Arti_DeltaSM_Angulos_sfun_registry.obj
 0001:000162b0       mdlRTW                     00000001800172b0 f   Arti_DeltaSM_Angulos_sfun_registry.obj
 0001:000162f0       _CreateSimStruct           00000001800172f0 f   Arti_DeltaSM_Angulos_sfun_registry.obj
 0001:00016480       _RegNumInputPortsCB        0000000180017480 f   Arti_DeltaSM_Angulos_sfun_registry.obj
 0001:00016500       _RegNumOutputPortsCB       0000000180017500 f   Arti_DeltaSM_Angulos_sfun_registry.obj
 0001:00016a38       pre_c_init                 0000000180017a38 f   MSVCRT:crtdll.obj
 0001:00016cf4       __DllMainCRTStartup        0000000180017cf4 f   MSVCRT:crtdll.obj
 0001:00017360       __DllMainCRTStartup$filt$0 0000000180018360 f   MSVCRT:crtdll.obj
 0001:00017390       __DllMainCRTStartup$fin$1  0000000180018390 f   MSVCRT:crtdll.obj
 0001:000173aa       _onexit$fin$0              00000001800183aa f   MSVCRT:atonexit.obj
 0001:000173d0       _IsNonwritableInCurrentImage$filt$0 00000001800183d0 f   MSVCRT:pesect.obj
