 Arti_DeltaSM_Angulos_sfun

 Timestamp is 57152a54 (Mon Apr 18 13:41:24 2016)

 Preferred load address is 0000000180000000

 Start         Length     Name                   Class
 0001:00000000 00011bf4H .text                   CODE
 0001:00011c00 00000092H .text$x                 CODE
 0002:00000000 00000448H .idata$5                DATA
 0002:00000448 00000008H .CRT$XCA                DATA
 0002:00000450 00000008H .CRT$XCZ                DATA
 0002:00000458 00000008H .CRT$XIA                DATA
 0002:00000460 00000008H .CRT$XIAA               DATA
 0002:00000468 00000008H .CRT$XIZ                DATA
 0002:00000470 000006a4H .rdata                  DATA
 0002:00000b18 00000008H .rtc$IAA                DATA
 0002:00000b20 00000008H .rtc$IZZ                DATA
 0002:00000b28 00000008H .rtc$TAA                DATA
 0002:00000b30 00000008H .rtc$TZZ                DATA
 0002:00000b38 00000668H .xdata                  DATA
 0002:000011a0 00000078H .idata$2                DATA
 0002:00001218 00000014H .idata$3                DATA
 0002:00001230 00000448H .idata$4                DATA
 0002:00001678 00000be0H .idata$6                DATA
 0002:00002260 0000005fH .edata                  DATA
 0003:00000000 00002b08H .data                   DATA
 0003:00002b10 000006a8H .bss                    DATA
 0004:00000000 000007b0H .pdata                  DATA

  Address         Publics by Value              Rva+Base               Lib:Object

 0000:00000000       ___safe_se_handler_count   0000000000000000     <absolute>
 0000:00000000       ___safe_se_handler_table   0000000000000000     <absolute>
 0000:00000000       __ImageBase                0000000180000000     <linker-defined>
 0001:00000000       Arti_DeltaSM_Angulos_initializer 0000000180001000 f   Arti_DeltaSM_Angulos_sfun.obj
 0001:00000010       Arti_DeltaSM_Angulos_terminator 0000000180001010 f   Arti_DeltaSM_Angulos_sfun.obj
 0001:00000020       sf_Arti_DeltaSM_Angulos_method_dispatcher 0000000180001020 f   Arti_DeltaSM_Angulos_sfun.obj
 0001:00000070       sf_Arti_DeltaSM_Angulos_process_check_sum_call 0000000180001070 f   Arti_DeltaSM_Angulos_sfun.obj
 0001:00000480       sf_Arti_DeltaSM_Angulos_autoinheritance_info 0000000180001480 f   Arti_DeltaSM_Angulos_sfun.obj
 0001:000005f0       sf_Arti_DeltaSM_Angulos_get_eml_resolved_functions_info 00000001800015f0 f   Arti_DeltaSM_Angulos_sfun.obj
 0001:00000720       sf_Arti_DeltaSM_Angulos_third_party_uses_info 0000000180001720 f   Arti_DeltaSM_Angulos_sfun.obj
 0001:00000870       sf_Arti_DeltaSM_Angulos_updateBuildInfo_args_info 0000000180001870 f   Arti_DeltaSM_Angulos_sfun.obj
 0001:000009c0       Arti_DeltaSM_Angulos_debug_initialize 00000001800019c0 f   Arti_DeltaSM_Angulos_sfun.obj
 0001:00000a40       Arti_DeltaSM_Angulos_register_exported_symbols 0000000180001a40 f   Arti_DeltaSM_Angulos_sfun.obj
 0001:00000a50       load_Arti_DeltaSM_Angulos_optimization_info 0000000180001a50 f   Arti_DeltaSM_Angulos_sfun.obj
 0001:00000aa0       unload_Arti_DeltaSM_Angulos_optimization_info 0000000180001aa0 f   Arti_DeltaSM_Angulos_sfun.obj
 0001:00000ad0       sf_c1_Arti_DeltaSM_Angulos_get_eml_resolved_functions_info 0000000180001ad0 f   c1_Arti_DeltaSM_Angulos.obj
 0001:00002470       sf_c1_Arti_DeltaSM_Angulos_get_check_sum 0000000180003470 f   c1_Arti_DeltaSM_Angulos.obj
 0001:000024f0       sf_c1_Arti_DeltaSM_Angulos_get_autoinheritance_info 00000001800034f0 f   c1_Arti_DeltaSM_Angulos.obj
 0001:00003890       sf_c1_Arti_DeltaSM_Angulos_third_party_uses_info 0000000180004890 f   c1_Arti_DeltaSM_Angulos.obj
 0001:000038c0       sf_c1_Arti_DeltaSM_Angulos_updateBuildInfo_args_info 00000001800048c0 f   c1_Arti_DeltaSM_Angulos.obj
 0001:000038f0       sf_internal_get_sim_state_c1_Arti_DeltaSM_Angulos 00000001800048f0 f   c1_Arti_DeltaSM_Angulos.obj
 0001:00004270       sf_internal_set_sim_state_c1_Arti_DeltaSM_Angulos 0000000180005270 f   c1_Arti_DeltaSM_Angulos.obj
 0001:00004920       c1_Arti_DeltaSM_Angulos_method_dispatcher 0000000180005920 f   c1_Arti_DeltaSM_Angulos.obj
 0001:0000aad0       sf_process_check_sum_call  000000018000bad0 f   Arti_DeltaSM_Angulos_sfun_registry.obj
 0001:0000ab20       sf_process_autoinheritance_call 000000018000bb20 f   Arti_DeltaSM_Angulos_sfun_registry.obj
 0001:0000acc0       sf_process_get_third_party_uses_info_call 000000018000bcc0 f   Arti_DeltaSM_Angulos_sfun_registry.obj
 0001:0000ae60       sf_process_get_updateBuildInfo_args_info_call 000000018000be60 f   Arti_DeltaSM_Angulos_sfun_registry.obj
 0001:0000b000       sf_process_get_eml_resolved_functions_info_call 000000018000c000 f   Arti_DeltaSM_Angulos_sfun_registry.obj
 0001:0000b180       sf_mex_unlock_call         000000018000c180 f   Arti_DeltaSM_Angulos_sfun_registry.obj
 0001:0000b230       sf_machine_global_initializer_called 000000018000c230 f   Arti_DeltaSM_Angulos_sfun_registry.obj
 0001:0000b260       sf_machine_global_method_dispatcher 000000018000c260 f   Arti_DeltaSM_Angulos_sfun_registry.obj
 0001:0000b2c0       sf_machine_global_terminator 000000018000c2c0 f   Arti_DeltaSM_Angulos_sfun_registry.obj
 0001:0000b310       sf_register_machine_exported_symbols 000000018000c310 f   Arti_DeltaSM_Angulos_sfun_registry.obj
 0001:0000b330       callCustomFcn              000000018000c330 f   Arti_DeltaSM_Angulos_sfun_registry.obj
 0001:0000b340       sf_machine_global_initializer 000000018000c340 f   Arti_DeltaSM_Angulos_sfun_registry.obj
 0001:0000b3c0       mdlGetSimState             000000018000c3c0 f   Arti_DeltaSM_Angulos_sfun_registry.obj
 0001:0000b440       mdlSetSimState             000000018000c440 f   Arti_DeltaSM_Angulos_sfun_registry.obj
 0001:0000b480       _ssSetStateAbsTol          000000018000c480 f   Arti_DeltaSM_Angulos_sfun_registry.obj
 0001:0000b560       _ssGetAbsTol               000000018000c560 f   Arti_DeltaSM_Angulos_sfun_registry.obj
 0001:0000b5d0       _ssSetInputPortMatrixDimensions 000000018000c5d0 f   Arti_DeltaSM_Angulos_sfun_registry.obj
 0001:0000b6e0       _ssSetOutputPortMatrixDimensions 000000018000c6e0 f   Arti_DeltaSM_Angulos_sfun_registry.obj
 0001:0000b7f0       _ssSetInputPortVectorDimension 000000018000c7f0 f   Arti_DeltaSM_Angulos_sfun_registry.obj
 0001:0000b8c0       _ssSetOutputPortVectorDimension 000000018000c8c0 f   Arti_DeltaSM_Angulos_sfun_registry.obj
 0001:0000b990       ssIsRunTimeParamTunable    000000018000c990 f   Arti_DeltaSM_Angulos_sfun_registry.obj
 0001:0000ba00       ssGetSFuncBlockHandle      000000018000ca00 f   Arti_DeltaSM_Angulos_sfun_registry.obj
 0001:0000ba70       _ssGetCurrentInputPortWidth 000000018000ca70 f   Arti_DeltaSM_Angulos_sfun_registry.obj
 0001:0000bb90       _ssGetCurrentOutputPortWidth 000000018000cb90 f   Arti_DeltaSM_Angulos_sfun_registry.obj
 0001:0000bcb0       _ssGetCallSystemNumFcnCallDestinations 000000018000ccb0 f   Arti_DeltaSM_Angulos_sfun_registry.obj
 0001:0000bd20       ssWarning                  000000018000cd20 f   Arti_DeltaSM_Angulos_sfun_registry.obj
 0001:0000be30       ssGetIsZeroCrossControlDisabled 000000018000ce30 f   Arti_DeltaSM_Angulos_sfun_registry.obj
 0001:0000bea0       ssSetIsInputPortUsedForContZcSignal 000000018000cea0 f   Arti_DeltaSM_Angulos_sfun_registry.obj
 0001:0000bf10       ssSetZcSignalIsZcElementDisc 000000018000cf10 f   Arti_DeltaSM_Angulos_sfun_registry.obj
 0001:0000bfc0       ssSetZcSignalName          000000018000cfc0 f   Arti_DeltaSM_Angulos_sfun_registry.obj
 0001:0000c030       ssSetZcSignalWidth         000000018000d030 f   Arti_DeltaSM_Angulos_sfun_registry.obj
 0001:0000c0a0       ssSetZcSignalZcEventType   000000018000d0a0 f   Arti_DeltaSM_Angulos_sfun_registry.obj
 0001:0000c110       ssSetZcSignalType          000000018000d110 f   Arti_DeltaSM_Angulos_sfun_registry.obj
 0001:0000c180       ssSetZcSignalZcTol         000000018000d180 f   Arti_DeltaSM_Angulos_sfun_registry.obj
 0001:0000c1f0       ssSetZcSignalNeedsEventNotification 000000018000d1f0 f   Arti_DeltaSM_Angulos_sfun_registry.obj
 0001:0000c260       ssCreateAndAddZcSignalInfo 000000018000d260 f   Arti_DeltaSM_Angulos_sfun_registry.obj
 0001:0000c2d0       ssCloneAndAddZcSignalInfo  000000018000d2d0 f   Arti_DeltaSM_Angulos_sfun_registry.obj
 0001:0000c340       ssGetNumZcSignals          000000018000d340 f   Arti_DeltaSM_Angulos_sfun_registry.obj
 0001:0000c3b0       ssGetZcSignalVector        000000018000d3b0 f   Arti_DeltaSM_Angulos_sfun_registry.obj
 0001:0000c420       ssGetZcSignalZcEvents      000000018000d420 f   Arti_DeltaSM_Angulos_sfun_registry.obj
 0001:0000c490       ssGetZcSignalName          000000018000d490 f   Arti_DeltaSM_Angulos_sfun_registry.obj
 0001:0000c500       ssGetZcSignalWidth         000000018000d500 f   Arti_DeltaSM_Angulos_sfun_registry.obj
 0001:0000c570       ssGetZcSignalZcEventType   000000018000d570 f   Arti_DeltaSM_Angulos_sfun_registry.obj
 0001:0000c5e0       ssGetZcSignalType          000000018000d5e0 f   Arti_DeltaSM_Angulos_sfun_registry.obj
 0001:0000c650       ssGetZcSignalZcTol         000000018000d650 f   Arti_DeltaSM_Angulos_sfun_registry.obj
 0001:0000c6d0       ssGetZcSignalNeedsEventNotification 000000018000d6d0 f   Arti_DeltaSM_Angulos_sfun_registry.obj
 0001:0000c740       ssGetZcSignalIsZcElementDisc 000000018000d740 f   Arti_DeltaSM_Angulos_sfun_registry.obj
 0001:0000c7e0       ssGetIsInputPortElementContinuous 000000018000d7e0 f   Arti_DeltaSM_Angulos_sfun_registry.obj
 0001:0000c880       _ssGetInputPortSignalPtrsFcn 000000018000d880 f   Arti_DeltaSM_Angulos_sfun_registry.obj
 0001:0000cb40       _ssGetInputPortSignalFcn   000000018000db40 f   Arti_DeltaSM_Angulos_sfun_registry.obj
 0001:0000cd60       _ssSetInputPortDirectFeedThroughFcn 000000018000dd60 f   Arti_DeltaSM_Angulos_sfun_registry.obj
 0001:0000cec0       _ssSetInputPortReusableFcn 000000018000dec0 f   Arti_DeltaSM_Angulos_sfun_registry.obj
 0001:0000cfb0       _ssSetOutputPortReusableFcn 000000018000dfb0 f   Arti_DeltaSM_Angulos_sfun_registry.obj
 0001:0000d090       ssGetDTypeIdFromMxArray    000000018000e090 f   Arti_DeltaSM_Angulos_sfun_registry.obj
 0001:0000d1b0       ssWriteRTWStr              000000018000e1b0 f   Arti_DeltaSM_Angulos_sfun_registry.obj
 0001:0000d210       ssWriteRTWMxVectParam      000000018000e210 f   Arti_DeltaSM_Angulos_sfun_registry.obj
 0001:0000d270       ssWriteRTWMx2dMatParam     000000018000e270 f   Arti_DeltaSM_Angulos_sfun_registry.obj
 0001:0000d2f0       ssWriteRTWNameValuePair    000000018000e2f0 f   Arti_DeltaSM_Angulos_sfun_registry.obj
 0001:0000d7e0       ssWriteRTWParameters       000000018000e7e0 f   Arti_DeltaSM_Angulos_sfun_registry.obj
 0001:0000dde0       ssWriteRTWParamSettings    000000018000ede0 f   Arti_DeltaSM_Angulos_sfun_registry.obj
 0001:0000e4b0       ssWriteRTWWorkVect         000000018000f4b0 f   Arti_DeltaSM_Angulos_sfun_registry.obj
 0001:0000e9b0       mexFunction                000000018000f9b0 f   Arti_DeltaSM_Angulos_sfun_registry.obj
 0001:00010e30       ProcessMexSfunctionEveryCall 0000000180011e30 f   Arti_DeltaSM_Angulos_sfun_registry.obj
 0001:00010fb2       sf_debug_set_machine_data_thresholds 0000000180011fb2 f   sf_runtime:sf_runtime.dll
 0001:00010fb8       sf_debug_set_machine_event_thresholds 0000000180011fb8 f   sf_runtime:sf_runtime.dll
 0001:00010fbe       sf_debug_initialize_machine 0000000180011fbe f   sf_runtime:sf_runtime.dll
 0001:00010fc4       sf_load_rtw_optimization_info 0000000180011fc4 f   sf_runtime:sf_runtime.dll
 0001:00010fca       sf_mex_emlrtNameCapturePostProcessR2012a 0000000180011fca f   sf_runtime:sf_runtime.dll
 0001:00010fd0       sf_mex_assign              0000000180011fd0 f   sf_runtime:sf_runtime.dll
 0001:00010fd6       sf_mex_createstruct        0000000180011fd6 f   sf_runtime:sf_runtime.dll
 0001:00010fdc       sf_mex_destroy             0000000180011fdc f   sf_runtime:sf_runtime.dll
 0001:00010fe2       sf_mex_duplicatearraysafe  0000000180011fe2 f   sf_runtime:sf_runtime.dll
 0001:00010fe8       sf_mex_createcellmatrix    0000000180011fe8 f   sf_runtime:sf_runtime.dll
 0001:00010fee       sf_mex_addfield            0000000180011fee f   sf_runtime:sf_runtime.dll
 0001:00010ff4       sf_mex_create              0000000180011ff4 f   sf_runtime:sf_runtime.dll
 0001:00010ffa       sf_mex_error_message       0000000180011ffa f   sf_runtime:sf_runtime.dll
 0001:00011000       sf_mex_call_matlab         0000000180012000 f   sf_runtime:sf_runtime.dll
 0001:00011006       sf_mex_setcell             0000000180012006 f   sf_runtime:sf_runtime.dll
 0001:0001100c       sf_mex_decode_encoded_mx_struct_array 000000018001200c f   sf_runtime:sf_runtime.dll
 0001:00011012       sf_mex_getcell             0000000180012012 f   sf_runtime:sf_runtime.dll
 0001:00011018       sf_mex_dup                 0000000180012018 f   sf_runtime:sf_runtime.dll
 0001:0001101e       sf_mex_import              000000018001201e f   sf_runtime:sf_runtime.dll
 0001:00011024       sf_set_rtw_dwork_info      0000000180012024 f   sf_runtime:sf_runtime.dll
 0001:0001102a       sf_mark_chart_reusable_outputs 000000018001202a f   sf_runtime:sf_runtime.dll
 0001:00011030       sf_mark_chart_expressionable_inputs 0000000180012030 f   sf_runtime:sf_runtime.dll
 0001:00011036       sf_update_buildInfo        0000000180012036 f   sf_runtime:sf_runtime.dll
 0001:0001103c       sf_rtw_info_uint_prop      000000018001203c f   sf_runtime:sf_runtime.dll
 0001:00011042       sf_is_chart_inlinable      0000000180012042 f   sf_runtime:sf_runtime.dll
 0001:00011048       sim_mode_is_external       0000000180012048 f   sf_runtime:sf_runtime.dll
 0001:0001104e       sim_mode_is_rtw_gen        000000018001204e f   sf_runtime:sf_runtime.dll
 0001:00011054       sf_debug_reset_current_state_configuration 0000000180012054 f   sf_runtime:sf_runtime.dll
 0001:0001105a       sf_debug_set_instance_data_value_ptr 000000018001205a f   sf_runtime:sf_runtime.dll
 0001:00011060       sf_debug_set_chart_data_compiled_props 0000000180012060 f   sf_runtime:sf_runtime.dll
 0001:00011066       cv_eml_init_while          0000000180012066 f   sf_runtime:sf_runtime.dll
 0001:0001106c       cv_eml_init_if             000000018001206c f   sf_runtime:sf_runtime.dll
 0001:00011072       cv_eml_init_fcn            0000000180012072 f   sf_runtime:sf_runtime.dll
 0001:00011078       cv_eml_init_script         0000000180012078 f   sf_runtime:sf_runtime.dll
 0001:0001107e       sf_debug_cv_init_trans     000000018001207e f   sf_runtime:sf_runtime.dll
 0001:00011084       sf_debug_cv_init_state     0000000180012084 f   sf_runtime:sf_runtime.dll
 0001:0001108a       sf_debug_cv_init_chart     000000018001208a f   sf_runtime:sf_runtime.dll
 0001:00011090       sf_debug_set_chart_decomposition 0000000180012090 f   sf_runtime:sf_runtime.dll
 0001:00011096       sf_debug_set_chart_substate_count 0000000180012096 f   sf_runtime:sf_runtime.dll
 0001:0001109c       sf_debug_set_chart_state_info 000000018001209c f   sf_runtime:sf_runtime.dll
 0001:000110a2       sf_debug_set_chart_data_props 00000001800120a2 f   sf_runtime:sf_runtime.dll
 0001:000110a8       sf_debug_set_chart_event_thresholds 00000001800120a8 f   sf_runtime:sf_runtime.dll
 0001:000110ae       sf_debug_set_chart_disable_implicit_casting 00000001800120ae f   sf_runtime:sf_runtime.dll
 0001:000110b4       sf_debug_initialize_chart  00000001800120b4 f   sf_runtime:sf_runtime.dll
 0001:000110ba       sf_get_time                00000001800120ba f   sf_runtime:sf_runtime.dll
 0001:000110c0       sf_debug_check_for_state_inconsistency 00000001800120c0 f   sf_runtime:sf_runtime.dll
 0001:000110c6       sf_debug_symbol_scope_pop  00000001800120c6 f   sf_runtime:sf_runtime.dll
 0001:000110cc       sf_debug_data_range_wrapper 00000001800120cc f   sf_runtime:sf_runtime.dll
 0001:000110d2       sf_debug_call              00000001800120d2 f   sf_runtime:sf_runtime.dll
 0001:000110d8       sf_debug_symbol_scope_push 00000001800120d8 f   sf_runtime:sf_runtime.dll
 0001:000110de       sf_mex_listen_for_ctrl_c   00000001800120de f   sf_runtime:sf_runtime.dll
 0001:000110e4       sf_debug_eml_data_array_bounds_error_check 00000001800120e4 f   sf_runtime:sf_runtime.dll
 0001:000110ea       sf_debug_integer_check     00000001800120ea f   sf_runtime:sf_runtime.dll
 0001:000110f0       eml_debug_line_call        00000001800120f0 f   sf_runtime:sf_runtime.dll
 0001:000110f6       cv_eml_eval                00000001800120f6 f   sf_runtime:sf_runtime.dll
 0001:000110fc       sf_debug_symbol_scope_add_eml 00000001800120fc f   sf_runtime:sf_runtime.dll
 0001:00011102       sf_debug_symbol_scope_add_eml_importable 0000000180012102 f   sf_runtime:sf_runtime.dll
 0001:00011108       sf_debug_symbol_scope_push_eml 0000000180012108 f   sf_runtime:sf_runtime.dll
 0001:0001110e       sf_clear_rtw_identifier    000000018001210e f   sf_runtime:sf_runtime.dll
 0001:00011114       sf_debug_terminate         0000000180012114 f   sf_runtime:sf_runtime.dll
 0001:0001111a       sf_debug_create_debug_instance_struct 000000018001211a f   sf_runtime:sf_runtime.dll
 0001:00011120       sf_debug_api               0000000180012120 f   sf_runtime:sf_runtime.dll
 0001:00011126       callMdlMethodAndReportError 0000000180012126 f   sf_runtime:sf_runtime.dll
 0001:0001112c       call_sf_machine_global_method_dispatcher 000000018001212c f   sf_runtime:sf_runtime.dll
 0001:00011132       sf_clear_error_manager_info 0000000180012132 f   sf_runtime:sf_runtime.dll
 0001:00011138       sf_mex_error_direct_call   0000000180012138 f   sf_runtime:sf_runtime.dll
 0001:0001113e       mxGetScalar                000000018001213e f   libmx:libmx.dll
 0001:00011144       mxGetPr                    0000000180012144 f   libmx:libmx.dll
 0001:0001114a       mxCreateDoubleMatrix_730   000000018001214a f   libmx:libmx.dll
 0001:00011150       mxGetString_730            0000000180012150 f   libmx:libmx.dll
 0001:00011156       mxIsChar                   0000000180012156 f   libmx:libmx.dll
 0001:0001115c       mxDestroyArray             000000018001215c f   libmx:libmx.dll
 0001:00011162       mxDuplicateArray           0000000180012162 f   libmx:libmx.dll
 0001:00011168       mxCreateDoubleScalar       0000000180012168 f   libmx:libmx.dll
 0001:0001116e       mxSetField_730             000000018001216e f   libmx:libmx.dll
 0001:00011174       mxCreateString             0000000180012174 f   libmx:libmx.dll
 0001:0001117a       mxCreateStructMatrix_730   000000018001217a f   libmx:libmx.dll
 0001:00011180       mxCreateCellMatrix_730     0000000180012180 f   libmx:libmx.dll
 0001:00011186       mxGetClassID               0000000180012186 f   libmx:libmx.dll
 0001:0001118c       mxIsNumeric                000000018001218c f   libmx:libmx.dll
 0001:00011192       mxIsComplex                0000000180012192 f   libmx:libmx.dll
 0001:00011198       mxGetN                     0000000180012198 f   libmx:libmx.dll
 0001:0001119e       mxGetM                     000000018001219e f   libmx:libmx.dll
 0001:000111a4       mxCalloc                   00000001800121a4 f   libmx:libmx.dll
 0001:000111aa       mexMakeArrayPersistent     00000001800121aa f   libmex:libmex.dll
 0001:000111b0       mexUnlock                  00000001800121b0 f   libmex:libmex.dll
 0001:000111b6       mexIsLocked                00000001800121b6 f   libmex:libmex.dll
 0001:000111bc       mexWarnMsgTxt              00000001800121bc f   libmex:libmex.dll
 0001:000111c2       mexCallMATLAB              00000001800121c2 f   libmex:libmex.dll
 0001:000111c8       mexErrMsgTxt               00000001800121c8 f   libmex:libmex.dll
 0001:000111ce       mexLock                    00000001800121ce f   libmex:libmex.dll
 0001:000111d4       utMalloc                   00000001800121d4 f   libut:libut.dll
 0001:000111da       utFree                     00000001800121da f   libut:libut.dll
 0001:000111e0       __GSHandlerCheckCommon     00000001800121e0 f   MSVCRT:gshandler.obj
 0001:00011244       __GSHandlerCheck           0000000180012244 f   MSVCRT:gshandler.obj
 0001:00011262       strcmp                     0000000180012262 f   MSVCRT:MSVCR100.dll
 0001:00011280       __security_check_cookie    0000000180012280 f   MSVCRT:amdsecgs.obj
 0001:000112a0       strlen                     00000001800122a0 f   MSVCRT:MSVCR100.dll
 0001:000112a6       memset                     00000001800122a6 f   MSVCRT:MSVCR100.dll
 0001:000112ac       free                       00000001800122ac f   MSVCRT:MSVCR100.dll
 0001:000112b2       sprintf                    00000001800122b2 f   MSVCRT:MSVCR100.dll
 0001:000112b8       malloc                     00000001800122b8 f   MSVCRT:MSVCR100.dll
 0001:000112be       strcat                     00000001800122be f   MSVCRT:MSVCR100.dll
 0001:000112c4       memcpy                     00000001800122c4 f   MSVCRT:MSVCR100.dll
 0001:000112cc       NtCurrentTeb               00000001800122cc f i MSVCRT:crtdll.obj
 0001:00011338       _CRT_INIT                  0000000180012338 f   MSVCRT:crtdll.obj
 0001:000116d0       _DllMainCRTStartup         00000001800126d0 f   MSVCRT:crtdll.obj
 0001:00011710       __report_gsfailure         0000000180012710 f   MSVCRT:gs_report.obj
 0001:0001185c       __clean_type_info_names    000000018001285c f   MSVCRT:tncleanup.obj
 0001:00011868       _onexit                    0000000180012868 f   MSVCRT:atonexit.obj
 0001:00011918       atexit                     0000000180012918 f   MSVCRT:atonexit.obj
 0001:00011930       _RTC_Initialize            0000000180012930 f   MSVCRT:_initsect_.obj
 0001:00011968       _RTC_Terminate             0000000180012968 f   MSVCRT:_initsect_.obj
 0001:000119a0       _malloc_crt                00000001800129a0 f   MSVCRT:MSVCR100.dll
 0001:000119b0       _ValidateImageBase         00000001800129b0 f   MSVCRT:pesect.obj
 0001:000119e0       _FindPESection             00000001800129e0 f   MSVCRT:pesect.obj
 0001:00011a30       _IsNonwritableInCurrentImage 0000000180012a30 f   MSVCRT:pesect.obj
 0001:00011a72       _initterm                  0000000180012a72 f   MSVCRT:MSVCR100.dll
 0001:00011a78       _initterm_e                0000000180012a78 f   MSVCRT:MSVCR100.dll
 0001:00011a7e       _encoded_null              0000000180012a7e f   MSVCRT:MSVCR100.dll
 0001:00011a84       _amsg_exit                 0000000180012a84 f   MSVCRT:MSVCR100.dll
 0001:00011a8a       __C_specific_handler       0000000180012a8a f   MSVCRT:MSVCR100.dll
 0001:00011a90       __CppXcptFilter            0000000180012a90 f   MSVCRT:MSVCR100.dll
 0001:00011a98       DllMain                    0000000180012a98 f   MSVCRT:dllmain.obj
 0001:00011abc       __security_init_cookie     0000000180012abc f   MSVCRT:gs_support.obj
 0001:00011b70       __crt_debugger_hook        0000000180012b70 f   MSVCRT:MSVCR100.dll
 0001:00011b76       __clean_type_info_names_internal 0000000180012b76 f   MSVCRT:MSVCR100.dll
 0001:00011b7c       _unlock                    0000000180012b7c f   MSVCRT:MSVCR100.dll
 0001:00011b82       __dllonexit                0000000180012b82 f   MSVCRT:MSVCR100.dll
 0001:00011b88       _lock                      0000000180012b88 f   MSVCRT:MSVCR100.dll
 0001:00011b8e       EncodePointer              0000000180012b8e f   kernel32:KERNEL32.dll
 0001:00011b94       DecodePointer              0000000180012b94 f   kernel32:KERNEL32.dll
 0001:00011b9a       Sleep                      0000000180012b9a f   kernel32:KERNEL32.dll
 0001:00011ba0       TerminateProcess           0000000180012ba0 f   kernel32:KERNEL32.dll
 0001:00011ba6       GetCurrentProcess          0000000180012ba6 f   kernel32:KERNEL32.dll
 0001:00011bac       UnhandledExceptionFilter   0000000180012bac f   kernel32:KERNEL32.dll
 0001:00011bb2       SetUnhandledExceptionFilter 0000000180012bb2 f   kernel32:KERNEL32.dll
 0001:00011bb8       IsDebuggerPresent          0000000180012bb8 f   kernel32:KERNEL32.dll
 0001:00011bbe       RtlVirtualUnwind           0000000180012bbe f   kernel32:KERNEL32.dll
 0001:00011bc4       RtlLookupFunctionEntry     0000000180012bc4 f   kernel32:KERNEL32.dll
 0001:00011bca       RtlCaptureContext          0000000180012bca f   kernel32:KERNEL32.dll
 0001:00011bd0       DisableThreadLibraryCalls  0000000180012bd0 f   kernel32:KERNEL32.dll
 0001:00011bd6       QueryPerformanceCounter    0000000180012bd6 f   kernel32:KERNEL32.dll
 0001:00011bdc       GetTickCount               0000000180012bdc f   kernel32:KERNEL32.dll
 0001:00011be2       GetCurrentThreadId         0000000180012be2 f   kernel32:KERNEL32.dll
 0001:00011be8       GetCurrentProcessId        0000000180012be8 f   kernel32:KERNEL32.dll
 0001:00011bee       GetSystemTimeAsFileTime    0000000180012bee f   kernel32:KERNEL32.dll
 0002:00000000       __imp_GetSystemTimeAsFileTime 0000000180013000     kernel32:KERNEL32.dll
 0002:00000008       __imp_GetCurrentProcessId  0000000180013008     kernel32:KERNEL32.dll
 0002:00000010       __imp_GetCurrentThreadId   0000000180013010     kernel32:KERNEL32.dll
 0002:00000018       __imp_GetTickCount         0000000180013018     kernel32:KERNEL32.dll
 0002:00000020       __imp_QueryPerformanceCounter 0000000180013020     kernel32:KERNEL32.dll
 0002:00000028       __imp_DisableThreadLibraryCalls 0000000180013028     kernel32:KERNEL32.dll
 0002:00000030       __imp_RtlCaptureContext    0000000180013030     kernel32:KERNEL32.dll
 0002:00000038       __imp_RtlLookupFunctionEntry 0000000180013038     kernel32:KERNEL32.dll
 0002:00000040       __imp_RtlVirtualUnwind     0000000180013040     kernel32:KERNEL32.dll
 0002:00000048       __imp_IsDebuggerPresent    0000000180013048     kernel32:KERNEL32.dll
 0002:00000050       __imp_SetUnhandledExceptionFilter 0000000180013050     kernel32:KERNEL32.dll
 0002:00000058       __imp_UnhandledExceptionFilter 0000000180013058     kernel32:KERNEL32.dll
 0002:00000060       __imp_GetCurrentProcess    0000000180013060     kernel32:KERNEL32.dll
 0002:00000068       __imp_TerminateProcess     0000000180013068     kernel32:KERNEL32.dll
 0002:00000070       __imp_Sleep                0000000180013070     kernel32:KERNEL32.dll
 0002:00000078       __imp_DecodePointer        0000000180013078     kernel32:KERNEL32.dll
 0002:00000080       __imp_EncodePointer        0000000180013080     kernel32:KERNEL32.dll
 0002:00000088       \177KERNEL32_NULL_THUNK_DATA 0000000180013088     kernel32:KERNEL32.dll
 0002:00000090       __imp__onexit              0000000180013090     MSVCRT:MSVCR100.dll
 0002:00000098       __imp__lock                0000000180013098     MSVCRT:MSVCR100.dll
 0002:000000a0       __imp___dllonexit          00000001800130a0     MSVCRT:MSVCR100.dll
 0002:000000a8       __imp__unlock              00000001800130a8     MSVCRT:MSVCR100.dll
 0002:000000b0       __imp___clean_type_info_names_internal 00000001800130b0     MSVCRT:MSVCR100.dll
 0002:000000b8       __imp___crt_debugger_hook  00000001800130b8     MSVCRT:MSVCR100.dll
 0002:000000c0       __imp___CppXcptFilter      00000001800130c0     MSVCRT:MSVCR100.dll
 0002:000000c8       __imp___C_specific_handler 00000001800130c8     MSVCRT:MSVCR100.dll
 0002:000000d0       __imp__amsg_exit           00000001800130d0     MSVCRT:MSVCR100.dll
 0002:000000d8       __imp__encoded_null        00000001800130d8     MSVCRT:MSVCR100.dll
 0002:000000e0       __imp__initterm_e          00000001800130e0     MSVCRT:MSVCR100.dll
 0002:000000e8       __imp__initterm            00000001800130e8     MSVCRT:MSVCR100.dll
 0002:000000f0       __imp__malloc_crt          00000001800130f0     MSVCRT:MSVCR100.dll
 0002:000000f8       __imp_memcpy               00000001800130f8     MSVCRT:MSVCR100.dll
 0002:00000100       __imp_strcat               0000000180013100     MSVCRT:MSVCR100.dll
 0002:00000108       __imp_malloc               0000000180013108     MSVCRT:MSVCR100.dll
 0002:00000110       __imp_sprintf              0000000180013110     MSVCRT:MSVCR100.dll
 0002:00000118       __imp_free                 0000000180013118     MSVCRT:MSVCR100.dll
 0002:00000120       __imp_memset               0000000180013120     MSVCRT:MSVCR100.dll
 0002:00000128       __imp_strlen               0000000180013128     MSVCRT:MSVCR100.dll
 0002:00000130       __imp_strcmp               0000000180013130     MSVCRT:MSVCR100.dll
 0002:00000138       \177MSVCR100_NULL_THUNK_DATA 0000000180013138     MSVCRT:MSVCR100.dll
 0002:00000140       __imp_mexLock              0000000180013140     libmex:libmex.dll
 0002:00000148       __imp_mexErrMsgTxt         0000000180013148     libmex:libmex.dll
 0002:00000150       __imp_mexCallMATLAB        0000000180013150     libmex:libmex.dll
 0002:00000158       __imp_mexWarnMsgTxt        0000000180013158     libmex:libmex.dll
 0002:00000160       __imp_mexIsLocked          0000000180013160     libmex:libmex.dll
 0002:00000168       __imp_mexUnlock            0000000180013168     libmex:libmex.dll
 0002:00000170       __imp_mexMakeArrayPersistent 0000000180013170     libmex:libmex.dll
 0002:00000178       \177libmex_NULL_THUNK_DATA 0000000180013178     libmex:libmex.dll
 0002:00000180       __imp_mxCalloc             0000000180013180     libmx:libmx.dll
 0002:00000188       __imp_mxGetM               0000000180013188     libmx:libmx.dll
 0002:00000190       __imp_mxGetN               0000000180013190     libmx:libmx.dll
 0002:00000198       __imp_mxIsComplex          0000000180013198     libmx:libmx.dll
 0002:000001a0       __imp_mxIsNumeric          00000001800131a0     libmx:libmx.dll
 0002:000001a8       __imp_mxGetClassID         00000001800131a8     libmx:libmx.dll
 0002:000001b0       __imp_mxCreateCellMatrix_730 00000001800131b0     libmx:libmx.dll
 0002:000001b8       __imp_mxCreateStructMatrix_730 00000001800131b8     libmx:libmx.dll
 0002:000001c0       __imp_mxCreateString       00000001800131c0     libmx:libmx.dll
 0002:000001c8       __imp_mxSetField_730       00000001800131c8     libmx:libmx.dll
 0002:000001d0       __imp_mxCreateDoubleScalar 00000001800131d0     libmx:libmx.dll
 0002:000001d8       __imp_mxDuplicateArray     00000001800131d8     libmx:libmx.dll
 0002:000001e0       __imp_mxDestroyArray       00000001800131e0     libmx:libmx.dll
 0002:000001e8       __imp_mxIsChar             00000001800131e8     libmx:libmx.dll
 0002:000001f0       __imp_mxGetString_730      00000001800131f0     libmx:libmx.dll
 0002:000001f8       __imp_mxCreateDoubleMatrix_730 00000001800131f8     libmx:libmx.dll
 0002:00000200       __imp_mxGetPr              0000000180013200     libmx:libmx.dll
 0002:00000208       __imp_mxGetScalar          0000000180013208     libmx:libmx.dll
 0002:00000210       \177libmx_NULL_THUNK_DATA  0000000180013210     libmx:libmx.dll
 0002:00000218       __imp_utMalloc             0000000180013218     libut:libut.dll
 0002:00000220       __imp_utFree               0000000180013220     libut:libut.dll
 0002:00000228       \177libut_NULL_THUNK_DATA  0000000180013228     libut:libut.dll
 0002:00000230       __imp_call_sf_machine_global_method_dispatcher 0000000180013230     sf_runtime:sf_runtime.dll
 0002:00000238       __imp_callMdlMethodAndReportError 0000000180013238     sf_runtime:sf_runtime.dll
 0002:00000240       __imp_sf_debug_api         0000000180013240     sf_runtime:sf_runtime.dll
 0002:00000248       __imp_sf_debug_create_debug_instance_struct 0000000180013248     sf_runtime:sf_runtime.dll
 0002:00000250       __imp_sf_debug_terminate   0000000180013250     sf_runtime:sf_runtime.dll
 0002:00000258       __imp_sf_clear_rtw_identifier 0000000180013258     sf_runtime:sf_runtime.dll
 0002:00000260       __imp_sf_debug_symbol_scope_push_eml 0000000180013260     sf_runtime:sf_runtime.dll
 0002:00000268       __imp_sf_debug_symbol_scope_add_eml_importable 0000000180013268     sf_runtime:sf_runtime.dll
 0002:00000270       __imp_sf_debug_symbol_scope_add_eml 0000000180013270     sf_runtime:sf_runtime.dll
 0002:00000278       __imp_cv_eml_eval          0000000180013278     sf_runtime:sf_runtime.dll
 0002:00000280       __imp_eml_debug_line_call  0000000180013280     sf_runtime:sf_runtime.dll
 0002:00000288       __imp_sf_clear_error_manager_info 0000000180013288     sf_runtime:sf_runtime.dll
 0002:00000290       __imp_sf_debug_eml_data_array_bounds_error_check 0000000180013290     sf_runtime:sf_runtime.dll
 0002:00000298       __imp_sf_mex_listen_for_ctrl_c 0000000180013298     sf_runtime:sf_runtime.dll
 0002:000002a0       __imp_sf_debug_symbol_scope_push 00000001800132a0     sf_runtime:sf_runtime.dll
 0002:000002a8       __imp_sf_debug_call        00000001800132a8     sf_runtime:sf_runtime.dll
 0002:000002b0       __imp_sf_debug_data_range_wrapper 00000001800132b0     sf_runtime:sf_runtime.dll
 0002:000002b8       __imp_sf_debug_symbol_scope_pop 00000001800132b8     sf_runtime:sf_runtime.dll
 0002:000002c0       __imp_sf_debug_check_for_state_inconsistency 00000001800132c0     sf_runtime:sf_runtime.dll
 0002:000002c8       __imp_sf_get_time          00000001800132c8     sf_runtime:sf_runtime.dll
 0002:000002d0       __imp_sf_debug_initialize_chart 00000001800132d0     sf_runtime:sf_runtime.dll
 0002:000002d8       __imp_sf_debug_set_chart_disable_implicit_casting 00000001800132d8     sf_runtime:sf_runtime.dll
 0002:000002e0       __imp_sf_debug_set_chart_event_thresholds 00000001800132e0     sf_runtime:sf_runtime.dll
 0002:000002e8       __imp_sf_debug_set_chart_data_props 00000001800132e8     sf_runtime:sf_runtime.dll
 0002:000002f0       __imp_sf_mex_error_direct_call 00000001800132f0     sf_runtime:sf_runtime.dll
 0002:000002f8       __imp_sf_debug_integer_check 00000001800132f8     sf_runtime:sf_runtime.dll
 0002:00000300       __imp_sf_debug_set_chart_state_info 0000000180013300     sf_runtime:sf_runtime.dll
 0002:00000308       __imp_sf_debug_set_chart_substate_count 0000000180013308     sf_runtime:sf_runtime.dll
 0002:00000310       __imp_sf_debug_set_chart_decomposition 0000000180013310     sf_runtime:sf_runtime.dll
 0002:00000318       __imp_sf_debug_cv_init_chart 0000000180013318     sf_runtime:sf_runtime.dll
 0002:00000320       __imp_sf_debug_cv_init_state 0000000180013320     sf_runtime:sf_runtime.dll
 0002:00000328       __imp_sf_debug_cv_init_trans 0000000180013328     sf_runtime:sf_runtime.dll
 0002:00000330       __imp_cv_eml_init_script   0000000180013330     sf_runtime:sf_runtime.dll
 0002:00000338       __imp_cv_eml_init_fcn      0000000180013338     sf_runtime:sf_runtime.dll
 0002:00000340       __imp_cv_eml_init_if       0000000180013340     sf_runtime:sf_runtime.dll
 0002:00000348       __imp_cv_eml_init_while    0000000180013348     sf_runtime:sf_runtime.dll
 0002:00000350       __imp_sf_debug_set_chart_data_compiled_props 0000000180013350     sf_runtime:sf_runtime.dll
 0002:00000358       __imp_sf_debug_set_instance_data_value_ptr 0000000180013358     sf_runtime:sf_runtime.dll
 0002:00000360       __imp_sf_debug_reset_current_state_configuration 0000000180013360     sf_runtime:sf_runtime.dll
 0002:00000368       __imp_sim_mode_is_rtw_gen  0000000180013368     sf_runtime:sf_runtime.dll
 0002:00000370       __imp_sim_mode_is_external 0000000180013370     sf_runtime:sf_runtime.dll
 0002:00000378       __imp_sf_is_chart_inlinable 0000000180013378     sf_runtime:sf_runtime.dll
 0002:00000380       __imp_sf_rtw_info_uint_prop 0000000180013380     sf_runtime:sf_runtime.dll
 0002:00000388       __imp_sf_update_buildInfo  0000000180013388     sf_runtime:sf_runtime.dll
 0002:00000390       __imp_sf_mark_chart_expressionable_inputs 0000000180013390     sf_runtime:sf_runtime.dll
 0002:00000398       __imp_sf_mark_chart_reusable_outputs 0000000180013398     sf_runtime:sf_runtime.dll
 0002:000003a0       __imp_sf_set_rtw_dwork_info 00000001800133a0     sf_runtime:sf_runtime.dll
 0002:000003a8       __imp_sf_mex_import        00000001800133a8     sf_runtime:sf_runtime.dll
 0002:000003b0       __imp_sf_mex_dup           00000001800133b0     sf_runtime:sf_runtime.dll
 0002:000003b8       __imp_sf_mex_getcell       00000001800133b8     sf_runtime:sf_runtime.dll
 0002:000003c0       __imp_sf_mex_decode_encoded_mx_struct_array 00000001800133c0     sf_runtime:sf_runtime.dll
 0002:000003c8       __imp_sf_mex_setcell       00000001800133c8     sf_runtime:sf_runtime.dll
 0002:000003d0       __imp_sf_mex_call_matlab   00000001800133d0     sf_runtime:sf_runtime.dll
 0002:000003d8       __imp_sf_mex_error_message 00000001800133d8     sf_runtime:sf_runtime.dll
 0002:000003e0       __imp_sf_mex_create        00000001800133e0     sf_runtime:sf_runtime.dll
 0002:000003e8       __imp_sf_mex_addfield      00000001800133e8     sf_runtime:sf_runtime.dll
 0002:000003f0       __imp_sf_mex_createcellmatrix 00000001800133f0     sf_runtime:sf_runtime.dll
 0002:000003f8       __imp_sf_mex_duplicatearraysafe 00000001800133f8     sf_runtime:sf_runtime.dll
 0002:00000400       __imp_sf_mex_destroy       0000000180013400     sf_runtime:sf_runtime.dll
 0002:00000408       __imp_sf_mex_createstruct  0000000180013408     sf_runtime:sf_runtime.dll
 0002:00000410       __imp_sf_mex_assign        0000000180013410     sf_runtime:sf_runtime.dll
 0002:00000418       __imp_sf_mex_emlrtNameCapturePostProcessR2012a 0000000180013418     sf_runtime:sf_runtime.dll
 0002:00000420       __imp_sf_load_rtw_optimization_info 0000000180013420     sf_runtime:sf_runtime.dll
 0002:00000428       __imp_sf_debug_initialize_machine 0000000180013428     sf_runtime:sf_runtime.dll
 0002:00000430       __imp_sf_debug_set_machine_event_thresholds 0000000180013430     sf_runtime:sf_runtime.dll
 0002:00000438       __imp_sf_debug_set_machine_data_thresholds 0000000180013438     sf_runtime:sf_runtime.dll
 0002:00000440       \177sf_runtime_NULL_THUNK_DATA 0000000180013440     sf_runtime:sf_runtime.dll
 0002:00000448       __xc_a                     0000000180013448     MSVCRT:cinitexe.obj
 0002:00000450       __xc_z                     0000000180013450     MSVCRT:cinitexe.obj
 0002:00000458       __xi_a                     0000000180013458     MSVCRT:cinitexe.obj
 0002:00000468       __xi_z                     0000000180013468     MSVCRT:cinitexe.obj
 0002:00000470       __real@41e2c763b1e00000    0000000180013470     Arti_DeltaSM_Angulos_sfun.obj
 0002:00000478       __real@41ebcf59cb800000    0000000180013478     Arti_DeltaSM_Angulos_sfun.obj
 0002:00000480       __real@41e7974685000000    0000000180013480     Arti_DeltaSM_Angulos_sfun.obj
 0002:00000488       __real@41ef9ff442400000    0000000180013488     Arti_DeltaSM_Angulos_sfun.obj
 0002:00000490       __real@41c900e78a000000    0000000180013490     Arti_DeltaSM_Angulos_sfun.obj
 0002:00000498       __real@41eda5398c800000    0000000180013498     Arti_DeltaSM_Angulos_sfun.obj
 0002:000004a0       __real@41edcf5b43c00000    00000001800134a0     Arti_DeltaSM_Angulos_sfun.obj
 0002:000004a8       __real@41e695dff8600000    00000001800134a8     Arti_DeltaSM_Angulos_sfun.obj
 0002:000004b0       __real@41ec3fa5fd200000    00000001800134b0     Arti_DeltaSM_Angulos_sfun.obj
 0002:000004b8       __real@41e20130ace00000    00000001800134b8     Arti_DeltaSM_Angulos_sfun.obj
 0002:000004c0       __real@41d89d08e9400000    00000001800134c0     Arti_DeltaSM_Angulos_sfun.obj
 0002:000004c8       __real@41e21bfb34c00000    00000001800134c8     Arti_DeltaSM_Angulos_sfun.obj
 0002:000004d0       __real@41ea80ec11e00000    00000001800134d0     Arti_DeltaSM_Angulos_sfun.obj
 0002:000004d8       __real@41e788dfdce00000    00000001800134d8     Arti_DeltaSM_Angulos_sfun.obj
 0002:000004e0       __real@41c04a588e800000    00000001800134e0     Arti_DeltaSM_Angulos_sfun.obj
 0002:000004e8       __real@41e83d7dbc800000    00000001800134e8     Arti_DeltaSM_Angulos_sfun.obj
 0002:000004f0       __real@41cd1ce506800000    00000001800134f0     c1_Arti_DeltaSM_Angulos.obj
 0002:000004f8       __real@41c9cc9019000000    00000001800134f8     c1_Arti_DeltaSM_Angulos.obj
 0002:00000500       __real@41b5d3408a000000    0000000180013500     c1_Arti_DeltaSM_Angulos.obj
 0002:00000508       __real@41ef051092a00000    0000000180013508     c1_Arti_DeltaSM_Angulos.obj
 0002:00000510       __real@4018000000000000    0000000180013510     c1_Arti_DeltaSM_Angulos.obj
 0002:00000518       __real@4010000000000000    0000000180013518     c1_Arti_DeltaSM_Angulos.obj
 0002:00000520       __real@4014000000000000    0000000180013520     c1_Arti_DeltaSM_Angulos.obj
 0002:00000528       __real@4024000000000000    0000000180013528     c1_Arti_DeltaSM_Angulos.obj
 0002:00000530       __real@3ff0000000000000    0000000180013530     c1_Arti_DeltaSM_Angulos.obj
 0002:00000538       __real@0000000000000000    0000000180013538     c1_Arti_DeltaSM_Angulos.obj
 0002:00000540       __real@4022000000000000    0000000180013540     c1_Arti_DeltaSM_Angulos.obj
 0002:00000548       __real@4000000000000000    0000000180013548     c1_Arti_DeltaSM_Angulos.obj
 0002:00000550       DYNAMIC_DIMENSION_DEF      0000000180013550     Arti_DeltaSM_Angulos_sfun_registry.obj
 0002:00000570       _ssBadLevel2InputAccessMsg 0000000180013570     Arti_DeltaSM_Angulos_sfun_registry.obj
 0002:00000700       _ssBadLevel2DirectFeedMsg  0000000180013700     Arti_DeltaSM_Angulos_sfun_registry.obj
 0002:00000840       _ssBadLevel2DirectFeedSolutionMsg 0000000180013840     Arti_DeltaSM_Angulos_sfun_registry.obj
 0002:000008b0       _ssBadLevel2ZeroDirectFeedMsg 00000001800138b0     Arti_DeltaSM_Angulos_sfun_registry.obj
 0002:000009f0       _ssBadLevel2ZeroDirectFeedMsg2 00000001800139f0     Arti_DeltaSM_Angulos_sfun_registry.obj
 0002:00000ad8       __real@bff0000000000000    0000000180013ad8     Arti_DeltaSM_Angulos_sfun_registry.obj
 0002:00000ae0       __real@41602cbca0000000    0000000180013ae0     Arti_DeltaSM_Angulos_sfun_registry.obj
 0002:00000ae8       _pDefaultRawDllMain        0000000180013ae8     MSVCRT:crtdll.obj
 0002:00000ae8       _pRawDllMain               0000000180013ae8     MSVCRT:crtdll.obj
 0002:00000b00       ?ProcessDetach@NativeDll@<CrtImplementationDetails>@@0IB 0000000180013b00     MSVCRT:tncleanup.obj
 0002:00000b04       ?ProcessAttach@NativeDll@<CrtImplementationDetails>@@0IB 0000000180013b04     MSVCRT:tncleanup.obj
 0002:00000b08       ?ThreadAttach@NativeDll@<CrtImplementationDetails>@@0IB 0000000180013b08     MSVCRT:tncleanup.obj
 0002:00000b0c       ?ThreadDetach@NativeDll@<CrtImplementationDetails>@@0IB 0000000180013b0c     MSVCRT:tncleanup.obj
 0002:00000b10       ?ProcessVerifier@NativeDll@<CrtImplementationDetails>@@0IB 0000000180013b10     MSVCRT:tncleanup.obj
 0002:00000b18       __rtc_iaa                  0000000180013b18     MSVCRT:_initsect_.obj
 0002:00000b20       __rtc_izz                  0000000180013b20     MSVCRT:_initsect_.obj
 0002:00000b28       __rtc_taa                  0000000180013b28     MSVCRT:_initsect_.obj
 0002:00000b30       __rtc_tzz                  0000000180013b30     MSVCRT:_initsect_.obj
 0002:000011a0       __IMPORT_DESCRIPTOR_sf_runtime 00000001800141a0     sf_runtime:sf_runtime.dll
 0002:000011b4       __IMPORT_DESCRIPTOR_libmx  00000001800141b4     libmx:libmx.dll
 0002:000011c8       __IMPORT_DESCRIPTOR_libmex 00000001800141c8     libmex:libmex.dll
 0002:000011dc       __IMPORT_DESCRIPTOR_libut  00000001800141dc     libut:libut.dll
 0002:000011f0       __IMPORT_DESCRIPTOR_MSVCR100 00000001800141f0     MSVCRT:MSVCR100.dll
 0002:00001204       __IMPORT_DESCRIPTOR_KERNEL32 0000000180014204     kernel32:KERNEL32.dll
 0002:00001218       __NULL_IMPORT_DESCRIPTOR   0000000180014218     sf_runtime:sf_runtime.dll
 0003:00001ee8       DYNAMIC_DIMENSION          0000000180017ee8     Arti_DeltaSM_Angulos_sfun_registry.obj
 0003:00002ae8       __security_cookie          0000000180018ae8     MSVCRT:gs_cookie.obj
 0003:00002af0       __security_cookie_complement 0000000180018af0     MSVCRT:gs_cookie.obj
 0003:00002af8       _fltused                   0000000180018af8     MSVCRT:dllsupp.obj
 0003:00002b00       __native_dllmain_reason    0000000180018b00     MSVCRT:natstart.obj
 0003:00002b04       __native_vcclrit_reason    0000000180018b04     MSVCRT:natstart.obj
 0003:00002bf8       sfGlobalDebugInstanceStruct 0000000180018bf8     Arti_DeltaSM_Angulos_sfun_registry.obj
 0003:00003180       ?__type_info_root_node@@3U__type_info_node@@A 0000000180019180     MSVCRT:tncleanup.obj
 0003:00003190       _Arti_DeltaSM_AngulosMachineNumber_ 0000000180019190     <common>
 0003:00003194       __native_startup_state     0000000180019194     <common>
 0003:00003198       __native_startup_lock      0000000180019198     <common>
 0003:000031a0       __onexitend                00000001800191a0     <common>
 0003:000031a8       __onexitbegin              00000001800191a8     <common>
 0003:000031b0       __dyn_tls_init_callback    00000001800191b0     <common>

 entry point at        0001:000116d0

 Static symbols

 0001:00000b40       c1_info_helper             0000000180001b40 f   c1_Arti_DeltaSM_Angulos.obj
 0001:00002370       c1_emlrt_marshallOut       0000000180003370 f   c1_Arti_DeltaSM_Angulos.obj
 0001:00002400       c1_b_emlrt_marshallOut     0000000180003400 f   c1_Arti_DeltaSM_Angulos.obj
 0001:000039f0       get_sim_state_c1_Arti_DeltaSM_Angulos 00000001800049f0 f   c1_Arti_DeltaSM_Angulos.obj
 0001:000041b0       sf_get_sim_state_info_c1_Arti_DeltaSM_Angulos 00000001800051b0 f   c1_Arti_DeltaSM_Angulos.obj
 0001:00004380       set_sim_state_c1_Arti_DeltaSM_Angulos 0000000180005380 f   c1_Arti_DeltaSM_Angulos.obj
 0001:00004720       c1_update_debugger_state_c1_Arti_DeltaSM_Angulos 0000000180005720 f   c1_Arti_DeltaSM_Angulos.obj
 0001:00004730       c1_emlrt_marshallIn        0000000180005730 f   c1_Arti_DeltaSM_Angulos.obj
 0001:000047a0       c1_b_emlrt_marshallIn      00000001800057a0 f   c1_Arti_DeltaSM_Angulos.obj
 0001:00004830       c1_d_emlrt_marshallIn      0000000180005830 f   c1_Arti_DeltaSM_Angulos.obj
 0001:00004890       c1_e_emlrt_marshallIn      0000000180005890 f   c1_Arti_DeltaSM_Angulos.obj
 0001:00004990       mdlProcessParameters_c1_Arti_DeltaSM_Angulos 0000000180005990 f   c1_Arti_DeltaSM_Angulos.obj
 0001:00004a70       initialize_params_c1_Arti_DeltaSM_Angulos 0000000180005a70 f   c1_Arti_DeltaSM_Angulos.obj
 0001:00004a80       mdlSetWorkWidths_c1_Arti_DeltaSM_Angulos 0000000180005a80 f   c1_Arti_DeltaSM_Angulos.obj
 0001:00005010       sf_get_instance_specialization 0000000180006010 f   c1_Arti_DeltaSM_Angulos.obj
 0001:00005020       mdlStart_c1_Arti_DeltaSM_Angulos 0000000180006020 f   c1_Arti_DeltaSM_Angulos.obj
 0001:00005250       init_dsm_address_info      0000000180006250 f   c1_Arti_DeltaSM_Angulos.obj
 0001:00005260       chart_debug_initialization 0000000180006260 f   c1_Arti_DeltaSM_Angulos.obj
 0001:00006b80       init_script_number_translation 0000000180007b80 f   c1_Arti_DeltaSM_Angulos.obj
 0001:00006ba0       c1_sf_marshallOut          0000000180007ba0 f   c1_Arti_DeltaSM_Angulos.obj
 0001:00006c50       c1_sf_marshallIn           0000000180007c50 f   c1_Arti_DeltaSM_Angulos.obj
 0001:00006cf0       c1_b_sf_marshallOut        0000000180007cf0 f   c1_Arti_DeltaSM_Angulos.obj
 0001:00006f20       c1_c_sf_marshallOut        0000000180007f20 f   c1_Arti_DeltaSM_Angulos.obj
 0001:000070a0       sf_opaque_initialize_c1_Arti_DeltaSM_Angulos 00000001800080a0 f   c1_Arti_DeltaSM_Angulos.obj
 0001:000070e0       initialize_c1_Arti_DeltaSM_Angulos 00000001800080e0 f   c1_Arti_DeltaSM_Angulos.obj
 0001:00007130       sf_opaque_enable_c1_Arti_DeltaSM_Angulos 0000000180008130 f   c1_Arti_DeltaSM_Angulos.obj
 0001:00007150       enable_c1_Arti_DeltaSM_Angulos 0000000180008150 f   c1_Arti_DeltaSM_Angulos.obj
 0001:00007180       sf_opaque_disable_c1_Arti_DeltaSM_Angulos 0000000180008180 f   c1_Arti_DeltaSM_Angulos.obj
 0001:000071a0       disable_c1_Arti_DeltaSM_Angulos 00000001800081a0 f   c1_Arti_DeltaSM_Angulos.obj
 0001:000071d0       sf_opaque_gateway_c1_Arti_DeltaSM_Angulos 00000001800081d0 f   c1_Arti_DeltaSM_Angulos.obj
 0001:000071f0       sf_gateway_c1_Arti_DeltaSM_Angulos 00000001800081f0 f   c1_Arti_DeltaSM_Angulos.obj
 0001:00007990       c1_chartstep_c1_Arti_DeltaSM_Angulos 0000000180008990 f   c1_Arti_DeltaSM_Angulos.obj
 0001:0000a540       c1_polyval                 000000018000b540 f   c1_Arti_DeltaSM_Angulos.obj
 0001:0000a6a0       c1_b_polyval               000000018000b6a0 f   c1_Arti_DeltaSM_Angulos.obj
 0001:0000a800       c1_c_polyval               000000018000b800 f   c1_Arti_DeltaSM_Angulos.obj
 0001:0000a960       sf_opaque_get_sim_state_c1_Arti_DeltaSM_Angulos 000000018000b960 f   c1_Arti_DeltaSM_Angulos.obj
 0001:0000a980       sf_opaque_set_sim_state_c1_Arti_DeltaSM_Angulos 000000018000b980 f   c1_Arti_DeltaSM_Angulos.obj
 0001:0000a9b0       sf_opaque_terminate_c1_Arti_DeltaSM_Angulos 000000018000b9b0 f   c1_Arti_DeltaSM_Angulos.obj
 0001:0000aa50       finalize_c1_Arti_DeltaSM_Angulos 000000018000ba50 f   c1_Arti_DeltaSM_Angulos.obj
 0001:0000aa60       sf_opaque_init_subchart_simstructs 000000018000ba60 f   c1_Arti_DeltaSM_Angulos.obj
 0001:0000aa80       initSimStructsc1_Arti_DeltaSM_Angulos 000000018000ba80 f   c1_Arti_DeltaSM_Angulos.obj
 0001:0000aa90       mdlRTW_c1_Arti_DeltaSM_Angulos 000000018000ba90 f   c1_Arti_DeltaSM_Angulos.obj
 0001:0000b400       getChartInfoFromSimStruct  000000018000c400 f   Arti_DeltaSM_Angulos_sfun_registry.obj
 0001:0000caa0       _ssFatalError              000000018000daa0 f   Arti_DeltaSM_Angulos_sfun_registry.obj
 0001:0000fb50       ProcessMexSfunctionCmdLineCall 0000000180010b50 f   Arti_DeltaSM_Angulos_sfun_registry.obj
 0001:0000fc80       sf_debug_api_wrapper       0000000180010c80 f   Arti_DeltaSM_Angulos_sfun_registry.obj
 0001:0000fcd0       mdlStart                   0000000180010cd0 f   Arti_DeltaSM_Angulos_sfun_registry.obj
 0001:0000fd00       mdl_start_processing       0000000180010d00 f   Arti_DeltaSM_Angulos_sfun_registry.obj
 0001:0000fd90       mdlTerminate               0000000180010d90 f   Arti_DeltaSM_Angulos_sfun_registry.obj
 0001:0000fdc0       mdl_terminate_processing   0000000180010dc0 f   Arti_DeltaSM_Angulos_sfun_registry.obj
 0001:0000fe40       mdlInitializeSampleTimes   0000000180010e40 f   Arti_DeltaSM_Angulos_sfun_registry.obj
 0001:0000fe70       mdlZeroCrossings           0000000180010e70 f   Arti_DeltaSM_Angulos_sfun_registry.obj
 0001:0000fea0       mdl_zeroCrossings_processing 0000000180010ea0 f   Arti_DeltaSM_Angulos_sfun_registry.obj
 0001:0000fee0       mdlDerivatives             0000000180010ee0 f   Arti_DeltaSM_Angulos_sfun_registry.obj
 0001:0000ff10       mdl_derivatives_processing 0000000180010f10 f   Arti_DeltaSM_Angulos_sfun_registry.obj
 0001:0000ff60       mdlInitializeConditions    0000000180010f60 f   Arti_DeltaSM_Angulos_sfun_registry.obj
 0001:0000ff90       mdl_initialize_conditions_processing 0000000180010f90 f   Arti_DeltaSM_Angulos_sfun_registry.obj
 0001:0000ffe0       mdlEnable                  0000000180010fe0 f   Arti_DeltaSM_Angulos_sfun_registry.obj
 0001:00010010       mdl_enable_processing      0000000180011010 f   Arti_DeltaSM_Angulos_sfun_registry.obj
 0001:00010050       mdlDisable                 0000000180011050 f   Arti_DeltaSM_Angulos_sfun_registry.obj
 0001:00010080       mdl_disable_processing     0000000180011080 f   Arti_DeltaSM_Angulos_sfun_registry.obj
 0001:000100c0       mdlOutputs                 00000001800110c0 f   Arti_DeltaSM_Angulos_sfun_registry.obj
 0001:000100f0       mdl_outputs_processing     00000001800110f0 f   Arti_DeltaSM_Angulos_sfun_registry.obj
 0001:000101d0       mdl_outputs_continuous_legacy 00000001800111d0 f   Arti_DeltaSM_Angulos_sfun_registry.obj
 0001:000102c0       mdlGetTimeOfNextVarHit     00000001800112c0 f   Arti_DeltaSM_Angulos_sfun_registry.obj
 0001:00010310       _ProcessMexSfunctionCmdLineCall 0000000180011310 f   Arti_DeltaSM_Angulos_sfun_registry.obj
 0001:00010a60       mdlSetWorkWidths           0000000180011a60 f   Arti_DeltaSM_Angulos_sfun_registry.obj
 0001:00010a90       mdlProcessParameters       0000000180011a90 f   Arti_DeltaSM_Angulos_sfun_registry.obj
 0001:00010ac0       mdlInitializeSizes         0000000180011ac0 f   Arti_DeltaSM_Angulos_sfun_registry.obj
 0001:00010af0       mdlExtModeExec             0000000180011af0 f   Arti_DeltaSM_Angulos_sfun_registry.obj
 0001:00010b20       mdl_ext_mode_exec_processing 0000000180011b20 f   Arti_DeltaSM_Angulos_sfun_registry.obj
 0001:00010b60       mdlRTW                     0000000180011b60 f   Arti_DeltaSM_Angulos_sfun_registry.obj
 0001:00010ba0       _CreateSimStruct           0000000180011ba0 f   Arti_DeltaSM_Angulos_sfun_registry.obj
 0001:00010d30       _RegNumInputPortsCB        0000000180011d30 f   Arti_DeltaSM_Angulos_sfun_registry.obj
 0001:00010db0       _RegNumOutputPortsCB       0000000180011db0 f   Arti_DeltaSM_Angulos_sfun_registry.obj
 0001:000112d8       pre_c_init                 00000001800122d8 f   MSVCRT:crtdll.obj
 0001:00011594       __DllMainCRTStartup        0000000180012594 f   MSVCRT:crtdll.obj
 0001:00011c00       __DllMainCRTStartup$filt$0 0000000180012c00 f   MSVCRT:crtdll.obj
 0001:00011c30       __DllMainCRTStartup$fin$1  0000000180012c30 f   MSVCRT:crtdll.obj
 0001:00011c4a       _onexit$fin$0              0000000180012c4a f   MSVCRT:atonexit.obj
 0001:00011c70       _IsNonwritableInCurrentImage$filt$0 0000000180012c70 f   MSVCRT:pesect.obj
