 Arti_DeltaSM_Angulos_sfun

 Timestamp is 5719a6ce (Thu Apr 21 23:21:34 2016)

 Preferred load address is 0000000180000000

 Start         Length     Name                   Class
 0001:00000000 00014794H .text                   CODE
 0001:000147a0 00000092H .text$x                 CODE
 0002:00000000 00000470H .idata$5                DATA
 0002:00000470 00000008H .CRT$XCA                DATA
 0002:00000478 00000008H .CRT$XCZ                DATA
 0002:00000480 00000008H .CRT$XIA                DATA
 0002:00000488 00000008H .CRT$XIAA               DATA
 0002:00000490 00000008H .CRT$XIZ                DATA
 0002:000004a0 000006bcH .rdata                  DATA
 0002:00000b60 00000008H .rtc$IAA                DATA
 0002:00000b68 00000008H .rtc$IZZ                DATA
 0002:00000b70 00000008H .rtc$TAA                DATA
 0002:00000b78 00000008H .rtc$TZZ                DATA
 0002:00000b80 00000698H .xdata                  DATA
 0002:00001218 0000008cH .idata$2                DATA
 0002:000012a4 00000014H .idata$3                DATA
 0002:000012b8 00000470H .idata$4                DATA
 0002:00001728 00000c42H .idata$6                DATA
 0002:00002370 0000005fH .edata                  DATA
 0003:00000000 00003e48H .data                   DATA
 0003:00003e50 000006b8H .bss                    DATA
 0004:00000000 000007d4H .pdata                  DATA

  Address         Publics by Value              Rva+Base               Lib:Object

 0000:00000000       ___safe_se_handler_count   0000000000000000     <absolute>
 0000:00000000       ___safe_se_handler_table   0000000000000000     <absolute>
 0000:00000000       __ImageBase                0000000180000000     <linker-defined>
 0001:00000000       Arti_DeltaSM_Angulos_initializer 0000000180001000 f   Arti_DeltaSM_Angulos_sfun.obj
 0001:00000010       Arti_DeltaSM_Angulos_terminator 0000000180001010 f   Arti_DeltaSM_Angulos_sfun.obj
 0001:00000020       sf_Arti_DeltaSM_Angulos_method_dispatcher 0000000180001020 f   Arti_DeltaSM_Angulos_sfun.obj
 0001:00000070       sf_Arti_DeltaSM_Angulos_process_check_sum_call 0000000180001070 f   Arti_DeltaSM_Angulos_sfun.obj
 0001:00000480       sf_Arti_DeltaSM_Angulos_autoinheritance_info 0000000180001480 f   Arti_DeltaSM_Angulos_sfun.obj
 0001:000005f0       sf_Arti_DeltaSM_Angulos_get_eml_resolved_functions_info 00000001800015f0 f   Arti_DeltaSM_Angulos_sfun.obj
 0001:00000720       sf_Arti_DeltaSM_Angulos_third_party_uses_info 0000000180001720 f   Arti_DeltaSM_Angulos_sfun.obj
 0001:00000870       sf_Arti_DeltaSM_Angulos_updateBuildInfo_args_info 0000000180001870 f   Arti_DeltaSM_Angulos_sfun.obj
 0001:000009c0       Arti_DeltaSM_Angulos_debug_initialize 00000001800019c0 f   Arti_DeltaSM_Angulos_sfun.obj
 0001:00000a40       Arti_DeltaSM_Angulos_register_exported_symbols 0000000180001a40 f   Arti_DeltaSM_Angulos_sfun.obj
 0001:00000a50       load_Arti_DeltaSM_Angulos_optimization_info 0000000180001a50 f   Arti_DeltaSM_Angulos_sfun.obj
 0001:00000aa0       unload_Arti_DeltaSM_Angulos_optimization_info 0000000180001aa0 f   Arti_DeltaSM_Angulos_sfun.obj
 0001:00000ad0       sf_c1_Arti_DeltaSM_Angulos_get_eml_resolved_functions_info 0000000180001ad0 f   c1_Arti_DeltaSM_Angulos.obj
 0001:00004440       sf_c1_Arti_DeltaSM_Angulos_get_check_sum 0000000180005440 f   c1_Arti_DeltaSM_Angulos.obj
 0001:000044c0       sf_c1_Arti_DeltaSM_Angulos_get_autoinheritance_info 00000001800054c0 f   c1_Arti_DeltaSM_Angulos.obj
 0001:00005860       sf_c1_Arti_DeltaSM_Angulos_third_party_uses_info 0000000180006860 f   c1_Arti_DeltaSM_Angulos.obj
 0001:00005890       sf_c1_Arti_DeltaSM_Angulos_updateBuildInfo_args_info 0000000180006890 f   c1_Arti_DeltaSM_Angulos.obj
 0001:000058c0       sf_internal_get_sim_state_c1_Arti_DeltaSM_Angulos 00000001800068c0 f   c1_Arti_DeltaSM_Angulos.obj
 0001:00006240       sf_internal_set_sim_state_c1_Arti_DeltaSM_Angulos 0000000180007240 f   c1_Arti_DeltaSM_Angulos.obj
 0001:000068f0       c1_Arti_DeltaSM_Angulos_method_dispatcher 00000001800078f0 f   c1_Arti_DeltaSM_Angulos.obj
 0001:0000d660       sf_process_check_sum_call  000000018000e660 f   Arti_DeltaSM_Angulos_sfun_registry.obj
 0001:0000d6b0       sf_process_autoinheritance_call 000000018000e6b0 f   Arti_DeltaSM_Angulos_sfun_registry.obj
 0001:0000d850       sf_process_get_third_party_uses_info_call 000000018000e850 f   Arti_DeltaSM_Angulos_sfun_registry.obj
 0001:0000d9f0       sf_process_get_updateBuildInfo_args_info_call 000000018000e9f0 f   Arti_DeltaSM_Angulos_sfun_registry.obj
 0001:0000db90       sf_process_get_eml_resolved_functions_info_call 000000018000eb90 f   Arti_DeltaSM_Angulos_sfun_registry.obj
 0001:0000dd10       sf_mex_unlock_call         000000018000ed10 f   Arti_DeltaSM_Angulos_sfun_registry.obj
 0001:0000ddc0       sf_machine_global_initializer_called 000000018000edc0 f   Arti_DeltaSM_Angulos_sfun_registry.obj
 0001:0000ddf0       sf_machine_global_method_dispatcher 000000018000edf0 f   Arti_DeltaSM_Angulos_sfun_registry.obj
 0001:0000de50       sf_machine_global_terminator 000000018000ee50 f   Arti_DeltaSM_Angulos_sfun_registry.obj
 0001:0000dea0       sf_register_machine_exported_symbols 000000018000eea0 f   Arti_DeltaSM_Angulos_sfun_registry.obj
 0001:0000dec0       callCustomFcn              000000018000eec0 f   Arti_DeltaSM_Angulos_sfun_registry.obj
 0001:0000ded0       sf_machine_global_initializer 000000018000eed0 f   Arti_DeltaSM_Angulos_sfun_registry.obj
 0001:0000df50       mdlGetSimState             000000018000ef50 f   Arti_DeltaSM_Angulos_sfun_registry.obj
 0001:0000dfd0       mdlSetSimState             000000018000efd0 f   Arti_DeltaSM_Angulos_sfun_registry.obj
 0001:0000e010       _ssSetStateAbsTol          000000018000f010 f   Arti_DeltaSM_Angulos_sfun_registry.obj
 0001:0000e0f0       _ssGetAbsTol               000000018000f0f0 f   Arti_DeltaSM_Angulos_sfun_registry.obj
 0001:0000e160       _ssSetInputPortMatrixDimensions 000000018000f160 f   Arti_DeltaSM_Angulos_sfun_registry.obj
 0001:0000e270       _ssSetOutputPortMatrixDimensions 000000018000f270 f   Arti_DeltaSM_Angulos_sfun_registry.obj
 0001:0000e380       _ssSetInputPortVectorDimension 000000018000f380 f   Arti_DeltaSM_Angulos_sfun_registry.obj
 0001:0000e450       _ssSetOutputPortVectorDimension 000000018000f450 f   Arti_DeltaSM_Angulos_sfun_registry.obj
 0001:0000e520       ssIsRunTimeParamTunable    000000018000f520 f   Arti_DeltaSM_Angulos_sfun_registry.obj
 0001:0000e590       ssGetSFuncBlockHandle      000000018000f590 f   Arti_DeltaSM_Angulos_sfun_registry.obj
 0001:0000e600       _ssGetCurrentInputPortWidth 000000018000f600 f   Arti_DeltaSM_Angulos_sfun_registry.obj
 0001:0000e720       _ssGetCurrentOutputPortWidth 000000018000f720 f   Arti_DeltaSM_Angulos_sfun_registry.obj
 0001:0000e840       _ssGetCallSystemNumFcnCallDestinations 000000018000f840 f   Arti_DeltaSM_Angulos_sfun_registry.obj
 0001:0000e8b0       ssWarning                  000000018000f8b0 f   Arti_DeltaSM_Angulos_sfun_registry.obj
 0001:0000e9c0       ssGetIsZeroCrossControlDisabled 000000018000f9c0 f   Arti_DeltaSM_Angulos_sfun_registry.obj
 0001:0000ea30       ssSetIsInputPortUsedForContZcSignal 000000018000fa30 f   Arti_DeltaSM_Angulos_sfun_registry.obj
 0001:0000eaa0       ssSetZcSignalIsZcElementDisc 000000018000faa0 f   Arti_DeltaSM_Angulos_sfun_registry.obj
 0001:0000eb50       ssSetZcSignalName          000000018000fb50 f   Arti_DeltaSM_Angulos_sfun_registry.obj
 0001:0000ebc0       ssSetZcSignalWidth         000000018000fbc0 f   Arti_DeltaSM_Angulos_sfun_registry.obj
 0001:0000ec30       ssSetZcSignalZcEventType   000000018000fc30 f   Arti_DeltaSM_Angulos_sfun_registry.obj
 0001:0000eca0       ssSetZcSignalType          000000018000fca0 f   Arti_DeltaSM_Angulos_sfun_registry.obj
 0001:0000ed10       ssSetZcSignalZcTol         000000018000fd10 f   Arti_DeltaSM_Angulos_sfun_registry.obj
 0001:0000ed80       ssSetZcSignalNeedsEventNotification 000000018000fd80 f   Arti_DeltaSM_Angulos_sfun_registry.obj
 0001:0000edf0       ssCreateAndAddZcSignalInfo 000000018000fdf0 f   Arti_DeltaSM_Angulos_sfun_registry.obj
 0001:0000ee60       ssCloneAndAddZcSignalInfo  000000018000fe60 f   Arti_DeltaSM_Angulos_sfun_registry.obj
 0001:0000eed0       ssGetNumZcSignals          000000018000fed0 f   Arti_DeltaSM_Angulos_sfun_registry.obj
 0001:0000ef40       ssGetZcSignalVector        000000018000ff40 f   Arti_DeltaSM_Angulos_sfun_registry.obj
 0001:0000efb0       ssGetZcSignalZcEvents      000000018000ffb0 f   Arti_DeltaSM_Angulos_sfun_registry.obj
 0001:0000f020       ssGetZcSignalName          0000000180010020 f   Arti_DeltaSM_Angulos_sfun_registry.obj
 0001:0000f090       ssGetZcSignalWidth         0000000180010090 f   Arti_DeltaSM_Angulos_sfun_registry.obj
 0001:0000f100       ssGetZcSignalZcEventType   0000000180010100 f   Arti_DeltaSM_Angulos_sfun_registry.obj
 0001:0000f170       ssGetZcSignalType          0000000180010170 f   Arti_DeltaSM_Angulos_sfun_registry.obj
 0001:0000f1e0       ssGetZcSignalZcTol         00000001800101e0 f   Arti_DeltaSM_Angulos_sfun_registry.obj
 0001:0000f260       ssGetZcSignalNeedsEventNotification 0000000180010260 f   Arti_DeltaSM_Angulos_sfun_registry.obj
 0001:0000f2d0       ssGetZcSignalIsZcElementDisc 00000001800102d0 f   Arti_DeltaSM_Angulos_sfun_registry.obj
 0001:0000f370       ssGetIsInputPortElementContinuous 0000000180010370 f   Arti_DeltaSM_Angulos_sfun_registry.obj
 0001:0000f410       _ssGetInputPortSignalPtrsFcn 0000000180010410 f   Arti_DeltaSM_Angulos_sfun_registry.obj
 0001:0000f6d0       _ssGetInputPortSignalFcn   00000001800106d0 f   Arti_DeltaSM_Angulos_sfun_registry.obj
 0001:0000f8f0       _ssSetInputPortDirectFeedThroughFcn 00000001800108f0 f   Arti_DeltaSM_Angulos_sfun_registry.obj
 0001:0000fa50       _ssSetInputPortReusableFcn 0000000180010a50 f   Arti_DeltaSM_Angulos_sfun_registry.obj
 0001:0000fb40       _ssSetOutputPortReusableFcn 0000000180010b40 f   Arti_DeltaSM_Angulos_sfun_registry.obj
 0001:0000fc20       ssGetDTypeIdFromMxArray    0000000180010c20 f   Arti_DeltaSM_Angulos_sfun_registry.obj
 0001:0000fd40       ssWriteRTWStr              0000000180010d40 f   Arti_DeltaSM_Angulos_sfun_registry.obj
 0001:0000fda0       ssWriteRTWMxVectParam      0000000180010da0 f   Arti_DeltaSM_Angulos_sfun_registry.obj
 0001:0000fe00       ssWriteRTWMx2dMatParam     0000000180010e00 f   Arti_DeltaSM_Angulos_sfun_registry.obj
 0001:0000fe80       ssWriteRTWNameValuePair    0000000180010e80 f   Arti_DeltaSM_Angulos_sfun_registry.obj
 0001:00010370       ssWriteRTWParameters       0000000180011370 f   Arti_DeltaSM_Angulos_sfun_registry.obj
 0001:00010970       ssWriteRTWParamSettings    0000000180011970 f   Arti_DeltaSM_Angulos_sfun_registry.obj
 0001:00011040       ssWriteRTWWorkVect         0000000180012040 f   Arti_DeltaSM_Angulos_sfun_registry.obj
 0001:00011540       mexFunction                0000000180012540 f   Arti_DeltaSM_Angulos_sfun_registry.obj
 0001:000139c0       ProcessMexSfunctionEveryCall 00000001800149c0 f   Arti_DeltaSM_Angulos_sfun_registry.obj
 0001:00013b42       sf_debug_set_machine_data_thresholds 0000000180014b42 f   sf_runtime:sf_runtime.dll
 0001:00013b48       sf_debug_set_machine_event_thresholds 0000000180014b48 f   sf_runtime:sf_runtime.dll
 0001:00013b4e       sf_debug_initialize_machine 0000000180014b4e f   sf_runtime:sf_runtime.dll
 0001:00013b54       sf_load_rtw_optimization_info 0000000180014b54 f   sf_runtime:sf_runtime.dll
 0001:00013b5a       sf_mex_emlrtNameCapturePostProcessR2012a 0000000180014b5a f   sf_runtime:sf_runtime.dll
 0001:00013b60       sf_mex_assign              0000000180014b60 f   sf_runtime:sf_runtime.dll
 0001:00013b66       sf_mex_createstruct        0000000180014b66 f   sf_runtime:sf_runtime.dll
 0001:00013b6c       sf_mex_destroy             0000000180014b6c f   sf_runtime:sf_runtime.dll
 0001:00013b72       sf_mex_duplicatearraysafe  0000000180014b72 f   sf_runtime:sf_runtime.dll
 0001:00013b78       sf_mex_createcellmatrix    0000000180014b78 f   sf_runtime:sf_runtime.dll
 0001:00013b7e       sf_mex_addfield            0000000180014b7e f   sf_runtime:sf_runtime.dll
 0001:00013b84       sf_mex_create              0000000180014b84 f   sf_runtime:sf_runtime.dll
 0001:00013b8a       sf_mex_error_message       0000000180014b8a f   sf_runtime:sf_runtime.dll
 0001:00013b90       sf_mex_call_matlab         0000000180014b90 f   sf_runtime:sf_runtime.dll
 0001:00013b96       sf_mex_setcell             0000000180014b96 f   sf_runtime:sf_runtime.dll
 0001:00013b9c       sf_mex_decode_encoded_mx_struct_array 0000000180014b9c f   sf_runtime:sf_runtime.dll
 0001:00013ba2       sf_mex_getcell             0000000180014ba2 f   sf_runtime:sf_runtime.dll
 0001:00013ba8       sf_mex_dup                 0000000180014ba8 f   sf_runtime:sf_runtime.dll
 0001:00013bae       sf_mex_import              0000000180014bae f   sf_runtime:sf_runtime.dll
 0001:00013bb4       sf_set_rtw_dwork_info      0000000180014bb4 f   sf_runtime:sf_runtime.dll
 0001:00013bba       sf_mark_chart_reusable_outputs 0000000180014bba f   sf_runtime:sf_runtime.dll
 0001:00013bc0       sf_mark_chart_expressionable_inputs 0000000180014bc0 f   sf_runtime:sf_runtime.dll
 0001:00013bc6       sf_update_buildInfo        0000000180014bc6 f   sf_runtime:sf_runtime.dll
 0001:00013bcc       sf_rtw_info_uint_prop      0000000180014bcc f   sf_runtime:sf_runtime.dll
 0001:00013bd2       sf_is_chart_inlinable      0000000180014bd2 f   sf_runtime:sf_runtime.dll
 0001:00013bd8       sim_mode_is_external       0000000180014bd8 f   sf_runtime:sf_runtime.dll
 0001:00013bde       sim_mode_is_rtw_gen        0000000180014bde f   sf_runtime:sf_runtime.dll
 0001:00013be4       sf_debug_reset_current_state_configuration 0000000180014be4 f   sf_runtime:sf_runtime.dll
 0001:00013bea       sf_debug_set_instance_data_value_ptr 0000000180014bea f   sf_runtime:sf_runtime.dll
 0001:00013bf0       sf_debug_set_chart_data_compiled_props 0000000180014bf0 f   sf_runtime:sf_runtime.dll
 0001:00013bf6       cv_eml_init_while          0000000180014bf6 f   sf_runtime:sf_runtime.dll
 0001:00013bfc       cv_eml_init_if             0000000180014bfc f   sf_runtime:sf_runtime.dll
 0001:00013c02       cv_eml_init_fcn            0000000180014c02 f   sf_runtime:sf_runtime.dll
 0001:00013c08       cv_eml_init_script         0000000180014c08 f   sf_runtime:sf_runtime.dll
 0001:00013c0e       sf_debug_cv_init_trans     0000000180014c0e f   sf_runtime:sf_runtime.dll
 0001:00013c14       sf_debug_cv_init_state     0000000180014c14 f   sf_runtime:sf_runtime.dll
 0001:00013c1a       sf_debug_cv_init_chart     0000000180014c1a f   sf_runtime:sf_runtime.dll
 0001:00013c20       sf_debug_set_chart_decomposition 0000000180014c20 f   sf_runtime:sf_runtime.dll
 0001:00013c26       sf_debug_set_chart_substate_count 0000000180014c26 f   sf_runtime:sf_runtime.dll
 0001:00013c2c       sf_debug_set_chart_state_info 0000000180014c2c f   sf_runtime:sf_runtime.dll
 0001:00013c32       sf_debug_set_chart_data_props 0000000180014c32 f   sf_runtime:sf_runtime.dll
 0001:00013c38       sf_debug_set_chart_event_thresholds 0000000180014c38 f   sf_runtime:sf_runtime.dll
 0001:00013c3e       sf_debug_set_chart_disable_implicit_casting 0000000180014c3e f   sf_runtime:sf_runtime.dll
 0001:00013c44       sf_debug_initialize_chart  0000000180014c44 f   sf_runtime:sf_runtime.dll
 0001:00013c4a       sf_get_time                0000000180014c4a f   sf_runtime:sf_runtime.dll
 0001:00013c50       sf_debug_check_for_state_inconsistency 0000000180014c50 f   sf_runtime:sf_runtime.dll
 0001:00013c56       sf_debug_symbol_scope_pop  0000000180014c56 f   sf_runtime:sf_runtime.dll
 0001:00013c5c       sf_debug_data_range_wrapper 0000000180014c5c f   sf_runtime:sf_runtime.dll
 0001:00013c62       sf_debug_call              0000000180014c62 f   sf_runtime:sf_runtime.dll
 0001:00013c68       sf_debug_symbol_scope_push 0000000180014c68 f   sf_runtime:sf_runtime.dll
 0001:00013c6e       sf_mex_listen_for_ctrl_c   0000000180014c6e f   sf_runtime:sf_runtime.dll
 0001:00013c74       sf_debug_eml_data_array_bounds_error_check 0000000180014c74 f   sf_runtime:sf_runtime.dll
 0001:00013c7a       eml_debug_line_call        0000000180014c7a f   sf_runtime:sf_runtime.dll
 0001:00013c80       cv_eml_eval                0000000180014c80 f   sf_runtime:sf_runtime.dll
 0001:00013c86       sf_debug_symbol_scope_add_eml 0000000180014c86 f   sf_runtime:sf_runtime.dll
 0001:00013c8c       sf_debug_symbol_scope_add_eml_importable 0000000180014c8c f   sf_runtime:sf_runtime.dll
 0001:00013c92       sf_debug_symbol_scope_push_eml 0000000180014c92 f   sf_runtime:sf_runtime.dll
 0001:00013c98       sf_debug_non_negative_check 0000000180014c98 f   sf_runtime:sf_runtime.dll
 0001:00013c9e       sf_mex_call_debug          0000000180014c9e f   sf_runtime:sf_runtime.dll
 0001:00013ca4       sf_clear_rtw_identifier    0000000180014ca4 f   sf_runtime:sf_runtime.dll
 0001:00013caa       sf_debug_terminate         0000000180014caa f   sf_runtime:sf_runtime.dll
 0001:00013cb0       sf_debug_create_debug_instance_struct 0000000180014cb0 f   sf_runtime:sf_runtime.dll
 0001:00013cb6       sf_debug_api               0000000180014cb6 f   sf_runtime:sf_runtime.dll
 0001:00013cbc       callMdlMethodAndReportError 0000000180014cbc f   sf_runtime:sf_runtime.dll
 0001:00013cc2       call_sf_machine_global_method_dispatcher 0000000180014cc2 f   sf_runtime:sf_runtime.dll
 0001:00013cc8       sf_clear_error_manager_info 0000000180014cc8 f   sf_runtime:sf_runtime.dll
 0001:00013cce       sf_mex_error_direct_call   0000000180014cce f   sf_runtime:sf_runtime.dll
 0001:00013cd4       mxGetScalar                0000000180014cd4 f   libmx:libmx.dll
 0001:00013cda       mxGetPr                    0000000180014cda f   libmx:libmx.dll
 0001:00013ce0       mxCreateDoubleMatrix_730   0000000180014ce0 f   libmx:libmx.dll
 0001:00013ce6       mxGetString_730            0000000180014ce6 f   libmx:libmx.dll
 0001:00013cec       mxIsChar                   0000000180014cec f   libmx:libmx.dll
 0001:00013cf2       mxDestroyArray             0000000180014cf2 f   libmx:libmx.dll
 0001:00013cf8       mxDuplicateArray           0000000180014cf8 f   libmx:libmx.dll
 0001:00013cfe       mxCreateDoubleScalar       0000000180014cfe f   libmx:libmx.dll
 0001:00013d04       mxSetField_730             0000000180014d04 f   libmx:libmx.dll
 0001:00013d0a       mxCreateString             0000000180014d0a f   libmx:libmx.dll
 0001:00013d10       mxCreateStructMatrix_730   0000000180014d10 f   libmx:libmx.dll
 0001:00013d16       mxCreateCellMatrix_730     0000000180014d16 f   libmx:libmx.dll
 0001:00013d1c       mxGetNaN                   0000000180014d1c f   libmx:libmx.dll
 0001:00013d22       mxGetClassID               0000000180014d22 f   libmx:libmx.dll
 0001:00013d28       mxIsNumeric                0000000180014d28 f   libmx:libmx.dll
 0001:00013d2e       mxIsComplex                0000000180014d2e f   libmx:libmx.dll
 0001:00013d34       mxGetN                     0000000180014d34 f   libmx:libmx.dll
 0001:00013d3a       mxGetM                     0000000180014d3a f   libmx:libmx.dll
 0001:00013d40       mxCalloc                   0000000180014d40 f   libmx:libmx.dll
 0001:00013d46       mexMakeArrayPersistent     0000000180014d46 f   libmex:libmex.dll
 0001:00013d4c       mexUnlock                  0000000180014d4c f   libmex:libmex.dll
 0001:00013d52       mexIsLocked                0000000180014d52 f   libmex:libmex.dll
 0001:00013d58       mexWarnMsgTxt              0000000180014d58 f   libmex:libmex.dll
 0001:00013d5e       mexCallMATLAB              0000000180014d5e f   libmex:libmex.dll
 0001:00013d64       mexErrMsgTxt               0000000180014d64 f   libmex:libmex.dll
 0001:00013d6a       mexLock                    0000000180014d6a f   libmex:libmex.dll
 0001:00013d70       utMalloc                   0000000180014d70 f   libut:libut.dll
 0001:00013d76       utFree                     0000000180014d76 f   libut:libut.dll
 0001:00013d7c       muDoubleScalarIsNaN        0000000180014d7c f   libmwmathutil:libmwmathutil.dll
 0001:00013d82       muDoubleScalarIsInf        0000000180014d82 f   libmwmathutil:libmwmathutil.dll
 0001:00013d88       __GSHandlerCheckCommon     0000000180014d88 f   MSVCRT:gshandler.obj
 0001:00013dec       __GSHandlerCheck           0000000180014dec f   MSVCRT:gshandler.obj
 0001:00013e0a       strcmp                     0000000180014e0a f   MSVCRT:MSVCR100.dll
 0001:00013e20       __security_check_cookie    0000000180014e20 f   MSVCRT:amdsecgs.obj
 0001:00013e40       strlen                     0000000180014e40 f   MSVCRT:MSVCR100.dll
 0001:00013e46       memset                     0000000180014e46 f   MSVCRT:MSVCR100.dll
 0001:00013e4c       free                       0000000180014e4c f   MSVCRT:MSVCR100.dll
 0001:00013e52       sprintf                    0000000180014e52 f   MSVCRT:MSVCR100.dll
 0001:00013e58       malloc                     0000000180014e58 f   MSVCRT:MSVCR100.dll
 0001:00013e5e       strcat                     0000000180014e5e f   MSVCRT:MSVCR100.dll
 0001:00013e64       memcpy                     0000000180014e64 f   MSVCRT:MSVCR100.dll
 0001:00013e6c       NtCurrentTeb               0000000180014e6c f i MSVCRT:crtdll.obj
 0001:00013ed8       _CRT_INIT                  0000000180014ed8 f   MSVCRT:crtdll.obj
 0001:00014270       _DllMainCRTStartup         0000000180015270 f   MSVCRT:crtdll.obj
 0001:000142b0       __report_gsfailure         00000001800152b0 f   MSVCRT:gs_report.obj
 0001:000143fc       __clean_type_info_names    00000001800153fc f   MSVCRT:tncleanup.obj
 0001:00014408       _onexit                    0000000180015408 f   MSVCRT:atonexit.obj
 0001:000144b8       atexit                     00000001800154b8 f   MSVCRT:atonexit.obj
 0001:000144d0       _RTC_Initialize            00000001800154d0 f   MSVCRT:_initsect_.obj
 0001:00014508       _RTC_Terminate             0000000180015508 f   MSVCRT:_initsect_.obj
 0001:00014540       _malloc_crt                0000000180015540 f   MSVCRT:MSVCR100.dll
 0001:00014550       _ValidateImageBase         0000000180015550 f   MSVCRT:pesect.obj
 0001:00014580       _FindPESection             0000000180015580 f   MSVCRT:pesect.obj
 0001:000145d0       _IsNonwritableInCurrentImage 00000001800155d0 f   MSVCRT:pesect.obj
 0001:00014612       _initterm                  0000000180015612 f   MSVCRT:MSVCR100.dll
 0001:00014618       _initterm_e                0000000180015618 f   MSVCRT:MSVCR100.dll
 0001:0001461e       _encoded_null              000000018001561e f   MSVCRT:MSVCR100.dll
 0001:00014624       _amsg_exit                 0000000180015624 f   MSVCRT:MSVCR100.dll
 0001:0001462a       __C_specific_handler       000000018001562a f   MSVCRT:MSVCR100.dll
 0001:00014630       __CppXcptFilter            0000000180015630 f   MSVCRT:MSVCR100.dll
 0001:00014638       DllMain                    0000000180015638 f   MSVCRT:dllmain.obj
 0001:0001465c       __security_init_cookie     000000018001565c f   MSVCRT:gs_support.obj
 0001:00014710       __crt_debugger_hook        0000000180015710 f   MSVCRT:MSVCR100.dll
 0001:00014716       __clean_type_info_names_internal 0000000180015716 f   MSVCRT:MSVCR100.dll
 0001:0001471c       _unlock                    000000018001571c f   MSVCRT:MSVCR100.dll
 0001:00014722       __dllonexit                0000000180015722 f   MSVCRT:MSVCR100.dll
 0001:00014728       _lock                      0000000180015728 f   MSVCRT:MSVCR100.dll
 0001:0001472e       EncodePointer              000000018001572e f   kernel32:KERNEL32.dll
 0001:00014734       DecodePointer              0000000180015734 f   kernel32:KERNEL32.dll
 0001:0001473a       Sleep                      000000018001573a f   kernel32:KERNEL32.dll
 0001:00014740       TerminateProcess           0000000180015740 f   kernel32:KERNEL32.dll
 0001:00014746       GetCurrentProcess          0000000180015746 f   kernel32:KERNEL32.dll
 0001:0001474c       UnhandledExceptionFilter   000000018001574c f   kernel32:KERNEL32.dll
 0001:00014752       SetUnhandledExceptionFilter 0000000180015752 f   kernel32:KERNEL32.dll
 0001:00014758       IsDebuggerPresent          0000000180015758 f   kernel32:KERNEL32.dll
 0001:0001475e       RtlVirtualUnwind           000000018001575e f   kernel32:KERNEL32.dll
 0001:00014764       RtlLookupFunctionEntry     0000000180015764 f   kernel32:KERNEL32.dll
 0001:0001476a       RtlCaptureContext          000000018001576a f   kernel32:KERNEL32.dll
 0001:00014770       DisableThreadLibraryCalls  0000000180015770 f   kernel32:KERNEL32.dll
 0001:00014776       QueryPerformanceCounter    0000000180015776 f   kernel32:KERNEL32.dll
 0001:0001477c       GetTickCount               000000018001577c f   kernel32:KERNEL32.dll
 0001:00014782       GetCurrentThreadId         0000000180015782 f   kernel32:KERNEL32.dll
 0001:00014788       GetCurrentProcessId        0000000180015788 f   kernel32:KERNEL32.dll
 0001:0001478e       GetSystemTimeAsFileTime    000000018001578e f   kernel32:KERNEL32.dll
 0002:00000000       __imp_GetSystemTimeAsFileTime 0000000180016000     kernel32:KERNEL32.dll
 0002:00000008       __imp_GetCurrentProcessId  0000000180016008     kernel32:KERNEL32.dll
 0002:00000010       __imp_GetCurrentThreadId   0000000180016010     kernel32:KERNEL32.dll
 0002:00000018       __imp_GetTickCount         0000000180016018     kernel32:KERNEL32.dll
 0002:00000020       __imp_QueryPerformanceCounter 0000000180016020     kernel32:KERNEL32.dll
 0002:00000028       __imp_DisableThreadLibraryCalls 0000000180016028     kernel32:KERNEL32.dll
 0002:00000030       __imp_RtlCaptureContext    0000000180016030     kernel32:KERNEL32.dll
 0002:00000038       __imp_RtlLookupFunctionEntry 0000000180016038     kernel32:KERNEL32.dll
 0002:00000040       __imp_RtlVirtualUnwind     0000000180016040     kernel32:KERNEL32.dll
 0002:00000048       __imp_IsDebuggerPresent    0000000180016048     kernel32:KERNEL32.dll
 0002:00000050       __imp_SetUnhandledExceptionFilter 0000000180016050     kernel32:KERNEL32.dll
 0002:00000058       __imp_UnhandledExceptionFilter 0000000180016058     kernel32:KERNEL32.dll
 0002:00000060       __imp_GetCurrentProcess    0000000180016060     kernel32:KERNEL32.dll
 0002:00000068       __imp_TerminateProcess     0000000180016068     kernel32:KERNEL32.dll
 0002:00000070       __imp_Sleep                0000000180016070     kernel32:KERNEL32.dll
 0002:00000078       __imp_DecodePointer        0000000180016078     kernel32:KERNEL32.dll
 0002:00000080       __imp_EncodePointer        0000000180016080     kernel32:KERNEL32.dll
 0002:00000088       \177KERNEL32_NULL_THUNK_DATA 0000000180016088     kernel32:KERNEL32.dll
 0002:00000090       __imp__onexit              0000000180016090     MSVCRT:MSVCR100.dll
 0002:00000098       __imp__lock                0000000180016098     MSVCRT:MSVCR100.dll
 0002:000000a0       __imp___dllonexit          00000001800160a0     MSVCRT:MSVCR100.dll
 0002:000000a8       __imp__unlock              00000001800160a8     MSVCRT:MSVCR100.dll
 0002:000000b0       __imp___clean_type_info_names_internal 00000001800160b0     MSVCRT:MSVCR100.dll
 0002:000000b8       __imp___crt_debugger_hook  00000001800160b8     MSVCRT:MSVCR100.dll
 0002:000000c0       __imp___CppXcptFilter      00000001800160c0     MSVCRT:MSVCR100.dll
 0002:000000c8       __imp___C_specific_handler 00000001800160c8     MSVCRT:MSVCR100.dll
 0002:000000d0       __imp__amsg_exit           00000001800160d0     MSVCRT:MSVCR100.dll
 0002:000000d8       __imp__encoded_null        00000001800160d8     MSVCRT:MSVCR100.dll
 0002:000000e0       __imp__initterm_e          00000001800160e0     MSVCRT:MSVCR100.dll
 0002:000000e8       __imp__initterm            00000001800160e8     MSVCRT:MSVCR100.dll
 0002:000000f0       __imp__malloc_crt          00000001800160f0     MSVCRT:MSVCR100.dll
 0002:000000f8       __imp_memcpy               00000001800160f8     MSVCRT:MSVCR100.dll
 0002:00000100       __imp_strcat               0000000180016100     MSVCRT:MSVCR100.dll
 0002:00000108       __imp_malloc               0000000180016108     MSVCRT:MSVCR100.dll
 0002:00000110       __imp_sprintf              0000000180016110     MSVCRT:MSVCR100.dll
 0002:00000118       __imp_free                 0000000180016118     MSVCRT:MSVCR100.dll
 0002:00000120       __imp_memset               0000000180016120     MSVCRT:MSVCR100.dll
 0002:00000128       __imp_strlen               0000000180016128     MSVCRT:MSVCR100.dll
 0002:00000130       __imp_strcmp               0000000180016130     MSVCRT:MSVCR100.dll
 0002:00000138       \177MSVCR100_NULL_THUNK_DATA 0000000180016138     MSVCRT:MSVCR100.dll
 0002:00000140       __imp_mexErrMsgTxt         0000000180016140     libmex:libmex.dll
 0002:00000148       __imp_mexUnlock            0000000180016148     libmex:libmex.dll
 0002:00000150       __imp_mexIsLocked          0000000180016150     libmex:libmex.dll
 0002:00000158       __imp_mexLock              0000000180016158     libmex:libmex.dll
 0002:00000160       __imp_mexMakeArrayPersistent 0000000180016160     libmex:libmex.dll
 0002:00000168       __imp_mexCallMATLAB        0000000180016168     libmex:libmex.dll
 0002:00000170       __imp_mexWarnMsgTxt        0000000180016170     libmex:libmex.dll
 0002:00000178       \177libmex_NULL_THUNK_DATA 0000000180016178     libmex:libmex.dll
 0002:00000180       __imp_muDoubleScalarIsInf  0000000180016180     libmwmathutil:libmwmathutil.dll
 0002:00000188       __imp_muDoubleScalarIsNaN  0000000180016188     libmwmathutil:libmwmathutil.dll
 0002:00000190       \177libmwmathutil_NULL_THUNK_DATA 0000000180016190     libmwmathutil:libmwmathutil.dll
 0002:00000198       __imp_mxCalloc             0000000180016198     libmx:libmx.dll
 0002:000001a0       __imp_mxGetM               00000001800161a0     libmx:libmx.dll
 0002:000001a8       __imp_mxGetN               00000001800161a8     libmx:libmx.dll
 0002:000001b0       __imp_mxIsComplex          00000001800161b0     libmx:libmx.dll
 0002:000001b8       __imp_mxIsNumeric          00000001800161b8     libmx:libmx.dll
 0002:000001c0       __imp_mxGetClassID         00000001800161c0     libmx:libmx.dll
 0002:000001c8       __imp_mxGetNaN             00000001800161c8     libmx:libmx.dll
 0002:000001d0       __imp_mxCreateCellMatrix_730 00000001800161d0     libmx:libmx.dll
 0002:000001d8       __imp_mxCreateStructMatrix_730 00000001800161d8     libmx:libmx.dll
 0002:000001e0       __imp_mxCreateString       00000001800161e0     libmx:libmx.dll
 0002:000001e8       __imp_mxSetField_730       00000001800161e8     libmx:libmx.dll
 0002:000001f0       __imp_mxCreateDoubleScalar 00000001800161f0     libmx:libmx.dll
 0002:000001f8       __imp_mxDuplicateArray     00000001800161f8     libmx:libmx.dll
 0002:00000200       __imp_mxDestroyArray       0000000180016200     libmx:libmx.dll
 0002:00000208       __imp_mxIsChar             0000000180016208     libmx:libmx.dll
 0002:00000210       __imp_mxGetString_730      0000000180016210     libmx:libmx.dll
 0002:00000218       __imp_mxGetScalar          0000000180016218     libmx:libmx.dll
 0002:00000220       __imp_mxGetPr              0000000180016220     libmx:libmx.dll
 0002:00000228       __imp_mxCreateDoubleMatrix_730 0000000180016228     libmx:libmx.dll
 0002:00000230       \177libmx_NULL_THUNK_DATA  0000000180016230     libmx:libmx.dll
 0002:00000238       __imp_utMalloc             0000000180016238     libut:libut.dll
 0002:00000240       __imp_utFree               0000000180016240     libut:libut.dll
 0002:00000248       \177libut_NULL_THUNK_DATA  0000000180016248     libut:libut.dll
 0002:00000250       __imp_call_sf_machine_global_method_dispatcher 0000000180016250     sf_runtime:sf_runtime.dll
 0002:00000258       __imp_callMdlMethodAndReportError 0000000180016258     sf_runtime:sf_runtime.dll
 0002:00000260       __imp_sf_debug_api         0000000180016260     sf_runtime:sf_runtime.dll
 0002:00000268       __imp_sf_debug_create_debug_instance_struct 0000000180016268     sf_runtime:sf_runtime.dll
 0002:00000270       __imp_sf_debug_terminate   0000000180016270     sf_runtime:sf_runtime.dll
 0002:00000278       __imp_sf_clear_rtw_identifier 0000000180016278     sf_runtime:sf_runtime.dll
 0002:00000280       __imp_sf_mex_call_debug    0000000180016280     sf_runtime:sf_runtime.dll
 0002:00000288       __imp_sf_debug_non_negative_check 0000000180016288     sf_runtime:sf_runtime.dll
 0002:00000290       __imp_sf_debug_symbol_scope_push_eml 0000000180016290     sf_runtime:sf_runtime.dll
 0002:00000298       __imp_sf_debug_symbol_scope_add_eml_importable 0000000180016298     sf_runtime:sf_runtime.dll
 0002:000002a0       __imp_sf_clear_error_manager_info 00000001800162a0     sf_runtime:sf_runtime.dll
 0002:000002a8       __imp_cv_eml_eval          00000001800162a8     sf_runtime:sf_runtime.dll
 0002:000002b0       __imp_eml_debug_line_call  00000001800162b0     sf_runtime:sf_runtime.dll
 0002:000002b8       __imp_sf_debug_eml_data_array_bounds_error_check 00000001800162b8     sf_runtime:sf_runtime.dll
 0002:000002c0       __imp_sf_mex_listen_for_ctrl_c 00000001800162c0     sf_runtime:sf_runtime.dll
 0002:000002c8       __imp_sf_debug_symbol_scope_push 00000001800162c8     sf_runtime:sf_runtime.dll
 0002:000002d0       __imp_sf_debug_call        00000001800162d0     sf_runtime:sf_runtime.dll
 0002:000002d8       __imp_sf_debug_data_range_wrapper 00000001800162d8     sf_runtime:sf_runtime.dll
 0002:000002e0       __imp_sf_debug_symbol_scope_pop 00000001800162e0     sf_runtime:sf_runtime.dll
 0002:000002e8       __imp_sf_debug_check_for_state_inconsistency 00000001800162e8     sf_runtime:sf_runtime.dll
 0002:000002f0       __imp_sf_get_time          00000001800162f0     sf_runtime:sf_runtime.dll
 0002:000002f8       __imp_sf_debug_initialize_chart 00000001800162f8     sf_runtime:sf_runtime.dll
 0002:00000300       __imp_sf_mex_error_direct_call 0000000180016300     sf_runtime:sf_runtime.dll
 0002:00000308       __imp_sf_debug_symbol_scope_add_eml 0000000180016308     sf_runtime:sf_runtime.dll
 0002:00000310       __imp_sf_debug_set_chart_disable_implicit_casting 0000000180016310     sf_runtime:sf_runtime.dll
 0002:00000318       __imp_sf_debug_set_chart_event_thresholds 0000000180016318     sf_runtime:sf_runtime.dll
 0002:00000320       __imp_sf_debug_set_chart_data_props 0000000180016320     sf_runtime:sf_runtime.dll
 0002:00000328       __imp_sf_debug_set_chart_state_info 0000000180016328     sf_runtime:sf_runtime.dll
 0002:00000330       __imp_sf_debug_set_chart_substate_count 0000000180016330     sf_runtime:sf_runtime.dll
 0002:00000338       __imp_sf_debug_set_chart_decomposition 0000000180016338     sf_runtime:sf_runtime.dll
 0002:00000340       __imp_sf_debug_cv_init_chart 0000000180016340     sf_runtime:sf_runtime.dll
 0002:00000348       __imp_sf_debug_cv_init_state 0000000180016348     sf_runtime:sf_runtime.dll
 0002:00000350       __imp_sf_debug_cv_init_trans 0000000180016350     sf_runtime:sf_runtime.dll
 0002:00000358       __imp_cv_eml_init_script   0000000180016358     sf_runtime:sf_runtime.dll
 0002:00000360       __imp_cv_eml_init_fcn      0000000180016360     sf_runtime:sf_runtime.dll
 0002:00000368       __imp_cv_eml_init_if       0000000180016368     sf_runtime:sf_runtime.dll
 0002:00000370       __imp_cv_eml_init_while    0000000180016370     sf_runtime:sf_runtime.dll
 0002:00000378       __imp_sf_debug_set_chart_data_compiled_props 0000000180016378     sf_runtime:sf_runtime.dll
 0002:00000380       __imp_sf_debug_set_instance_data_value_ptr 0000000180016380     sf_runtime:sf_runtime.dll
 0002:00000388       __imp_sf_debug_reset_current_state_configuration 0000000180016388     sf_runtime:sf_runtime.dll
 0002:00000390       __imp_sim_mode_is_rtw_gen  0000000180016390     sf_runtime:sf_runtime.dll
 0002:00000398       __imp_sim_mode_is_external 0000000180016398     sf_runtime:sf_runtime.dll
 0002:000003a0       __imp_sf_is_chart_inlinable 00000001800163a0     sf_runtime:sf_runtime.dll
 0002:000003a8       __imp_sf_rtw_info_uint_prop 00000001800163a8     sf_runtime:sf_runtime.dll
 0002:000003b0       __imp_sf_update_buildInfo  00000001800163b0     sf_runtime:sf_runtime.dll
 0002:000003b8       __imp_sf_mark_chart_expressionable_inputs 00000001800163b8     sf_runtime:sf_runtime.dll
 0002:000003c0       __imp_sf_mark_chart_reusable_outputs 00000001800163c0     sf_runtime:sf_runtime.dll
 0002:000003c8       __imp_sf_set_rtw_dwork_info 00000001800163c8     sf_runtime:sf_runtime.dll
 0002:000003d0       __imp_sf_mex_import        00000001800163d0     sf_runtime:sf_runtime.dll
 0002:000003d8       __imp_sf_mex_dup           00000001800163d8     sf_runtime:sf_runtime.dll
 0002:000003e0       __imp_sf_mex_getcell       00000001800163e0     sf_runtime:sf_runtime.dll
 0002:000003e8       __imp_sf_mex_decode_encoded_mx_struct_array 00000001800163e8     sf_runtime:sf_runtime.dll
 0002:000003f0       __imp_sf_mex_setcell       00000001800163f0     sf_runtime:sf_runtime.dll
 0002:000003f8       __imp_sf_mex_call_matlab   00000001800163f8     sf_runtime:sf_runtime.dll
 0002:00000400       __imp_sf_mex_error_message 0000000180016400     sf_runtime:sf_runtime.dll
 0002:00000408       __imp_sf_mex_create        0000000180016408     sf_runtime:sf_runtime.dll
 0002:00000410       __imp_sf_mex_addfield      0000000180016410     sf_runtime:sf_runtime.dll
 0002:00000418       __imp_sf_mex_createcellmatrix 0000000180016418     sf_runtime:sf_runtime.dll
 0002:00000420       __imp_sf_mex_duplicatearraysafe 0000000180016420     sf_runtime:sf_runtime.dll
 0002:00000428       __imp_sf_mex_destroy       0000000180016428     sf_runtime:sf_runtime.dll
 0002:00000430       __imp_sf_mex_createstruct  0000000180016430     sf_runtime:sf_runtime.dll
 0002:00000438       __imp_sf_mex_assign        0000000180016438     sf_runtime:sf_runtime.dll
 0002:00000440       __imp_sf_mex_emlrtNameCapturePostProcessR2012a 0000000180016440     sf_runtime:sf_runtime.dll
 0002:00000448       __imp_sf_load_rtw_optimization_info 0000000180016448     sf_runtime:sf_runtime.dll
 0002:00000450       __imp_sf_debug_initialize_machine 0000000180016450     sf_runtime:sf_runtime.dll
 0002:00000458       __imp_sf_debug_set_machine_event_thresholds 0000000180016458     sf_runtime:sf_runtime.dll
 0002:00000460       __imp_sf_debug_set_machine_data_thresholds 0000000180016460     sf_runtime:sf_runtime.dll
 0002:00000468       \177sf_runtime_NULL_THUNK_DATA 0000000180016468     sf_runtime:sf_runtime.dll
 0002:00000470       __xc_a                     0000000180016470     MSVCRT:cinitexe.obj
 0002:00000478       __xc_z                     0000000180016478     MSVCRT:cinitexe.obj
 0002:00000480       __xi_a                     0000000180016480     MSVCRT:cinitexe.obj
 0002:00000490       __xi_z                     0000000180016490     MSVCRT:cinitexe.obj
 0002:000004a0       __real@41e154445d800000    00000001800164a0     Arti_DeltaSM_Angulos_sfun.obj
 0002:000004a8       __real@41ed6c2965a00000    00000001800164a8     Arti_DeltaSM_Angulos_sfun.obj
 0002:000004b0       __real@41e3386262600000    00000001800164b0     Arti_DeltaSM_Angulos_sfun.obj
 0002:000004b8       __real@41e02f56d7c00000    00000001800164b8     Arti_DeltaSM_Angulos_sfun.obj
 0002:000004c0       __real@41c900e78a000000    00000001800164c0     Arti_DeltaSM_Angulos_sfun.obj
 0002:000004c8       __real@41eda5398c800000    00000001800164c8     Arti_DeltaSM_Angulos_sfun.obj
 0002:000004d0       __real@41edcf5b43c00000    00000001800164d0     Arti_DeltaSM_Angulos_sfun.obj
 0002:000004d8       __real@41e695dff8600000    00000001800164d8     Arti_DeltaSM_Angulos_sfun.obj
 0002:000004e0       __real@41ec3fa5fd200000    00000001800164e0     Arti_DeltaSM_Angulos_sfun.obj
 0002:000004e8       __real@41e20130ace00000    00000001800164e8     Arti_DeltaSM_Angulos_sfun.obj
 0002:000004f0       __real@41d89d08e9400000    00000001800164f0     Arti_DeltaSM_Angulos_sfun.obj
 0002:000004f8       __real@41e21bfb34c00000    00000001800164f8     Arti_DeltaSM_Angulos_sfun.obj
 0002:00000500       __real@41ea80ec11e00000    0000000180016500     Arti_DeltaSM_Angulos_sfun.obj
 0002:00000508       __real@41e788dfdce00000    0000000180016508     Arti_DeltaSM_Angulos_sfun.obj
 0002:00000510       __real@41c04a588e800000    0000000180016510     Arti_DeltaSM_Angulos_sfun.obj
 0002:00000518       __real@41e83d7dbc800000    0000000180016518     Arti_DeltaSM_Angulos_sfun.obj
 0002:00000520       __real@41e42d8ba9600000    0000000180016520     c1_Arti_DeltaSM_Angulos.obj
 0002:00000528       __real@41d053b908800000    0000000180016528     c1_Arti_DeltaSM_Angulos.obj
 0002:00000530       __real@41d6f7d095800000    0000000180016530     c1_Arti_DeltaSM_Angulos.obj
 0002:00000538       __real@41c85cc553000000    0000000180016538     c1_Arti_DeltaSM_Angulos.obj
 0002:00000540       __real@4018000000000000    0000000180016540     c1_Arti_DeltaSM_Angulos.obj
 0002:00000548       __real@4010000000000000    0000000180016548     c1_Arti_DeltaSM_Angulos.obj
 0002:00000550       __real@4014000000000000    0000000180016550     c1_Arti_DeltaSM_Angulos.obj
 0002:00000558       __real@4024000000000000    0000000180016558     c1_Arti_DeltaSM_Angulos.obj
 0002:00000560       __real@3ff0000000000000    0000000180016560     c1_Arti_DeltaSM_Angulos.obj
 0002:00000570       __mask@@NegDouble@         0000000180016570     c1_Arti_DeltaSM_Angulos.obj
 0002:00000580       __real@0000000000000000    0000000180016580     c1_Arti_DeltaSM_Angulos.obj
 0002:00000588       __real@4022000000000000    0000000180016588     c1_Arti_DeltaSM_Angulos.obj
 0002:00000590       __real@4000000000000000    0000000180016590     c1_Arti_DeltaSM_Angulos.obj
 0002:00000598       __real@bff0000000000000    0000000180016598     c1_Arti_DeltaSM_Angulos.obj
 0002:000005a0       DYNAMIC_DIMENSION_DEF      00000001800165a0     Arti_DeltaSM_Angulos_sfun_registry.obj
 0002:000005c0       _ssBadLevel2InputAccessMsg 00000001800165c0     Arti_DeltaSM_Angulos_sfun_registry.obj
 0002:00000750       _ssBadLevel2DirectFeedMsg  0000000180016750     Arti_DeltaSM_Angulos_sfun_registry.obj
 0002:00000890       _ssBadLevel2DirectFeedSolutionMsg 0000000180016890     Arti_DeltaSM_Angulos_sfun_registry.obj
 0002:00000900       _ssBadLevel2ZeroDirectFeedMsg 0000000180016900     Arti_DeltaSM_Angulos_sfun_registry.obj
 0002:00000a40       _ssBadLevel2ZeroDirectFeedMsg2 0000000180016a40     Arti_DeltaSM_Angulos_sfun_registry.obj
 0002:00000b28       __real@41602cbca0000000    0000000180016b28     Arti_DeltaSM_Angulos_sfun_registry.obj
 0002:00000b30       _pRawDllMain               0000000180016b30     MSVCRT:crtdll.obj
 0002:00000b30       _pDefaultRawDllMain        0000000180016b30     MSVCRT:crtdll.obj
 0002:00000b48       ?ProcessDetach@NativeDll@<CrtImplementationDetails>@@0IB 0000000180016b48     MSVCRT:tncleanup.obj
 0002:00000b4c       ?ProcessAttach@NativeDll@<CrtImplementationDetails>@@0IB 0000000180016b4c     MSVCRT:tncleanup.obj
 0002:00000b50       ?ThreadAttach@NativeDll@<CrtImplementationDetails>@@0IB 0000000180016b50     MSVCRT:tncleanup.obj
 0002:00000b54       ?ThreadDetach@NativeDll@<CrtImplementationDetails>@@0IB 0000000180016b54     MSVCRT:tncleanup.obj
 0002:00000b58       ?ProcessVerifier@NativeDll@<CrtImplementationDetails>@@0IB 0000000180016b58     MSVCRT:tncleanup.obj
 0002:00000b60       __rtc_iaa                  0000000180016b60     MSVCRT:_initsect_.obj
 0002:00000b68       __rtc_izz                  0000000180016b68     MSVCRT:_initsect_.obj
 0002:00000b70       __rtc_taa                  0000000180016b70     MSVCRT:_initsect_.obj
 0002:00000b78       __rtc_tzz                  0000000180016b78     MSVCRT:_initsect_.obj
 0002:00001218       __IMPORT_DESCRIPTOR_sf_runtime 0000000180017218     sf_runtime:sf_runtime.dll
 0002:0000122c       __IMPORT_DESCRIPTOR_libmx  000000018001722c     libmx:libmx.dll
 0002:00001240       __IMPORT_DESCRIPTOR_libmex 0000000180017240     libmex:libmex.dll
 0002:00001254       __IMPORT_DESCRIPTOR_libut  0000000180017254     libut:libut.dll
 0002:00001268       __IMPORT_DESCRIPTOR_libmwmathutil 0000000180017268     libmwmathutil:libmwmathutil.dll
 0002:0000127c       __IMPORT_DESCRIPTOR_MSVCR100 000000018001727c     MSVCRT:MSVCR100.dll
 0002:00001290       __IMPORT_DESCRIPTOR_KERNEL32 0000000180017290     kernel32:KERNEL32.dll
 0002:000012a4       __NULL_IMPORT_DESCRIPTOR   00000001800172a4     sf_runtime:sf_runtime.dll
 0003:00003228       DYNAMIC_DIMENSION          000000018001c228     Arti_DeltaSM_Angulos_sfun_registry.obj
 0003:00003e28       __security_cookie          000000018001ce28     MSVCRT:gs_cookie.obj
 0003:00003e30       __security_cookie_complement 000000018001ce30     MSVCRT:gs_cookie.obj
 0003:00003e38       _fltused                   000000018001ce38     MSVCRT:dllsupp.obj
 0003:00003e40       __native_dllmain_reason    000000018001ce40     MSVCRT:natstart.obj
 0003:00003e44       __native_vcclrit_reason    000000018001ce44     MSVCRT:natstart.obj
 0003:00003f48       sfGlobalDebugInstanceStruct 000000018001cf48     Arti_DeltaSM_Angulos_sfun_registry.obj
 0003:000044d0       ?__type_info_root_node@@3U__type_info_node@@A 000000018001d4d0     MSVCRT:tncleanup.obj
 0003:000044e0       _Arti_DeltaSM_AngulosMachineNumber_ 000000018001d4e0     <common>
 0003:000044e4       __native_startup_state     000000018001d4e4     <common>
 0003:000044e8       __native_startup_lock      000000018001d4e8     <common>
 0003:000044f0       __onexitend                000000018001d4f0     <common>
 0003:000044f8       __onexitbegin              000000018001d4f8     <common>
 0003:00004500       __dyn_tls_init_callback    000000018001d500     <common>

 entry point at        0001:00014270

 Static symbols

 0001:00000b40       c1_info_helper             0000000180001b40 f   c1_Arti_DeltaSM_Angulos.obj
 0001:00004340       c1_emlrt_marshallOut       0000000180005340 f   c1_Arti_DeltaSM_Angulos.obj
 0001:000043d0       c1_b_emlrt_marshallOut     00000001800053d0 f   c1_Arti_DeltaSM_Angulos.obj
 0001:000059c0       get_sim_state_c1_Arti_DeltaSM_Angulos 00000001800069c0 f   c1_Arti_DeltaSM_Angulos.obj
 0001:00006180       sf_get_sim_state_info_c1_Arti_DeltaSM_Angulos 0000000180007180 f   c1_Arti_DeltaSM_Angulos.obj
 0001:00006350       set_sim_state_c1_Arti_DeltaSM_Angulos 0000000180007350 f   c1_Arti_DeltaSM_Angulos.obj
 0001:000066f0       c1_update_debugger_state_c1_Arti_DeltaSM_Angulos 00000001800076f0 f   c1_Arti_DeltaSM_Angulos.obj
 0001:00006700       c1_emlrt_marshallIn        0000000180007700 f   c1_Arti_DeltaSM_Angulos.obj
 0001:00006770       c1_b_emlrt_marshallIn      0000000180007770 f   c1_Arti_DeltaSM_Angulos.obj
 0001:00006800       c1_d_emlrt_marshallIn      0000000180007800 f   c1_Arti_DeltaSM_Angulos.obj
 0001:00006860       c1_e_emlrt_marshallIn      0000000180007860 f   c1_Arti_DeltaSM_Angulos.obj
 0001:00006960       mdlProcessParameters_c1_Arti_DeltaSM_Angulos 0000000180007960 f   c1_Arti_DeltaSM_Angulos.obj
 0001:00006a40       initialize_params_c1_Arti_DeltaSM_Angulos 0000000180007a40 f   c1_Arti_DeltaSM_Angulos.obj
 0001:00006a50       mdlSetWorkWidths_c1_Arti_DeltaSM_Angulos 0000000180007a50 f   c1_Arti_DeltaSM_Angulos.obj
 0001:00006fe0       sf_get_instance_specialization 0000000180007fe0 f   c1_Arti_DeltaSM_Angulos.obj
 0001:00006ff0       mdlStart_c1_Arti_DeltaSM_Angulos 0000000180007ff0 f   c1_Arti_DeltaSM_Angulos.obj
 0001:00007220       init_dsm_address_info      0000000180008220 f   c1_Arti_DeltaSM_Angulos.obj
 0001:00007230       chart_debug_initialization 0000000180008230 f   c1_Arti_DeltaSM_Angulos.obj
 0001:00008b50       init_script_number_translation 0000000180009b50 f   c1_Arti_DeltaSM_Angulos.obj
 0001:00008b70       c1_sf_marshallOut          0000000180009b70 f   c1_Arti_DeltaSM_Angulos.obj
 0001:00008c20       c1_sf_marshallIn           0000000180009c20 f   c1_Arti_DeltaSM_Angulos.obj
 0001:00008cc0       c1_b_sf_marshallOut        0000000180009cc0 f   c1_Arti_DeltaSM_Angulos.obj
 0001:00008ee0       c1_c_sf_marshallOut        0000000180009ee0 f   c1_Arti_DeltaSM_Angulos.obj
 0001:00009060       sf_opaque_initialize_c1_Arti_DeltaSM_Angulos 000000018000a060 f   c1_Arti_DeltaSM_Angulos.obj
 0001:000090a0       initialize_c1_Arti_DeltaSM_Angulos 000000018000a0a0 f   c1_Arti_DeltaSM_Angulos.obj
 0001:000090f0       sf_opaque_enable_c1_Arti_DeltaSM_Angulos 000000018000a0f0 f   c1_Arti_DeltaSM_Angulos.obj
 0001:00009110       enable_c1_Arti_DeltaSM_Angulos 000000018000a110 f   c1_Arti_DeltaSM_Angulos.obj
 0001:00009140       sf_opaque_disable_c1_Arti_DeltaSM_Angulos 000000018000a140 f   c1_Arti_DeltaSM_Angulos.obj
 0001:00009160       disable_c1_Arti_DeltaSM_Angulos 000000018000a160 f   c1_Arti_DeltaSM_Angulos.obj
 0001:00009190       sf_opaque_gateway_c1_Arti_DeltaSM_Angulos 000000018000a190 f   c1_Arti_DeltaSM_Angulos.obj
 0001:000091b0       sf_gateway_c1_Arti_DeltaSM_Angulos 000000018000a1b0 f   c1_Arti_DeltaSM_Angulos.obj
 0001:00009950       c1_chartstep_c1_Arti_DeltaSM_Angulos 000000018000a950 f   c1_Arti_DeltaSM_Angulos.obj
 0001:0000c030       c1_polyval                 000000018000d030 f   c1_Arti_DeltaSM_Angulos.obj
 0001:0000c0d0       c1_polyder                 000000018000d0d0 f   c1_Arti_DeltaSM_Angulos.obj
 0001:0000c750       c1_isfinite                000000018000d750 f   c1_Arti_DeltaSM_Angulos.obj
 0001:0000c820       c1_b_polyval               000000018000d820 f   c1_Arti_DeltaSM_Angulos.obj
 0001:0000ca50       c1_b_polyder               000000018000da50 f   c1_Arti_DeltaSM_Angulos.obj
 0001:0000ce40       c1_trim_leading_zeros      000000018000de40 f   c1_Arti_DeltaSM_Angulos.obj
 0001:0000d4f0       sf_opaque_get_sim_state_c1_Arti_DeltaSM_Angulos 000000018000e4f0 f   c1_Arti_DeltaSM_Angulos.obj
 0001:0000d510       sf_opaque_set_sim_state_c1_Arti_DeltaSM_Angulos 000000018000e510 f   c1_Arti_DeltaSM_Angulos.obj
 0001:0000d540       sf_opaque_terminate_c1_Arti_DeltaSM_Angulos 000000018000e540 f   c1_Arti_DeltaSM_Angulos.obj
 0001:0000d5e0       finalize_c1_Arti_DeltaSM_Angulos 000000018000e5e0 f   c1_Arti_DeltaSM_Angulos.obj
 0001:0000d5f0       sf_opaque_init_subchart_simstructs 000000018000e5f0 f   c1_Arti_DeltaSM_Angulos.obj
 0001:0000d610       initSimStructsc1_Arti_DeltaSM_Angulos 000000018000e610 f   c1_Arti_DeltaSM_Angulos.obj
 0001:0000d620       mdlRTW_c1_Arti_DeltaSM_Angulos 000000018000e620 f   c1_Arti_DeltaSM_Angulos.obj
 0001:0000df90       getChartInfoFromSimStruct  000000018000ef90 f   Arti_DeltaSM_Angulos_sfun_registry.obj
 0001:0000f630       _ssFatalError              0000000180010630 f   Arti_DeltaSM_Angulos_sfun_registry.obj
 0001:000126e0       ProcessMexSfunctionCmdLineCall 00000001800136e0 f   Arti_DeltaSM_Angulos_sfun_registry.obj
 0001:00012810       sf_debug_api_wrapper       0000000180013810 f   Arti_DeltaSM_Angulos_sfun_registry.obj
 0001:00012860       mdlStart                   0000000180013860 f   Arti_DeltaSM_Angulos_sfun_registry.obj
 0001:00012890       mdl_start_processing       0000000180013890 f   Arti_DeltaSM_Angulos_sfun_registry.obj
 0001:00012920       mdlTerminate               0000000180013920 f   Arti_DeltaSM_Angulos_sfun_registry.obj
 0001:00012950       mdl_terminate_processing   0000000180013950 f   Arti_DeltaSM_Angulos_sfun_registry.obj
 0001:000129d0       mdlInitializeSampleTimes   00000001800139d0 f   Arti_DeltaSM_Angulos_sfun_registry.obj
 0001:00012a00       mdlZeroCrossings           0000000180013a00 f   Arti_DeltaSM_Angulos_sfun_registry.obj
 0001:00012a30       mdl_zeroCrossings_processing 0000000180013a30 f   Arti_DeltaSM_Angulos_sfun_registry.obj
 0001:00012a70       mdlDerivatives             0000000180013a70 f   Arti_DeltaSM_Angulos_sfun_registry.obj
 0001:00012aa0       mdl_derivatives_processing 0000000180013aa0 f   Arti_DeltaSM_Angulos_sfun_registry.obj
 0001:00012af0       mdlInitializeConditions    0000000180013af0 f   Arti_DeltaSM_Angulos_sfun_registry.obj
 0001:00012b20       mdl_initialize_conditions_processing 0000000180013b20 f   Arti_DeltaSM_Angulos_sfun_registry.obj
 0001:00012b70       mdlEnable                  0000000180013b70 f   Arti_DeltaSM_Angulos_sfun_registry.obj
 0001:00012ba0       mdl_enable_processing      0000000180013ba0 f   Arti_DeltaSM_Angulos_sfun_registry.obj
 0001:00012be0       mdlDisable                 0000000180013be0 f   Arti_DeltaSM_Angulos_sfun_registry.obj
 0001:00012c10       mdl_disable_processing     0000000180013c10 f   Arti_DeltaSM_Angulos_sfun_registry.obj
 0001:00012c50       mdlOutputs                 0000000180013c50 f   Arti_DeltaSM_Angulos_sfun_registry.obj
 0001:00012c80       mdl_outputs_processing     0000000180013c80 f   Arti_DeltaSM_Angulos_sfun_registry.obj
 0001:00012d60       mdl_outputs_continuous_legacy 0000000180013d60 f   Arti_DeltaSM_Angulos_sfun_registry.obj
 0001:00012e50       mdlGetTimeOfNextVarHit     0000000180013e50 f   Arti_DeltaSM_Angulos_sfun_registry.obj
 0001:00012ea0       _ProcessMexSfunctionCmdLineCall 0000000180013ea0 f   Arti_DeltaSM_Angulos_sfun_registry.obj
 0001:000135f0       mdlSetWorkWidths           00000001800145f0 f   Arti_DeltaSM_Angulos_sfun_registry.obj
 0001:00013620       mdlProcessParameters       0000000180014620 f   Arti_DeltaSM_Angulos_sfun_registry.obj
 0001:00013650       mdlInitializeSizes         0000000180014650 f   Arti_DeltaSM_Angulos_sfun_registry.obj
 0001:00013680       mdlExtModeExec             0000000180014680 f   Arti_DeltaSM_Angulos_sfun_registry.obj
 0001:000136b0       mdl_ext_mode_exec_processing 00000001800146b0 f   Arti_DeltaSM_Angulos_sfun_registry.obj
 0001:000136f0       mdlRTW                     00000001800146f0 f   Arti_DeltaSM_Angulos_sfun_registry.obj
 0001:00013730       _CreateSimStruct           0000000180014730 f   Arti_DeltaSM_Angulos_sfun_registry.obj
 0001:000138c0       _RegNumInputPortsCB        00000001800148c0 f   Arti_DeltaSM_Angulos_sfun_registry.obj
 0001:00013940       _RegNumOutputPortsCB       0000000180014940 f   Arti_DeltaSM_Angulos_sfun_registry.obj
 0001:00013e78       pre_c_init                 0000000180014e78 f   MSVCRT:crtdll.obj
 0001:00014134       __DllMainCRTStartup        0000000180015134 f   MSVCRT:crtdll.obj
 0001:000147a0       __DllMainCRTStartup$filt$0 00000001800157a0 f   MSVCRT:crtdll.obj
 0001:000147d0       __DllMainCRTStartup$fin$1  00000001800157d0 f   MSVCRT:crtdll.obj
 0001:000147ea       _onexit$fin$0              00000001800157ea f   MSVCRT:atonexit.obj
 0001:00014810       _IsNonwritableInCurrentImage$filt$0 0000000180015810 f   MSVCRT:pesect.obj
