 caracterizacion_motor_simm_sfun

 Timestamp is 573fd766 (Fri May 20 22:35:02 2016)

 Preferred load address is 0000000180000000

 Start         Length     Name                   Class
 0001:00000000 0000dbc4H .text                   CODE
 0001:0000dbd0 00000092H .text$x                 CODE
 0002:00000000 00000420H .idata$5                DATA
 0002:00000420 00000008H .CRT$XCA                DATA
 0002:00000428 00000008H .CRT$XCZ                DATA
 0002:00000430 00000008H .CRT$XIA                DATA
 0002:00000438 00000008H .CRT$XIAA               DATA
 0002:00000440 00000008H .CRT$XIZ                DATA
 0002:00000450 000006bcH .rdata                  DATA
 0002:00000b10 00000008H .rtc$IAA                DATA
 0002:00000b18 00000008H .rtc$IZZ                DATA
 0002:00000b20 00000008H .rtc$TAA                DATA
 0002:00000b28 00000008H .rtc$TZZ                DATA
 0002:00000b30 00000740H .xdata                  DATA
 0002:00001270 00000078H .idata$2                DATA
 0002:000012e8 00000014H .idata$3                DATA
 0002:00001300 00000420H .idata$4                DATA
 0002:00001720 00000b56H .idata$6                DATA
 0002:00002280 00000065H .edata                  DATA
 0003:00000000 00002528H .data                   DATA
 0003:00002530 000006a8H .bss                    DATA
 0004:00000000 00000900H .pdata                  DATA

  Address         Publics by Value              Rva+Base               Lib:Object

 0000:00000000       ___safe_se_handler_table   0000000000000000     <absolute>
 0000:00000000       ___safe_se_handler_count   0000000000000000     <absolute>
 0000:00000000       __ImageBase                0000000180000000     <linker-defined>
 0001:00000000       caracterizacion_motor_simm_initializer 0000000180001000 f   caracterizacion_motor_simm_sfun.obj
 0001:00000010       caracterizacion_motor_simm_terminator 0000000180001010 f   caracterizacion_motor_simm_sfun.obj
 0001:00000020       sf_caracterizacion_motor_simm_method_dispatcher 0000000180001020 f   caracterizacion_motor_simm_sfun.obj
 0001:00000090       sf_caracterizacion_motor_simm_process_check_sum_call 0000000180001090 f   caracterizacion_motor_simm_sfun.obj
 0001:000004b0       sf_caracterizacion_motor_simm_autoinheritance_info 00000001800014b0 f   caracterizacion_motor_simm_sfun.obj
 0001:00000670       sf_caracterizacion_motor_simm_get_eml_resolved_functions_info 0000000180001670 f   caracterizacion_motor_simm_sfun.obj
 0001:000007e0       sf_caracterizacion_motor_simm_third_party_uses_info 00000001800017e0 f   caracterizacion_motor_simm_sfun.obj
 0001:00000960       sf_caracterizacion_motor_simm_updateBuildInfo_args_info 0000000180001960 f   caracterizacion_motor_simm_sfun.obj
 0001:00000ae0       caracterizacion_motor_simm_debug_initialize 0000000180001ae0 f   caracterizacion_motor_simm_sfun.obj
 0001:00000b60       caracterizacion_motor_simm_register_exported_symbols 0000000180001b60 f   caracterizacion_motor_simm_sfun.obj
 0001:00000b70       load_caracterizacion_motor_simm_optimization_info 0000000180001b70 f   caracterizacion_motor_simm_sfun.obj
 0001:00000bc0       unload_caracterizacion_motor_simm_optimization_info 0000000180001bc0 f   caracterizacion_motor_simm_sfun.obj
 0001:00000bf0       sf_c3_caracterizacion_motor_simm_get_eml_resolved_functions_info 0000000180001bf0 f   c3_caracterizacion_motor_simm.obj
 0001:00001e30       sf_c3_caracterizacion_motor_simm_get_check_sum 0000000180002e30 f   c3_caracterizacion_motor_simm.obj
 0001:00001eb0       sf_c3_caracterizacion_motor_simm_get_autoinheritance_info 0000000180002eb0 f   c3_caracterizacion_motor_simm.obj
 0001:000022d0       sf_c3_caracterizacion_motor_simm_third_party_uses_info 00000001800032d0 f   c3_caracterizacion_motor_simm.obj
 0001:00002300       sf_c3_caracterizacion_motor_simm_updateBuildInfo_args_info 0000000180003300 f   c3_caracterizacion_motor_simm.obj
 0001:00002330       sf_internal_get_sim_state_c3_caracterizacion_motor_simm 0000000180003330 f   c3_caracterizacion_motor_simm.obj
 0001:000026a0       sf_internal_set_sim_state_c3_caracterizacion_motor_simm 00000001800036a0 f   c3_caracterizacion_motor_simm.obj
 0001:00002a90       c3_caracterizacion_motor_simm_method_dispatcher 0000000180003a90 f   c3_caracterizacion_motor_simm.obj
 0001:00004460       sf_c4_caracterizacion_motor_simm_get_eml_resolved_functions_info 0000000180005460 f   c4_caracterizacion_motor_simm.obj
 0001:000044e0       sf_c4_caracterizacion_motor_simm_get_check_sum 00000001800054e0 f   c4_caracterizacion_motor_simm.obj
 0001:00004560       sf_c4_caracterizacion_motor_simm_get_autoinheritance_info 0000000180005560 f   c4_caracterizacion_motor_simm.obj
 0001:00004980       sf_c4_caracterizacion_motor_simm_third_party_uses_info 0000000180005980 f   c4_caracterizacion_motor_simm.obj
 0001:000049b0       sf_c4_caracterizacion_motor_simm_updateBuildInfo_args_info 00000001800059b0 f   c4_caracterizacion_motor_simm.obj
 0001:000049e0       sf_internal_get_sim_state_c4_caracterizacion_motor_simm 00000001800059e0 f   c4_caracterizacion_motor_simm.obj
 0001:00004d50       sf_internal_set_sim_state_c4_caracterizacion_motor_simm 0000000180005d50 f   c4_caracterizacion_motor_simm.obj
 0001:00005140       c4_caracterizacion_motor_simm_method_dispatcher 0000000180006140 f   c4_caracterizacion_motor_simm.obj
 0001:00006ac0       sf_process_check_sum_call  0000000180007ac0 f   caracterizacion_motor_simm_sfun_registry.obj
 0001:00006b10       sf_process_autoinheritance_call 0000000180007b10 f   caracterizacion_motor_simm_sfun_registry.obj
 0001:00006cb0       sf_process_get_third_party_uses_info_call 0000000180007cb0 f   caracterizacion_motor_simm_sfun_registry.obj
 0001:00006e50       sf_process_get_updateBuildInfo_args_info_call 0000000180007e50 f   caracterizacion_motor_simm_sfun_registry.obj
 0001:00006ff0       sf_process_get_eml_resolved_functions_info_call 0000000180007ff0 f   caracterizacion_motor_simm_sfun_registry.obj
 0001:00007170       sf_mex_unlock_call         0000000180008170 f   caracterizacion_motor_simm_sfun_registry.obj
 0001:00007220       sf_machine_global_initializer_called 0000000180008220 f   caracterizacion_motor_simm_sfun_registry.obj
 0001:00007250       sf_machine_global_method_dispatcher 0000000180008250 f   caracterizacion_motor_simm_sfun_registry.obj
 0001:000072b0       sf_machine_global_terminator 00000001800082b0 f   caracterizacion_motor_simm_sfun_registry.obj
 0001:00007300       sf_register_machine_exported_symbols 0000000180008300 f   caracterizacion_motor_simm_sfun_registry.obj
 0001:00007320       callCustomFcn              0000000180008320 f   caracterizacion_motor_simm_sfun_registry.obj
 0001:00007330       sf_machine_global_initializer 0000000180008330 f   caracterizacion_motor_simm_sfun_registry.obj
 0001:000073b0       mdlGetSimState             00000001800083b0 f   caracterizacion_motor_simm_sfun_registry.obj
 0001:00007430       mdlSetSimState             0000000180008430 f   caracterizacion_motor_simm_sfun_registry.obj
 0001:00007470       _ssSetStateAbsTol          0000000180008470 f   caracterizacion_motor_simm_sfun_registry.obj
 0001:00007550       _ssGetAbsTol               0000000180008550 f   caracterizacion_motor_simm_sfun_registry.obj
 0001:000075c0       _ssSetInputPortMatrixDimensions 00000001800085c0 f   caracterizacion_motor_simm_sfun_registry.obj
 0001:000076d0       _ssSetOutputPortMatrixDimensions 00000001800086d0 f   caracterizacion_motor_simm_sfun_registry.obj
 0001:000077e0       _ssSetInputPortVectorDimension 00000001800087e0 f   caracterizacion_motor_simm_sfun_registry.obj
 0001:000078b0       _ssSetOutputPortVectorDimension 00000001800088b0 f   caracterizacion_motor_simm_sfun_registry.obj
 0001:00007980       ssIsRunTimeParamTunable    0000000180008980 f   caracterizacion_motor_simm_sfun_registry.obj
 0001:000079f0       ssGetSFuncBlockHandle      00000001800089f0 f   caracterizacion_motor_simm_sfun_registry.obj
 0001:00007a60       _ssGetCurrentInputPortWidth 0000000180008a60 f   caracterizacion_motor_simm_sfun_registry.obj
 0001:00007b80       _ssGetCurrentOutputPortWidth 0000000180008b80 f   caracterizacion_motor_simm_sfun_registry.obj
 0001:00007ca0       _ssGetCallSystemNumFcnCallDestinations 0000000180008ca0 f   caracterizacion_motor_simm_sfun_registry.obj
 0001:00007d10       ssWarning                  0000000180008d10 f   caracterizacion_motor_simm_sfun_registry.obj
 0001:00007e20       ssGetIsZeroCrossControlDisabled 0000000180008e20 f   caracterizacion_motor_simm_sfun_registry.obj
 0001:00007e90       ssSetIsInputPortUsedForContZcSignal 0000000180008e90 f   caracterizacion_motor_simm_sfun_registry.obj
 0001:00007f00       ssSetZcSignalIsZcElementDisc 0000000180008f00 f   caracterizacion_motor_simm_sfun_registry.obj
 0001:00007fb0       ssSetZcSignalName          0000000180008fb0 f   caracterizacion_motor_simm_sfun_registry.obj
 0001:00008020       ssSetZcSignalWidth         0000000180009020 f   caracterizacion_motor_simm_sfun_registry.obj
 0001:00008090       ssSetZcSignalZcEventType   0000000180009090 f   caracterizacion_motor_simm_sfun_registry.obj
 0001:00008100       ssSetZcSignalType          0000000180009100 f   caracterizacion_motor_simm_sfun_registry.obj
 0001:00008170       ssSetZcSignalZcTol         0000000180009170 f   caracterizacion_motor_simm_sfun_registry.obj
 0001:000081e0       ssSetZcSignalNeedsEventNotification 00000001800091e0 f   caracterizacion_motor_simm_sfun_registry.obj
 0001:00008250       ssCreateAndAddZcSignalInfo 0000000180009250 f   caracterizacion_motor_simm_sfun_registry.obj
 0001:000082c0       ssCloneAndAddZcSignalInfo  00000001800092c0 f   caracterizacion_motor_simm_sfun_registry.obj
 0001:00008330       ssGetNumZcSignals          0000000180009330 f   caracterizacion_motor_simm_sfun_registry.obj
 0001:000083a0       ssGetZcSignalVector        00000001800093a0 f   caracterizacion_motor_simm_sfun_registry.obj
 0001:00008410       ssGetZcSignalZcEvents      0000000180009410 f   caracterizacion_motor_simm_sfun_registry.obj
 0001:00008480       ssGetZcSignalName          0000000180009480 f   caracterizacion_motor_simm_sfun_registry.obj
 0001:000084f0       ssGetZcSignalWidth         00000001800094f0 f   caracterizacion_motor_simm_sfun_registry.obj
 0001:00008560       ssGetZcSignalZcEventType   0000000180009560 f   caracterizacion_motor_simm_sfun_registry.obj
 0001:000085d0       ssGetZcSignalType          00000001800095d0 f   caracterizacion_motor_simm_sfun_registry.obj
 0001:00008640       ssGetZcSignalZcTol         0000000180009640 f   caracterizacion_motor_simm_sfun_registry.obj
 0001:000086c0       ssGetZcSignalNeedsEventNotification 00000001800096c0 f   caracterizacion_motor_simm_sfun_registry.obj
 0001:00008730       ssGetZcSignalIsZcElementDisc 0000000180009730 f   caracterizacion_motor_simm_sfun_registry.obj
 0001:000087d0       ssGetIsInputPortElementContinuous 00000001800097d0 f   caracterizacion_motor_simm_sfun_registry.obj
 0001:00008870       _ssGetInputPortSignalPtrsFcn 0000000180009870 f   caracterizacion_motor_simm_sfun_registry.obj
 0001:00008b30       _ssGetInputPortSignalFcn   0000000180009b30 f   caracterizacion_motor_simm_sfun_registry.obj
 0001:00008d50       _ssSetInputPortDirectFeedThroughFcn 0000000180009d50 f   caracterizacion_motor_simm_sfun_registry.obj
 0001:00008eb0       _ssSetInputPortReusableFcn 0000000180009eb0 f   caracterizacion_motor_simm_sfun_registry.obj
 0001:00008fa0       _ssSetOutputPortReusableFcn 0000000180009fa0 f   caracterizacion_motor_simm_sfun_registry.obj
 0001:00009080       ssGetDTypeIdFromMxArray    000000018000a080 f   caracterizacion_motor_simm_sfun_registry.obj
 0001:000091a0       ssWriteRTWStr              000000018000a1a0 f   caracterizacion_motor_simm_sfun_registry.obj
 0001:00009200       ssWriteRTWMxVectParam      000000018000a200 f   caracterizacion_motor_simm_sfun_registry.obj
 0001:00009260       ssWriteRTWMx2dMatParam     000000018000a260 f   caracterizacion_motor_simm_sfun_registry.obj
 0001:000092e0       ssWriteRTWNameValuePair    000000018000a2e0 f   caracterizacion_motor_simm_sfun_registry.obj
 0001:000097d0       ssWriteRTWParameters       000000018000a7d0 f   caracterizacion_motor_simm_sfun_registry.obj
 0001:00009dd0       ssWriteRTWParamSettings    000000018000add0 f   caracterizacion_motor_simm_sfun_registry.obj
 0001:0000a4a0       ssWriteRTWWorkVect         000000018000b4a0 f   caracterizacion_motor_simm_sfun_registry.obj
 0001:0000a9a0       mexFunction                000000018000b9a0 f   caracterizacion_motor_simm_sfun_registry.obj
 0001:0000ce20       ProcessMexSfunctionEveryCall 000000018000de20 f   caracterizacion_motor_simm_sfun_registry.obj
 0001:0000cfa2       sf_debug_set_machine_data_thresholds 000000018000dfa2 f   sf_runtime:sf_runtime.dll
 0001:0000cfa8       sf_debug_set_machine_event_thresholds 000000018000dfa8 f   sf_runtime:sf_runtime.dll
 0001:0000cfae       sf_debug_initialize_machine 000000018000dfae f   sf_runtime:sf_runtime.dll
 0001:0000cfb4       sf_load_rtw_optimization_info 000000018000dfb4 f   sf_runtime:sf_runtime.dll
 0001:0000cfba       sf_mex_emlrtNameCapturePostProcessR2012a 000000018000dfba f   sf_runtime:sf_runtime.dll
 0001:0000cfc0       sf_mex_assign              000000018000dfc0 f   sf_runtime:sf_runtime.dll
 0001:0000cfc6       sf_mex_createstruct        000000018000dfc6 f   sf_runtime:sf_runtime.dll
 0001:0000cfcc       sf_mex_destroy             000000018000dfcc f   sf_runtime:sf_runtime.dll
 0001:0000cfd2       sf_mex_duplicatearraysafe  000000018000dfd2 f   sf_runtime:sf_runtime.dll
 0001:0000cfd8       sf_mex_createcellmatrix    000000018000dfd8 f   sf_runtime:sf_runtime.dll
 0001:0000cfde       sf_mex_addfield            000000018000dfde f   sf_runtime:sf_runtime.dll
 0001:0000cfe4       sf_mex_create              000000018000dfe4 f   sf_runtime:sf_runtime.dll
 0001:0000cfea       sf_mex_error_message       000000018000dfea f   sf_runtime:sf_runtime.dll
 0001:0000cff0       sf_mex_call_matlab         000000018000dff0 f   sf_runtime:sf_runtime.dll
 0001:0000cff6       sf_mex_setcell             000000018000dff6 f   sf_runtime:sf_runtime.dll
 0001:0000cffc       sf_mex_decode_encoded_mx_struct_array 000000018000dffc f   sf_runtime:sf_runtime.dll
 0001:0000d002       sf_mex_getcell             000000018000e002 f   sf_runtime:sf_runtime.dll
 0001:0000d008       sf_mex_dup                 000000018000e008 f   sf_runtime:sf_runtime.dll
 0001:0000d00e       sf_mex_import              000000018000e00e f   sf_runtime:sf_runtime.dll
 0001:0000d014       sf_set_rtw_dwork_info      000000018000e014 f   sf_runtime:sf_runtime.dll
 0001:0000d01a       sf_mark_chart_reusable_outputs 000000018000e01a f   sf_runtime:sf_runtime.dll
 0001:0000d020       sf_mark_chart_expressionable_inputs 000000018000e020 f   sf_runtime:sf_runtime.dll
 0001:0000d026       sf_update_buildInfo        000000018000e026 f   sf_runtime:sf_runtime.dll
 0001:0000d02c       sf_rtw_info_uint_prop      000000018000e02c f   sf_runtime:sf_runtime.dll
 0001:0000d032       sf_is_chart_inlinable      000000018000e032 f   sf_runtime:sf_runtime.dll
 0001:0000d038       sim_mode_is_external       000000018000e038 f   sf_runtime:sf_runtime.dll
 0001:0000d03e       sim_mode_is_rtw_gen        000000018000e03e f   sf_runtime:sf_runtime.dll
 0001:0000d044       sf_debug_reset_current_state_configuration 000000018000e044 f   sf_runtime:sf_runtime.dll
 0001:0000d04a       sf_debug_set_instance_data_value_ptr 000000018000e04a f   sf_runtime:sf_runtime.dll
 0001:0000d050       sf_debug_set_chart_data_compiled_props 000000018000e050 f   sf_runtime:sf_runtime.dll
 0001:0000d056       cv_eml_init_fcn            000000018000e056 f   sf_runtime:sf_runtime.dll
 0001:0000d05c       cv_eml_init_script         000000018000e05c f   sf_runtime:sf_runtime.dll
 0001:0000d062       sf_debug_cv_init_trans     000000018000e062 f   sf_runtime:sf_runtime.dll
 0001:0000d068       sf_debug_cv_init_state     000000018000e068 f   sf_runtime:sf_runtime.dll
 0001:0000d06e       sf_debug_cv_init_chart     000000018000e06e f   sf_runtime:sf_runtime.dll
 0001:0000d074       sf_debug_set_chart_decomposition 000000018000e074 f   sf_runtime:sf_runtime.dll
 0001:0000d07a       sf_debug_set_chart_substate_count 000000018000e07a f   sf_runtime:sf_runtime.dll
 0001:0000d080       sf_debug_set_chart_state_info 000000018000e080 f   sf_runtime:sf_runtime.dll
 0001:0000d086       sf_debug_set_chart_data_props 000000018000e086 f   sf_runtime:sf_runtime.dll
 0001:0000d08c       sf_debug_set_chart_event_thresholds 000000018000e08c f   sf_runtime:sf_runtime.dll
 0001:0000d092       sf_debug_set_chart_disable_implicit_casting 000000018000e092 f   sf_runtime:sf_runtime.dll
 0001:0000d098       sf_debug_initialize_chart  000000018000e098 f   sf_runtime:sf_runtime.dll
 0001:0000d09e       sf_get_time                000000018000e09e f   sf_runtime:sf_runtime.dll
 0001:0000d0a4       sf_debug_check_for_state_inconsistency 000000018000e0a4 f   sf_runtime:sf_runtime.dll
 0001:0000d0aa       sf_debug_symbol_scope_pop  000000018000e0aa f   sf_runtime:sf_runtime.dll
 0001:0000d0b0       eml_debug_line_call        000000018000e0b0 f   sf_runtime:sf_runtime.dll
 0001:0000d0b6       cv_eml_eval                000000018000e0b6 f   sf_runtime:sf_runtime.dll
 0001:0000d0bc       sf_debug_symbol_scope_add_eml 000000018000e0bc f   sf_runtime:sf_runtime.dll
 0001:0000d0c2       sf_debug_symbol_scope_add_eml_importable 000000018000e0c2 f   sf_runtime:sf_runtime.dll
 0001:0000d0c8       sf_debug_symbol_scope_push_eml 000000018000e0c8 f   sf_runtime:sf_runtime.dll
 0001:0000d0ce       sf_debug_data_range_wrapper 000000018000e0ce f   sf_runtime:sf_runtime.dll
 0001:0000d0d4       sf_debug_call              000000018000e0d4 f   sf_runtime:sf_runtime.dll
 0001:0000d0da       sf_debug_symbol_scope_push 000000018000e0da f   sf_runtime:sf_runtime.dll
 0001:0000d0e0       sf_clear_rtw_identifier    000000018000e0e0 f   sf_runtime:sf_runtime.dll
 0001:0000d0e6       sf_debug_terminate         000000018000e0e6 f   sf_runtime:sf_runtime.dll
 0001:0000d0ec       sf_debug_create_debug_instance_struct 000000018000e0ec f   sf_runtime:sf_runtime.dll
 0001:0000d0f2       sf_debug_api               000000018000e0f2 f   sf_runtime:sf_runtime.dll
 0001:0000d0f8       callMdlMethodAndReportError 000000018000e0f8 f   sf_runtime:sf_runtime.dll
 0001:0000d0fe       call_sf_machine_global_method_dispatcher 000000018000e0fe f   sf_runtime:sf_runtime.dll
 0001:0000d104       sf_clear_error_manager_info 000000018000e104 f   sf_runtime:sf_runtime.dll
 0001:0000d10a       sf_mex_error_direct_call   000000018000e10a f   sf_runtime:sf_runtime.dll
 0001:0000d110       mxGetScalar                000000018000e110 f   libmx:libmx.dll
 0001:0000d116       mxGetPr                    000000018000e116 f   libmx:libmx.dll
 0001:0000d11c       mxCreateDoubleMatrix_730   000000018000e11c f   libmx:libmx.dll
 0001:0000d122       mxGetString_730            000000018000e122 f   libmx:libmx.dll
 0001:0000d128       mxIsChar                   000000018000e128 f   libmx:libmx.dll
 0001:0000d12e       mxDestroyArray             000000018000e12e f   libmx:libmx.dll
 0001:0000d134       mxDuplicateArray           000000018000e134 f   libmx:libmx.dll
 0001:0000d13a       mxCreateDoubleScalar       000000018000e13a f   libmx:libmx.dll
 0001:0000d140       mxSetField_730             000000018000e140 f   libmx:libmx.dll
 0001:0000d146       mxCreateString             000000018000e146 f   libmx:libmx.dll
 0001:0000d14c       mxCreateStructMatrix_730   000000018000e14c f   libmx:libmx.dll
 0001:0000d152       mxCreateCellMatrix_730     000000018000e152 f   libmx:libmx.dll
 0001:0000d158       mxGetClassID               000000018000e158 f   libmx:libmx.dll
 0001:0000d15e       mxIsNumeric                000000018000e15e f   libmx:libmx.dll
 0001:0000d164       mxIsComplex                000000018000e164 f   libmx:libmx.dll
 0001:0000d16a       mxGetN                     000000018000e16a f   libmx:libmx.dll
 0001:0000d170       mxGetM                     000000018000e170 f   libmx:libmx.dll
 0001:0000d176       mxCalloc                   000000018000e176 f   libmx:libmx.dll
 0001:0000d17c       mexMakeArrayPersistent     000000018000e17c f   libmex:libmex.dll
 0001:0000d182       mexUnlock                  000000018000e182 f   libmex:libmex.dll
 0001:0000d188       mexIsLocked                000000018000e188 f   libmex:libmex.dll
 0001:0000d18e       mexWarnMsgTxt              000000018000e18e f   libmex:libmex.dll
 0001:0000d194       mexCallMATLAB              000000018000e194 f   libmex:libmex.dll
 0001:0000d19a       mexErrMsgTxt               000000018000e19a f   libmex:libmex.dll
 0001:0000d1a0       mexLock                    000000018000e1a0 f   libmex:libmex.dll
 0001:0000d1a6       utMalloc                   000000018000e1a6 f   libut:libut.dll
 0001:0000d1ac       utFree                     000000018000e1ac f   libut:libut.dll
 0001:0000d1b4       __GSHandlerCheckCommon     000000018000e1b4 f   MSVCRT:gshandler.obj
 0001:0000d218       __GSHandlerCheck           000000018000e218 f   MSVCRT:gshandler.obj
 0001:0000d236       strcmp                     000000018000e236 f   MSVCRT:MSVCR100.dll
 0001:0000d250       __security_check_cookie    000000018000e250 f   MSVCRT:amdsecgs.obj
 0001:0000d270       strlen                     000000018000e270 f   MSVCRT:MSVCR100.dll
 0001:0000d276       memset                     000000018000e276 f   MSVCRT:MSVCR100.dll
 0001:0000d27c       free                       000000018000e27c f   MSVCRT:MSVCR100.dll
 0001:0000d282       sprintf                    000000018000e282 f   MSVCRT:MSVCR100.dll
 0001:0000d288       malloc                     000000018000e288 f   MSVCRT:MSVCR100.dll
 0001:0000d28e       strcat                     000000018000e28e f   MSVCRT:MSVCR100.dll
 0001:0000d294       memcpy                     000000018000e294 f   MSVCRT:MSVCR100.dll
 0001:0000d29c       NtCurrentTeb               000000018000e29c f i MSVCRT:crtdll.obj
 0001:0000d308       _CRT_INIT                  000000018000e308 f   MSVCRT:crtdll.obj
 0001:0000d6a0       _DllMainCRTStartup         000000018000e6a0 f   MSVCRT:crtdll.obj
 0001:0000d6e0       __report_gsfailure         000000018000e6e0 f   MSVCRT:gs_report.obj
 0001:0000d82c       __clean_type_info_names    000000018000e82c f   MSVCRT:tncleanup.obj
 0001:0000d838       _onexit                    000000018000e838 f   MSVCRT:atonexit.obj
 0001:0000d8e8       atexit                     000000018000e8e8 f   MSVCRT:atonexit.obj
 0001:0000d900       _RTC_Initialize            000000018000e900 f   MSVCRT:_initsect_.obj
 0001:0000d938       _RTC_Terminate             000000018000e938 f   MSVCRT:_initsect_.obj
 0001:0000d970       _malloc_crt                000000018000e970 f   MSVCRT:MSVCR100.dll
 0001:0000d980       _ValidateImageBase         000000018000e980 f   MSVCRT:pesect.obj
 0001:0000d9b0       _FindPESection             000000018000e9b0 f   MSVCRT:pesect.obj
 0001:0000da00       _IsNonwritableInCurrentImage 000000018000ea00 f   MSVCRT:pesect.obj
 0001:0000da42       _initterm                  000000018000ea42 f   MSVCRT:MSVCR100.dll
 0001:0000da48       _initterm_e                000000018000ea48 f   MSVCRT:MSVCR100.dll
 0001:0000da4e       _encoded_null              000000018000ea4e f   MSVCRT:MSVCR100.dll
 0001:0000da54       _amsg_exit                 000000018000ea54 f   MSVCRT:MSVCR100.dll
 0001:0000da5a       __C_specific_handler       000000018000ea5a f   MSVCRT:MSVCR100.dll
 0001:0000da60       __CppXcptFilter            000000018000ea60 f   MSVCRT:MSVCR100.dll
 0001:0000da68       DllMain                    000000018000ea68 f   MSVCRT:dllmain.obj
 0001:0000da8c       __security_init_cookie     000000018000ea8c f   MSVCRT:gs_support.obj
 0001:0000db40       __crt_debugger_hook        000000018000eb40 f   MSVCRT:MSVCR100.dll
 0001:0000db46       __clean_type_info_names_internal 000000018000eb46 f   MSVCRT:MSVCR100.dll
 0001:0000db4c       _unlock                    000000018000eb4c f   MSVCRT:MSVCR100.dll
 0001:0000db52       __dllonexit                000000018000eb52 f   MSVCRT:MSVCR100.dll
 0001:0000db58       _lock                      000000018000eb58 f   MSVCRT:MSVCR100.dll
 0001:0000db5e       EncodePointer              000000018000eb5e f   kernel32:KERNEL32.dll
 0001:0000db64       DecodePointer              000000018000eb64 f   kernel32:KERNEL32.dll
 0001:0000db6a       Sleep                      000000018000eb6a f   kernel32:KERNEL32.dll
 0001:0000db70       TerminateProcess           000000018000eb70 f   kernel32:KERNEL32.dll
 0001:0000db76       GetCurrentProcess          000000018000eb76 f   kernel32:KERNEL32.dll
 0001:0000db7c       UnhandledExceptionFilter   000000018000eb7c f   kernel32:KERNEL32.dll
 0001:0000db82       SetUnhandledExceptionFilter 000000018000eb82 f   kernel32:KERNEL32.dll
 0001:0000db88       IsDebuggerPresent          000000018000eb88 f   kernel32:KERNEL32.dll
 0001:0000db8e       RtlVirtualUnwind           000000018000eb8e f   kernel32:KERNEL32.dll
 0001:0000db94       RtlLookupFunctionEntry     000000018000eb94 f   kernel32:KERNEL32.dll
 0001:0000db9a       RtlCaptureContext          000000018000eb9a f   kernel32:KERNEL32.dll
 0001:0000dba0       DisableThreadLibraryCalls  000000018000eba0 f   kernel32:KERNEL32.dll
 0001:0000dba6       QueryPerformanceCounter    000000018000eba6 f   kernel32:KERNEL32.dll
 0001:0000dbac       GetTickCount               000000018000ebac f   kernel32:KERNEL32.dll
 0001:0000dbb2       GetCurrentThreadId         000000018000ebb2 f   kernel32:KERNEL32.dll
 0001:0000dbb8       GetCurrentProcessId        000000018000ebb8 f   kernel32:KERNEL32.dll
 0001:0000dbbe       GetSystemTimeAsFileTime    000000018000ebbe f   kernel32:KERNEL32.dll
 0002:00000000       __imp_GetSystemTimeAsFileTime 000000018000f000     kernel32:KERNEL32.dll
 0002:00000008       __imp_GetCurrentProcessId  000000018000f008     kernel32:KERNEL32.dll
 0002:00000010       __imp_GetCurrentThreadId   000000018000f010     kernel32:KERNEL32.dll
 0002:00000018       __imp_GetTickCount         000000018000f018     kernel32:KERNEL32.dll
 0002:00000020       __imp_QueryPerformanceCounter 000000018000f020     kernel32:KERNEL32.dll
 0002:00000028       __imp_DisableThreadLibraryCalls 000000018000f028     kernel32:KERNEL32.dll
 0002:00000030       __imp_RtlCaptureContext    000000018000f030     kernel32:KERNEL32.dll
 0002:00000038       __imp_RtlLookupFunctionEntry 000000018000f038     kernel32:KERNEL32.dll
 0002:00000040       __imp_RtlVirtualUnwind     000000018000f040     kernel32:KERNEL32.dll
 0002:00000048       __imp_IsDebuggerPresent    000000018000f048     kernel32:KERNEL32.dll
 0002:00000050       __imp_SetUnhandledExceptionFilter 000000018000f050     kernel32:KERNEL32.dll
 0002:00000058       __imp_UnhandledExceptionFilter 000000018000f058     kernel32:KERNEL32.dll
 0002:00000060       __imp_GetCurrentProcess    000000018000f060     kernel32:KERNEL32.dll
 0002:00000068       __imp_TerminateProcess     000000018000f068     kernel32:KERNEL32.dll
 0002:00000070       __imp_Sleep                000000018000f070     kernel32:KERNEL32.dll
 0002:00000078       __imp_DecodePointer        000000018000f078     kernel32:KERNEL32.dll
 0002:00000080       __imp_EncodePointer        000000018000f080     kernel32:KERNEL32.dll
 0002:00000088       \177KERNEL32_NULL_THUNK_DATA 000000018000f088     kernel32:KERNEL32.dll
 0002:00000090       __imp__onexit              000000018000f090     MSVCRT:MSVCR100.dll
 0002:00000098       __imp__lock                000000018000f098     MSVCRT:MSVCR100.dll
 0002:000000a0       __imp___dllonexit          000000018000f0a0     MSVCRT:MSVCR100.dll
 0002:000000a8       __imp__unlock              000000018000f0a8     MSVCRT:MSVCR100.dll
 0002:000000b0       __imp___clean_type_info_names_internal 000000018000f0b0     MSVCRT:MSVCR100.dll
 0002:000000b8       __imp___crt_debugger_hook  000000018000f0b8     MSVCRT:MSVCR100.dll
 0002:000000c0       __imp___CppXcptFilter      000000018000f0c0     MSVCRT:MSVCR100.dll
 0002:000000c8       __imp___C_specific_handler 000000018000f0c8     MSVCRT:MSVCR100.dll
 0002:000000d0       __imp__amsg_exit           000000018000f0d0     MSVCRT:MSVCR100.dll
 0002:000000d8       __imp__encoded_null        000000018000f0d8     MSVCRT:MSVCR100.dll
 0002:000000e0       __imp__initterm_e          000000018000f0e0     MSVCRT:MSVCR100.dll
 0002:000000e8       __imp__initterm            000000018000f0e8     MSVCRT:MSVCR100.dll
 0002:000000f0       __imp__malloc_crt          000000018000f0f0     MSVCRT:MSVCR100.dll
 0002:000000f8       __imp_memcpy               000000018000f0f8     MSVCRT:MSVCR100.dll
 0002:00000100       __imp_strcat               000000018000f100     MSVCRT:MSVCR100.dll
 0002:00000108       __imp_malloc               000000018000f108     MSVCRT:MSVCR100.dll
 0002:00000110       __imp_sprintf              000000018000f110     MSVCRT:MSVCR100.dll
 0002:00000118       __imp_free                 000000018000f118     MSVCRT:MSVCR100.dll
 0002:00000120       __imp_memset               000000018000f120     MSVCRT:MSVCR100.dll
 0002:00000128       __imp_strlen               000000018000f128     MSVCRT:MSVCR100.dll
 0002:00000130       __imp_strcmp               000000018000f130     MSVCRT:MSVCR100.dll
 0002:00000138       \177MSVCR100_NULL_THUNK_DATA 000000018000f138     MSVCRT:MSVCR100.dll
 0002:00000140       __imp_mexLock              000000018000f140     libmex:libmex.dll
 0002:00000148       __imp_mexErrMsgTxt         000000018000f148     libmex:libmex.dll
 0002:00000150       __imp_mexCallMATLAB        000000018000f150     libmex:libmex.dll
 0002:00000158       __imp_mexWarnMsgTxt        000000018000f158     libmex:libmex.dll
 0002:00000160       __imp_mexIsLocked          000000018000f160     libmex:libmex.dll
 0002:00000168       __imp_mexUnlock            000000018000f168     libmex:libmex.dll
 0002:00000170       __imp_mexMakeArrayPersistent 000000018000f170     libmex:libmex.dll
 0002:00000178       \177libmex_NULL_THUNK_DATA 000000018000f178     libmex:libmex.dll
 0002:00000180       __imp_mxCalloc             000000018000f180     libmx:libmx.dll
 0002:00000188       __imp_mxGetM               000000018000f188     libmx:libmx.dll
 0002:00000190       __imp_mxGetN               000000018000f190     libmx:libmx.dll
 0002:00000198       __imp_mxIsComplex          000000018000f198     libmx:libmx.dll
 0002:000001a0       __imp_mxIsNumeric          000000018000f1a0     libmx:libmx.dll
 0002:000001a8       __imp_mxGetClassID         000000018000f1a8     libmx:libmx.dll
 0002:000001b0       __imp_mxCreateCellMatrix_730 000000018000f1b0     libmx:libmx.dll
 0002:000001b8       __imp_mxCreateStructMatrix_730 000000018000f1b8     libmx:libmx.dll
 0002:000001c0       __imp_mxCreateString       000000018000f1c0     libmx:libmx.dll
 0002:000001c8       __imp_mxSetField_730       000000018000f1c8     libmx:libmx.dll
 0002:000001d0       __imp_mxCreateDoubleScalar 000000018000f1d0     libmx:libmx.dll
 0002:000001d8       __imp_mxDuplicateArray     000000018000f1d8     libmx:libmx.dll
 0002:000001e0       __imp_mxDestroyArray       000000018000f1e0     libmx:libmx.dll
 0002:000001e8       __imp_mxGetScalar          000000018000f1e8     libmx:libmx.dll
 0002:000001f0       __imp_mxGetPr              000000018000f1f0     libmx:libmx.dll
 0002:000001f8       __imp_mxCreateDoubleMatrix_730 000000018000f1f8     libmx:libmx.dll
 0002:00000200       __imp_mxGetString_730      000000018000f200     libmx:libmx.dll
 0002:00000208       __imp_mxIsChar             000000018000f208     libmx:libmx.dll
 0002:00000210       \177libmx_NULL_THUNK_DATA  000000018000f210     libmx:libmx.dll
 0002:00000218       __imp_utMalloc             000000018000f218     libut:libut.dll
 0002:00000220       __imp_utFree               000000018000f220     libut:libut.dll
 0002:00000228       \177libut_NULL_THUNK_DATA  000000018000f228     libut:libut.dll
 0002:00000230       __imp_call_sf_machine_global_method_dispatcher 000000018000f230     sf_runtime:sf_runtime.dll
 0002:00000238       __imp_callMdlMethodAndReportError 000000018000f238     sf_runtime:sf_runtime.dll
 0002:00000240       __imp_sf_debug_api         000000018000f240     sf_runtime:sf_runtime.dll
 0002:00000248       __imp_sf_debug_create_debug_instance_struct 000000018000f248     sf_runtime:sf_runtime.dll
 0002:00000250       __imp_sf_debug_terminate   000000018000f250     sf_runtime:sf_runtime.dll
 0002:00000258       __imp_sf_clear_rtw_identifier 000000018000f258     sf_runtime:sf_runtime.dll
 0002:00000260       __imp_sf_debug_symbol_scope_push 000000018000f260     sf_runtime:sf_runtime.dll
 0002:00000268       __imp_sf_debug_call        000000018000f268     sf_runtime:sf_runtime.dll
 0002:00000270       __imp_sf_debug_data_range_wrapper 000000018000f270     sf_runtime:sf_runtime.dll
 0002:00000278       __imp_sf_clear_error_manager_info 000000018000f278     sf_runtime:sf_runtime.dll
 0002:00000280       __imp_sf_debug_symbol_scope_add_eml_importable 000000018000f280     sf_runtime:sf_runtime.dll
 0002:00000288       __imp_sf_debug_symbol_scope_add_eml 000000018000f288     sf_runtime:sf_runtime.dll
 0002:00000290       __imp_cv_eml_eval          000000018000f290     sf_runtime:sf_runtime.dll
 0002:00000298       __imp_eml_debug_line_call  000000018000f298     sf_runtime:sf_runtime.dll
 0002:000002a0       __imp_sf_debug_symbol_scope_pop 000000018000f2a0     sf_runtime:sf_runtime.dll
 0002:000002a8       __imp_sf_debug_check_for_state_inconsistency 000000018000f2a8     sf_runtime:sf_runtime.dll
 0002:000002b0       __imp_sf_get_time          000000018000f2b0     sf_runtime:sf_runtime.dll
 0002:000002b8       __imp_sf_debug_initialize_chart 000000018000f2b8     sf_runtime:sf_runtime.dll
 0002:000002c0       __imp_sf_debug_set_chart_disable_implicit_casting 000000018000f2c0     sf_runtime:sf_runtime.dll
 0002:000002c8       __imp_sf_mex_error_direct_call 000000018000f2c8     sf_runtime:sf_runtime.dll
 0002:000002d0       __imp_sf_debug_symbol_scope_push_eml 000000018000f2d0     sf_runtime:sf_runtime.dll
 0002:000002d8       __imp_sf_debug_set_chart_event_thresholds 000000018000f2d8     sf_runtime:sf_runtime.dll
 0002:000002e0       __imp_sf_debug_set_chart_data_props 000000018000f2e0     sf_runtime:sf_runtime.dll
 0002:000002e8       __imp_sf_debug_set_chart_state_info 000000018000f2e8     sf_runtime:sf_runtime.dll
 0002:000002f0       __imp_sf_debug_set_chart_substate_count 000000018000f2f0     sf_runtime:sf_runtime.dll
 0002:000002f8       __imp_sf_debug_set_chart_decomposition 000000018000f2f8     sf_runtime:sf_runtime.dll
 0002:00000300       __imp_sf_debug_cv_init_chart 000000018000f300     sf_runtime:sf_runtime.dll
 0002:00000308       __imp_sf_debug_cv_init_state 000000018000f308     sf_runtime:sf_runtime.dll
 0002:00000310       __imp_sf_debug_cv_init_trans 000000018000f310     sf_runtime:sf_runtime.dll
 0002:00000318       __imp_cv_eml_init_script   000000018000f318     sf_runtime:sf_runtime.dll
 0002:00000320       __imp_cv_eml_init_fcn      000000018000f320     sf_runtime:sf_runtime.dll
 0002:00000328       __imp_sf_debug_set_chart_data_compiled_props 000000018000f328     sf_runtime:sf_runtime.dll
 0002:00000330       __imp_sf_debug_set_instance_data_value_ptr 000000018000f330     sf_runtime:sf_runtime.dll
 0002:00000338       __imp_sf_debug_reset_current_state_configuration 000000018000f338     sf_runtime:sf_runtime.dll
 0002:00000340       __imp_sim_mode_is_rtw_gen  000000018000f340     sf_runtime:sf_runtime.dll
 0002:00000348       __imp_sim_mode_is_external 000000018000f348     sf_runtime:sf_runtime.dll
 0002:00000350       __imp_sf_is_chart_inlinable 000000018000f350     sf_runtime:sf_runtime.dll
 0002:00000358       __imp_sf_rtw_info_uint_prop 000000018000f358     sf_runtime:sf_runtime.dll
 0002:00000360       __imp_sf_update_buildInfo  000000018000f360     sf_runtime:sf_runtime.dll
 0002:00000368       __imp_sf_mark_chart_expressionable_inputs 000000018000f368     sf_runtime:sf_runtime.dll
 0002:00000370       __imp_sf_mark_chart_reusable_outputs 000000018000f370     sf_runtime:sf_runtime.dll
 0002:00000378       __imp_sf_set_rtw_dwork_info 000000018000f378     sf_runtime:sf_runtime.dll
 0002:00000380       __imp_sf_mex_import        000000018000f380     sf_runtime:sf_runtime.dll
 0002:00000388       __imp_sf_mex_dup           000000018000f388     sf_runtime:sf_runtime.dll
 0002:00000390       __imp_sf_mex_getcell       000000018000f390     sf_runtime:sf_runtime.dll
 0002:00000398       __imp_sf_mex_decode_encoded_mx_struct_array 000000018000f398     sf_runtime:sf_runtime.dll
 0002:000003a0       __imp_sf_mex_setcell       000000018000f3a0     sf_runtime:sf_runtime.dll
 0002:000003a8       __imp_sf_mex_call_matlab   000000018000f3a8     sf_runtime:sf_runtime.dll
 0002:000003b0       __imp_sf_mex_error_message 000000018000f3b0     sf_runtime:sf_runtime.dll
 0002:000003b8       __imp_sf_mex_create        000000018000f3b8     sf_runtime:sf_runtime.dll
 0002:000003c0       __imp_sf_mex_addfield      000000018000f3c0     sf_runtime:sf_runtime.dll
 0002:000003c8       __imp_sf_mex_createcellmatrix 000000018000f3c8     sf_runtime:sf_runtime.dll
 0002:000003d0       __imp_sf_mex_duplicatearraysafe 000000018000f3d0     sf_runtime:sf_runtime.dll
 0002:000003d8       __imp_sf_mex_destroy       000000018000f3d8     sf_runtime:sf_runtime.dll
 0002:000003e0       __imp_sf_mex_createstruct  000000018000f3e0     sf_runtime:sf_runtime.dll
 0002:000003e8       __imp_sf_mex_assign        000000018000f3e8     sf_runtime:sf_runtime.dll
 0002:000003f0       __imp_sf_mex_emlrtNameCapturePostProcessR2012a 000000018000f3f0     sf_runtime:sf_runtime.dll
 0002:000003f8       __imp_sf_load_rtw_optimization_info 000000018000f3f8     sf_runtime:sf_runtime.dll
 0002:00000400       __imp_sf_debug_initialize_machine 000000018000f400     sf_runtime:sf_runtime.dll
 0002:00000408       __imp_sf_debug_set_machine_event_thresholds 000000018000f408     sf_runtime:sf_runtime.dll
 0002:00000410       __imp_sf_debug_set_machine_data_thresholds 000000018000f410     sf_runtime:sf_runtime.dll
 0002:00000418       \177sf_runtime_NULL_THUNK_DATA 000000018000f418     sf_runtime:sf_runtime.dll
 0002:00000420       __xc_a                     000000018000f420     MSVCRT:cinitexe.obj
 0002:00000428       __xc_z                     000000018000f428     MSVCRT:cinitexe.obj
 0002:00000430       __xi_a                     000000018000f430     MSVCRT:cinitexe.obj
 0002:00000440       __xi_z                     000000018000f440     MSVCRT:cinitexe.obj
 0002:00000450       __real@41e66c2420e00000    000000018000f450     caracterizacion_motor_simm_sfun.obj
 0002:00000458       __real@41e6657321a00000    000000018000f458     caracterizacion_motor_simm_sfun.obj
 0002:00000460       __real@41e5fa5a1b600000    000000018000f460     caracterizacion_motor_simm_sfun.obj
 0002:00000468       __real@41e08dee80000000    000000018000f468     caracterizacion_motor_simm_sfun.obj
 0002:00000470       __real@41c900e78a000000    000000018000f470     caracterizacion_motor_simm_sfun.obj
 0002:00000478       __real@41eda5398c800000    000000018000f478     caracterizacion_motor_simm_sfun.obj
 0002:00000480       __real@41edcf5b43c00000    000000018000f480     caracterizacion_motor_simm_sfun.obj
 0002:00000488       __real@41e695dff8600000    000000018000f488     caracterizacion_motor_simm_sfun.obj
 0002:00000490       __real@41e70401e1e00000    000000018000f490     caracterizacion_motor_simm_sfun.obj
 0002:00000498       __real@41d6df5f6e000000    000000018000f498     caracterizacion_motor_simm_sfun.obj
 0002:000004a0       __real@41df0cccfbc00000    000000018000f4a0     caracterizacion_motor_simm_sfun.obj
 0002:000004a8       __real@41cfd1dc6f800000    000000018000f4a8     caracterizacion_motor_simm_sfun.obj
 0002:000004b0       __real@41edcee617e00000    000000018000f4b0     caracterizacion_motor_simm_sfun.obj
 0002:000004b8       __real@41e7a633b4200000    000000018000f4b8     caracterizacion_motor_simm_sfun.obj
 0002:000004c0       __real@41e4e680e0000000    000000018000f4c0     caracterizacion_motor_simm_sfun.obj
 0002:000004c8       __real@41ecd3e6c7800000    000000018000f4c8     caracterizacion_motor_simm_sfun.obj
 0002:000004d0       __real@41e50f9f6ac00000    000000018000f4d0     c3_caracterizacion_motor_simm.obj
 0002:000004d8       __real@41d86037c0800000    000000018000f4d8     c3_caracterizacion_motor_simm.obj
 0002:000004e0       __real@41e1a81ee0c00000    000000018000f4e0     c3_caracterizacion_motor_simm.obj
 0002:000004e8       __real@41d8478f71800000    000000018000f4e8     c3_caracterizacion_motor_simm.obj
 0002:000004f0       __real@4024000000000000    000000018000f4f0     c3_caracterizacion_motor_simm.obj
 0002:000004f8       __real@3ff0000000000000    000000018000f4f8     c3_caracterizacion_motor_simm.obj
 0002:00000500       __real@3fecf3f26d5cdffa    000000018000f500     c3_caracterizacion_motor_simm.obj
 0002:00000508       __real@404e000000000000    000000018000f508     c3_caracterizacion_motor_simm.obj
 0002:00000510       __real@41e428e3aa000000    000000018000f510     c4_caracterizacion_motor_simm.obj
 0002:00000518       __real@41cebf75f8000000    000000018000f518     c4_caracterizacion_motor_simm.obj
 0002:00000520       __real@41df1f707f800000    000000018000f520     c4_caracterizacion_motor_simm.obj
 0002:00000528       __real@41edd4950ca00000    000000018000f528     c4_caracterizacion_motor_simm.obj
 0002:00000530       __real@3f726e978d4fdf3b    000000018000f530     c4_caracterizacion_motor_simm.obj
 0002:00000540       DYNAMIC_DIMENSION_DEF      000000018000f540     caracterizacion_motor_simm_sfun_registry.obj
 0002:00000560       _ssBadLevel2InputAccessMsg 000000018000f560     caracterizacion_motor_simm_sfun_registry.obj
 0002:000006f0       _ssBadLevel2DirectFeedMsg  000000018000f6f0     caracterizacion_motor_simm_sfun_registry.obj
 0002:00000830       _ssBadLevel2DirectFeedSolutionMsg 000000018000f830     caracterizacion_motor_simm_sfun_registry.obj
 0002:000008a0       _ssBadLevel2ZeroDirectFeedMsg 000000018000f8a0     caracterizacion_motor_simm_sfun_registry.obj
 0002:000009e0       _ssBadLevel2ZeroDirectFeedMsg2 000000018000f9e0     caracterizacion_motor_simm_sfun_registry.obj
 0002:00000ac8       __real@0000000000000000    000000018000fac8     caracterizacion_motor_simm_sfun_registry.obj
 0002:00000ad0       __real@bff0000000000000    000000018000fad0     caracterizacion_motor_simm_sfun_registry.obj
 0002:00000ad8       __real@41602cbca0000000    000000018000fad8     caracterizacion_motor_simm_sfun_registry.obj
 0002:00000ae0       _pRawDllMain               000000018000fae0     MSVCRT:crtdll.obj
 0002:00000ae0       _pDefaultRawDllMain        000000018000fae0     MSVCRT:crtdll.obj
 0002:00000af8       ?ProcessDetach@NativeDll@<CrtImplementationDetails>@@0IB 000000018000faf8     MSVCRT:tncleanup.obj
 0002:00000afc       ?ProcessAttach@NativeDll@<CrtImplementationDetails>@@0IB 000000018000fafc     MSVCRT:tncleanup.obj
 0002:00000b00       ?ThreadAttach@NativeDll@<CrtImplementationDetails>@@0IB 000000018000fb00     MSVCRT:tncleanup.obj
 0002:00000b04       ?ThreadDetach@NativeDll@<CrtImplementationDetails>@@0IB 000000018000fb04     MSVCRT:tncleanup.obj
 0002:00000b08       ?ProcessVerifier@NativeDll@<CrtImplementationDetails>@@0IB 000000018000fb08     MSVCRT:tncleanup.obj
 0002:00000b10       __rtc_iaa                  000000018000fb10     MSVCRT:_initsect_.obj
 0002:00000b18       __rtc_izz                  000000018000fb18     MSVCRT:_initsect_.obj
 0002:00000b20       __rtc_taa                  000000018000fb20     MSVCRT:_initsect_.obj
 0002:00000b28       __rtc_tzz                  000000018000fb28     MSVCRT:_initsect_.obj
 0002:00001270       __IMPORT_DESCRIPTOR_sf_runtime 0000000180010270     sf_runtime:sf_runtime.dll
 0002:00001284       __IMPORT_DESCRIPTOR_libmx  0000000180010284     libmx:libmx.dll
 0002:00001298       __IMPORT_DESCRIPTOR_libmex 0000000180010298     libmex:libmex.dll
 0002:000012ac       __IMPORT_DESCRIPTOR_libut  00000001800102ac     libut:libut.dll
 0002:000012c0       __IMPORT_DESCRIPTOR_MSVCR100 00000001800102c0     MSVCRT:MSVCR100.dll
 0002:000012d4       __IMPORT_DESCRIPTOR_KERNEL32 00000001800102d4     kernel32:KERNEL32.dll
 0002:000012e8       __NULL_IMPORT_DESCRIPTOR   00000001800102e8     sf_runtime:sf_runtime.dll
 0003:000018f8       DYNAMIC_DIMENSION          00000001800138f8     caracterizacion_motor_simm_sfun_registry.obj
 0003:00002508       __security_cookie          0000000180014508     MSVCRT:gs_cookie.obj
 0003:00002510       __security_cookie_complement 0000000180014510     MSVCRT:gs_cookie.obj
 0003:00002518       _fltused                   0000000180014518     MSVCRT:dllsupp.obj
 0003:00002520       __native_dllmain_reason    0000000180014520     MSVCRT:natstart.obj
 0003:00002524       __native_vcclrit_reason    0000000180014524     MSVCRT:natstart.obj
 0003:00002618       sfGlobalDebugInstanceStruct 0000000180014618     caracterizacion_motor_simm_sfun_registry.obj
 0003:00002ba0       ?__type_info_root_node@@3U__type_info_node@@A 0000000180014ba0     MSVCRT:tncleanup.obj
 0003:00002bb0       _caracterizacion_motor_simmMachineNumber_ 0000000180014bb0     <common>
 0003:00002bb4       __native_startup_state     0000000180014bb4     <common>
 0003:00002bb8       __native_startup_lock      0000000180014bb8     <common>
 0003:00002bc0       __onexitend                0000000180014bc0     <common>
 0003:00002bc8       __onexitbegin              0000000180014bc8     <common>
 0003:00002bd0       __dyn_tls_init_callback    0000000180014bd0     <common>

 entry point at        0001:0000d6a0

 Static symbols

 0001:00000c60       c3_info_helper             0000000180001c60 f   c3_caracterizacion_motor_simm.obj
 0001:00001d30       c3_emlrt_marshallOut       0000000180002d30 f   c3_caracterizacion_motor_simm.obj
 0001:00001dc0       c3_b_emlrt_marshallOut     0000000180002dc0 f   c3_caracterizacion_motor_simm.obj
 0001:00002430       get_sim_state_c3_caracterizacion_motor_simm 0000000180003430 f   c3_caracterizacion_motor_simm.obj
 0001:000025e0       sf_get_sim_state_info_c3_caracterizacion_motor_simm 00000001800035e0 f   c3_caracterizacion_motor_simm.obj
 0001:000027b0       set_sim_state_c3_caracterizacion_motor_simm 00000001800037b0 f   c3_caracterizacion_motor_simm.obj
 0001:00002890       c3_update_debugger_state_c3_caracterizacion_motor_simm 0000000180003890 f   c3_caracterizacion_motor_simm.obj
 0001:000028a0       c3_emlrt_marshallIn        00000001800038a0 f   c3_caracterizacion_motor_simm.obj
 0001:00002910       c3_b_emlrt_marshallIn      0000000180003910 f   c3_caracterizacion_motor_simm.obj
 0001:000029a0       c3_d_emlrt_marshallIn      00000001800039a0 f   c3_caracterizacion_motor_simm.obj
 0001:00002a00       c3_e_emlrt_marshallIn      0000000180003a00 f   c3_caracterizacion_motor_simm.obj
 0001:00002b00       mdlProcessParameters_c3_caracterizacion_motor_simm 0000000180003b00 f   c3_caracterizacion_motor_simm.obj
 0001:00002be0       initialize_params_c3_caracterizacion_motor_simm 0000000180003be0 f   c3_caracterizacion_motor_simm.obj
 0001:00002bf0       mdlSetWorkWidths_c3_caracterizacion_motor_simm 0000000180003bf0 f   c3_caracterizacion_motor_simm.obj
 0001:000030c0       sf_get_instance_specialization 00000001800040c0 f   c3_caracterizacion_motor_simm.obj
 0001:000030d0       mdlStart_c3_caracterizacion_motor_simm 00000001800040d0 f   c3_caracterizacion_motor_simm.obj
 0001:00003300       init_dsm_address_info      0000000180004300 f   c3_caracterizacion_motor_simm.obj
 0001:00003310       chart_debug_initialization 0000000180004310 f   c3_caracterizacion_motor_simm.obj
 0001:00003a50       init_script_number_translation 0000000180004a50 f   c3_caracterizacion_motor_simm.obj
 0001:00003a70       c3_sf_marshallOut          0000000180004a70 f   c3_caracterizacion_motor_simm.obj
 0001:00003b20       c3_sf_marshallIn           0000000180004b20 f   c3_caracterizacion_motor_simm.obj
 0001:00003bc0       sf_opaque_initialize_c3_caracterizacion_motor_simm 0000000180004bc0 f   c3_caracterizacion_motor_simm.obj
 0001:00003c00       initialize_c3_caracterizacion_motor_simm 0000000180004c00 f   c3_caracterizacion_motor_simm.obj
 0001:00003c50       sf_opaque_enable_c3_caracterizacion_motor_simm 0000000180004c50 f   c3_caracterizacion_motor_simm.obj
 0001:00003c70       enable_c3_caracterizacion_motor_simm 0000000180004c70 f   c3_caracterizacion_motor_simm.obj
 0001:00003ca0       sf_opaque_disable_c3_caracterizacion_motor_simm 0000000180004ca0 f   c3_caracterizacion_motor_simm.obj
 0001:00003cc0       disable_c3_caracterizacion_motor_simm 0000000180004cc0 f   c3_caracterizacion_motor_simm.obj
 0001:00003cf0       sf_opaque_gateway_c3_caracterizacion_motor_simm 0000000180004cf0 f   c3_caracterizacion_motor_simm.obj
 0001:00003d10       sf_gateway_c3_caracterizacion_motor_simm 0000000180004d10 f   c3_caracterizacion_motor_simm.obj
 0001:000042f0       sf_opaque_get_sim_state_c3_caracterizacion_motor_simm 00000001800052f0 f   c3_caracterizacion_motor_simm.obj
 0001:00004310       sf_opaque_set_sim_state_c3_caracterizacion_motor_simm 0000000180005310 f   c3_caracterizacion_motor_simm.obj
 0001:00004340       sf_opaque_terminate_c3_caracterizacion_motor_simm 0000000180005340 f   c3_caracterizacion_motor_simm.obj
 0001:000043e0       finalize_c3_caracterizacion_motor_simm 00000001800053e0 f   c3_caracterizacion_motor_simm.obj
 0001:000043f0       sf_opaque_init_subchart_simstructs 00000001800053f0 f   c3_caracterizacion_motor_simm.obj
 0001:00004410       initSimStructsc3_caracterizacion_motor_simm 0000000180005410 f   c3_caracterizacion_motor_simm.obj
 0001:00004420       mdlRTW_c3_caracterizacion_motor_simm 0000000180005420 f   c3_caracterizacion_motor_simm.obj
 0001:00004ae0       get_sim_state_c4_caracterizacion_motor_simm 0000000180005ae0 f   c4_caracterizacion_motor_simm.obj
 0001:00004c90       sf_get_sim_state_info_c4_caracterizacion_motor_simm 0000000180005c90 f   c4_caracterizacion_motor_simm.obj
 0001:00004e60       set_sim_state_c4_caracterizacion_motor_simm 0000000180005e60 f   c4_caracterizacion_motor_simm.obj
 0001:00004f40       c4_update_debugger_state_c4_caracterizacion_motor_simm 0000000180005f40 f   c4_caracterizacion_motor_simm.obj
 0001:00004f50       c4_emlrt_marshallIn        0000000180005f50 f   c4_caracterizacion_motor_simm.obj
 0001:00004fc0       c4_b_emlrt_marshallIn      0000000180005fc0 f   c4_caracterizacion_motor_simm.obj
 0001:00005050       c4_d_emlrt_marshallIn      0000000180006050 f   c4_caracterizacion_motor_simm.obj
 0001:000050b0       c4_e_emlrt_marshallIn      00000001800060b0 f   c4_caracterizacion_motor_simm.obj
 0001:000051b0       mdlProcessParameters_c4_caracterizacion_motor_simm 00000001800061b0 f   c4_caracterizacion_motor_simm.obj
 0001:00005290       initialize_params_c4_caracterizacion_motor_simm 0000000180006290 f   c4_caracterizacion_motor_simm.obj
 0001:000052a0       mdlSetWorkWidths_c4_caracterizacion_motor_simm 00000001800062a0 f   c4_caracterizacion_motor_simm.obj
 0001:00005770       sf_get_instance_specialization 0000000180006770 f   c4_caracterizacion_motor_simm.obj
 0001:00005780       mdlStart_c4_caracterizacion_motor_simm 0000000180006780 f   c4_caracterizacion_motor_simm.obj
 0001:000059b0       init_dsm_address_info      00000001800069b0 f   c4_caracterizacion_motor_simm.obj
 0001:000059c0       chart_debug_initialization 00000001800069c0 f   c4_caracterizacion_motor_simm.obj
 0001:00006100       init_script_number_translation 0000000180007100 f   c4_caracterizacion_motor_simm.obj
 0001:00006120       c4_sf_marshallOut          0000000180007120 f   c4_caracterizacion_motor_simm.obj
 0001:000061d0       c4_sf_marshallIn           00000001800071d0 f   c4_caracterizacion_motor_simm.obj
 0001:00006270       sf_opaque_initialize_c4_caracterizacion_motor_simm 0000000180007270 f   c4_caracterizacion_motor_simm.obj
 0001:000062b0       initialize_c4_caracterizacion_motor_simm 00000001800072b0 f   c4_caracterizacion_motor_simm.obj
 0001:00006300       sf_opaque_enable_c4_caracterizacion_motor_simm 0000000180007300 f   c4_caracterizacion_motor_simm.obj
 0001:00006320       enable_c4_caracterizacion_motor_simm 0000000180007320 f   c4_caracterizacion_motor_simm.obj
 0001:00006350       sf_opaque_disable_c4_caracterizacion_motor_simm 0000000180007350 f   c4_caracterizacion_motor_simm.obj
 0001:00006370       disable_c4_caracterizacion_motor_simm 0000000180007370 f   c4_caracterizacion_motor_simm.obj
 0001:000063a0       sf_opaque_gateway_c4_caracterizacion_motor_simm 00000001800073a0 f   c4_caracterizacion_motor_simm.obj
 0001:000063c0       sf_gateway_c4_caracterizacion_motor_simm 00000001800073c0 f   c4_caracterizacion_motor_simm.obj
 0001:00006950       sf_opaque_get_sim_state_c4_caracterizacion_motor_simm 0000000180007950 f   c4_caracterizacion_motor_simm.obj
 0001:00006970       sf_opaque_set_sim_state_c4_caracterizacion_motor_simm 0000000180007970 f   c4_caracterizacion_motor_simm.obj
 0001:000069a0       sf_opaque_terminate_c4_caracterizacion_motor_simm 00000001800079a0 f   c4_caracterizacion_motor_simm.obj
 0001:00006a40       finalize_c4_caracterizacion_motor_simm 0000000180007a40 f   c4_caracterizacion_motor_simm.obj
 0001:00006a50       sf_opaque_init_subchart_simstructs 0000000180007a50 f   c4_caracterizacion_motor_simm.obj
 0001:00006a70       initSimStructsc4_caracterizacion_motor_simm 0000000180007a70 f   c4_caracterizacion_motor_simm.obj
 0001:00006a80       mdlRTW_c4_caracterizacion_motor_simm 0000000180007a80 f   c4_caracterizacion_motor_simm.obj
 0001:000073f0       getChartInfoFromSimStruct  00000001800083f0 f   caracterizacion_motor_simm_sfun_registry.obj
 0001:00008a90       _ssFatalError              0000000180009a90 f   caracterizacion_motor_simm_sfun_registry.obj
 0001:0000bb40       ProcessMexSfunctionCmdLineCall 000000018000cb40 f   caracterizacion_motor_simm_sfun_registry.obj
 0001:0000bc70       sf_debug_api_wrapper       000000018000cc70 f   caracterizacion_motor_simm_sfun_registry.obj
 0001:0000bcc0       mdlStart                   000000018000ccc0 f   caracterizacion_motor_simm_sfun_registry.obj
 0001:0000bcf0       mdl_start_processing       000000018000ccf0 f   caracterizacion_motor_simm_sfun_registry.obj
 0001:0000bd80       mdlTerminate               000000018000cd80 f   caracterizacion_motor_simm_sfun_registry.obj
 0001:0000bdb0       mdl_terminate_processing   000000018000cdb0 f   caracterizacion_motor_simm_sfun_registry.obj
 0001:0000be30       mdlInitializeSampleTimes   000000018000ce30 f   caracterizacion_motor_simm_sfun_registry.obj
 0001:0000be60       mdlZeroCrossings           000000018000ce60 f   caracterizacion_motor_simm_sfun_registry.obj
 0001:0000be90       mdl_zeroCrossings_processing 000000018000ce90 f   caracterizacion_motor_simm_sfun_registry.obj
 0001:0000bed0       mdlDerivatives             000000018000ced0 f   caracterizacion_motor_simm_sfun_registry.obj
 0001:0000bf00       mdl_derivatives_processing 000000018000cf00 f   caracterizacion_motor_simm_sfun_registry.obj
 0001:0000bf50       mdlInitializeConditions    000000018000cf50 f   caracterizacion_motor_simm_sfun_registry.obj
 0001:0000bf80       mdl_initialize_conditions_processing 000000018000cf80 f   caracterizacion_motor_simm_sfun_registry.obj
 0001:0000bfd0       mdlEnable                  000000018000cfd0 f   caracterizacion_motor_simm_sfun_registry.obj
 0001:0000c000       mdl_enable_processing      000000018000d000 f   caracterizacion_motor_simm_sfun_registry.obj
 0001:0000c040       mdlDisable                 000000018000d040 f   caracterizacion_motor_simm_sfun_registry.obj
 0001:0000c070       mdl_disable_processing     000000018000d070 f   caracterizacion_motor_simm_sfun_registry.obj
 0001:0000c0b0       mdlOutputs                 000000018000d0b0 f   caracterizacion_motor_simm_sfun_registry.obj
 0001:0000c0e0       mdl_outputs_processing     000000018000d0e0 f   caracterizacion_motor_simm_sfun_registry.obj
 0001:0000c1c0       mdl_outputs_continuous_legacy 000000018000d1c0 f   caracterizacion_motor_simm_sfun_registry.obj
 0001:0000c2b0       mdlGetTimeOfNextVarHit     000000018000d2b0 f   caracterizacion_motor_simm_sfun_registry.obj
 0001:0000c300       _ProcessMexSfunctionCmdLineCall 000000018000d300 f   caracterizacion_motor_simm_sfun_registry.obj
 0001:0000ca50       mdlSetWorkWidths           000000018000da50 f   caracterizacion_motor_simm_sfun_registry.obj
 0001:0000ca80       mdlProcessParameters       000000018000da80 f   caracterizacion_motor_simm_sfun_registry.obj
 0001:0000cab0       mdlInitializeSizes         000000018000dab0 f   caracterizacion_motor_simm_sfun_registry.obj
 0001:0000cae0       mdlExtModeExec             000000018000dae0 f   caracterizacion_motor_simm_sfun_registry.obj
 0001:0000cb10       mdl_ext_mode_exec_processing 000000018000db10 f   caracterizacion_motor_simm_sfun_registry.obj
 0001:0000cb50       mdlRTW                     000000018000db50 f   caracterizacion_motor_simm_sfun_registry.obj
 0001:0000cb90       _CreateSimStruct           000000018000db90 f   caracterizacion_motor_simm_sfun_registry.obj
 0001:0000cd20       _RegNumInputPortsCB        000000018000dd20 f   caracterizacion_motor_simm_sfun_registry.obj
 0001:0000cda0       _RegNumOutputPortsCB       000000018000dda0 f   caracterizacion_motor_simm_sfun_registry.obj
 0001:0000d2a8       pre_c_init                 000000018000e2a8 f   MSVCRT:crtdll.obj
 0001:0000d564       __DllMainCRTStartup        000000018000e564 f   MSVCRT:crtdll.obj
 0001:0000dbd0       __DllMainCRTStartup$filt$0 000000018000ebd0 f   MSVCRT:crtdll.obj
 0001:0000dc00       __DllMainCRTStartup$fin$1  000000018000ec00 f   MSVCRT:crtdll.obj
 0001:0000dc1a       _onexit$fin$0              000000018000ec1a f   MSVCRT:atonexit.obj
 0001:0000dc40       _IsNonwritableInCurrentImage$filt$0 000000018000ec40 f   MSVCRT:pesect.obj
